
> nexora-monorepo@1.0.0 pretest:api
> npm run prepare:diagnostics-runtime && npm run prepare:quality && npm run prepare:pharmacy && npm run prepare:access


> nexora-monorepo@1.0.0 prepare:diagnostics-runtime
> node scripts/diagnostics/build-backends.mjs

{"status":"TRANSPILED","files":98,"typeChecked":false}

> nexora-monorepo@1.0.0 prepare:quality
> node scripts/quality/build-backend.mjs && node node_modules/typescript/bin/tsc -p ../dummy-api/quality-source/tsconfig.json

{"status":"TRANSPILED","files":16,"typeChecked":false}

> nexora-monorepo@1.0.0 prepare:pharmacy
> node scripts/pharmacy/build-backend.mjs && node node_modules/typescript/bin/tsc --noEmit -p ../dummy-api/pharmacy-source/tsconfig.json

{"status":"TRANSPILED","files":21,"typeChecked":false}

> nexora-monorepo@1.0.0 prepare:access
> node ../dummy-api/access-runtime/build.mjs

Built original tenant-admin API services.
Built original medband API services.
Built original rcm API services.
Built original surgisuite API services.
Built original medslot API services.

> nexora-monorepo@1.0.0 test:api
> node --test --test-concurrency=4 ../dummy-api/*.test.mjs && npm run test:clinical-api

✔ authenticated configuration HTTP contract and conditional requests (3055.346387ms)
✔ navigation filters restricted pages, returns stable identity and handles authorization (999.998179ms)
✔ backend file edits change menu ordering and page translations, and overrides are isolated (908.958231ms)
✔ rejects duplicates, invalid parents, cycles, unknown pages and malformed catalogs (757.100791ms)
✔ ordered stages, config snapshot, comments, requester notifications and persistence (13.679514ms)
✔ self approval, tenant/product isolation, stale versions and changed saved records are blocked (4.599504ms)
✔ bulk partial results, request changes, rejection, resubmission and idempotent recovery (11.710639ms)
✔ all four definitions and every form section are supplied by API (3.367996ms)
✔ create/save/replay survive CSV reload and reject stale writes and cross-scope reads (54.881965ms)
✔ temporary identity permitted for ED only; final verification is explicit (22.561821ms)
✔ bed reservation enforces requirements and concurrency across users (50.024679ms)
✔ order retains all instructions and cancellation preserves original record (34.975544ms)
✔ admission records occupancy; completion does not release the bed (49.051881ms)
✔ signed notes reject edits; addenda cannot rewrite the original values (16.819847ms)
✔ designer persists drafts, deduplicates retries, isolates scope and rejects stale saves (15.148885ms)
✔ designer rejects duplicate IDs, unsupported components and ambiguous options (0.845447ms)
✔ dependent API options persist leading-zero mappings and reject forged relationships and cross-scope access (17.999416ms)
✔ dependency validation rejects cycles, dangling parents, invalid option mappings and excessive depth (0.838826ms)
✔ catalog is shared by tenant/application, append-only and pinned by independent forms (40.070283ms)
✔ catalog validation rejects foreign/mismatched revisions, forged options and incomplete mappings (1.133289ms)
✔ review publication pins schemas, shares entity answers, validates server rules and rejects stale or foreign commands (71.546161ms)
✔ typed rules distinguish normalization and validation and reject cycles and forged metadata (0.703374ms)
✔ multi-parent choices intersect parent selections and reject indirect cycles (1.35714ms)
✔ v1 synthetic API retains null/false/row IDs, validates without writing and isolates CAS records (17.364331ms)
✔ repeating authoring sections persist normalized rows and return occurrence validation before submission (58.125081ms)
✔ queue is persisted with exact idempotency and changed payload conflicts (9.891885ms)
✔ scope isolates tenant, product, user and workstation jobs (11.591027ms)
✔ lookup preserves contexts and returns only exact backend records (0.741745ms)
✔ tenant policies require admin, version checks and enforce user locks (3.706089ms)
✔ browser dispatch means requested, demo means simulated, native stays queued (17.483852ms)
✔ dispatch applies policy changed after enqueue and cancelled jobs stay cancelled (6.750761ms)
✔ automatic event simulation is admin-only, opt-in and deduplicated by event ID (24.364824ms)
✔ routing validates device capability and rejects stale policy versions (8.271613ms)
✔ diagnostic persistence separates module, tenant, application and branch (4.547686ms)
✔ source login and identity switching cannot bypass the authenticated host (1.460171ms)
✔ read-only and finance roles cannot perform clinical or master writes (0.246142ms)
✔ malformed and escaping diagnostic paths are refused (0.195342ms)
✔ source detail routes preserve identifiers and prefer static new-order route (3.451037ms)
✔ documentation HTTP authorizes every view and persists scoped read state (3204.229881ms)
✔ versioned guides, role-filtered search, explicit language fallback and invalid requests (43.48585ms)
✔ reading state is idempotent, persistent and isolated; only explicit acknowledgment acknowledges (37.576524ms)
✔ manifest rejects broken notices, duplicate versions and invalid tour anchors (3.496597ms)
✔ tenant rollout refuses future snapshots and product manifests stay separate (16.926307ms)
✔ center exposes metadata only and isolates tenant, owner and application (24.816227ms)
✔ unavailable entries conceal page/record identity and cannot be opened but remain discardable (4.645985ms)
✔ changed source versions, approval contexts and missing files have distinct statuses (4.641245ms)
✔ stale discard cannot erase a newer revision, expiry removes drafts and pagination is bounded (31.322867ms)
✔ a stolen opaque reference cannot open or delete another owner draft (1.823594ms)
✔ search matches localized page titles without searching unavailable identities (1.881114ms)
✔ mandatory exclusions are recursive and replay responses contain no secrets (18.361539ms)
✔ policy is tenant/application scoped and ordinary users cannot override it (34.506981ms)
✔ tightened exclusions erase existing drafts and replay copies; old windows cannot resurrect them (22.232178ms)
✔ retention purges on read and keeps tombstones; acknowledged business records survive (26.585531ms)
✔ disabled storage deletes all users drafts and never blocks ordinary record saves (19.157795ms)
✔ shared import and approval drafts survive restart and isolate owner, tenant, product and record (10.43197ms)
✔ shared draft HTTP authorization, payload restrictions and mandatory tenant policy (3102.514043ms)
✔ actual MockIns REST_JSON eligibility, claim, status and remittance round trip (466.213134ms)
✔ actual MockIns REST_XML eligibility, claim, status and remittance round trip (213.764196ms)
✔ actual MockIns SOAP11 eligibility, claim, status and remittance round trip (329.683522ms)
✔ actual MockIns SOAP12 eligibility, claim, status and remittance round trip (256.122277ms)
✔ actual MockIns fourth payer receives ordered frozen prior EOB with posted denial advice provenance (1296.076617ms)
✔ transport rejects unapproved origin/path and malformed correlated provider responses (3.93809ms)
✔ RCM HTTP uses authenticated host scope and separate commercial authority (3912.057571ms)
✔ actual payment/refund/collection providers retain unknown reservations and post reconciled money exactly once (335.078623ms)
✔ capture and refund: successful, refused and pending outcomes against the real payment simulator (304.021608ms)
✔ refund timeout_after_accept surfaces an unknown outcome that reconciles via refundStatus (299.080881ms)
✔ collection intents: successful, refused, pending, partial and timeout/reconcile outcomes (317.345409ms)
✔ tenant/merchant scope isolation: another scope cannot read or act on a payment, refund or collection intent (231.022527ms)
✔ client-side validation rejects unsafe/nonpositive amounts, bad currency and bad idempotency keys before any network call (200.98448ms)
✔ rejects an unconfigured non-loopback or path-bearing origin at construction time (2.144887ms)
✔ rejects a wrong response content type (16.987288ms)
✔ rejects an oversized response payload (>128KB) (8.845276ms)
✔ rejects mismatched amount, currency and malformed status in the response (13.27169ms)
✔ does not automatically replay on a transport error (8.721426ms)
✔ captured collection requires explicit provider captured-amount proof for POST and GET (7.831659ms)
✔ does not leak credentials to a redirect target and refuses to follow the redirect (6.475949ms)
✔ finance roles are separate from admin configuration and user/client scope cannot escalate (84.574959ms)
✔ durable tenant/branch/facility partitions and tenant default/branch policy inheritance (103.297992ms)
✔ safe integer/currency validation, stale versions and durable conflicting replay (32.264333ms)
✔ two concurrent store instances serialize one optimistic winner and no overcollection (76.552009ms)
✔ atomic persistence failure rolls back command financial state and replay identity (76.241245ms)
✔ four-payer waterfall conserves payer/patient balances through denials, remittance and clawback (202.734392ms)
✔ partially settled denied residual can be appealed, settled without duplicate prior payment (36.142433ms)
✔ trusted insured Suite import preserves header allocation remainders and opening balance exactly once (15.460757ms)
✔ untrusted import financial snapshots cannot bypass trusted reader, facility or source currency (3.941339ms)
✔ deposit reservations, maker-checker refunds and provider-disabled payout cannot overspend (19.624149ms)
✔ durable preparation precedes provider capture; lost outcome replays same provider key after restart (30.758233ms)
✔ provider refund unknown keeps funds reserved and correlation-reconciled success posts once (71.783222ms)
✔ provider pending collection reserves patient receivable and partial receipt conserves cents (43.957323ms)
✔ package reservations/releases, frozen commercial revisions and one case/excess invoice (115.281121ms)
✔ versioned maker-checker pricing/tax uses exact rounding and rejects stale proposal and overflow (66.482632ms)
✔ explicit configurable demo DRG quotes freeze version and never create a charge (42.698733ms)
✔ GL export is idempotently mapped, journal remains append-only and corruption fails closed (84.58933ms)
✔ commercial tenant defaults and branch overrides propagate across facilities with immutable histories (390.346941ms)
✔ cancellation releases only unsent refund reservation and collection captured amount must be proven (75.505731ms)
✔ clinical identities, source invoices and replay evidence survive restart without cross-branch leakage (158.848881ms)
✔ failed durable commit restores business data and retry ownership (56.714269ms)
✔ a second source writer is rejected until the owning writer closes (12.831227ms)
✔ document read persists synthetic fields but never authenticates or changes patient (26.537342ms)
✔ request scope isolates tenant, application, patient binding, owner and station (8.177042ms)
✔ retries are idempotent, changed requests conflict and a fresh completion cannot replay (22.731981ms)
✔ expired challenges are rejected including result replay (10.939762ms)
✔ biometrics default off, admin policy and current lock apply to pending capture (14.160556ms)
✔ no capture without consent; native transport unavailable and raw biometric data rejected (5.14787ms)
✔ manual review works when biometrics are disabled and never sets authenticated (7.93416ms)
✔ cancel stops capture, only one active request allowed, expired document is distinct (56.091553ms)
✔ preview never writes, marks all CSV duplicates and detects existing records and invalid formats (9.038998ms)
✔ partial failures retry only failed rows and survive lost job receipts (3.102634ms)
✔ batch progress, race duplicates, role checks and user isolation (2.58625ms)
✔ backend generates real SVG symbols and persists exact retry identity (19.83688ms)
✔ rejects over-copies, incompatible stock, missing IDs and cross-category records (0.970508ms)
✔ tenant, application and user isolation with server-only admin authority (12.657576ms)
✔ print attempts are not completion; reprint reason and policy are enforced (22.768352ms)
✔ payment QR never marks paid on creation or print and expires server-side (77.298115ms)
✔ all advertised symbologies render; administrator simulation is explicit (193.108289ms)
✔ stock fit failure identifies the printer field (1.26115ms)
✔ every registered backend message has four complete translations (94.099612ms)
✔ the wire envelope preserves old clients, statuses and literal user data (0.940957ms)
✔ unknown errors and old persisted activity retain readable details (0.247692ms)
✔ monitoring HTTP permits collection but restricts management and rejects tenant spoofing (2575.60616ms)
✔ monitoring strips sensitive payloads, deduplicates deliveries, reopens incidents and isolates tenants/products (41.457273ms)
✔ monitoring validates page references and rate limits each authenticated user (56.355936ms)
✔ preference HTTP rejects non-admin policy writes, locked imports and stale clients (2500.336451ms)
✔ API module preference changes startup navigation only for its account and application (2886.39904ms)
✔ locks persist, reject overrides, and unlocking restores personal choices (65.985549ms)
✔ policy and overrides isolate tenant, product and user; permission is explicit (29.859736ms)
✔ stale policies, concurrent saves and invalid fields cannot replace current state (36.499376ms)
✔ admin defaults apply to new users; unlocked personal choices and reset take precedence (30.832783ms)
✔ default module persists per account and respects access revocation and tenant locks (34.050547ms)
✔ attachments round trip and list responses omit bytes; removal and retries are atomic (10.433819ms)
✔ comments, related records and activity are scoped; invalid or denied writes leave no event (127.219142ms)
✔ saved records and recovery drafts survive reopening the store (6.743531ms)
✔ record versions are shared in a tenant; drafts belong to the account (4.386263ms)
✔ stale saves and drafts cannot overwrite another window (1.767914ms)
✔ retrying an acknowledged operation is idempotent (1.595142ms)
✔ discard keeps a revision tombstone so late draft writes cannot resurrect it (1.765613ms)
✔ invalid payloads do not mutate the record (0.729385ms)
✔ a failed disk write does not publish a saved record (1.17643ms)
✔ create allocates an independent record and clears only the source draft (3.793598ms)
✔ authenticated HTTP record lifecycle, isolation and conflicts (2620.745261ms)
✔ Embedded access role guards reject source actors, viewer writes, reset, malformed paths and unauthorized decisions (1.269269ms)
Seeded synthetic tenant configuration.
Seeded synthetic tenant configuration.
✔ Tenant Admin preserves immutable independent approvals, stale row versions, atomic replay, audit and partitioned records (1756.902731ms)
✔ MedBand keeps registration, counter/encounter rules, actor audit, admission clearances, atomic replay and branch isolation (1100.855072ms)
✔ [erp1] list envelope shape, facets, totals, pagination, q, sort (28.710907ms)
✔ [erp1] single row raw GET/PUT/DELETE round trip, 404 on bad id (1.34476ms)
✔ [erp1] tree entity: hierarchy present, rejects nonexistent parent and cycles (1.19653ms)
✔ [erp1] matrix entity: period selects a distinct dataset (3.368266ms)
✔ [erp1] lines/document entity: server recomputes totals, rejects negative qty (8.533124ms)
✔ [erp1] voucher entity: unbalanced debit/credit lines rejected (2.803671ms)
✔ [erp1] ref field rejects a nonexistent referenced row (4.640094ms)
✔ [erp1] branch/tenant isolation (1.58571ms)
✔ [erp1] wrong-branch and missing-identity denial (0.265332ms)
✔ [erp1] RBAC: admin/operations write broadly; finance limited to its allowlist; unknown role denied entirely (1.813233ms)
✔ [erp1] malformed input never throws (0.565835ms)
✔ [erp1] GET /dashboard returns a well-formed object (38.037908ms)
✔ [erp1] idempotent operationId replay vs conflicting payload (0.477054ms)
✔ [erp1] optimistic concurrency via expectedVersion (0.375693ms)
✔ [erp1] GET /lookups hydrates pool/options fields, resources, balances and approvers; rejects entity/page mismatch and unknown page (1.798725ms)
✔ [erp1] view-state GET/PUT round trip, scoped per user, rejects unknown keys and oversized values (0.817217ms)
✔ [erp1] view-state rejects malformed cols/views/mode shapes and never mutates the prior stored value (0.861767ms)
✔ [erp1] entity support returns activities and documents, requires an existing row (1.51703ms)
✔ [erp1] processes run persists a row and returns deterministic events; rejects unknown process, bad params and denied roles (3.318046ms)
✔ [erp1] a run's events are persisted and replay identically through support on repeated GETs, scoped per branch; non-process support never carries processEvents (5.745924ms)
✔ [erp1] preseeded historical process rows carry a deterministic fixture history matching their own status (3.575857ms)
✔ [erp1] GET /company-profile returns the scope's identity, never invented fields (0.600065ms)
✔ [erp2] list envelope shape, facets, totals, pagination, q, sort (3.225234ms)
✔ [erp2] single row raw GET/PUT/DELETE round trip, 404 on bad id (0.356183ms)
✔ [erp2] tree entity: hierarchy present, rejects nonexistent parent and cycles (0.219412ms)
✔ [erp2] matrix entity: period selects a distinct dataset (1.922673ms)
✔ [erp2] lines/document entity: server recomputes totals, rejects negative qty (2.186097ms)
✔ [erp2] voucher entity: unbalanced debit/credit lines rejected (0.968077ms)
✔ [erp2] ref field rejects a nonexistent referenced row (1.009628ms)
✔ [erp2] branch/tenant isolation (0.216321ms)
✔ [erp2] wrong-branch and missing-identity denial (0.959956ms)
✔ [erp2] RBAC: admin/operations write broadly; finance limited to its allowlist; unknown role denied entirely (0.474463ms)
✔ [erp2] malformed input never throws (0.124401ms)
✔ [erp2] GET /dashboard returns a well-formed object (7.201054ms)
✔ [erp2] idempotent operationId replay vs conflicting payload (0.314923ms)
✔ [erp2] optimistic concurrency via expectedVersion (0.20678ms)
✔ [erp2] GET /lookups hydrates pool/options fields, resources, balances and approvers; rejects entity/page mismatch and unknown page (0.976868ms)
✔ [erp2] view-state GET/PUT round trip, scoped per user, rejects unknown keys and oversized values (0.267942ms)
✔ [erp2] view-state rejects malformed cols/views/mode shapes and never mutates the prior stored value (0.323143ms)
✔ [erp2] entity support returns activities and documents, requires an existing row (0.870056ms)
✔ [erp2] processes run persists a row and returns deterministic events; rejects unknown process, bad params and denied roles (1.468921ms)
✔ [erp2] a run's events are persisted and replay identically through support on repeated GETs, scoped per branch; non-process support never carries processEvents (5.984865ms)
✔ [erp2] preseeded historical process rows carry a deterministic fixture history matching their own status (2.226467ms)
✔ [erp2] GET /company-profile returns the scope's identity, never invented fields (0.246642ms)
✔ erp1 and erp2 both construct and expose the same 57-page catalogue (0.1125ms)
✔ createReferenceErpStore requires a valid variant (0.284622ms)
✔ Healthcare Suite HTTP preserves host access grants, identity, product, branch and read-only boundaries (2812.513741ms)
✔ session retains authenticated host actor and branch-local selected facility (27.141155ms)
✔ store enforces actor, product, role, module, branch and read-only writes (6.080307ms)
✔ master CRUD and lookup contracts work for every original entity, preserving numeric form strings (88.7338ms)
✔ patient CRUD, duplicate fields and policy ownership are preserved (26.882813ms)
✔ slots, guest booking, blocked slots, reschedule, cancellation and repeated registration (20.170322ms)
✔ eligibility: ineligible member, expired policy, manual payer and insured visit requirements (17.231ms)
✔ full insured ordering: prior approval, eRx, billing holds, split hospital/pharmacy invoices and co-pay cap (26.51738ms)
✔ rejected prior approval assigns patient share after settlement (11.913371ms)
✔ payments, cancellation and invoice replay prevent repeat financial/stock effects (12.914307ms)
✔ contract editing is atomic and blank override uses discounted default with flags (7.471716ms)
✔ partition identities isolate tenant, product and branch while sharing same branch data among actors (12.542065ms)
✔ unknown/unsupported shapes fail before mutation and preserve field errors (8.228772ms)
✔ aggregate repeated item stock cannot be oversold and failed invoice leaves every line unchanged (12.010701ms)
✔ dosing edits, approval in-flight protection and quantity changes invalidate approval of old quantities (14.482581ms)
✔ booking checks resource blocks and encounter check-in links appointment while keeping selected facility (12.638796ms)
✔ invoice creation treats zero as an unfilled payment row while later collection requires positive payment (8.326483ms)
✔ actual MedSlot navigation and all fourteen English guides obey host role grants (2661.565168ms)
✔ MedSlot rejects source impersonation, traversal, forged roles and restricted master access (1.230609ms)
✔ Real MedSlot booking, overlap, schedules, audit, restart/retry and isolation (10489.621961ms)
✔ four reference module HTTP boundaries preserve authentication, role and branch scope (2747.574039ms)
✔ Pharmacy rejects forged roles, unsafe scope and clinical/financial authority bypass (1.992585ms)
Seeded demo data in 535 ms
Seeded demo data in 610 ms
✔ Pharmacy actual services: retry, rollback, durable partition, host actor and original end-to-end flows (2649.292246ms)
✔ Quality trust boundary rejects fabricated roles and unsafe scope/path (3.076004ms)
Seeding /home/pepadmin/.cache/agent-tmp/pepbits-quality-test-SUbKbq/d884760a05cc64cee8e6e4102018f6d78a83971b5d62ed92144a7ba6e9a5a973/allyvora-quality.db
  periods 2025-10 → 2026-09; Event Pulse months 2026-07, 2026-08, 2026-09
  Event Pulse: 9514 transactions, 47238 events, 450 duplicate deliveries rejected
  Validation: 60 issues opened
  Totals: { results: 1293, issues: 60, submissions: 12, audit: 784 }
Quality demonstration bootstrap completed; sign-in is managed by the host.
Seeding /home/pepadmin/.cache/agent-tmp/pepbits-quality-test-SUbKbq/c14bbd148138fd1e18e2881728ef696565545222b73eebd5559d50698b50475c/allyvora-quality.db
  periods 2025-10 → 2026-09; Event Pulse months 2026-07, 2026-08, 2026-09
  Event Pulse: 9514 transactions, 47238 events, 450 duplicate deliveries rejected
  Validation: 60 issues opened
  Totals: { results: 1293, issues: 60, submissions: 12, audit: 784 }
Quality demonstration bootstrap completed; sign-in is managed by the host.
Seeding /home/pepadmin/.cache/agent-tmp/pepbits-quality-test-SUbKbq/7e51d3e8597930036c2983a93d4529b0bf6adaec17f3c89c2a863ff96e0d9405/allyvora-quality.db
  periods 2025-10 → 2026-09; Event Pulse months 2026-07, 2026-08, 2026-09
  Event Pulse: 9514 transactions, 47238 events, 450 duplicate deliveries rejected
  Validation: 60 issues opened
  Totals: { results: 1293, issues: 60, submissions: 12, audit: 784 }
Quality demonstration bootstrap completed; sign-in is managed by the host.
✔ Quality actual SQLite workflows, actor, permissions, retry, version, correction and durable isolation (9470.435169ms)
✔ RCM host permissions reject role forgery, traversal and cross-domain commands (1.676312ms)
Seeded synthetic workspace data.
Seeded synthetic workspace data.
Seeded synthetic workspace data.
✔ RCM original service has complete registry, durable scoped transactions, second-person approval and financial rollback (4155.57242ms)
✔ rejects missing identity or scope before touching data (35.589328ms)
✔ every inventoried endpoint is routed (never 404/405 for its method) (15.95025ms)
✔ host roles map to report roles; accepts module-prefixed paths (5.812055ms)
✔ partitions isolate tenant, application and branch; personal favorites stay per user (6.101155ms)
✔ report run: paging, totals, ASYNC_REQUIRED guard and masking with canUnmask (326.924831ms)
✔ exports return files, respect format actions and audit (68.674849ms)
✔ saved views: personal default, role views need admin.access, delete rules (1.947235ms)
✔ background job transitions, stored result pages, download and cancel (17.922504ms)
✔ emailed jobs record outbox only; sensitive results go as a signed link that needs the right user (9.871016ms)
✔ per-user active job limit returns TOO_MANY_JOBS (2.5385ms)
✔ schedules CRUD, run now, due processing and skip when access is lost (10.149137ms)
✔ email-in simulation creates a job; unknown senders and failed auth are rejected (5.38787ms)
✔ API key secret is shown once and authorises BI pulls in the same partition only (6.276787ms)
✔ authenticateApiKey trusts only the stored key: no client scope, current role, revoked/deactivated rejected (3.238653ms)
✔ unknown host role is denied at provision unless a roleMap hook authorizes it (2.402749ms)
✔ an explicit empty or invalid roleMap does not grant the default analyst role (2.63752ms)
✔ builder preview, create/update/delete custom report with sharing grants (8.751637ms)
✔ dashboards: create, widget access validation, sharing rules, delete (2.079155ms)
✔ admin users, roles and settings validation (3.922069ms)
✔ session resolves a fixed fictional identity per role and rejects a role the user does not hold (77.469875ms)
✔ generic resource list envelope {data,total}, filter, q, pagination (32.836557ms)
✔ CRUD round trip: students, invoices (payAmount), issues (return), delete (28.993579ms)
✔ library last-copy conflict on issues create (28.887308ms)
✔ meta is unwrapped; attendance/marks/report-card/stats use their documented envelopes (79.156639ms)
✔ branch and tenant isolation (86.778256ms)
✔ wrong-branch and missing-identity denial (1.612822ms)
✔ role scoping: student sees only own record/fee/attendance; parent sees only own children (37.044929ms)
✔ teacher academic writes are limited to their own assigned classes/records (46.425421ms)
✔ accountant is restricted to fees; librarian to books/issues (28.935989ms)
✔ quiz attempts: student-only, scored server-side, one attempt, denies a second submission (32.578696ms)
✔ settings: get/patch profile, change password, delete a session (20.369265ms)
✔ malformed input never throws and returns structured 4xx (13.722894ms)
✔ school profile, fee structure and contacts are readable reference data (12.357633ms)
✔ leave requests, reservations and fee reminders are scoped and validated (12.242552ms)
✔ quiz answer privacy, server-side grading and idempotent replay (12.477745ms)
✔ live room: host-only privileges, class isolation, single vote per identity (16.367764ms)
✔ newly canonical demo role aliases resolve to their school role; a query-role escalation is denied, a plain session is not (12.631805ms)
✔ dashboard stats trends: admin and accountant carry the documented fixed demo values; other roles never fabricate one (40.672408ms)
✔ invoice payment receipts: sequential per-scope numbers, honest receiptSent, atomic bounds preserved on negative/over-payment (19.289586ms)
✔ attachments: create validates base64, permitted type, the 1MB bound, filename traversal, and purpose/role scoping (76.381937ms)
✔ attachments: assignment-linked downloads follow class membership; an invalid id in the batch rejects atomically (19.543368ms)
✔ attachments: submission-linked downloads follow student-own / teacher-assigned / parent-child; impersonation and purpose mismatch are denied (19.310456ms)
✔ attachments: message-linked downloads follow thread ownership; body.owner never overrides it; ids never cross scope (35.564379ms)
✔ attachments: real frontend roundtrip — assignments.tsx/messages.tsx link the canonical SchoolAttachment object POST /attachments returned; a legacy bare id still resolves; injected/tampered metadata on that object is never trusted (21.16115ms)
✔ quiz shuffle: deterministic per-identity question/option delivery order, accurate server grading against that order, and revealAnswers:false withholds the answer key even after grading (19.048674ms)
✔ server-initialized POST metrics: books/classes/quizzes/assignments compute aggregates server-side; client-supplied aggregates are ignored; invalid counts and unknown class/teacher references reject atomically (20.386673ms)
✔ library return: authoritative $0.50/day-late fine computed from the real due/return dates, on-time return is free, and a repeated return is idempotent (no double fine, no double stock increment) (21.127191ms)
✔ submissions: a student can never set their own grade/feedback, and a teacher grading can never overwrite the student-authored submission text (18.47267ms)
✔ thread messages: a caller can never fabricate a new message "from" the other party, and can never rewrite an already-stored message (18.36056ms)
✔ thread messages: a patch may never silently drop a previously persisted message id (or its attachment links); the real full-array append is unaffected and the rejection is atomic (20.932608ms)
✔ quiz authority: student list/detail/questions/grade are scoped to their own class; a new attempt requires a Published quiz; a completed attempt is still readable/retryable after the quiz closes; an unassigned teacher never gets the answer key or preview access; the owning/assigned teacher and admin still can (20.333433ms)
✔ live sessions: offsetMin is anchored to the real current instant (source src/lib/mock/db.ts materializeLive, lines 72-82), not fixture midnight — /live list and /stats agree, and an explicit authored start is always respected (30.138139ms)
✔ live "end": an accepted host/admin end persists the session as Ended for later /live list/detail and /stats calls, is idempotent on retry, and a non-host end is denied without any mutation (32.120134ms)
✔ stats: admin may read the accountant finance projection (source ReportsPage fetches both directly) without ever mutating their own session identity; a teacher still cannot request it; an unrecognized role is still rejected; branch scoping and student/parent ownership are unaffected (68.387077ms)
✔ shared embedded adapter preserves nested rollback and immediate source transactions (3.399725ms)
✔ actual SurgiSuite help configuration serves all nine guides in four languages and denies unrelated roles (4656.034756ms)
✔ SurgiSuite trusted roles reject auth endpoints, traversal, unknown paths and viewer writes (1.848644ms)
✔ Original surgical services work through isolated durable transactional host (3683.681426ms)
✔ command registry and policy access table list exactly the same commands (8.556065ms)
✔ source journey across views: book, join, triage, doctor sign and patient summary (232.687908ms)
✔ sessions describe role, modes, staff and patients for each view (20.668267ms)
✔ source role spoofing, signer replacement and cross-module access are refused (97.031623ms)
✔ patient, tenant, application and branch partitions are isolated (56.88723ms)
✔ malformed identifiers, paths and bodies are refused without touching data (37.238242ms)
✔ booking guards cover mismatches, grid, hours, breaks, past times and interval overlap (62.961436ms)
✔ appointment transitions, role limits and rescheduling follow the source rules (250.035459ms)
✔ nurse cannot supply prescriptions, diagnoses or doctor-only content, and cannot sign as a doctor (148.656243ms)
✔ sign retries do not duplicate follow-ups, messages or bookings (206.551001ms)
✔ stale versions conflict, signed notes are locked and context mismatches are refused (160.909577ms)
✔ encounter content is validated against catalogs and bounds; scores are recomputed server-side (59.035616ms)
✔ patient and allergy writes use field allowlists and keep identifiers server-owned (69.842448ms)
✔ patients check in only for their own visits and the shipped demo allows self booking (72.203296ms)
✔ configuration overrides change scheduling, modes, recording, simulation and limits per branch (104.346359ms)
✔ current vitals and transcript frames replace SSE: authenticated, deterministic and consent-gated (96.811992ms)
✔ simulated arrival is explicit demo behaviour and asserts no consent (97.138805ms)
✔ state is durable across close and recreate, with exclusive writer ownership (57.964479ms)
✔ a lease left by a dead process is taken over and an unreadable state file is not silently reseeded (79.679322ms)
✔ audit history is bounded, ordered and restricted to the doctor mode (117.287906ms)
✔ concurrent first requests share one scope and every committed change is retained (94.753197ms)
✔ the default clock and shipped policy work without options (12.683675ms)
✔ a dedicated patient account needs the trusted host mapping; the config default never fills in (12.358033ms)
✔ self booking is on in the shipped demo and off by explicit override, independent of provider booking (64.283957ms)
✔ admin demo patient session may register a patient; fixed patients and a disabled setting cannot (87.264159ms)
✔ admin registration is durable across restart and replays exactly (66.826935ms)
✔ changed payload under a used idempotency key is a 409 conflict; exact replays and restarts keep working (42.629694ms)
✔ recording always requires consent and no policy can switch that off (60.469897ms)
✔ booking advice keeps the source specialty and red-flag rules on the API (23.605829ms)
✔ calendar month recurrence preserves the anchor day across February (1.248751ms)
✔ schedules persist, retry failed work, isolate owners and do not duplicate a due delivery (205.225402ms)
✔ additional School views require an explicit authenticated server grant (793.631929ms)
✔ School grants preserve configured node restrictions and do not expose roleless pages to other users (826.928292ms)
▶ six School header views enforce server roles, navigation, tenant branches and actor identity
  ✔ School Administrator (152.980277ms)
  ✔ School Teacher (80.144035ms)
  ✔ School Student (66.602403ms)
  ✔ School Parent (79.071437ms)
  ✔ School Librarian (75.531961ms)
  ✔ School Accountant (65.598406ms)
  ✔ selected roles retain School resource reads and mutations (915.003116ms)
✔ six School header views enforce server roles, navigation, tenant branches and actor identity (4328.847801ms)
✔ HTTP enforcement: origins, tenant audit authorization, schedules and AI refusals (7324.628637ms)
✔ audit survives restart, isolates tenants, strips data and expires by retention (23.016154ms)
✔ providers must match exact HTTPS bases; expired credentials fail closed (0.325693ms)
✔ one user cannot exhaust another user allowance; tenant remains part of the key (0.531185ms)
✔ modified AI clients cannot send free text, clinical data, labels or undeclared keys (0.723476ms)
✔ encrypted credentials migrate, survive restart and reject the wrong master key (10.539179ms)
✔ Teleconsult HTTP sessions, role grants, shared views and adopted branch policy (2623.759335ms)
✔ both modules share one partition per trusted tenant, application and branch (3.843068ms)
✔ scope rejects unauthenticated, malformed and unknown-module requests (0.403263ms)
✔ shipped configuration is valid and resolves defaults, tenant and branch overrides (2.475098ms)
✔ tenant defaults can be overridden by a branch without losing sibling settings (0.443703ms)
✔ invalid configuration is rejected with every problem and never partially applied (3.649888ms)
✔ provider mode comes from the authenticated grant; the header only selects among granted modes (4.730856ms)
✔ patient beneficiary is fixed for dedicated accounts and selectable only by admin (6.381028ms)
✔ shipped demo policy enables patient booking and admin registration; recording consent can never be disabled (1.891495ms)
✔ request parsing refuses escaping paths, oversized and non-object bodies (2.55015ms)
✔ idempotency keys are validated and header lookup is case-insensitive (0.301313ms)
✔ command access separates doctor, nurse and patient capabilities (1.50858ms)
✔ personal views persist, isolate owners, and reject stale changes (7.97509ms)
✔ view layouts reject malformed values (0.263352ms)
✔ archive reports partial failures, is idempotent and persists in tenant/product/page scope (6.420029ms)
ℹ tests 336
ℹ suites 0
ℹ pass 336
ℹ fail 0
ℹ cancelled 0
ℹ skipped 0
ℹ todo 0
ℹ duration_ms 30382.908087

> nexora-monorepo@1.0.0 test:clinical-api
> tsc -p ../dummy-api/tsconfig.clinical.json && node --test ../dummy-api/clinical-template-store.test.ts ../dummy-api/clinical-template-csv.test.ts ../dummy-api/clinic-billing-store.test.ts ../dummy-api/clinical-triage-store.test.ts ../dummy-api/clinical-consultation-store.test.ts ../dummy-api/comprehensive-consultation-store.test.ts ../dummy-api/op-registration-store.test.ts

✔ prescription → order → invoice → partial payments → refund survives restart and duplicate retries (84.006765ms)
✔ permissions, conflicts, duplicate billing, input validation and tenant isolation (96.822432ms)
✔ void returns unpaid orders for rebilling and blocks paid invoice cancellation (138.415157ms)
✔ unpaid bill corrections preserve revisions and survive retries; paid, stale and unauthorized edits fail (153.996084ms)
✔ consultation drafts persist, retry once, validate explicit entries, finalize immutably and isolate scope (51.261237ms)
✔ expanded notes persist and legacy updates preserve new fields (31.692911ms)
✔ CSV create round-trips commas quotes Unicode newlines and booleans; query and 360 read the saved record after restart (135.184673ms)
✔ CSV changes are read on the next API operation; legacy JSON migration preserves records and leaves source intact (175.621027ms)
✔ corrupt CSV fails closed instead of replacing saved records with seed data (27.72136ms)
✔ CSV parser enforces quoting, row width and duplicate entity identities (1.260189ms)
✔ new related entries and their retry receipts survive restart and appear in 360 from CSV (133.497129ms)
✔ patient search applies combined filters, sorting and pagination (96.801901ms)
✔ complete registration is atomic, persisted and retried idempotently (167.828449ms)
✔ validation, duplicate identity and stale versions cannot alter records (54.551022ms)
✔ patient mutations are tenant/application scoped and permissions are enforced (186.620412ms)
✔ saved searches are user scoped; appointment writes are patient scoped and retry safe (99.477482ms)
✔ eligibility reads the saved policy and rejects unknown policy identities (58.944355ms)
✔ patient record keeps identifiers server managed and projects contact edits into search values (43.886672ms)
✔ registry search uses whole words, phrases, exclusions and child-record values (118.481835ms)
✔ draft persists and retries keep one identity; complete locks history and new assessments are blank (37.538745ms)
✔ completion requires explicit safety/priority and measurements or a reason; malformed input is rejected (22.676741ms)
✔ server roles, tenant scope, optimistic versions and corrupt CSV are enforced (31.767951ms)
✔ comprehensive CSV persists linked records, retries once, rejects stale and signed edits, isolates tenants (40.464486ms)
✔ reject malformed nested data, duplicate diagnoses, dangling orders and unsigned medication review (3.763918ms)
✔ score totals distinguish zero, incomplete, NT and invalid; E/M uses median and separate bounded time (2.986742ms)
✔ required validation, persistent check-in and idempotent retries (40.652817ms)
✔ write permission, optimistic conflict, server-owned eligibility and duplicate encounters (42.880425ms)
✔ clinical lifecycle: signed note immutable, service charges, payments, completion and addenda (256.887592ms)
✔ pending results require ownership, draft policy excludes sensitive fields and expires drafts (60.914831ms)
✔ appointment slot conflict and patient association validation (88.997912ms)
✔ pending results require an owner, date and plan; clinical closure is independent of payment (86.405353ms)
✔ discount cannot create overpayment and reversals preserve the original payment (81.984749ms)
✔ disabled drafts do not prevent check-in or ephemeral eligibility checks (20.262334ms)
ℹ tests 33
ℹ suites 0
ℹ pass 33
ℹ fail 0
ℹ cancelled 0
ℹ skipped 0
ℹ todo 0
ℹ duration_ms 1274.200051
