PASS header selects MedSlot
PASS original sidebar Dashboard
PASS original sidebar Book appointment
PASS original sidebar Calendar
PASS original sidebar Appointments
PASS original sidebar Patients
PASS original sidebar Resources & schedules
PASS original sidebar Services
PASS original sidebar Departments
PASS original sidebar Holidays
PASS original sidebar Notifications
PASS original sidebar Users & settings
PASS original sidebar Audit log
PASS patients detail and refresh
PASS resources detail and refresh
PASS shared patient dialog, original compact controls and Escape
PASS trusted host actor
PASS scheduler commercial/admin restrictions
PASS no page or console errors
1/1 navigation suites passed
