
> nexora-monorepo@1.0.0 pretest
> npm run prepare:access


> nexora-monorepo@1.0.0 prepare:access
> node ../dummy-api/access-runtime/build.mjs

Built original tenant-admin API services.
Built original medband API services.
Built original rcm API services.
Built original surgisuite API services.
Built original medslot API services.

> nexora-monorepo@1.0.0 test
> vitest run


 RUN  v3.2.7 /home/pepadmin/.cache/pepbits-worktrees/pb-sync-frontend-20261003/desktop-clients

 ✓ packages/erp-shell/src/erp-context.test.tsx (38 tests) 823ms
 ✓ packages/reference-medband/src/module.test.tsx (28 tests) 3629ms
   ✓ ReferenceMedbandModule host contract > renders every one of the nine routes from the backend data (record id from the route, not a promise)  522ms
   ✓ managed table page size > shows the host page size of encounters and steps by it  386ms
 ✓ packages/reference-teleconsult/src/patient/module.test.tsx (25 tests) 5460ms
   ✓ visit > books with an Idempotency-Key, and a retry after a lost response replays the same key  508ms
   ✓ booking advice from the server > asks the API for the specialty and urgency, and uses its answer to label the suggestion and book as urgent  434ms
   ✓ booking advice from the server > shows the urgent warning only from the API's urgency, not from the browser's own reading of the symptoms  602ms
   ✓ booking advice from the server > cannot continue or book on a stale answer: changed answers wait for new advice and a late old reply is ignored  846ms
   ✓ booking advice from the server > does not offer Continue when the API cannot answer, reports why, and asks again on retry  746ms
   ✓ booking advice from the server > does not accept a malformed advice payload  430ms
   ✓ effective settings in patient booking > offers only the visit modes the branch supports and books with one of them  608ms
 ✓ packages/reference-rcm/src/pages.test.tsx (33 tests) 7394ms
   ✓ registry worklists > KPI cards, status chips, Overdue and search drive the list query, and a second click on a card clears it  688ms
   ✓ record actions > edits an editable record in place and saves with the row version  351ms
   ✓ create > searches reference fields on the server through the options endpoint  368ms
   ✓ layouts > board: one column per stage with every card, asks for the server's largest page, and opens a card in the side panel  537ms
   ✓ layouts > live monitor: refreshes on an interval while live, can be paused, and marks failing messages  442ms
   ✓ layouts > keyboard: N opens the New drawer, arrows move the selection, / focuses search; none of it while the host's shortcut preference is off  476ms
 ✓ packages/reference-school/src/module.test.tsx (61 tests) 9977ms
   ✓ ReferenceSchoolModule > renders /dashboard for an administrator through host.request only  325ms
   ✓ ReferenceSchoolModule > renders /marks for an administrator through host.request only  387ms
   ✓ ReferenceSchoolModule > renders /fees for an administrator through host.request only  320ms
   ✓ failure handling > a rejected create keeps the dialog and the entered values and shows the server message  796ms
   ✓ record preview follows previewMode > inline renders the record in the matching shared frame  351ms
   ✓ record preview follows previewMode > center-modal renders the record in the matching shared frame  316ms
   ✓ fees receipts > a rejected collection keeps the dialog and the entered amount  378ms
 ✓ packages/erp-screens/src/templates/preference-compliance.test.tsx (4 tests) 4197ms
   ✓ all registered templates inherit managed table preferences in both density profiles  4015ms
 ✓ packages/erp-screens/src/lifecycle/lifecycle.test.tsx (17 tests) 3468ms
   ✓ LifecycleConfigurationPage > console summary uses server validation and clears it after editing  562ms
   ✓ LifecycleConfigurationPage > persistent worklist protects edits before opening another version  338ms
   ✓ LifecycleConfigurationPage > saves a draft with the expected revision and reuses the operation key on retry  571ms
   ✓ LifecycleConfigurationPage > lifecycle module and domain are editable codes that drive catalogue navigation  328ms
 ✓ packages/reference-teleconsult/src/provider/module.test.tsx (19 tests) 3264ms
   ✓ provider module > renders the Today workspace without a second sidebar or shell, with the demo disclosure  311ms
   ✓ consultation > shows the conflict banner and keeps the edited text when autosave is refused  846ms
stderr | packages/reference-quality/src/pages.test.tsx > AllyVora Quality pages > renders '/indicators/7' with its heading, data and no error state
The width(0) and height(0) of chart should be greater than 0,
       please check the style of container, or the props width(100%) and height(100%),
       or add a minWidth(0) or minHeight(undefined) or use aspect(undefined) to control the
       height and width.

stderr | packages/reference-quality/src/pages.test.tsx > AllyVora Quality pages > renders '/tat' with its heading, data and no error state
The width(0) and height(0) of chart should be greater than 0,
       please check the style of container, or the props width(100%) and height(100%),
       or add a minWidth(0) or minHeight(undefined) or use aspect(undefined) to control the
       height and width.
The width(0) and height(0) of chart should be greater than 0,
       please check the style of container, or the props width(100%) and height(100%),
       or add a minWidth(0) or minHeight(undefined) or use aspect(undefined) to control the
       height and width.

stderr | packages/reference-quality/src/pages.test.tsx > AllyVora Quality pages > renders '/events' with its heading, data and no error state
The width(0) and height(0) of chart should be greater than 0,
       please check the style of container, or the props width(100%) and height(100%),
       or add a minWidth(0) or minHeight(undefined) or use aspect(undefined) to control the
       height and width.

 ✓ packages/erp-screens/src/clinical-templates/clinical-templates.test.tsx (7 tests) 2822ms
   ✓ patient form preserves edits through section changes and retries with the same operation  1120ms
   ✓ scope remounts cannot retain another user patient edits  359ms
   ✓ New patient resets a saved record in a reused new-record tab  454ms
   ✓ empty contact editors do not create rows until edited and retain focus while typing  554ms
stderr | packages/reference-quality/src/pages.test.tsx > AllyVora Quality pages > renders '/reports/designer' with its heading, data and no error state
The width(0) and height(0) of chart should be greater than 0,
       please check the style of container, or the props width(100%) and height(100%),
       or add a minWidth(0) or minHeight(undefined) or use aspect(undefined) to control the
       height and width.
The width(0) and height(0) of chart should be greater than 0,
       please check the style of container, or the props width(100%) and height(100%),
       or add a minWidth(0) or minHeight(undefined) or use aspect(undefined) to control the
       height and width.

stderr | packages/reference-quality/src/pages.test.tsx > AllyVora Quality pages > renders '/reports/3' with its heading, data and no error state
The width(0) and height(0) of chart should be greater than 0,
       please check the style of container, or the props width(100%) and height(100%),
       or add a minWidth(0) or minHeight(undefined) or use aspect(undefined) to control the
       height and width.
The width(0) and height(0) of chart should be greater than 0,
       please check the style of container, or the props width(100%) and height(100%),
       or add a minWidth(0) or minHeight(undefined) or use aspect(undefined) to control the
       height and width.

stderr | packages/reference-quality/src/pages.test.tsx > AllyVora Quality pages > requests the indicator detail endpoint for /indicators/7
The width(0) and height(0) of chart should be greater than 0,
       please check the style of container, or the props width(100%) and height(100%),
       or add a minWidth(0) or minHeight(undefined) or use aspect(undefined) to control the
       height and width.

stderr | packages/reference-quality/src/pages.test.tsx > AllyVora Quality pages > requests the template and its render for /reports/3
The width(0) and height(0) of chart should be greater than 0,
       please check the style of container, or the props width(100%) and height(100%),
       or add a minWidth(0) or minHeight(undefined) or use aspect(undefined) to control the
       height and width.
The width(0) and height(0) of chart should be greater than 0,
       please check the style of container, or the props width(100%) and height(100%),
       or add a minWidth(0) or minHeight(undefined) or use aspect(undefined) to control the
       height and width.

stderr | packages/reference-quality/src/pages.test.tsx > AllyVora Quality pages > has every plain English message looked up through t() in quality-copy.json
The width(0) and height(0) of chart should be greater than 0,
       please check the style of container, or the props width(100%) and height(100%),
       or add a minWidth(0) or minHeight(undefined) or use aspect(undefined) to control the
       height and width.

stderr | packages/reference-quality/src/pages.test.tsx > AllyVora Quality pages > has every plain English message looked up through t() in quality-copy.json
The width(0) and height(0) of chart should be greater than 0,
       please check the style of container, or the props width(100%) and height(100%),
       or add a minWidth(0) or minHeight(undefined) or use aspect(undefined) to control the
       height and width.
The width(0) and height(0) of chart should be greater than 0,
       please check the style of container, or the props width(100%) and height(100%),
       or add a minWidth(0) or minHeight(undefined) or use aspect(undefined) to control the
       height and width.

stderr | packages/reference-quality/src/pages.test.tsx > AllyVora Quality pages > has every plain English message looked up through t() in quality-copy.json
The width(0) and height(0) of chart should be greater than 0,
       please check the style of container, or the props width(100%) and height(100%),
       or add a minWidth(0) or minHeight(undefined) or use aspect(undefined) to control the
       height and width.

stderr | packages/reference-quality/src/pages.test.tsx > AllyVora Quality pages > has every plain English message looked up through t() in quality-copy.json
The width(0) and height(0) of chart should be greater than 0,
       please check the style of container, or the props width(100%) and height(100%),
       or add a minWidth(0) or minHeight(undefined) or use aspect(undefined) to control the
       height and width.
The width(0) and height(0) of chart should be greater than 0,
       please check the style of container, or the props width(100%) and height(100%),
       or add a minWidth(0) or minHeight(undefined) or use aspect(undefined) to control the
       height and width.

stderr | packages/reference-quality/src/pages.test.tsx > AllyVora Quality pages > has every plain English message looked up through t() in quality-copy.json
The width(0) and height(0) of chart should be greater than 0,
       please check the style of container, or the props width(100%) and height(100%),
       or add a minWidth(0) or minHeight(undefined) or use aspect(undefined) to control the
       height and width.

stderr | packages/reference-quality/src/pages.test.tsx > AllyVora Quality pages > has every plain English message looked up through t() in quality-copy.json
The width(0) and height(0) of chart should be greater than 0,
       please check the style of container, or the props width(100%) and height(100%),
       or add a minWidth(0) or minHeight(undefined) or use aspect(undefined) to control the
       height and width.
The width(0) and height(0) of chart should be greater than 0,
       please check the style of container, or the props width(100%) and height(100%),
       or add a minWidth(0) or minHeight(undefined) or use aspect(undefined) to control the
       height and width.

stderr | packages/reference-quality/src/pages.test.tsx > AllyVora Quality pages > has every plain English message looked up through t() in quality-copy.json
The width(0) and height(0) of chart should be greater than 0,
       please check the style of container, or the props width(100%) and height(100%),
       or add a minWidth(0) or minHeight(undefined) or use aspect(undefined) to control the
       height and width.
The width(0) and height(0) of chart should be greater than 0,
       please check the style of container, or the props width(100%) and height(100%),
       or add a minWidth(0) or minHeight(undefined) or use aspect(undefined) to control the
       height and width.

 ✓ packages/reference-quality/src/pages.test.tsx (21 tests) 3224ms
   ✓ AllyVora Quality pages > renders '/reports/designer' with its heading, data and no error state  688ms
   ✓ AllyVora Quality pages > has every plain English message looked up through t() in quality-copy.json  1331ms
 ✓ packages/reference-reports/src/module.test.tsx (17 tests) 2556ms
   ✓ ReferenceReportsModule > runs a report with the effective page size and follows preference changes  394ms
 ✓ packages/reference-tenant-admin/src/module.test.tsx (23 tests) 2779ms
   ✓ configuration pages > opens the record drawer from ?open=, ?id= and ?new=, and closes it through the host navigator  365ms
   ✓ configuration pages > saves with Ctrl+S carrying the row version, and only while the form is editable and shortcuts are on  353ms
 ✓ packages/reference-medband/src/flows.test.tsx (4 tests) 2470ms
   ✓ every state of the long forms goes through the localization boundary > the new-encounter form for each visit type, on each of its steps  2038ms
 ✓ packages/erp-screens/src/preferences/preferences.test.tsx (4 tests) 1412ms
   ✓ record layout and all three density options use the central preference update  702ms
 ✓ packages/erp-screens/src/lifecycle/sources.test.tsx (11 tests) 2072ms
   ✓ Lifecycle source mappings > hosts without a source port keep the page and the saved wire shape unchanged  433ms
   ✓ Lifecycle source mappings > creates a pinned mapping from a registered source and saves it through the governed draft  406ms
 ✓ packages/erp-screens/src/templates/page-template.test.tsx (8 tests) 2453ms
   ✓ every configured template renders real shared content and starts with valid sample data  2016ms
stderr | packages/erp-screens/src/clinical-templates/query.test.tsx > disabled query shortcuts do not focus search or open help
An update to PatientQueryTemplate inside a test was not wrapped in act(...).

When testing, code that causes React state updates should be wrapped into act(...):

act(() => {
  /* fire events that update state */
});
/* assert on the output */

This ensures that you're testing the behavior the user would see in the browser. Learn more at https://react.dev/link/wrap-tests-with-act

 ✓ packages/erp-screens/src/clinical-templates/query.test.tsx (11 tests) 2500ms
   ✓ query waits for criteria and preserves filters after a failed search  518ms
   ✓ inline details belong to the selected row and record actions use navigation  398ms
   ✓ production capability limits preserve layout without invoking unavailable workflows  303ms
 ✓ packages/reference-school/src/attachments-locale.test.tsx (7 tests) 2014ms
   ✓ attachments > a failed upload keeps the file and the draft, Retry sends the same bytes once, and the assignment saves the returned metadata  700ms
   ✓ attachments > a file over 1 MB is refused before any request and blocks saving until removed  330ms
 ✓ packages/reference-surgisuite/src/module.test.tsx (20 tests) 1525ms
   ✓ SurgiSuite source pages in shared host > keeps every original case workspace tab and opens each without throwing  334ms
 ✓ packages/reference-rcm/src/styles.test.ts (9 tests) 955ms
   ✓ generated scoped styles > matches what scripts/rcm/styles.mjs generates from the retained source design  940ms
 ✓ packages/erp-shell/src/diagnostic-sidebar.test.tsx (17 tests) 1936ms
   ✓ library follows click mode and closes after outside clicks  323ms
   ✓ library follows hover mode and manual dismissal  347ms
 ✓ packages/erp-config/src/i18n.test.ts (4 tests) 2197ms
   ✓ localization contracts > provides every catalog message and preserves interpolation names in each language  2172ms
 ✓ packages/reference-healthcare-suite/src/components/rcm/HealthcareSuiteRcmWorkspace.test.tsx (27 tests) 2382ms
 ✓ packages/reference-rcm/src/module.test.tsx (14 tests) 1806ms
   ✓ ReferenceRcmModule host contract > authenticates through the host session only: /meta then scoped page data via host.request, no actor header, no storage, no /api  307ms
 ✓ packages/reference-pharmacy/src/pages.test.tsx (17 tests) 2079ms
   ✓ workbench through the host > opens the prescription named in the query and a workflow action posts once with an idempotency key, then follows the Rx to its new stage  431ms
 ✓ packages/erp-shell/src/school-role-header.test.tsx (9 tests) 1923ms
   ✓ School header and sidebar > selects 'School Administrator' through the shared header  490ms
   ✓ School header and sidebar > selects 'School Teacher' through the shared header  304ms
 ✓ packages/reference-rcm/src/copy.test.ts (5 tests) 793ms
   ✓ rcm-copy.json > is current with the sources  711ms
 ✓ packages/reference-school/src/final-parity.test.tsx (9 tests) 2137ms
   ✓ source option labels > the Select shows the source English labels (static and enum) with unchanged values  422ms
   ✓ server-initialized creation fields > a new book sends only authored fields; the card shows the server's record  406ms
   ✓ server-initialized creation fields > a rejected book keeps the dialog and the typed values  412ms
 ✓ packages/reference-medslot/src/module.test.tsx (17 tests) 1741ms
   ✓ MedSlot imported pages and shared host contracts > renders original / without a secondary login  365ms
   ✓ MedSlot imported pages and shared host contracts > renders original /appointments without a secondary login  345ms
 ✓ packages/reference-tenant-admin/src/styles.test.ts (8 tests) 1037ms
   ✓ generated scoped styles > matches what scripts/tenant-admin/styles.mjs generates from the retained source design  1024ms
 ✓ packages/erp-screens/src/drafts/use-shared-draft.test.tsx (4 tests) 1834ms
   ✓ failed draft write retains the exact payload and operation identity on retry  827ms
   ✓ completion waits for in-flight autosave before discarding its acknowledged revision  817ms
 ✓ packages/ai-ui/src/administration.test.tsx (20 tests) 1291ms
 ✓ packages/erp-screens/src/forms/dynamic-record-form.test.tsx (7 tests) 1417ms
   ✓ StrictMode loads safely and reports only acknowledged saves  344ms
 ✓ packages/reference-medband/src/cx.test.ts (6 tests) 1379ms
   ✓ cx is the source's twMerge: later utilities override earlier ones of the same group, shorthands override longhands > matches tailwind-merge on the original source > every pair (both orders) of the utilities the original passes to cx()  1073ms
 ✓ packages/reference-pharmacy/src/module.test.tsx (11 tests) 1409ms
 ✓ packages/erp-config/src/application-config.test.ts (3 tests) 1441ms
   ✓ API application configuration > uses backend menus and keys while keeping page components and field identities local  531ms
   ✓ API application configuration > rejects product/locale mismatches and cyclic or duplicate menus  448ms
   ✓ API application configuration > never creates unsupported frontend pages from API configuration  460ms
 ✓ packages/erp-screens/src/drafts/draft-center.test.tsx (3 tests) 1299ms
   ✓ metadata and policy appear, search/filter use the API and open rechecks access  671ms
   ✓ discard retry retains its operation id and does not remove a row until confirmed  339ms
 ✓ packages/erp-screens/src/clinic-billing/workspace.test.tsx (5 tests) 878ms
   ✓ managed layouts update without losing input; failed requests retry the exact operation  383ms
   ✓ bill correction retains input and operation identity on failure; read-only view can return  373ms
 ✓ packages/reference-school/src/toast-locale.test.tsx (4 tests) 948ms
   ✓ localized toasts > a dynamic toast is one translated message that keeps the authored title exactly  502ms
 ✓ packages/ai-client/src/transport.test.ts (22 tests) 1429ms
   ✓ the echo transport > no credential configured falls back to the mock  352ms
   ✓ the echo transport > an unreachable service falls back to the mock  351ms
   ✓ the echo transport > the mock says nothing left the browser, and lists what would have  352ms
   ✓ the echo transport > the mock shows the redacted value, not the original  352ms
 ✓ packages/erp-shell/src/workspace/use-workspace-navigation.test.tsx (18 tests) 1046ms
 ✓ packages/ops-ui/src/inline-edit-typed.test.tsx (19 tests) 799ms
 ✓ packages/erp-shell/src/workspace/workspace-canvas.test.tsx (29 tests) 915ms
 ✓ packages/erp-screens/src/library/component-catalog.test.tsx (5 tests) 613ms
 ✓ packages/ops-ui/src/overlay.test.tsx (23 tests) 734ms
 ✓ packages/erp-screens/src/records/specialized-editors.test.tsx (2 tests) 940ms
   ✓ billing fields survive tab changes and are included with line items in a real save  579ms
   ✓ consultation recovers composition, narrative, codes, orders and review checkboxes  360ms
 ✓ packages/ops-ui/src/inline-edit.test.tsx (15 tests) 780ms
stderr | packages/erp-screens/src/care-pages/workspace.test.tsx > multiple emergency pathways reveal independent fields and preserve values when hidden
Encountered two children with the same key, `Obstetric`. Keys should be unique so that components maintain their identity across updates. Non-unique keys may cause children to be duplicated and/or omitted — the behavior is unsupported and could change in a future version.

stderr | packages/erp-screens/src/care-pages/workspace.test.tsx > multiple emergency pathways reveal independent fields and preserve values when hidden
Encountered two children with the same key, `Obstetric`. Keys should be unique so that components maintain their identity across updates. Non-unique keys may cause children to be duplicated and/or omitted — the behavior is unsupported and could change in a future version.
Encountered two children with the same key, `Obstetric`. Keys should be unique so that components maintain their identity across updates. Non-unique keys may cause children to be duplicated and/or omitted — the behavior is unsupported and could change in a future version.
Encountered two children with the same key, `Obstetric`. Keys should be unique so that components maintain their identity across updates. Non-unique keys may cause children to be duplicated and/or omitted — the behavior is unsupported and could change in a future version.
Encountered two children with the same key, `Obstetric`. Keys should be unique so that components maintain their identity across updates. Non-unique keys may cause children to be duplicated and/or omitted — the behavior is unsupported and could change in a future version.
Encountered two children with the same key, `Obstetric`. Keys should be unique so that components maintain their identity across updates. Non-unique keys may cause children to be duplicated and/or omitted — the behavior is unsupported and could change in a future version.

 ✓ packages/erp-screens/src/care-pages/workspace.test.tsx (3 tests) 743ms
   ✓ failed saves keep notes and retry the identical operation; selectors cannot discard dirty inputs  462ms
 ✓ packages/ops-ui/src/search-select.test.tsx (14 tests) 1010ms
 ✓ packages/ai-ui/src/modes.test.tsx (34 tests) 923ms
 ✓ packages/erp-screens/src/library/preference-compliance.test.tsx (4 tests) 1395ms
   ✓ all 12 component catalog routes render their actual examples under non-default preferences  917ms
   ✓ all six reference pages have dedicated localized content  390ms
 ✓ packages/reference-medband/src/pages.test.tsx (11 tests) 854ms
 ✓ packages/ops-ui/src/form-controls.test.tsx (30 tests) 422ms
 ✓ packages/erp-screens/src/clinical-consultation/workspace.test.tsx (3 tests) 682ms
   ✓ expanded panels retain values and validation opens a hidden invalid vital  311ms
 ✓ packages/erp-screens/src/dcp-designer/dependencies.test.tsx (3 tests) 700ms
   ✓ parent change clears all descendants and late API responses cannot restore old options  309ms
 ✓ packages/reference-pharmacy/src/copy.test.ts (4 tests) 672ms
   ✓ pharmacy-copy.json > is current with the sources  664ms
 ✓ packages/reference-erp2/src/reference-erp2.test.tsx (9 tests) 562ms
   ✓ reference-erp2 module > requests page lookups before rendering the page  318ms
 ✓ packages/erp-screens/src/worklist/filter-bar.test.tsx (24 tests) 814ms
 ✓ packages/erp-screens/src/dcp-designer/workspace.test.tsx (3 tests) 739ms
   ✓ visual edits reuse stable IDs; failed save retains edits and reuses operation on retry  470ms
 ✓ packages/ops-ui/src/dropdown.test.tsx (11 tests) 705ms
 ✓ packages/reference-medband/src/copy.test.ts (5 tests) 842ms
   ✓ medband-copy.json > is current with the sources  834ms
 ✓ packages/erp-screens/src/clinical-triage/editor.test.tsx (3 tests) 671ms
   ✓ blank readings and unanswered safety choices; completion focuses required complaint  343ms
 ✓ packages/reference-quality/src/styles.test.ts (9 tests) 445ms
   ✓ generated scoped styles > matches what scripts/quality/styles.mjs generates from the retained source design  433ms
 ✓ packages/erp-screens/src/templates/registry-template.test.tsx (3 tests) 726ms
   ✓ all five registry templates render through shared engines with preference-owned layouts  431ms
 ✓ packages/reference-quality/src/copy.test.ts (3 tests) 609ms
   ✓ quality-copy.json > is current with the sources  605ms
 ✓ packages/ops-ui/src/shared-components.test.tsx (11 tests) 636ms
 ✓ packages/ai-ui/src/transparency.test.tsx (28 tests) 799ms
 ✓ packages/reference-school/src/library-return.test.tsx (3 tests) 739ms
   ✓ library return > the server's fine is shown and toasted, not the page's overdue estimate  385ms
 ✓ packages/reference-pharmacy/src/styles.test.ts (9 tests) 515ms
   ✓ generated scoped styles > matches what scripts/pharmacy/styles.mjs generates from the retained source design  498ms
 ✓ packages/erp-screens/src/approvals/approval-workspace.test.tsx (7 tests) 666ms
 ✓ packages/erp-screens/src/op-registration/workspace.test.tsx (3 tests) 639ms
 ✓ packages/erp-data/src/records.test.ts (11 tests) 745ms
 ✓ packages/erp-shell/src/workspace/workspace-tabs.test.tsx (15 tests) 653ms
 ✓ packages/reference-teleconsult/src/shared/hooks.test.tsx (10 tests) 764ms
 ✓ packages/reference-medband/src/styles.test.ts (12 tests) 547ms
   ✓ generated scoped styles > matches what scripts/medband/styles.mjs generates from the retained source design  527ms
 ✓ packages/erp-screens/src/imports/csv-import-dialog.test.tsx (6 tests) 553ms
 ✓ packages/reference-tenant-admin/src/copy.test.ts (4 tests) 534ms
   ✓ tenant-admin-copy.json > is current with the sources  524ms
 ✓ packages/erp-screens/src/worklist/use-column-layout.test.tsx (22 tests) 567ms
 ✓ packages/reference-erp1/src/reference-erp1.test.tsx (9 tests) 633ms
   ✓ reference-erp1 module > requests page lookups before rendering the page  336ms
 ✓ packages/reference-keystone-core/src/keystone-core.test.tsx (20 tests) 738ms
 ✓ packages/reference-quality/src/errors.test.tsx (4 tests) 782ms
 ✓ packages/reference-medband/src/controls-parity.test.tsx (34 tests) 1203ms
   ✓ MultiSelect (source popover multi-select) > opens, filters, selects, shows chips and +n more, clears and removes a chip  304ms
 ✓ packages/erp-screens/src/page-library/catalog.test.tsx (4 tests) 438ms
   ✓ search, resources and page opening use current access; revoked resource closes  347ms
 ✓ packages/erp-screens/src/comprehensive-consultation/workspace.test.tsx (1 test) 586ms
   ✓ specialty edits survive context and tenant-locked layout changes; preview never saves  580ms
 ✓ packages/erp-screens/src/dcp-designer/catalog-manager.test.tsx (4 tests) 1023ms
   ✓ catalog save failure preserves edits and retries the identical revision command  486ms
 ✓ packages/reference-healthcare-suite/src/preferences.test.tsx (9 tests) 1025ms
 ✓ packages/erp-screens/src/preference-preview.test.tsx (1 test) 92ms
 ✓ packages/erp-screens/src/dcp-designer/host-runtime.test.tsx (3 tests) 449ms
 ✓ packages/erp-screens/src/worklist/use-filter-sync.test.tsx (9 tests) 594ms
 ✓ packages/erp-screens/src/op-consultation/workspace.test.tsx (1 test) 465ms
   ✓ OP summary navigates fields; locked layout and review retain unsaved values  463ms
 ✓ packages/ops-ui/src/states.test.tsx (24 tests) 381ms
 ✓ packages/ops-ui/src/source-dialog.test.tsx (2 tests) 128ms
 ✓ packages/erp-screens/src/device-integrations/workspace.test.tsx (2 tests) 347ms
 ✓ packages/reference-quality/src/module.test.tsx (8 tests) 522ms
 ✓ packages/ops-ui/src/page-copy-localization.test.tsx (9 tests) 379ms
 ✓ packages/reference-quality/src/controls.test.tsx (6 tests) 386ms
 ✓ packages/ops-ui/src/pagination.test.tsx (9 tests) 470ms
 ✓ packages/erp-screens/src/worklist/saved-view.test.tsx (11 tests) 324ms
 ✓ packages/ops-ui/src/recovery-notice.test.tsx (5 tests) 422ms
 ✓ packages/erp-screens/src/identity-devices/workspace.test.tsx (3 tests) 383ms
 ✓ packages/auth/src/session.test.tsx (32 tests) 344ms
 ✓ packages/erp-screens/src/master-transfer/panel.test.tsx (3 tests) 265ms
stderr | packages/ai-ui/src/use-assistant.test.tsx > the administration config > arrives once asked for
An update to Probe inside a test was not wrapped in act(...).

When testing, code that causes React state updates should be wrapped into act(...):

act(() => {
  /* fire events that update state */
});
/* assert on the output */

This ensures that you're testing the behavior the user would see in the browser. Learn more at https://react.dev/link/wrap-tests-with-act

stderr | packages/ai-ui/src/use-assistant.test.tsx > the administration config > a refused config leaves it null rather than half-built
An update to Probe inside a test was not wrapped in act(...).

When testing, code that causes React state updates should be wrapped into act(...):

act(() => {
  /* fire events that update state */
});
/* assert on the output */

This ensures that you're testing the behavior the user would see in the browser. Learn more at https://react.dev/link/wrap-tests-with-act

 ✓ packages/ai-ui/src/use-assistant.test.tsx (24 tests) 247ms
 ✓ packages/ops-ui/src/quantity-unit-field.test.tsx (9 tests) 344ms
 ✓ packages/erp-shell/src/sentinel.test.tsx (1 test) 123ms
 ✓ packages/erp-shell/src/product-context.test.tsx (3 tests) 250ms
 ✓ packages/erp-screens/src/dcp-designer/sections.test.tsx (4 tests) 465ms
 ✓ packages/erp-screens/src/records/record-panels.test.tsx (4 tests) 323ms
 ✓ packages/ops-ui/src/reference-data.test.tsx (17 tests) 285ms
 ✓ packages/reference-quality/src/version.test.tsx (1 test) 300ms
 ✓ packages/workspace-core/src/use-workspace.test.tsx (19 tests) 223ms
 ✓ packages/erp-shell/src/workspace/use-detached-windows.test.tsx (13 tests) 66ms
 ✓ packages/ops-ui/src/segmented.test.tsx (9 tests) 217ms
 ✓ packages/erp-screens/src/label-printing/workspace.test.tsx (2 tests) 187ms
 ✓ packages/erp-screens/src/templates/configured-template-page.test.tsx (3 tests) 163ms
 ✓ packages/erp-shell/src/workspace/mdi-taskbar.test.tsx (7 tests) 204ms
 ✓ packages/ops-ui/src/skeleton.test.tsx (4 tests) 95ms
 ✓ packages/ops-ui/src/source-controls.test.tsx (3 tests) 200ms
 ✓ packages/reference-healthcare-suite/src/adapter.test.tsx (8 tests) 186ms
 ✓ packages/reference-rcm/src/components/ui/dialog.test.tsx (5 tests) 240ms
 ✓ packages/erp-data/src/mock.test.ts (148 tests) 84ms
 ✓ packages/ops-ui/src/button.test.tsx (5 tests) 181ms
 ✓ packages/erp-screens/src/record-page/record-page.test.tsx (2 tests) 164ms
 ✓ packages/erp-screens/src/login/recovery.test.tsx (1 test) 190ms
 ✓ packages/erp-screens/src/clinical-templates/query-search.test.tsx (2 tests) 192ms
 ✓ packages/erp-shell/src/workspace/use-mdi-workspace.test.tsx (7 tests) 193ms
 ✓ packages/ops-ui/src/card.test.tsx (6 tests) 142ms
 ✓ packages/ops-ui/src/tabs.test.tsx (3 tests) 138ms
 ✓ packages/erp-screens/src/dcp-designer/runtime-fields.test.tsx (5 tests) 137ms
 ✓ packages/reference-diagnostics/src/client.test.tsx (2 tests) 113ms
 ✓ packages/ops-ui/src/stat-card.test.tsx (6 tests) 98ms
 ✓ packages/ops-ui/src/localization.test.tsx (4 tests) 160ms
 ✓ packages/erp-screens/src/clinical-templates/record-layout.test.tsx (2 tests) 134ms
 ✓ packages/erp-screens/src/master-transfer/inflation.test.ts (2 tests) 76ms
 ✓ packages/erp-screens/src/product-access.test.tsx (2 tests) 93ms
 ✓ packages/reference-school/src/contracts.test.ts (12 tests) 155ms
 ✓ packages/erp-screens/src/product-services.test.tsx (2 tests) 120ms
 ✓ packages/ops-ui/src/avatar.test.tsx (10 tests) 133ms
 ✓ packages/erp-screens/src/worklist/export-rows.test.ts (26 tests) 93ms
 ✓ packages/reference-teleconsult/src/shared/format.test.tsx (6 tests) 146ms
 ✓ packages/reference-medslot/src/ui.test.tsx (2 tests) 128ms
 ✓ packages/reference-teleconsult/src/provider/lib/encounter-sync.test.tsx (12 tests) 105ms
 ✓ packages/ai-client/src/sources.test.tsx (10 tests) 66ms
 ✓ packages/erp-shell/src/chrome.test.tsx (23 tests) 72ms
 ✓ packages/ops-ui/src/badge.test.tsx (12 tests) 86ms
 ✓ packages/erp-config/src/localization-formatting.test.ts (13 tests) 42ms
 ✓ packages/erp-screens/src/clinical-templates/library-page.test.tsx (8 tests) 39ms
 ✓ packages/ops-ui/src/scanner-input.test.tsx (2 tests) 60ms
 ✓ packages/reference-quality/src/format.test.tsx (4 tests) 90ms
 ✓ packages/reference-teleconsult/src/shared/client.test.ts (16 tests) 36ms
 ✓ packages/erp-screens/src/master-transfer/format.test.ts (8 tests) 56ms
 ✓ packages/platform-ports/src/ports.test.tsx (17 tests) 51ms
 ✓ packages/ai-client/src/redact.test.ts (157 tests) 30ms
 ✓ packages/reference-host/src/routing.test.tsx (3 tests) 36ms
 ✓ packages/ops-ui/src/option-filter.test.tsx (13 tests) 57ms
 ✓ packages/reference-tenant-admin/src/api.test.ts (14 tests) 35ms
 ✓ packages/reference-pharmacy/src/useAction.test.tsx (1 test) 32ms
 ✓ packages/reference-teleconsult/src/styles.test.ts (10 tests) 26ms
 ✓ packages/erp-config/src/lifecycle/lifecycle.test.ts (19 tests) 64ms
 ✓ packages/reference-medband/src/source-boundary.test.ts (5 tests) 72ms
 ✓ packages/workspace-core/src/document-manager.test.ts (47 tests) 25ms
 ✓ packages/platform-ports/src/school-web-navigation.test.tsx (4 tests) 35ms
 ✓ packages/erp-config/src/lifecycle/sources.test.ts (17 tests) 27ms
 ✓ packages/workspace-core/src/split.test.ts (26 tests) 13ms
 ✓ packages/erp-config/src/data-classification.test.ts (22 tests) 21ms
 ✓ packages/platform-ports/src/school-landing.test.tsx (3 tests) 23ms
 ✓ packages/erp-screens/src/worklist/search-request.test.ts (10 tests) 20ms
 ✓ packages/reference-pharmacy/src/api.test.ts (12 tests) 17ms
 ✓ packages/auth/src/recovery.test.ts (9 tests) 39ms
 ✓ packages/reference-quality/src/client.test.ts (9 tests) 25ms
 ✓ packages/reference-quality/src/routes.test.ts (14 tests) 9ms
 ✓ packages/ops-ui/src/cn.test.ts (9 tests) 21ms
 ✓ packages/erp-config/src/pharmacy-reference.test.ts (3 tests) 8ms
 ✓ packages/workspace-core/src/lifecycle.test.ts (11 tests) 14ms
 ✓ packages/ai-config/src/gates.test.ts (22 tests) 12ms
 ✓ packages/ai-client/src/policy.test.ts (9 tests) 13ms
 ✓ packages/erp-data/src/dcp-runtime.test.ts (4 tests) 16ms
 ✓ packages/reference-host/src/transport.test.ts (11 tests) 20ms
 ✓ packages/erp-config/src/filter-policy.test.ts (15 tests) 16ms
 ✓ packages/reference-reports/src/routes.test.ts (5 tests) 14ms
 ✓ packages/erp-config/src/form-rules.test.ts (3 tests) 4ms
 ✓ packages/reference-rcm/src/api.test.ts (9 tests) 13ms
 ✓ packages/reference-healthcare-suite/src/lib/rcm-contract.test.ts (12 tests) 14ms
 ✓ packages/erp-config/src/product.test.ts (7 tests) 17ms
 ✓ packages/ai-client/src/admin.test.ts (11 tests) 13ms
 ✓ packages/erp-data/src/csv-import.test.ts (5 tests) 16ms
 ✓ packages/reference-medband/src/api.test.ts (10 tests) 22ms
 ✓ packages/ops-ui/src/error-mapper.test.ts (32 tests) 9ms
 ✓ packages/erp-config/src/school-role-views.test.ts (5 tests) 8ms
 ✓ packages/erp-screens/src/imports/workbook-options.test.ts (2 tests) 11ms
 ✓ packages/erp-config/src/dcp-repeating.test.ts (4 tests) 9ms
 ✓ packages/erp-screens/src/clinical-templates/overview-data.test.ts (1 test) 10ms
 ✓ packages/erp-shell/src/workspace/mdi-frames.test.ts (20 tests) 10ms
 ✓ packages/reference-pharmacy/src/routes.test.ts (5 tests) 7ms
 ✓ packages/reference-rcm/src/routes.test.ts (8 tests) 15ms
 ✓ packages/reference-medband/src/master.test.ts (3 tests) 5ms
 ✓ packages/reference-teleconsult/src/shared/contract.test.ts (27 tests) 11ms
 ✓ packages/erp-data/src/dcp-host.test.ts (2 tests) 11ms
 ✓ packages/erp-config/src/teleconsult-reference.test.ts (4 tests) 5ms
 ✓ packages/ai-client/src/assemble.test.ts (19 tests) 16ms
 ✓ packages/reference-tenant-admin/src/routes.test.ts (6 tests) 11ms
 ✓ packages/workspace-core/src/detach.test.ts (14 tests) 14ms
 ✓ packages/reference-school/src/bundle-boundary.test.ts (4 tests) 11ms
 ✓ packages/reference-medband/src/routes.test.ts (5 tests) 11ms
 ✓ packages/auth/src/sentinel.test.ts (5 tests) 8ms
 ✓ packages/reference-medband/src/utils.test.ts (6 tests) 12ms
 ✓ packages/erp-config/src/export-policy.test.ts (13 tests) 8ms
 ✓ packages/erp-data/src/draft-center.test.ts (2 tests) 8ms
 ✓ packages/erp-config/src/reference-modules.test.ts (5 tests) 7ms
 ✓ packages/workspace-core/src/document-key.test.ts (9 tests) 9ms
 ✓ packages/erp-shell/src/workspace/target-document.test.ts (10 tests) 20ms
 ✓ packages/reference-teleconsult/src/routes.test.ts (20 tests) 8ms
 ✓ packages/ai-config/src/policy.test.ts (13 tests) 7ms
 ✓ packages/reference-healthcare-suite/src/routes.test.ts (3 tests) 8ms
 ✓ packages/workspace-core/src/policy.test.ts (15 tests) 9ms
 ✓ packages/reference-pharmacy/src/theme.test.ts (4 tests) 7ms
 ✓ packages/erp-screens/src/spreadsheet/model.test.ts (4 tests) 13ms
 ✓ packages/erp-config/src/dcp-designer-metadata.test.ts (2 tests) 5ms
 ✓ packages/platform-ports/src/identity-devices.test.ts (2 tests) 7ms
 ✓ packages/erp-config/src/draft-policy.test.ts (2 tests) 7ms
 ✓ packages/erp-config/src/access-reference.test.ts (2 tests) 10ms
 ✓ packages/erp-screens/src/imports/csv-options.test.ts (3 tests) 8ms
 ✓ packages/platform-ports/src/devices.test.ts (1 test) 6ms
 ✓ apps/desktop/src/platform/tauri-windows.test.ts (3 tests) 101ms
 ✓ packages/erp-config/src/quality-reference.test.ts (3 tests) 7ms
 ✓ packages/ai-client/src/guard.test.ts (9 tests) 7ms
 ✓ packages/erp-config/src/preference-defaults.test.ts (3 tests) 5ms
 ✓ packages/reference-rcm/src/metadata-localization.test.ts (1 test) 4ms
 ↓ packages/reference-medband/src/browser-parity.test.ts (2 tests | 2 skipped)
 ↓ packages/reference-rcm/src/browser-parity.test.ts (2 tests | 2 skipped)
 ✓ packages/erp-screens/src/clinical-templates/record-age.test.ts (1 test) 5ms

 Test Files  229 passed | 2 skipped (231)
      Tests  2579 passed | 4 skipped (2583)
   Start at  07:02:49
   Duration  136.50s (transform 25.22s, setup 129.24s, collect 79.52s, tests 145.43s, environment 110.04s, prepare 19.11s)

