
> nexora-monorepo@1.0.0 test
> vitest run


 RUN  v3.2.7 /home/pepadmin/pb/saas/lib/pepbits-frontend-library/desktop-clients

 ✓ packages/erp-screens/src/lifecycle/lifecycle.test.tsx (17 tests) 2923ms
   ✓ LifecycleConfigurationPage > console summary uses server validation and clears it after editing  411ms
   ✓ LifecycleConfigurationPage > saves a draft with the expected revision and reuses the operation key on retry  442ms
   ✓ LifecycleConfigurationPage > lifecycle module and domain are editable codes that drive catalogue navigation  310ms
 ✓ packages/erp-screens/src/clinical-templates/clinical-templates.test.tsx (7 tests) 3084ms
   ✓ patient form preserves edits through section changes and retries with the same operation  1335ms
   ✓ scope remounts cannot retain another user patient edits  341ms
   ✓ New patient resets a saved record in a reused new-record tab  553ms
   ✓ empty contact editors do not create rows until edited and retain focus while typing  558ms
 ✓ packages/erp-screens/src/templates/preference-compliance.test.tsx (4 tests) 4127ms
   ✓ all registered templates inherit managed table preferences in both density profiles  3967ms
 ✓ packages/erp-screens/src/templates/page-template.test.tsx (8 tests) 3231ms
   ✓ every configured template renders real shared content and starts with valid sample data  2714ms
 ✓ packages/erp-screens/src/lifecycle/sources.test.tsx (11 tests) 2476ms
   ✓ Lifecycle source mappings > hosts without a source port keep the page and the saved wire shape unchanged  473ms
   ✓ Lifecycle source mappings > creates a pinned mapping from a registered source and saves it through the governed draft  506ms
   ✓ Lifecycle source mappings > server validation issues on a mapping navigate to it  305ms
 ✓ packages/reference-reports/src/module.test.tsx (17 tests) 2956ms
   ✓ ReferenceReportsModule > runs a report with the effective page size and follows preference changes  301ms
   ✓ ReferenceReportsModule > shows the background-run path when the server answers ASYNC_REQUIRED  473ms
   ✓ ReferenceReportsModule > exports through authenticated host.fetch as a blob; without host.fetch export is disabled  371ms
 ✓ packages/reference-school/src/module.test.tsx (61 tests) 8500ms
   ✓ ReferenceSchoolModule > renders /dashboard for an administrator through host.request only  337ms
   ✓ ReferenceSchoolModule > renders /quizzes for an administrator through host.request only  309ms
   ✓ ReferenceSchoolModule > renders /marks for an administrator through host.request only  348ms
   ✓ record preview follows previewMode > inline renders the record in the matching shared frame  317ms
   ✓ record preview follows previewMode > changing previewMode while open keeps the record and the grader's unsaved feedback  438ms
stderr | packages/erp-screens/src/clinical-templates/query.test.tsx > disabled query shortcuts do not focus search or open help
An update to PatientQueryTemplate inside a test was not wrapped in act(...).

When testing, code that causes React state updates should be wrapped into act(...):

act(() => {
  /* fire events that update state */
});
/* assert on the output */

This ensures that you're testing the behavior the user would see in the browser. Learn more at https://react.dev/link/wrap-tests-with-act

 ✓ packages/erp-screens/src/clinical-templates/query.test.tsx (11 tests) 2916ms
   ✓ query waits for criteria and preserves filters after a failed search  737ms
   ✓ inline details belong to the selected row and record actions use navigation  453ms
   ✓ query export uses the selected file format  308ms
   ✓ production capability limits preserve layout without invoking unavailable workflows  304ms
   ✓ infinite results use twenty-record requests, preserve loaded rows and retain a keyboard load action  362ms
 ✓ packages/reference-healthcare-suite/src/components/rcm/HealthcareSuiteRcmWorkspace.test.tsx (27 tests) 2312ms
   ✓ claims send exact versioned command and idempotency identity, retaining inputs on a recoverable failure  320ms
 ✓ packages/erp-shell/src/diagnostic-sidebar.test.tsx (14 tests) 2406ms
   ✓ library follows click mode and closes after outside clicks  493ms
   ✓ library follows hover mode and manual dismissal  523ms
 ✓ packages/reference-school/src/final-parity.test.tsx (9 tests) 2080ms
   ✓ source option labels > the Select shows the source English labels (static and enum) with unchanged values  426ms
   ✓ server-initialized creation fields > a new book sends only authored fields; the card shows the server's record  375ms
   ✓ server-initialized creation fields > a new quiz sends its questions and options but no attempts or average  340ms
 ✓ packages/erp-screens/src/drafts/use-shared-draft.test.tsx (4 tests) 1938ms
   ✓ failed draft write retains the exact payload and operation identity on retry  824ms
   ✓ completion waits for in-flight autosave before discarding its acknowledged revision  821ms
 ✓ packages/erp-screens/src/preferences/preferences.test.tsx (4 tests) 1721ms
   ✓ record layout and all three density options use the central preference update  920ms
   ✓ Own Settings uses accessible module options and honors locks  325ms
 ✓ packages/reference-school/src/attachments-locale.test.tsx (7 tests) 1671ms
   ✓ attachments > a failed upload keeps the file and the draft, Retry sends the same bytes once, and the assignment saves the returned metadata  531ms
 ✓ packages/erp-config/src/i18n.test.ts (4 tests) 1463ms
   ✓ localization contracts > provides every catalog message and preserves interpolation names in each language  1441ms
 ✓ packages/ai-client/src/transport.test.ts (22 tests) 1429ms
   ✓ the echo transport > no credential configured falls back to the mock  351ms
   ✓ the echo transport > an unreachable service falls back to the mock  352ms
   ✓ the echo transport > the mock says nothing left the browser, and lists what would have  351ms
   ✓ the echo transport > the mock shows the redacted value, not the original  350ms
 ✓ packages/ai-ui/src/administration.test.tsx (20 tests) 1070ms
 ✓ packages/erp-screens/src/drafts/draft-center.test.tsx (3 tests) 1312ms
   ✓ metadata and policy appear, search/filter use the API and open rechecks access  686ms
   ✓ discard retry retains its operation id and does not remove a row until confirmed  333ms
 ✓ packages/erp-shell/src/school-role-header.test.tsx (9 tests) 1285ms
   ✓ School header and sidebar > selects 'School Administrator' through the shared header  345ms
 ✓ packages/erp-config/src/application-config.test.ts (3 tests) 1196ms
   ✓ API application configuration > uses backend menus and keys while keeping page components and field identities local  429ms
   ✓ API application configuration > rejects product/locale mismatches and cyclic or duplicate menus  338ms
   ✓ API application configuration > never creates unsupported frontend pages from API configuration  428ms
 ✓ packages/erp-screens/src/forms/dynamic-record-form.test.tsx (7 tests) 1613ms
   ✓ StrictMode loads safely and reports only acknowledged saves  358ms
   ✓ failed save keeps edits and exposes retry  341ms
 ✓ packages/erp-shell/src/workspace/use-workspace-navigation.test.tsx (18 tests) 1267ms
 ✓ packages/erp-screens/src/clinic-billing/workspace.test.tsx (5 tests) 984ms
   ✓ managed layouts update without losing input; failed requests retry the exact operation  420ms
   ✓ bill correction retains input and operation identity on failure; read-only view can return  436ms
 ✓ packages/reference-school/src/toast-locale.test.tsx (4 tests) 1102ms
   ✓ localized toasts > a static success toast is translated at render and follows a language change while shown  316ms
   ✓ localized toasts > a dynamic toast is one translated message that keeps the authored title exactly  534ms
 ✓ packages/erp-screens/src/library/preference-compliance.test.tsx (4 tests) 1135ms
   ✓ all 12 component catalog routes render their actual examples under non-default preferences  679ms
   ✓ all six reference pages have dedicated localized content  351ms
 ✓ packages/erp-shell/src/workspace/workspace-canvas.test.tsx (29 tests) 1030ms
 ✓ packages/erp-screens/src/records/specialized-editors.test.tsx (2 tests) 1200ms
   ✓ billing fields survive tab changes and are included with line items in a real save  732ms
   ✓ consultation recovers composition, narrative, codes, orders and review checkboxes  466ms
 ✓ packages/ops-ui/src/inline-edit.test.tsx (15 tests) 1211ms
 ✓ packages/erp-screens/src/clinical-consultation/workspace.test.tsx (3 tests) 979ms
   ✓ completion requires explicit clinical fields and focuses the first missing field  305ms
   ✓ expanded panels retain values and validation opens a hidden invalid vital  410ms
 ✓ packages/ops-ui/src/inline-edit-typed.test.tsx (19 tests) 1216ms
stderr | packages/erp-screens/src/care-pages/workspace.test.tsx > multiple emergency pathways reveal independent fields and preserve values when hidden
Encountered two children with the same key, `Obstetric`. Keys should be unique so that components maintain their identity across updates. Non-unique keys may cause children to be duplicated and/or omitted — the behavior is unsupported and could change in a future version.

stderr | packages/erp-screens/src/care-pages/workspace.test.tsx > multiple emergency pathways reveal independent fields and preserve values when hidden
Encountered two children with the same key, `Obstetric`. Keys should be unique so that components maintain their identity across updates. Non-unique keys may cause children to be duplicated and/or omitted — the behavior is unsupported and could change in a future version.
Encountered two children with the same key, `Obstetric`. Keys should be unique so that components maintain their identity across updates. Non-unique keys may cause children to be duplicated and/or omitted — the behavior is unsupported and could change in a future version.
Encountered two children with the same key, `Obstetric`. Keys should be unique so that components maintain their identity across updates. Non-unique keys may cause children to be duplicated and/or omitted — the behavior is unsupported and could change in a future version.
Encountered two children with the same key, `Obstetric`. Keys should be unique so that components maintain their identity across updates. Non-unique keys may cause children to be duplicated and/or omitted — the behavior is unsupported and could change in a future version.
Encountered two children with the same key, `Obstetric`. Keys should be unique so that components maintain their identity across updates. Non-unique keys may cause children to be duplicated and/or omitted — the behavior is unsupported and could change in a future version.

 ✓ packages/erp-screens/src/care-pages/workspace.test.tsx (3 tests) 1369ms
   ✓ failed saves keep notes and retry the identical operation; selectors cannot discard dirty inputs  992ms
 ✓ packages/ops-ui/src/search-select.test.tsx (14 tests) 1159ms
 ✓ packages/ai-ui/src/modes.test.tsx (34 tests) 1046ms
 ✓ packages/erp-screens/src/dcp-designer/dependencies.test.tsx (3 tests) 906ms
   ✓ parent change clears all descendants and late API responses cannot restore old options  432ms
 ✓ packages/ops-ui/src/overlay.test.tsx (23 tests) 1050ms
 ✓ packages/erp-data/src/records.test.ts (11 tests) 763ms
 ✓ packages/erp-screens/src/dcp-designer/workspace.test.tsx (3 tests) 667ms
   ✓ visual edits reuse stable IDs; failed save retains edits and reuses operation on retry  389ms
 ✓ packages/erp-screens/src/library/component-catalog.test.tsx (5 tests) 1160ms
   ✓ form search finds component names and reset clears only the demo  386ms
   ✓ navigation exposes only available product pages  326ms
 ✓ packages/erp-screens/src/worklist/filter-bar.test.tsx (24 tests) 1597ms
   ✓ reference data > selecting a server-sent option reports the filter key and the value  349ms
 ✓ packages/erp-screens/src/templates/registry-template.test.tsx (3 tests) 1334ms
   ✓ all five registry templates render through shared engines with preference-owned layouts  892ms
   ✓ changing managed layout preserves edits and discard restores the saved record only after confirmation  300ms
 ✓ packages/erp-screens/src/approvals/approval-workspace.test.tsx (7 tests) 1920ms
   ✓ submission requires a comment and confirmation; unknown outcomes reuse the operation id  594ms
   ✓ bulk selection excludes ineligible rows and preserves per-row errors  327ms
   ✓ HTTP 503 retains the comment and retries the identical approval action  401ms
 ✓ packages/reference-keystone-core/src/keystone-core.test.tsx (20 tests) 1344ms
 ✓ packages/erp-shell/src/erp-context.test.tsx (38 tests) 1227ms
 ✓ packages/ops-ui/src/shared-components.test.tsx (11 tests) 918ms
   ✓ Calendar > selects leap day, respects bounds and uses date-only values  385ms
 ✓ packages/erp-screens/src/imports/csv-import-dialog.test.tsx (6 tests) 846ms
 ✓ packages/reference-school/src/library-return.test.tsx (3 tests) 1061ms
   ✓ library return > the server's fine is shown and toasted, not the page's overdue estimate  585ms
 ✓ packages/erp-screens/src/op-registration/workspace.test.tsx (3 tests) 1095ms
   ✓ effective tenant page size wins and unavailable preferences disable registration writes  349ms
   ✓ patient verification cannot be skipped and scope change clears the selected patient  572ms
 ✓ packages/erp-screens/src/worklist/use-column-layout.test.tsx (22 tests) 952ms
 ✓ packages/erp-screens/src/clinical-triage/editor.test.tsx (3 tests) 1062ms
   ✓ blank readings and unanswered safety choices; completion focuses required complaint  736ms
 ✓ packages/ops-ui/src/dropdown.test.tsx (11 tests) 1181ms
 ✓ packages/ai-ui/src/transparency.test.tsx (28 tests) 1157ms
 ✓ packages/reference-healthcare-suite/src/preferences.test.tsx (9 tests) 821ms
 ✓ packages/ops-ui/src/form-controls.test.tsx (30 tests) 684ms
 ✓ packages/erp-shell/src/workspace/workspace-tabs.test.tsx (15 tests) 954ms
 ✓ packages/reference-erp1/src/reference-erp1.test.tsx (9 tests) 928ms
   ✓ reference-erp1 module > requests page lookups before rendering the page  480ms
   ✓ reference-erp1 module > switching host scope drops drafts and ignores the old tenant's pending response  310ms
 ✓ packages/erp-screens/src/dcp-designer/catalog-manager.test.tsx (4 tests) 790ms
   ✓ catalog save failure preserves edits and retries the identical revision command  361ms
 ✓ packages/erp-screens/src/comprehensive-consultation/workspace.test.tsx (1 test) 711ms
   ✓ specialty edits survive context and tenant-locked layout changes; preview never saves  710ms
 ✓ packages/reference-erp2/src/reference-erp2.test.tsx (9 tests) 1196ms
   ✓ reference-erp2 module > requests page lookups before rendering the page  707ms
   ✓ reference-erp2 module > switching host scope drops drafts and ignores the old tenant's pending response  347ms
 ✓ packages/ops-ui/src/pagination.test.tsx (9 tests) 596ms
 ✓ packages/erp-screens/src/op-consultation/workspace.test.tsx (1 test) 674ms
   ✓ OP summary navigates fields; locked layout and review retain unsaved values  673ms
 ✓ packages/ops-ui/src/states.test.tsx (24 tests) 539ms
 ✓ packages/erp-screens/src/identity-devices/workspace.test.tsx (3 tests) 669ms
   ✓ biometrics disabled still allows separate manual review and never implies authentication  455ms
 ✓ packages/erp-screens/src/dcp-designer/host-runtime.test.tsx (3 tests) 549ms
   ✓ required false is displayed, edits retain values on 422, successful save uses normalized server values  366ms
 ✓ packages/ops-ui/src/page-copy-localization.test.tsx (9 tests) 607ms
   ✓ page copy and stable data > translates controls, search results and KPI copy in en without changing values  322ms
 ✓ packages/ops-ui/src/recovery-notice.test.tsx (5 tests) 453ms
 ✓ packages/auth/src/session.test.tsx (32 tests) 656ms
 ✓ packages/erp-screens/src/worklist/use-filter-sync.test.tsx (9 tests) 805ms
 ✓ packages/erp-screens/src/page-library/catalog.test.tsx (4 tests) 619ms
   ✓ search, resources and page opening use current access; revoked resource closes  445ms
 ✓ packages/ops-ui/src/quantity-unit-field.test.tsx (9 tests) 525ms
 ✓ packages/erp-screens/src/device-integrations/workspace.test.tsx (2 tests) 639ms
   ✓ effective tenant lock disables device preference and unsupported output is filtered  330ms
   ✓ recoverable queue failure retries exactly the same operation and selected source  307ms
 ✓ packages/erp-shell/src/product-context.test.tsx (3 tests) 608ms
 ✓ packages/erp-screens/src/records/record-panels.test.tsx (4 tests) 627ms
 ✓ packages/ops-ui/src/reference-data.test.tsx (17 tests) 260ms
 ✓ packages/erp-screens/src/label-printing/workspace.test.tsx (2 tests) 456ms
 ✓ packages/erp-screens/src/dcp-designer/sections.test.tsx (4 tests) 370ms
 ✓ packages/erp-screens/src/worklist/saved-view.test.tsx (11 tests) 408ms
 ✓ packages/erp-shell/src/workspace/mdi-taskbar.test.tsx (7 tests) 272ms
stderr | packages/ai-ui/src/use-assistant.test.tsx > the administration config > arrives once asked for
An update to Probe inside a test was not wrapped in act(...).

When testing, code that causes React state updates should be wrapped into act(...):

act(() => {
  /* fire events that update state */
});
/* assert on the output */

This ensures that you're testing the behavior the user would see in the browser. Learn more at https://react.dev/link/wrap-tests-with-act

stderr | packages/ai-ui/src/use-assistant.test.tsx > the administration config > a refused config leaves it null rather than half-built
An update to Probe inside a test was not wrapped in act(...).

When testing, code that causes React state updates should be wrapped into act(...):

act(() => {
  /* fire events that update state */
});
/* assert on the output */

This ensures that you're testing the behavior the user would see in the browser. Learn more at https://react.dev/link/wrap-tests-with-act

 ✓ packages/ai-ui/src/use-assistant.test.tsx (24 tests) 364ms
 ✓ packages/erp-screens/src/templates/configured-template-page.test.tsx (3 tests) 213ms
 ✓ packages/erp-screens/src/clinical-templates/query-search.test.tsx (2 tests) 195ms
 ✓ packages/erp-screens/src/master-transfer/panel.test.tsx (3 tests) 520ms
   ✓ master transfer commands > requires server validation and invalidates it on changed reason  383ms
 ✓ packages/ops-ui/src/segmented.test.tsx (9 tests) 348ms
 ✓ packages/ops-ui/src/badge.test.tsx (12 tests) 104ms
 ✓ packages/workspace-core/src/use-workspace.test.tsx (19 tests) 299ms
 ✓ packages/reference-healthcare-suite/src/adapter.test.tsx (8 tests) 267ms
 ✓ packages/erp-shell/src/workspace/use-mdi-workspace.test.tsx (7 tests) 278ms
 ✓ packages/erp-screens/src/product-access.test.tsx (2 tests) 241ms
 ✓ packages/erp-shell/src/sentinel.test.tsx (1 test) 160ms
 ✓ packages/reference-school/src/contracts.test.ts (12 tests) 239ms
 ✓ packages/erp-screens/src/login/recovery.test.tsx (1 test) 300ms
 ✓ packages/ops-ui/src/button.test.tsx (5 tests) 252ms
 ✓ packages/erp-screens/src/dcp-designer/runtime-fields.test.tsx (5 tests) 182ms
 ✓ packages/erp-screens/src/clinical-templates/record-layout.test.tsx (2 tests) 384ms
 ✓ packages/erp-screens/src/record-page/record-page.test.tsx (2 tests) 216ms
 ✓ packages/erp-shell/src/workspace/use-detached-windows.test.tsx (13 tests) 258ms
 ✓ packages/ops-ui/src/avatar.test.tsx (10 tests) 148ms
 ✓ packages/ops-ui/src/tabs.test.tsx (3 tests) 199ms
 ✓ packages/erp-screens/src/preference-preview.test.tsx (1 test) 99ms
 ✓ packages/reference-diagnostics/src/client.test.tsx (2 tests) 98ms
 ✓ packages/erp-screens/src/product-services.test.tsx (2 tests) 176ms
 ✓ packages/ops-ui/src/stat-card.test.tsx (6 tests) 183ms
 ✓ packages/ops-ui/src/card.test.tsx (6 tests) 154ms
 ✓ packages/ops-ui/src/localization.test.tsx (1 test) 148ms
 ✓ packages/erp-screens/src/worklist/export-rows.test.ts (26 tests) 124ms
 ✓ packages/ops-ui/src/source-controls.test.tsx (3 tests) 113ms
 ✓ packages/ops-ui/src/skeleton.test.tsx (4 tests) 110ms
 ✓ packages/ops-ui/src/scanner-input.test.tsx (2 tests) 113ms
 ✓ packages/erp-screens/src/clinical-templates/library-page.test.tsx (8 tests) 41ms
 ✓ packages/erp-data/src/mock.test.ts (148 tests) 162ms
 ✓ packages/ai-client/src/sources.test.tsx (10 tests) 64ms
 ✓ packages/erp-shell/src/chrome.test.tsx (23 tests) 97ms
 ✓ packages/platform-ports/src/ports.test.tsx (17 tests) 93ms
 ✓ packages/erp-screens/src/master-transfer/format.test.ts (8 tests) 77ms
 ✓ packages/erp-config/src/localization-formatting.test.ts (13 tests) 50ms
 ✓ packages/ops-ui/src/option-filter.test.tsx (13 tests) 80ms
 ✓ packages/erp-config/src/lifecycle/lifecycle.test.ts (19 tests) 40ms
 ✓ packages/erp-screens/src/master-transfer/inflation.test.ts (2 tests) 81ms
 ✓ packages/erp-config/src/lifecycle/sources.test.ts (17 tests) 45ms
 ✓ packages/erp-config/src/filter-policy.test.ts (15 tests) 36ms
 ✓ packages/ops-ui/src/cn.test.ts (9 tests) 38ms
 ✓ packages/ai-client/src/redact.test.ts (157 tests) 40ms
 ✓ packages/platform-ports/src/school-web-navigation.test.tsx (4 tests) 38ms
 ✓ packages/workspace-core/src/split.test.ts (26 tests) 16ms
 ✓ packages/auth/src/recovery.test.ts (9 tests) 39ms
 ✓ packages/platform-ports/src/school-landing.test.tsx (3 tests) 45ms
 ✓ packages/workspace-core/src/document-manager.test.ts (47 tests) 28ms
 ✓ packages/reference-healthcare-suite/src/lib/rcm-contract.test.ts (12 tests) 68ms
 ✓ packages/erp-data/src/csv-import.test.ts (5 tests) 19ms
 ✓ packages/reference-reports/src/routes.test.ts (5 tests) 19ms
 ✓ packages/ai-client/src/assemble.test.ts (19 tests) 160ms
 ✓ packages/ai-client/src/admin.test.ts (11 tests) 50ms
 ✓ packages/reference-host/src/transport.test.ts (11 tests) 36ms
 ✓ packages/erp-screens/src/worklist/search-request.test.ts (10 tests) 25ms
 ✓ packages/erp-shell/src/workspace/mdi-frames.test.ts (20 tests) 34ms
 ✓ packages/erp-screens/src/imports/workbook-options.test.ts (2 tests) 26ms
 ✓ packages/ai-client/src/policy.test.ts (9 tests) 21ms
 ✓ packages/erp-data/src/dcp-runtime.test.ts (4 tests) 16ms
 ✓ packages/erp-config/src/data-classification.test.ts (22 tests) 14ms
 ✓ packages/auth/src/sentinel.test.ts (5 tests) 9ms
 ✓ packages/reference-school/src/bundle-boundary.test.ts (4 tests) 15ms
 ✓ packages/erp-config/src/product.test.ts (7 tests) 20ms
 ✓ packages/ops-ui/src/error-mapper.test.ts (32 tests) 24ms
 ✓ packages/erp-screens/src/clinical-templates/overview-data.test.ts (1 test) 39ms
 ✓ packages/erp-data/src/draft-center.test.ts (2 tests) 14ms
 ✓ packages/workspace-core/src/lifecycle.test.ts (11 tests) 28ms
 ✓ packages/workspace-core/src/detach.test.ts (14 tests) 24ms
 ✓ packages/erp-data/src/dcp-host.test.ts (2 tests) 18ms
 ✓ packages/erp-config/src/dcp-repeating.test.ts (4 tests) 13ms
 ✓ packages/reference-healthcare-suite/src/routes.test.ts (3 tests) 11ms
 ✓ packages/ai-config/src/gates.test.ts (22 tests) 30ms
 ✓ packages/erp-screens/src/spreadsheet/model.test.ts (4 tests) 12ms
 ✓ packages/erp-screens/src/imports/csv-options.test.ts (3 tests) 5ms
 ✓ packages/workspace-core/src/document-key.test.ts (9 tests) 12ms
 ✓ packages/erp-shell/src/workspace/target-document.test.ts (10 tests) 7ms
 ✓ packages/workspace-core/src/policy.test.ts (15 tests) 14ms
 ✓ packages/erp-config/src/school-role-views.test.ts (5 tests) 8ms
 ✓ packages/erp-config/src/export-policy.test.ts (13 tests) 8ms
 ✓ packages/ai-config/src/policy.test.ts (13 tests) 6ms
 ✓ packages/platform-ports/src/devices.test.ts (1 test) 5ms
 ✓ apps/desktop/src/platform/tauri-windows.test.ts (3 tests) 8ms
 ✓ packages/platform-ports/src/identity-devices.test.ts (2 tests) 9ms
 ✓ packages/erp-config/src/reference-modules.test.ts (5 tests) 6ms
 ✓ packages/erp-config/src/dcp-designer-metadata.test.ts (2 tests) 5ms
 ✓ packages/erp-config/src/form-rules.test.ts (3 tests) 9ms
 ✓ packages/erp-screens/src/clinical-templates/record-age.test.ts (1 test) 10ms
 ✓ packages/erp-config/src/draft-policy.test.ts (2 tests) 6ms
 ✓ packages/ai-client/src/guard.test.ts (9 tests) 24ms
 ✓ packages/erp-config/src/preference-defaults.test.ts (3 tests) 7ms

 Test Files  168 passed (168)
      Tests  1962 passed (1962)
   Start at  06:14:24
   Duration  121.14s (transform 18.69s, setup 98.91s, collect 66.61s, tests 110.56s, environment 113.58s, prepare 21.75s)

