✔ authenticated configuration HTTP contract and conditional requests (5719.16451ms)
✔ navigation filters restricted pages, returns stable identity and handles authorization (2140.140286ms)
✔ backend file edits change menu ordering and page translations, and overrides are isolated (2870.570286ms)
✔ rejects duplicates, invalid parents, cycles, unknown pages and malformed catalogs (821.31223ms)
✔ ordered stages, config snapshot, comments, requester notifications and persistence (19.221461ms)
✔ self approval, tenant/product isolation, stale versions and changed saved records are blocked (5.064665ms)
✔ bulk partial results, request changes, rejection, resubmission and idempotent recovery (7.996574ms)
✔ all four definitions and every form section are supplied by API (3.009631ms)
✔ create/save/replay survive CSV reload and reject stale writes and cross-scope reads (81.235995ms)
✔ temporary identity permitted for ED only; final verification is explicit (56.044823ms)
✔ bed reservation enforces requirements and concurrency across users (300.21401ms)
✔ order retains all instructions and cancellation preserves original record (72.182992ms)
✔ admission records occupancy; completion does not release the bed (309.937617ms)
✔ signed notes reject edits; addenda cannot rewrite the original values (63.211202ms)
✔ designer persists drafts, deduplicates retries, isolates scope and rejects stale saves (55.677829ms)
✔ designer rejects duplicate IDs, unsupported components and ambiguous options (1.190527ms)
✔ dependent API options persist leading-zero mappings and reject forged relationships and cross-scope access (110.382163ms)
✔ dependency validation rejects cycles, dangling parents, invalid option mappings and excessive depth (1.686411ms)
✔ catalog is shared by tenant/application, append-only and pinned by independent forms (59.215255ms)
✔ catalog validation rejects foreign/mismatched revisions, forged options and incomplete mappings (5.682548ms)
✔ review publication pins schemas, shares entity answers, validates server rules and rejects stale or foreign commands (380.379768ms)
✔ typed rules distinguish normalization and validation and reject cycles and forged metadata (0.665034ms)
✔ multi-parent choices intersect parent selections and reject indirect cycles (1.715772ms)
✔ v1 synthetic API retains null/false/row IDs, validates without writing and isolates CAS records (33.638431ms)
✔ repeating authoring sections persist normalized rows and return occurrence validation before submission (113.635546ms)
✔ queue is persisted with exact idempotency and changed payload conflicts (14.170447ms)
✔ scope isolates tenant, product, user and workstation jobs (28.301804ms)
✔ lookup preserves contexts and returns only exact backend records (8.179367ms)
✔ tenant policies require admin, version checks and enforce user locks (13.260711ms)
✔ browser dispatch means requested, demo means simulated, native stays queued (59.344365ms)
✔ dispatch applies policy changed after enqueue and cancelled jobs stay cancelled (32.458811ms)
✔ automatic event simulation is admin-only, opt-in and deduplicated by event ID (11.84098ms)
✔ routing validates device capability and rejects stale policy versions (6.533544ms)
✔ documentation HTTP authorizes every view and persists scoped read state (4970.912941ms)
✔ versioned guides, role-filtered search, explicit language fallback and invalid requests (57.407161ms)
✔ reading state is idempotent, persistent and isolated; only explicit acknowledgment acknowledges (46.501139ms)
✔ manifest rejects broken notices, duplicate versions and invalid tour anchors (1.36381ms)
✔ tenant rollout refuses future snapshots and product manifests stay separate (55.471808ms)
✔ center exposes metadata only and isolates tenant, owner and application (30.559889ms)
✔ unavailable entries conceal page/record identity and cannot be opened but remain discardable (8.359787ms)
✔ changed source versions, approval contexts and missing files have distinct statuses (6.058683ms)
✔ stale discard cannot erase a newer revision, expiry removes drafts and pagination is bounded (37.336266ms)
✔ a stolen opaque reference cannot open or delete another owner draft (1.871963ms)
✔ search matches localized page titles without searching unavailable identities (1.26027ms)
✔ mandatory exclusions are recursive and replay responses contain no secrets (43.152055ms)
✔ policy is tenant/application scoped and ordinary users cannot override it (39.099777ms)
✔ tightened exclusions erase existing drafts and replay copies; old windows cannot resurrect them (44.668975ms)
✔ retention purges on read and keeps tombstones; acknowledged business records survive (54.443952ms)
✔ disabled storage deletes all users drafts and never blocks ordinary record saves (56.561267ms)
✔ shared import and approval drafts survive restart and isolate owner, tenant, product and record (19.997337ms)
✔ shared draft HTTP authorization, payload restrictions and mandatory tenant policy (3109.962002ms)
✔ document read persists synthetic fields but never authenticates or changes patient (22.135662ms)
✔ request scope isolates tenant, application, patient binding, owner and station (12.836078ms)
✔ retries are idempotent, changed requests conflict and a fresh completion cannot replay (26.603361ms)
✔ expired challenges are rejected including result replay (26.754623ms)
✔ biometrics default off, admin policy and current lock apply to pending capture (29.109359ms)
✔ no capture without consent; native transport unavailable and raw biometric data rejected (10.27707ms)
✔ manual review works when biometrics are disabled and never sets authenticated (20.383549ms)
✔ cancel stops capture, only one active request allowed, expired document is distinct (41.368802ms)
✔ preview never writes, marks all CSV duplicates and detects existing records and invalid formats (12.770617ms)
✔ partial failures retry only failed rows and survive lost job receipts (6.652406ms)
✔ batch progress, race duplicates, role checks and user isolation (2.876478ms)
✔ backend generates real SVG symbols and persists exact retry identity (23.126257ms)
✔ rejects over-copies, incompatible stock, missing IDs and cross-category records (0.744016ms)
✔ tenant, application and user isolation with server-only admin authority (31.129533ms)
✔ print attempts are not completion; reprint reason and policy are enforced (44.262352ms)
✔ payment QR never marks paid on creation or print and expires server-side (81.079722ms)
✔ all advertised symbologies render; administrator simulation is explicit (179.040863ms)
✔ stock fit failure identifies the printer field (1.642721ms)
✔ every registered backend message has four complete translations (87.147855ms)
✔ the wire envelope preserves old clients, statuses and literal user data (1.971984ms)
✔ unknown errors and old persisted activity retain readable details (0.293223ms)
✔ monitoring HTTP permits collection but restricts management and rejects tenant spoofing (1997.05806ms)
✔ monitoring strips sensitive payloads, deduplicates deliveries, reopens incidents and isolates tenants/products (64.067848ms)
✔ monitoring validates page references and rate limits each authenticated user (92.660004ms)
✔ preference HTTP rejects non-admin policy writes, locked imports and stale clients (1955.861449ms)
✔ API module preference changes startup navigation only for its account and application (2727.523468ms)
✔ locks persist, reject overrides, and unlocking restores personal choices (80.516431ms)
✔ policy and overrides isolate tenant, product and user; permission is explicit (75.501026ms)
✔ stale policies, concurrent saves and invalid fields cannot replace current state (42.44142ms)
✔ admin defaults apply to new users; unlocked personal choices and reset take precedence (57.236061ms)
✔ default module persists per account and respects access revocation and tenant locks (63.302802ms)
✔ attachments round trip and list responses omit bytes; removal and retries are atomic (5.224325ms)
✔ comments, related records and activity are scoped; invalid or denied writes leave no event (164.214401ms)
✔ saved records and recovery drafts survive reopening the store (7.157018ms)
✔ record versions are shared in a tenant; drafts belong to the account (2.678558ms)
✔ stale saves and drafts cannot overwrite another window (1.413719ms)
✔ retrying an acknowledged operation is idempotent (1.798302ms)
✔ discard keeps a revision tombstone so late draft writes cannot resurrect it (4.823913ms)
✔ invalid payloads do not mutate the record (1.873363ms)
✔ a failed disk write does not publish a saved record (1.193237ms)
✔ create allocates an independent record and clears only the source draft (1.596311ms)
✔ authenticated HTTP record lifecycle, isolation and conflicts (2332.221388ms)
✔ [erp1] list envelope shape, facets, totals, pagination, q, sort (23.42747ms)
✔ [erp1] single row raw GET/PUT/DELETE round trip, 404 on bad id (1.344439ms)
✔ [erp1] tree entity: hierarchy present, rejects nonexistent parent and cycles (2.394596ms)
✔ [erp1] matrix entity: period selects a distinct dataset (3.653045ms)
✔ [erp1] lines/document entity: server recomputes totals, rejects negative qty (10.480502ms)
✔ [erp1] voucher entity: unbalanced debit/credit lines rejected (2.826769ms)
✔ [erp1] ref field rejects a nonexistent referenced row (1.762762ms)
✔ [erp1] branch/tenant isolation (1.845942ms)
✔ [erp1] wrong-branch and missing-identity denial (0.973228ms)
✔ [erp1] RBAC: admin/operations write broadly; finance limited to its allowlist; unknown role denied entirely (1.219458ms)
✔ [erp1] malformed input never throws (0.561334ms)
✔ [erp1] GET /dashboard returns a well-formed object (23.216589ms)
✔ [erp1] idempotent operationId replay vs conflicting payload (0.379633ms)
✔ [erp1] optimistic concurrency via expectedVersion (0.291572ms)
✔ [erp1] GET /lookups hydrates pool/options fields, resources, balances and approvers; rejects entity/page mismatch and unknown page (1.49568ms)
✔ [erp1] view-state GET/PUT round trip, scoped per user, rejects unknown keys and oversized values (0.838756ms)
✔ [erp1] view-state rejects malformed cols/views/mode shapes and never mutates the prior stored value (1.646531ms)
✔ [erp1] entity support returns activities and documents, requires an existing row (1.799113ms)
✔ [erp1] processes run persists a row and returns deterministic events; rejects unknown process, bad params and denied roles (2.608018ms)
✔ [erp1] a run's events are persisted and replay identically through support on repeated GETs, scoped per branch; non-process support never carries processEvents (6.875847ms)
✔ [erp1] preseeded historical process rows carry a deterministic fixture history matching their own status (3.612655ms)
✔ [erp1] GET /company-profile returns the scope's identity, never invented fields (0.415683ms)
✔ [erp2] list envelope shape, facets, totals, pagination, q, sort (5.772519ms)
✔ [erp2] single row raw GET/PUT/DELETE round trip, 404 on bad id (0.323142ms)
✔ [erp2] tree entity: hierarchy present, rejects nonexistent parent and cycles (0.214361ms)
✔ [erp2] matrix entity: period selects a distinct dataset (2.667878ms)
✔ [erp2] lines/document entity: server recomputes totals, rejects negative qty (5.669719ms)
✔ [erp2] voucher entity: unbalanced debit/credit lines rejected (1.016097ms)
✔ [erp2] ref field rejects a nonexistent referenced row (5.477307ms)
✔ [erp2] branch/tenant isolation (0.402702ms)
✔ [erp2] wrong-branch and missing-identity denial (0.724156ms)
✔ [erp2] RBAC: admin/operations write broadly; finance limited to its allowlist; unknown role denied entirely (0.470533ms)
✔ [erp2] malformed input never throws (0.127111ms)
✔ [erp2] GET /dashboard returns a well-formed object (6.276114ms)
✔ [erp2] idempotent operationId replay vs conflicting payload (1.105949ms)
✔ [erp2] optimistic concurrency via expectedVersion (0.218562ms)
✔ [erp2] GET /lookups hydrates pool/options fields, resources, balances and approvers; rejects entity/page mismatch and unknown page (0.665854ms)
✔ [erp2] view-state GET/PUT round trip, scoped per user, rejects unknown keys and oversized values (0.308282ms)
✔ [erp2] view-state rejects malformed cols/views/mode shapes and never mutates the prior stored value (0.341463ms)
✔ [erp2] entity support returns activities and documents, requires an existing row (0.836427ms)
✔ [erp2] processes run persists a row and returns deterministic events; rejects unknown process, bad params and denied roles (1.417489ms)
✔ [erp2] a run's events are persisted and replay identically through support on repeated GETs, scoped per branch; non-process support never carries processEvents (3.985237ms)
✔ [erp2] preseeded historical process rows carry a deterministic fixture history matching their own status (4.839533ms)
✔ [erp2] GET /company-profile returns the scope's identity, never invented fields (0.482593ms)
✔ erp1 and erp2 both construct and expose the same 57-page catalogue (0.165431ms)
✔ createReferenceErpStore requires a valid variant (0.406243ms)
✔ Healthcare Suite HTTP preserves host access grants, identity, product, branch and read-only boundaries (2192.652014ms)
✔ session retains authenticated host actor and branch-local selected facility (20.486979ms)
✔ store enforces actor, product, role, module, branch and read-only writes (10.497791ms)
✔ master CRUD and lookup contracts work for every original entity, preserving numeric form strings (81.124274ms)
✔ patient CRUD, duplicate fields and policy ownership are preserved (11.159815ms)
✔ slots, guest booking, blocked slots, reschedule, cancellation and repeated registration (11.308357ms)
✔ eligibility: ineligible member, expired policy, manual payer and insured visit requirements (8.494028ms)
✔ full insured ordering: prior approval, eRx, billing holds, split hospital/pharmacy invoices and co-pay cap (18.474726ms)
✔ rejected prior approval assigns patient share after settlement (9.164933ms)
✔ payments, cancellation and invoice replay prevent repeat financial/stock effects (16.264811ms)
✔ contract editing is atomic and blank override uses discounted default with flags (6.233722ms)
✔ partition identities isolate tenant, product and branch while sharing same branch data among actors (12.346305ms)
✔ unknown/unsupported shapes fail before mutation and preserve field errors (4.979014ms)
✔ aggregate repeated item stock cannot be oversold and failed invoice leaves every line unchanged (7.023118ms)
✔ dosing edits, approval in-flight protection and quantity changes invalidate approval of old quantities (11.110535ms)
✔ booking checks resource blocks and encounter check-in links appointment while keeping selected facility (10.506431ms)
✔ four reference module HTTP boundaries preserve authentication, role and branch scope (2808.954595ms)
✔ rejects missing identity or scope before touching data (24.400376ms)
✔ every inventoried endpoint is routed (never 404/405 for its method) (14.935732ms)
✔ host roles map to report roles; accepts module-prefixed paths (5.386746ms)
✔ partitions isolate tenant, application and branch; personal favorites stay per user (4.945854ms)
✔ report run: paging, totals, ASYNC_REQUIRED guard and masking with canUnmask (287.566824ms)
✔ exports return files, respect format actions and audit (102.178708ms)
✔ saved views: personal default, role views need admin.access, delete rules (2.568048ms)
✔ background job transitions, stored result pages, download and cancel (65.209126ms)
✔ emailed jobs record outbox only; sensitive results go as a signed link that needs the right user (15.581797ms)
✔ per-user active job limit returns TOO_MANY_JOBS (4.119389ms)
✔ schedules CRUD, run now, due processing and skip when access is lost (18.500767ms)
✔ email-in simulation creates a job; unknown senders and failed auth are rejected (27.591838ms)
✔ API key secret is shown once and authorises BI pulls in the same partition only (20.54145ms)
✔ authenticateApiKey trusts only the stored key: no client scope, current role, revoked/deactivated rejected (5.209484ms)
✔ unknown host role is denied at provision unless a roleMap hook authorizes it (6.152912ms)
✔ an explicit empty or invalid roleMap does not grant the default analyst role (6.176602ms)
✔ builder preview, create/update/delete custom report with sharing grants (16.3644ms)
✔ dashboards: create, widget access validation, sharing rules, delete (2.290606ms)
✔ admin users, roles and settings validation (12.663037ms)
✔ session resolves a fixed fictional identity per role and rejects a role the user does not hold (75.243203ms)
✔ generic resource list envelope {data,total}, filter, q, pagination (48.901324ms)
✔ CRUD round trip: students, invoices (payAmount), issues (return), delete (26.42644ms)
✔ library last-copy conflict on issues create (61.137828ms)
✔ meta is unwrapped; attendance/marks/report-card/stats use their documented envelopes (114.288362ms)
✔ branch and tenant isolation (90.180156ms)
✔ wrong-branch and missing-identity denial (0.263312ms)
✔ role scoping: student sees only own record/fee/attendance; parent sees only own children (34.433687ms)
✔ teacher academic writes are limited to their own assigned classes/records (39.49715ms)
✔ accountant is restricted to fees; librarian to books/issues (55.103946ms)
✔ quiz attempts: student-only, scored server-side, one attempt, denies a second submission (39.46809ms)
✔ settings: get/patch profile, change password, delete a session (24.614427ms)
✔ malformed input never throws and returns structured 4xx (22.159462ms)
✔ school profile, fee structure and contacts are readable reference data (23.52218ms)
✔ leave requests, reservations and fee reminders are scoped and validated (23.38078ms)
✔ quiz answer privacy, server-side grading and idempotent replay (16.559653ms)
✔ live room: host-only privileges, class isolation, single vote per identity (19.232941ms)
✔ newly canonical demo role aliases resolve to their school role; a query-role escalation is denied, a plain session is not (25.551014ms)
✔ dashboard stats trends: admin and accountant carry the documented fixed demo values; other roles never fabricate one (57.517882ms)
✔ invoice payment receipts: sequential per-scope numbers, honest receiptSent, atomic bounds preserved on negative/over-payment (14.591108ms)
✔ attachments: create validates base64, permitted type, the 1MB bound, filename traversal, and purpose/role scoping (93.455648ms)
✔ attachments: assignment-linked downloads follow class membership; an invalid id in the batch rejects atomically (21.425726ms)
✔ attachments: submission-linked downloads follow student-own / teacher-assigned / parent-child; impersonation and purpose mismatch are denied (22.945877ms)
✔ attachments: message-linked downloads follow thread ownership; body.owner never overrides it; ids never cross scope (99.006916ms)
✔ attachments: real frontend roundtrip — assignments.tsx/messages.tsx link the canonical SchoolAttachment object POST /attachments returned; a legacy bare id still resolves; injected/tampered metadata on that object is never trusted (46.620699ms)
✔ quiz shuffle: deterministic per-identity question/option delivery order, accurate server grading against that order, and revealAnswers:false withholds the answer key even after grading (22.560164ms)
✔ server-initialized POST metrics: books/classes/quizzes/assignments compute aggregates server-side; client-supplied aggregates are ignored; invalid counts and unknown class/teacher references reject atomically (20.441049ms)
✔ library return: authoritative $0.50/day-late fine computed from the real due/return dates, on-time return is free, and a repeated return is idempotent (no double fine, no double stock increment) (26.39703ms)
✔ submissions: a student can never set their own grade/feedback, and a teacher grading can never overwrite the student-authored submission text (25.460413ms)
✔ thread messages: a caller can never fabricate a new message "from" the other party, and can never rewrite an already-stored message (19.974486ms)
✔ thread messages: a patch may never silently drop a previously persisted message id (or its attachment links); the real full-array append is unaffected and the rejection is atomic (23.102287ms)
✔ quiz authority: student list/detail/questions/grade are scoped to their own class; a new attempt requires a Published quiz; a completed attempt is still readable/retryable after the quiz closes; an unassigned teacher never gets the answer key or preview access; the owning/assigned teacher and admin still can (24.393427ms)
✔ live sessions: offsetMin is anchored to the real current instant (source src/lib/mock/db.ts materializeLive, lines 72-82), not fixture midnight — /live list and /stats agree, and an explicit authored start is always respected (41.135261ms)
✔ live "end": an accepted host/admin end persists the session as Ended for later /live list/detail and /stats calls, is idempotent on retry, and a non-host end is denied without any mutation (55.481749ms)
✔ stats: admin may read the accountant finance projection (source ReportsPage fetches both directly) without ever mutating their own session identity; a teacher still cannot request it; an unrecognized role is still rejected; branch scoping and student/parent ownership are unaffected (70.419691ms)
✔ calendar month recurrence preserves the anchor day across February (1.933984ms)
✔ schedules persist, retry failed work, isolate owners and do not duplicate a due delivery (83.306078ms)
✔ additional School views require an explicit authenticated server grant (716.533083ms)
✔ School grants preserve configured node restrictions and do not expose roleless pages to other users (622.147209ms)
▶ six School header views enforce server roles, navigation, tenant branches and actor identity
  ✔ School Administrator (207.956611ms)
  ✔ School Teacher (68.84919ms)
  ✔ School Student (57.486053ms)
  ✔ School Parent (85.021721ms)
  ✔ School Librarian (45.23854ms)
  ✔ School Accountant (47.846986ms)
  ✔ selected roles retain School resource reads and mutations (722.126242ms)
✔ six School header views enforce server roles, navigation, tenant branches and actor identity (3975.28366ms)
✔ HTTP enforcement: origins, tenant audit authorization, schedules and AI refusals (7151.934976ms)
✔ audit survives restart, isolates tenants, strips data and expires by retention (78.228444ms)
✔ providers must match exact HTTPS bases; expired credentials fail closed (0.576833ms)
✔ one user cannot exhaust another user allowance; tenant remains part of the key (2.312796ms)
✔ modified AI clients cannot send free text, clinical data, labels or undeclared keys (1.768153ms)
✔ encrypted credentials migrate, survive restart and reject the wrong master key (45.082509ms)
✔ personal views persist, isolate owners, and reject stale changes (7.370331ms)
✔ view layouts reject malformed values (0.561014ms)
✔ archive reports partial failures, is idempotent and persists in tenant/product/page scope (8.850001ms)
ℹ tests 231
ℹ suites 0
ℹ pass 231
ℹ fail 0
ℹ cancelled 0
ℹ skipped 0
ℹ todo 0
ℹ duration_ms 19026.500089
