✔ authenticated configuration HTTP contract and conditional requests (3593.431759ms)
✔ navigation filters restricted pages, returns stable identity and handles authorization (809.950603ms)
✔ backend file edits change menu ordering and page translations, and overrides are isolated (979.093683ms)
✔ rejects duplicates, invalid parents, cycles, unknown pages and malformed catalogs (538.037128ms)
✔ ordered stages, config snapshot, comments, requester notifications and persistence (31.14276ms)
✔ self approval, tenant/product isolation, stale versions and changed saved records are blocked (20.795136ms)
✔ bulk partial results, request changes, rejection, resubmission and idempotent recovery (17.177821ms)
✔ all four definitions and every form section are supplied by API (10.385854ms)
✔ create/save/replay survive CSV reload and reject stale writes and cross-scope reads (139.842434ms)
✔ temporary identity permitted for ED only; final verification is explicit (110.109275ms)
✔ bed reservation enforces requirements and concurrency across users (91.390394ms)
✔ order retains all instructions and cancellation preserves original record (98.384392ms)
✔ admission records occupancy; completion does not release the bed (227.757303ms)
✔ signed notes reject edits; addenda cannot rewrite the original values (215.025714ms)
✔ designer persists drafts, deduplicates retries, isolates scope and rejects stale saves (66.483138ms)
✔ designer rejects duplicate IDs, unsupported components and ambiguous options (23.768737ms)
✔ dependent API options persist leading-zero mappings and reject forged relationships and cross-scope access (93.986781ms)
✔ dependency validation rejects cycles, dangling parents, invalid option mappings and excessive depth (7.895564ms)
✔ catalog is shared by tenant/application, append-only and pinned by independent forms (273.213773ms)
✔ catalog validation rejects foreign/mismatched revisions, forged options and incomplete mappings (2.081525ms)
✔ review publication pins schemas, shares entity answers, validates server rules and rejects stale or foreign commands (177.975622ms)
✔ typed rules distinguish normalization and validation and reject cycles and forged metadata (1.245379ms)
✔ multi-parent choices intersect parent selections and reject indirect cycles (2.550958ms)
✔ v1 synthetic API retains null/false/row IDs, validates without writing and isolates CAS records (25.049207ms)
✔ repeating authoring sections persist normalized rows and return occurrence validation before submission (211.175287ms)
✔ queue is persisted with exact idempotency and changed payload conflicts (37.886557ms)
✔ scope isolates tenant, product, user and workstation jobs (16.850409ms)
✔ lookup preserves contexts and returns only exact backend records (0.813135ms)
✔ tenant policies require admin, version checks and enforce user locks (45.979734ms)
✔ browser dispatch means requested, demo means simulated, native stays queued (161.659688ms)
✔ dispatch applies policy changed after enqueue and cancelled jobs stay cancelled (106.839982ms)
✔ automatic event simulation is admin-only, opt-in and deduplicated by event ID (47.768517ms)
✔ routing validates device capability and rejects stale policy versions (19.023884ms)
✔ documentation HTTP authorizes every view and persists scoped read state (4439.268364ms)
✔ versioned guides, role-filtered search, explicit language fallback and invalid requests (165.912408ms)
✔ reading state is idempotent, persistent and isolated; only explicit acknowledgment acknowledges (78.17376ms)
✔ manifest rejects broken notices, duplicate versions and invalid tour anchors (7.349242ms)
✔ tenant rollout refuses future snapshots and product manifests stay separate (139.174ms)
✔ center exposes metadata only and isolates tenant, owner and application (25.253578ms)
✔ unavailable entries conceal page/record identity and cannot be opened but remain discardable (9.482027ms)
✔ changed source versions, approval contexts and missing files have distinct statuses (19.8041ms)
✔ stale discard cannot erase a newer revision, expiry removes drafts and pagination is bounded (69.273067ms)
✔ a stolen opaque reference cannot open or delete another owner draft (2.767849ms)
✔ search matches localized page titles without searching unavailable identities (2.736388ms)
✔ mandatory exclusions are recursive and replay responses contain no secrets (157.751921ms)
✔ policy is tenant/application scoped and ordinary users cannot override it (175.122432ms)
✔ tightened exclusions erase existing drafts and replay copies; old windows cannot resurrect them (467.850684ms)
✔ retention purges on read and keeps tombstones; acknowledged business records survive (325.082258ms)
✔ disabled storage deletes all users drafts and never blocks ordinary record saves (332.19459ms)
✔ shared import and approval drafts survive restart and isolate owner, tenant, product and record (319.255318ms)
✔ shared draft HTTP authorization, payload restrictions and mandatory tenant policy (3795.769444ms)
✔ document read persists synthetic fields but never authenticates or changes patient (177.596061ms)
✔ request scope isolates tenant, application, patient binding, owner and station (44.864135ms)
✔ retries are idempotent, changed requests conflict and a fresh completion cannot replay (147.847921ms)
✔ expired challenges are rejected including result replay (125.700646ms)
✔ biometrics default off, admin policy and current lock apply to pending capture (233.121632ms)
✔ no capture without consent; native transport unavailable and raw biometric data rejected (148.672098ms)
✔ manual review works when biometrics are disabled and never sets authenticated (51.01755ms)
✔ cancel stops capture, only one active request allowed, expired document is distinct (125.590735ms)
✔ preview never writes, marks all CSV duplicates and detects existing records and invalid formats (12.439097ms)
✔ partial failures retry only failed rows and survive lost job receipts (10.582964ms)
✔ batch progress, race duplicates, role checks and user isolation (9.131173ms)
✔ backend generates real SVG symbols and persists exact retry identity (59.47175ms)
✔ rejects over-copies, incompatible stock, missing IDs and cross-category records (4.709863ms)
✔ tenant, application and user isolation with server-only admin authority (49.115955ms)
✔ print attempts are not completion; reprint reason and policy are enforced (80.131465ms)
✔ payment QR never marks paid on creation or print and expires server-side (185.623817ms)
✔ all advertised symbologies render; administrator simulation is explicit (495.96816ms)
✔ stock fit failure identifies the printer field (2.186026ms)
✔ every registered backend message has four complete translations (195.794329ms)
✔ the wire envelope preserves old clients, statuses and literal user data (1.18982ms)
✔ unknown errors and old persisted activity retain readable details (0.472263ms)
✔ monitoring HTTP permits collection but restricts management and rejects tenant spoofing (3291.675013ms)
✔ monitoring strips sensitive payloads, deduplicates deliveries, reopens incidents and isolates tenants/products (87.548386ms)
✔ monitoring validates page references and rate limits each authenticated user (233.411773ms)
✔ preference HTTP rejects non-admin policy writes, locked imports and stale clients (3694.020557ms)
✔ API module preference changes startup navigation only for its account and application (3052.34613ms)
✔ locks persist, reject overrides, and unlocking restores personal choices (237.607473ms)
✔ policy and overrides isolate tenant, product and user; permission is explicit (55.50965ms)
✔ stale policies, concurrent saves and invalid fields cannot replace current state (39.997511ms)
✔ admin defaults apply to new users; unlocked personal choices and reset take precedence (104.834388ms)
✔ default module persists per account and respects access revocation and tenant locks (194.894583ms)
✔ attachments round trip and list responses omit bytes; removal and retries are atomic (8.832651ms)
✔ comments, related records and activity are scoped; invalid or denied writes leave no event (230.1611ms)
✔ saved records and recovery drafts survive reopening the store (5.028175ms)
✔ record versions are shared in a tenant; drafts belong to the account (1.726433ms)
✔ stale saves and drafts cannot overwrite another window (1.065227ms)
✔ retrying an acknowledged operation is idempotent (1.243219ms)
✔ discard keeps a revision tombstone so late draft writes cannot resurrect it (1.617952ms)
✔ invalid payloads do not mutate the record (0.701795ms)
✔ a failed disk write does not publish a saved record (1.179338ms)
✔ create allocates an independent record and clears only the source draft (1.39155ms)
✔ authenticated HTTP record lifecycle, isolation and conflicts (3513.570327ms)
✔ [erp1] list envelope shape, facets, totals, pagination, q, sort (34.691583ms)
✔ [erp1] single row raw GET/PUT/DELETE round trip, 404 on bad id (1.46069ms)
✔ [erp1] tree entity: hierarchy present, rejects nonexistent parent and cycles (7.627545ms)
✔ [erp1] matrix entity: period selects a distinct dataset (8.461839ms)
✔ [erp1] lines/document entity: server recomputes totals, rejects negative qty (20.075362ms)
✔ [erp1] voucher entity: unbalanced debit/credit lines rejected (4.566773ms)
✔ [erp1] ref field rejects a nonexistent referenced row (3.330554ms)
✔ [erp1] branch/tenant isolation (1.116857ms)
✔ [erp1] wrong-branch and missing-identity denial (1.323809ms)
✔ [erp1] RBAC: admin/operations write broadly; finance limited to its allowlist; unknown role denied entirely (1.903794ms)
✔ [erp1] malformed input never throws (0.813336ms)
✔ [erp1] GET /dashboard returns a well-formed object (22.291567ms)
✔ [erp1] idempotent operationId replay vs conflicting payload (0.398202ms)
✔ [erp1] optimistic concurrency via expectedVersion (0.299741ms)
✔ [erp1] GET /lookups hydrates pool/options fields, resources, balances and approvers; rejects entity/page mismatch and unknown page (2.038465ms)
✔ [erp1] view-state GET/PUT round trip, scoped per user, rejects unknown keys and oversized values (0.993777ms)
✔ [erp1] view-state rejects malformed cols/views/mode shapes and never mutates the prior stored value (0.827297ms)
✔ [erp1] entity support returns activities and documents, requires an existing row (1.505441ms)
✔ [erp1] processes run persists a row and returns deterministic events; rejects unknown process, bad params and denied roles (3.021701ms)
✔ [erp1] a run's events are persisted and replay identically through support on repeated GETs, scoped per branch; non-process support never carries processEvents (7.906146ms)
✔ [erp1] preseeded historical process rows carry a deterministic fixture history matching their own status (4.842674ms)
✔ [erp1] GET /company-profile returns the scope's identity, never invented fields (1.622302ms)
✔ [erp2] list envelope shape, facets, totals, pagination, q, sort (14.544573ms)
✔ [erp2] single row raw GET/PUT/DELETE round trip, 404 on bad id (0.367203ms)
✔ [erp2] tree entity: hierarchy present, rejects nonexistent parent and cycles (0.22298ms)
✔ [erp2] matrix entity: period selects a distinct dataset (5.828322ms)
✔ [erp2] lines/document entity: server recomputes totals, rejects negative qty (10.318713ms)
✔ [erp2] voucher entity: unbalanced debit/credit lines rejected (1.956074ms)
✔ [erp2] ref field rejects a nonexistent referenced row (2.238815ms)
✔ [erp2] branch/tenant isolation (2.524029ms)
✔ [erp2] wrong-branch and missing-identity denial (0.07256ms)
✔ [erp2] RBAC: admin/operations write broadly; finance limited to its allowlist; unknown role denied entirely (9.185864ms)
✔ [erp2] malformed input never throws (2.164454ms)
✔ [erp2] GET /dashboard returns a well-formed object (31.603023ms)
✔ [erp2] idempotent operationId replay vs conflicting payload (1.606561ms)
✔ [erp2] optimistic concurrency via expectedVersion (0.181551ms)
✔ [erp2] GET /lookups hydrates pool/options fields, resources, balances and approvers; rejects entity/page mismatch and unknown page (4.952585ms)
✔ [erp2] view-state GET/PUT round trip, scoped per user, rejects unknown keys and oversized values (0.429433ms)
✔ [erp2] view-state rejects malformed cols/views/mode shapes and never mutates the prior stored value (1.189018ms)
✔ [erp2] entity support returns activities and documents, requires an existing row (10.792245ms)
✔ [erp2] processes run persists a row and returns deterministic events; rejects unknown process, bad params and denied roles (7.635433ms)
✔ [erp2] a run's events are persisted and replay identically through support on repeated GETs, scoped per branch; non-process support never carries processEvents (5.314637ms)
✔ [erp2] preseeded historical process rows carry a deterministic fixture history matching their own status (8.002186ms)
✔ [erp2] GET /company-profile returns the scope's identity, never invented fields (0.284973ms)
✔ erp1 and erp2 both construct and expose the same 57-page catalogue (0.13262ms)
✔ createReferenceErpStore requires a valid variant (4.580143ms)
✔ Healthcare Suite HTTP preserves host access grants, identity, product, branch and read-only boundaries (3480.107591ms)
✔ session retains authenticated host actor and branch-local selected facility (49.498238ms)
✔ store enforces actor, product, role, module, branch and read-only writes (11.777473ms)
✔ master CRUD and lookup contracts work for every original entity, preserving numeric form strings (127.772929ms)
✔ patient CRUD, duplicate fields and policy ownership are preserved (14.15081ms)
✔ slots, guest booking, blocked slots, reschedule, cancellation and repeated registration (14.20347ms)
✔ eligibility: ineligible member, expired policy, manual payer and insured visit requirements (13.740256ms)
✔ full insured ordering: prior approval, eRx, billing holds, split hospital/pharmacy invoices and co-pay cap (17.496934ms)
✔ rejected prior approval assigns patient share after settlement (21.996785ms)
✔ payments, cancellation and invoice replay prevent repeat financial/stock effects (14.991996ms)
✔ contract editing is atomic and blank override uses discounted default with flags (6.821368ms)
✔ partition identities isolate tenant, product and branch while sharing same branch data among actors (18.160298ms)
✔ unknown/unsupported shapes fail before mutation and preserve field errors (8.946053ms)
✔ aggregate repeated item stock cannot be oversold and failed invoice leaves every line unchanged (13.360583ms)
✔ dosing edits, approval in-flight protection and quantity changes invalidate approval of old quantities (15.497009ms)
✔ booking checks resource blocks and encounter check-in links appointment while keeping selected facility (18.839282ms)
✔ invoice creation treats zero as an unfilled payment row while later collection requires positive payment (13.138122ms)
✔ four reference module HTTP boundaries preserve authentication, role and branch scope (3110.48577ms)
✔ rejects missing identity or scope before touching data (34.827406ms)
✔ every inventoried endpoint is routed (never 404/405 for its method) (27.825126ms)
✔ host roles map to report roles; accepts module-prefixed paths (7.232952ms)
✔ partitions isolate tenant, application and branch; personal favorites stay per user (10.423413ms)
✔ report run: paging, totals, ASYNC_REQUIRED guard and masking with canUnmask (518.112697ms)
✔ exports return files, respect format actions and audit (196.642134ms)
✔ saved views: personal default, role views need admin.access, delete rules (3.251743ms)
✔ background job transitions, stored result pages, download and cancel (55.095347ms)
✔ emailed jobs record outbox only; sensitive results go as a signed link that needs the right user (8.599891ms)
✔ per-user active job limit returns TOO_MANY_JOBS (4.544252ms)
✔ schedules CRUD, run now, due processing and skip when access is lost (22.122636ms)
✔ email-in simulation creates a job; unknown senders and failed auth are rejected (29.657689ms)
✔ API key secret is shown once and authorises BI pulls in the same partition only (9.484577ms)
✔ authenticateApiKey trusts only the stored key: no client scope, current role, revoked/deactivated rejected (3.846548ms)
✔ unknown host role is denied at provision unless a roleMap hook authorizes it (4.185629ms)
✔ an explicit empty or invalid roleMap does not grant the default analyst role (2.879431ms)
✔ builder preview, create/update/delete custom report with sharing grants (12.121625ms)
✔ dashboards: create, widget access validation, sharing rules, delete (2.191795ms)
✔ admin users, roles and settings validation (4.290049ms)
✔ session resolves a fixed fictional identity per role and rejects a role the user does not hold (76.449828ms)
✔ generic resource list envelope {data,total}, filter, q, pagination (35.040367ms)
✔ CRUD round trip: students, invoices (payAmount), issues (return), delete (18.375059ms)
✔ library last-copy conflict on issues create (33.878027ms)
✔ meta is unwrapped; attendance/marks/report-card/stats use their documented envelopes (91.546084ms)
✔ branch and tenant isolation (74.483324ms)
✔ wrong-branch and missing-identity denial (0.306341ms)
✔ role scoping: student sees only own record/fee/attendance; parent sees only own children (39.215436ms)
✔ teacher academic writes are limited to their own assigned classes/records (34.263601ms)
✔ accountant is restricted to fees; librarian to books/issues (51.819504ms)
✔ quiz attempts: student-only, scored server-side, one attempt, denies a second submission (59.904312ms)
✔ settings: get/patch profile, change password, delete a session (27.587475ms)
✔ malformed input never throws and returns structured 4xx (33.207954ms)
✔ school profile, fee structure and contacts are readable reference data (41.614573ms)
✔ leave requests, reservations and fee reminders are scoped and validated (25.378609ms)
✔ quiz answer privacy, server-side grading and idempotent replay (27.521165ms)
✔ live room: host-only privileges, class isolation, single vote per identity (21.580212ms)
✔ newly canonical demo role aliases resolve to their school role; a query-role escalation is denied, a plain session is not (27.797916ms)
✔ dashboard stats trends: admin and accountant carry the documented fixed demo values; other roles never fabricate one (50.987149ms)
✔ invoice payment receipts: sequential per-scope numbers, honest receiptSent, atomic bounds preserved on negative/over-payment (18.126368ms)
✔ attachments: create validates base64, permitted type, the 1MB bound, filename traversal, and purpose/role scoping (78.768944ms)
✔ attachments: assignment-linked downloads follow class membership; an invalid id in the batch rejects atomically (18.273708ms)
✔ attachments: submission-linked downloads follow student-own / teacher-assigned / parent-child; impersonation and purpose mismatch are denied (20.02224ms)
✔ attachments: message-linked downloads follow thread ownership; body.owner never overrides it; ids never cross scope (38.099339ms)
✔ attachments: real frontend roundtrip — assignments.tsx/messages.tsx link the canonical SchoolAttachment object POST /attachments returned; a legacy bare id still resolves; injected/tampered metadata on that object is never trusted (27.665365ms)
✔ quiz shuffle: deterministic per-identity question/option delivery order, accurate server grading against that order, and revealAnswers:false withholds the answer key even after grading (20.826266ms)
✔ server-initialized POST metrics: books/classes/quizzes/assignments compute aggregates server-side; client-supplied aggregates are ignored; invalid counts and unknown class/teacher references reject atomically (22.924981ms)
✔ library return: authoritative $0.50/day-late fine computed from the real due/return dates, on-time return is free, and a repeated return is idempotent (no double fine, no double stock increment) (20.212202ms)
✔ submissions: a student can never set their own grade/feedback, and a teacher grading can never overwrite the student-authored submission text (29.145925ms)
✔ thread messages: a caller can never fabricate a new message "from" the other party, and can never rewrite an already-stored message (28.007178ms)
✔ thread messages: a patch may never silently drop a previously persisted message id (or its attachment links); the real full-array append is unaffected and the rejection is atomic (21.790224ms)
✔ quiz authority: student list/detail/questions/grade are scoped to their own class; a new attempt requires a Published quiz; a completed attempt is still readable/retryable after the quiz closes; an unassigned teacher never gets the answer key or preview access; the owning/assigned teacher and admin still can (22.940941ms)
✔ live sessions: offsetMin is anchored to the real current instant (source src/lib/mock/db.ts materializeLive, lines 72-82), not fixture midnight — /live list and /stats agree, and an explicit authored start is always respected (43.037083ms)
✔ live "end": an accepted host/admin end persists the session as Ended for later /live list/detail and /stats calls, is idempotent on retry, and a non-host end is denied without any mutation (57.096423ms)
✔ stats: admin may read the accountant finance projection (source ReportsPage fetches both directly) without ever mutating their own session identity; a teacher still cannot request it; an unrecognized role is still rejected; branch scoping and student/parent ownership are unaffected (122.185509ms)
✔ calendar month recurrence preserves the anchor day across February (1.273869ms)
✔ schedules persist, retry failed work, isolate owners and do not duplicate a due delivery (373.128376ms)
✔ additional School views require an explicit authenticated server grant (686.887136ms)
✔ School grants preserve configured node restrictions and do not expose roleless pages to other users (630.085206ms)
▶ six School header views enforce server roles, navigation, tenant branches and actor identity
  ✔ School Administrator (153.295749ms)
  ✔ School Teacher (71.298792ms)
  ✔ School Student (53.315086ms)
  ✔ School Parent (92.3375ms)
  ✔ School Librarian (60.791238ms)
  ✔ School Accountant (78.937455ms)
  ✔ selected roles retain School resource reads and mutations (1144.485784ms)
✔ six School header views enforce server roles, navigation, tenant branches and actor identity (5447.364468ms)
✔ HTTP enforcement: origins, tenant audit authorization, schedules and AI refusals (7950.406161ms)
✔ audit survives restart, isolates tenants, strips data and expires by retention (183.970334ms)
✔ providers must match exact HTTPS bases; expired credentials fail closed (0.445343ms)
✔ one user cannot exhaust another user allowance; tenant remains part of the key (11.204789ms)
✔ modified AI clients cannot send free text, clinical data, labels or undeclared keys (3.368784ms)
✔ encrypted credentials migrate, survive restart and reject the wrong master key (33.411974ms)
✔ personal views persist, isolate owners, and reject stale changes (12.607599ms)
✔ view layouts reject malformed values (0.740225ms)
✔ archive reports partial failures, is idempotent and persists in tenant/product/page scope (10.249712ms)
ℹ tests 232
ℹ suites 0
ℹ pass 232
ℹ fail 0
ℹ cancelled 0
ℹ skipped 0
ℹ todo 0
ℹ duration_ms 21060.887304
