
> desktop@1.0.0 build
> rm -rf dist && tsc --noEmit && vite build && node ../../scripts/stamp-api.mjs VITE_API_URL dist

vite v7.3.6 building client environment for production...
transforming...
✓ 2180 modules transformed.
rendering chunks...
[plugin vite:reporter] 
(!) /home/pepadmin/pb/saas/worktrees/healthcare-suite-import-20260929/desktop-clients/node_modules/@tauri-apps/api/core.js is dynamically imported by /home/pepadmin/pb/saas/worktrees/healthcare-suite-import-20260929/desktop-clients/packages/erp-shell/src/sentinel.tsx, /home/pepadmin/pb/saas/worktrees/healthcare-suite-import-20260929/desktop-clients/packages/erp-shell/src/sentinel.tsx but also statically imported by /home/pepadmin/pb/saas/worktrees/healthcare-suite-import-20260929/desktop-clients/node_modules/@tauri-apps/api/dpi.js, /home/pepadmin/pb/saas/worktrees/healthcare-suite-import-20260929/desktop-clients/node_modules/@tauri-apps/api/event.js, /home/pepadmin/pb/saas/worktrees/healthcare-suite-import-20260929/desktop-clients/node_modules/@tauri-apps/api/image.js, /home/pepadmin/pb/saas/worktrees/healthcare-suite-import-20260929/desktop-clients/node_modules/@tauri-apps/api/webview.js, /home/pepadmin/pb/saas/worktrees/healthcare-suite-import-20260929/desktop-clients/node_modules/@tauri-apps/api/webviewWindow.js, /home/pepadmin/pb/saas/worktrees/healthcare-suite-import-20260929/desktop-clients/node_modules/@tauri-apps/api/window.js, dynamic import will not move module into another chunk.

[plugin vite:reporter] 
(!) /home/pepadmin/pb/saas/worktrees/healthcare-suite-import-20260929/desktop-clients/node_modules/@tauri-apps/api/event.js is dynamically imported by /home/pepadmin/pb/saas/worktrees/healthcare-suite-import-20260929/desktop-clients/packages/erp-shell/src/sentinel.tsx but also statically imported by /home/pepadmin/pb/saas/worktrees/healthcare-suite-import-20260929/desktop-clients/node_modules/@tauri-apps/api/webview.js, /home/pepadmin/pb/saas/worktrees/healthcare-suite-import-20260929/desktop-clients/node_modules/@tauri-apps/api/webviewWindow.js, /home/pepadmin/pb/saas/worktrees/healthcare-suite-import-20260929/desktop-clients/node_modules/@tauri-apps/api/window.js, dynamic import will not move module into another chunk.

computing gzip size...
dist/index.html                                       1.05 kB │ gzip:   0.52 kB
dist/assets/workbook-options.worker-B47Vz9Ey.js     368.07 kB
dist/assets/library-page-BZ8DFha9.css                 1.27 kB │ gzip:   0.59 kB
dist/assets/page-template-DHkRpzaa.css                2.17 kB │ gzip:   0.74 kB
dist/assets/library-page-B5FBY-Fy.css                 4.55 kB │ gzip:   1.28 kB
dist/assets/workspace-Bnk30RYg.css                    5.02 kB │ gzip:   1.41 kB
dist/assets/library-page-CNkCYsR4.css                 5.85 kB │ gzip:   1.45 kB
dist/assets/library-page-B8oeBtES.css                 9.14 kB │ gzip:   2.17 kB
dist/assets/index-C0VEpQLa.css                       11.91 kB │ gzip:   2.17 kB
dist/assets/index-DrfW4Pux.css                       26.29 kB │ gzip:   4.72 kB
dist/assets/index-ClsDnmFt.css                      156.08 kB │ gzip:  26.52 kB
dist/assets/clinical-triage-DHLgwzOt.js               0.12 kB │ gzip:   0.12 kB
dist/assets/clinical-consultation-CY0XKaxC.js         0.12 kB │ gzip:   0.12 kB
dist/assets/bookmark-BxFjEfNV.js                      0.16 kB │ gzip:   0.16 kB
dist/assets/clock-DrTsAI4D.js                         0.18 kB │ gzip:   0.17 kB
dist/assets/type-BT0eR9yx.js                          0.24 kB │ gzip:   0.19 kB
dist/assets/calendar-zayD0qdM.js                      0.25 kB │ gzip:   0.20 kB
dist/assets/map-pin-CJgZI4oZ.js                       0.26 kB │ gzip:   0.22 kB
dist/assets/wallet-B_V17d9t.js                        0.28 kB │ gzip:   0.21 kB
dist/assets/key-round-BaN2I-e3.js                     0.35 kB │ gzip:   0.26 kB
dist/assets/phone-CRawyHOV.js                         0.39 kB │ gzip:   0.26 kB
dist/assets/preference-choice-P8Dx7X1t.js             0.40 kB │ gzip:   0.26 kB
dist/assets/clinical-document-CRPU8npr.js             0.42 kB │ gzip:   0.33 kB
dist/assets/zap-s2hWGzJn.js                           0.44 kB │ gzip:   0.28 kB
dist/assets/scanner-input-CpMH7JfR.js                 0.44 kB │ gzip:   0.34 kB
dist/assets/layout-grid-Ch_hqLo0.js                   0.50 kB │ gzip:   0.27 kB
dist/assets/undo-2-D2RfzyCN.js                        0.58 kB │ gzip:   0.32 kB
dist/assets/print-document-DHPRKBWX.js                0.60 kB │ gzip:   0.36 kB
dist/assets/user-round-x-IQWeGyD0.js                  0.63 kB │ gzip:   0.33 kB
dist/assets/library-page-DTytoU8g.js                  0.67 kB │ gzip:   0.40 kB
dist/assets/users-CKAEQJXY.js                         0.72 kB │ gzip:   0.41 kB
dist/assets/library-page-CQbXRy9-.js                  0.76 kB │ gzip:   0.43 kB
dist/assets/user-plus-Bw1wWzRr.js                     0.86 kB │ gzip:   0.44 kB
dist/assets/clinical-templates-C6qMOJcp.js            0.92 kB │ gzip:   0.52 kB
dist/assets/library-page-4N2C1tHb.js                  1.20 kB │ gzip:   0.66 kB
dist/assets/configured-template-page-CJgQpSpm.js      1.80 kB │ gzip:   0.90 kB
dist/assets/calendar-Dm7tWE7D.js                      3.49 kB │ gzip:   1.61 kB
dist/assets/template-parts-BKY89Eby.js                3.85 kB │ gzip:   1.42 kB
dist/assets/library-page-B8WHhVl6.js                  6.10 kB │ gzip:   2.68 kB
dist/assets/choice-fields-D8XU93zf.js                 7.44 kB │ gzip:   2.74 kB
dist/assets/library-page-r50jr9yg.js                  7.45 kB │ gzip:   2.57 kB
dist/assets/library-page-BB9AgAdB.js                  8.95 kB │ gzip:   3.13 kB
dist/assets/template-library-D9qR4xTF.js              9.84 kB │ gzip:   3.32 kB
dist/assets/library-page-COiZjX0S.js                  9.94 kB │ gzip:   3.42 kB
dist/assets/library-page-Z-2HIEtB.js                 11.92 kB │ gzip:   4.37 kB
dist/assets/library-page-Cr1dW8aO.js                 13.96 kB │ gzip:   4.96 kB
dist/assets/index-BIipfUto.js                        15.12 kB │ gzip:   2.90 kB
dist/assets/library-page-Cdo0GYdR.js                 23.93 kB │ gzip:   7.17 kB
dist/assets/library-page-BRSCyMq5.js                 25.52 kB │ gzip:   7.19 kB
dist/assets/library-page-sLxf7QVW.js                 34.27 kB │ gzip:  10.64 kB
dist/assets/page-template-DjOAVTCi.js                34.80 kB │ gzip:  10.38 kB
dist/assets/workspace-DheXRRQi.js                    46.44 kB │ gzip:  14.29 kB
dist/assets/component-catalog-C2qeiY27.js            47.45 kB │ gzip:  11.74 kB
dist/assets/library-page-DSVX8nnd.js                 78.61 kB │ gzip:  23.71 kB
dist/assets/RegistryPage-Dy7OufqT.js                120.23 kB │ gzip:  35.60 kB
dist/assets/index-CwgGUKhJ.js                       122.18 kB │ gzip:  30.69 kB
dist/assets/index-BW5ScDmZ.js                       138.85 kB │ gzip:  35.13 kB
dist/assets/index-CX2yhGvS.js                       140.49 kB │ gzip:  42.54 kB
dist/assets/index-CHdofhg6.js                       210.35 kB │ gzip:  54.05 kB
dist/assets/index-CgGBgxjn.js                       348.79 kB │ gzip:  95.30 kB
dist/assets/locale-fallback-en-Dpj_9iL5.js          558.34 kB │ gzip: 149.93 kB
dist/assets/locale-fallback-ar-CN-4uYoQ.js          719.54 kB │ gzip: 206.22 kB
dist/assets/locale-fallback-hi-AweSW5Z5.js          957.97 kB │ gzip: 220.16 kB
dist/assets/locale-fallback-ml-BIyB_xKe.js        1,126.69 kB │ gzip: 234.36 kB
dist/assets/index-BomQYrUw.js                     1,783.62 kB │ gzip: 530.71 kB

(!) Some chunks are larger than 500 kB after minification. Consider:
- Using dynamic import() to code-split the application
- Use build.rollupOptions.output.manualChunks to improve chunking: https://rollupjs.org/configuration-options/#output-manualchunks
- Adjust chunk size limit for this warning via build.chunkSizeWarningLimit.
✓ built in 10.46s
