(node:1981288) ExperimentalWarning: Transform Types is an experimental feature and might change at any time
(Use `node --trace-warnings ...` to show where the warning was created)
PASS reference-school header, dashboard, session and sidebar
PASS reference-school-teacher header, dashboard, session and sidebar
PASS reference-school-student header, dashboard, session and sidebar
PASS reference-school-parent header, dashboard, session and sidebar
PASS reference-school-librarian header, dashboard, session and sidebar
PASS reference-school-accountant header, dashboard, session and sidebar
PASS student sidebar navigation and refresh preserve role
PASS new browser tab preserves role URL
PASS browser back restores student view
PASS student command search excludes administrator pages
PASS student direct URL blocks hidden admissions
PASS teacher direct builder route preserves view
PASS student selected view data limited to own student
PASS parent selected view data limited to linked children
PASS reference-erp1 route regression
PASS reference-erp2 route regression
PASS reference-reports route regression
PASS healthcare route regression
PASS cross-module command search opens an authorized School view
PASS ordinary student cannot claim Administrator module header
PASS legacy School URL resolves authorized teacher view and blocks registration
PASS ordinary admin login and homepage retain authorized role view
PASS ordinary teacher login and homepage retain authorized role view
PASS ordinary student login and homepage retain authorized role view
PASS ordinary parent login and homepage retain authorized role view
PASS ordinary librarian login and homepage retain authorized role view
PASS ordinary accountant login and homepage retain authorized role view
PASS no browser page errors
