
> nexora-monorepo@1.0.0 test
> vitest run --maxWorkers=4 --minWorkers=1


 RUN  v3.2.7 /home/pepadmin/pb/saas/worktrees/healthcare-suite-import-20260929/desktop-clients

 ✓ packages/erp-screens/src/templates/page-template.test.tsx (8 tests) 3550ms
   ✓ every configured template renders real shared content and starts with valid sample data  3124ms
 ✓ packages/erp-screens/src/clinical-templates/clinical-templates.test.tsx (7 tests) 3884ms
   ✓ patient form preserves edits through section changes and retries with the same operation  1858ms
   ✓ read-only metadata blocks saves and form inputs  305ms
   ✓ scope remounts cannot retain another user patient edits  371ms
   ✓ New patient resets a saved record in a reused new-record tab  603ms
   ✓ empty contact editors do not create rows until edited and retain focus while typing  640ms
 ✓ packages/erp-screens/src/templates/preference-compliance.test.tsx (4 tests) 5022ms
   ✓ all registered templates inherit managed table preferences in both density profiles  4812ms
stderr | packages/erp-screens/src/clinical-templates/query.test.tsx > disabled query shortcuts do not focus search or open help
An update to PatientQueryTemplate inside a test was not wrapped in act(...).

When testing, code that causes React state updates should be wrapped into act(...):

act(() => {
  /* fire events that update state */
});
/* assert on the output */

This ensures that you're testing the behavior the user would see in the browser. Learn more at https://react.dev/link/wrap-tests-with-act

 ✓ packages/reference-reports/src/module.test.tsx (17 tests) 3204ms
   ✓ ReferenceReportsModule > runs a report with the effective page size and follows preference changes  344ms
   ✓ ReferenceReportsModule > shows the background-run path when the server answers ASYNC_REQUIRED  351ms
   ✓ ReferenceReportsModule > exports through authenticated host.fetch as a blob; without host.fetch export is disabled  403ms
 ✓ packages/erp-screens/src/clinical-templates/query.test.tsx (11 tests) 3008ms
   ✓ query waits for criteria and preserves filters after a failed search  712ms
   ✓ inline details belong to the selected row and record actions use navigation  437ms
   ✓ production capability limits preserve layout without invoking unavailable workflows  380ms
   ✓ infinite results use twenty-record requests, preserve loaded rows and retain a keyboard load action  428ms
 ✓ packages/erp-screens/src/lifecycle/lifecycle.test.tsx (17 tests) 3551ms
   ✓ LifecycleConfigurationPage > console summary uses server validation and clears it after editing  415ms
   ✓ LifecycleConfigurationPage > saves a draft with the expected revision and reuses the operation key on retry  342ms
   ✓ LifecycleConfigurationPage > lifecycle module and domain are editable codes that drive catalogue navigation  506ms
 ✓ packages/reference-school/src/module.test.tsx (61 tests) 9398ms
   ✓ ReferenceSchoolModule > renders /dashboard for an administrator through host.request only  350ms
   ✓ ReferenceSchoolModule > renders /teachers for an administrator through host.request only  309ms
   ✓ ReferenceSchoolModule > renders /quizzes for an administrator through host.request only  345ms
   ✓ ReferenceSchoolModule > renders /marks for an administrator through host.request only  414ms
   ✓ record preview follows previewMode > inline renders the record in the matching shared frame  473ms
   ✓ fees receipts > a rejected collection keeps the dialog and the entered amount  325ms
 ✓ packages/erp-screens/src/drafts/use-shared-draft.test.tsx (4 tests) 1881ms
   ✓ failed draft write retains the exact payload and operation identity on retry  855ms
   ✓ completion waits for in-flight autosave before discarding its acknowledged revision  816ms
 ✓ packages/reference-school/src/attachments-locale.test.tsx (7 tests) 2246ms
   ✓ attachments > a failed upload keeps the file and the draft, Retry sends the same bytes once, and the assignment saves the returned metadata  811ms
   ✓ attachments > a file over 1 MB is refused before any request and blocks saving until removed  315ms
   ✓ attachments > a message keeps its text and file when sending fails, then sends the attachment and downloads the exact bytes  330ms
 ✓ packages/erp-screens/src/lifecycle/sources.test.tsx (11 tests) 3011ms
   ✓ Lifecycle source mappings > hosts without a source port keep the page and the saved wire shape unchanged  493ms
   ✓ Lifecycle source mappings > creates a pinned mapping from a registered source and saves it through the governed draft  552ms
   ✓ Lifecycle source mappings > explains invalid and stale mappings, and re-pins only from the registry  371ms
   ✓ Lifecycle source mappings > published mappings are read-only  303ms
   ✓ Lifecycle source mappings > server validation issues on a mapping navigate to it  342ms
 ✓ packages/erp-screens/src/forms/dynamic-record-form.test.tsx (7 tests) 1849ms
   ✓ StrictMode loads safely and reports only acknowledged saves  470ms
 ✓ packages/erp-config/src/i18n.test.ts (4 tests) 1779ms
   ✓ localization contracts > provides every catalog message and preserves interpolation names in each language  1752ms
 ✓ packages/reference-school/src/final-parity.test.tsx (9 tests) 2461ms
   ✓ source option labels > the Select shows the source English labels (static and enum) with unchanged values  510ms
   ✓ server-initialized creation fields > a new book sends only authored fields; the card shows the server's record  523ms
   ✓ server-initialized creation fields > a rejected book keeps the dialog and the typed values  444ms
   ✓ server-initialized creation fields > a new quiz sends its questions and options but no attempts or average  308ms
 ✓ packages/erp-screens/src/preferences/preferences.test.tsx (4 tests) 2080ms
   ✓ record layout and all three density options use the central preference update  1193ms
   ✓ live policy changes and unavailable preferences prevent layout updates  317ms
   ✓ Own Settings uses accessible module options and honors locks  388ms
 ✓ packages/ai-ui/src/administration.test.tsx (20 tests) 1847ms
 ✓ packages/ai-client/src/transport.test.ts (22 tests) 1437ms
   ✓ the echo transport > no credential configured falls back to the mock  351ms
   ✓ the echo transport > an unreachable service falls back to the mock  351ms
   ✓ the echo transport > the mock says nothing left the browser, and lists what would have  355ms
   ✓ the echo transport > the mock shows the redacted value, not the original  357ms
 ✓ packages/erp-shell/src/school-role-header.test.tsx (9 tests) 1444ms
   ✓ School header and sidebar > selects 'School Administrator' through the shared header  343ms
 ✓ packages/erp-screens/src/drafts/draft-center.test.tsx (3 tests) 1487ms
   ✓ metadata and policy appear, search/filter use the API and open rechecks access  794ms
   ✓ inaccessible rows hide details, disable open, and retain discard  307ms
   ✓ discard retry retains its operation id and does not remove a row until confirmed  384ms
 ✓ packages/erp-screens/src/library/preference-compliance.test.tsx (4 tests) 1338ms
   ✓ all 12 component catalog routes render their actual examples under non-default preferences  854ms
   ✓ all six reference pages have dedicated localized content  349ms
 ✓ packages/erp-shell/src/workspace/use-workspace-navigation.test.tsx (18 tests) 1415ms
 ✓ packages/ops-ui/src/inline-edit-typed.test.tsx (19 tests) 1489ms
   ✓ the shared behaviour survives > a rejected save keeps the typed value and shows why  304ms
stderr | packages/erp-screens/src/care-pages/workspace.test.tsx > multiple emergency pathways reveal independent fields and preserve values when hidden
Encountered two children with the same key, `Obstetric`. Keys should be unique so that components maintain their identity across updates. Non-unique keys may cause children to be duplicated and/or omitted — the behavior is unsupported and could change in a future version.

stderr | packages/erp-screens/src/care-pages/workspace.test.tsx > multiple emergency pathways reveal independent fields and preserve values when hidden
Encountered two children with the same key, `Obstetric`. Keys should be unique so that components maintain their identity across updates. Non-unique keys may cause children to be duplicated and/or omitted — the behavior is unsupported and could change in a future version.
Encountered two children with the same key, `Obstetric`. Keys should be unique so that components maintain their identity across updates. Non-unique keys may cause children to be duplicated and/or omitted — the behavior is unsupported and could change in a future version.
Encountered two children with the same key, `Obstetric`. Keys should be unique so that components maintain their identity across updates. Non-unique keys may cause children to be duplicated and/or omitted — the behavior is unsupported and could change in a future version.
Encountered two children with the same key, `Obstetric`. Keys should be unique so that components maintain their identity across updates. Non-unique keys may cause children to be duplicated and/or omitted — the behavior is unsupported and could change in a future version.
Encountered two children with the same key, `Obstetric`. Keys should be unique so that components maintain their identity across updates. Non-unique keys may cause children to be duplicated and/or omitted — the behavior is unsupported and could change in a future version.

 ✓ packages/erp-screens/src/care-pages/workspace.test.tsx (3 tests) 3561ms
   ✓ failed saves keep notes and retry the identical operation; selectors cannot discard dirty inputs  1247ms
   ✓ effective locked density applies and signed documents are read-only  743ms
   ✓ multiple emergency pathways reveal independent fields and preserve values when hidden  1571ms
 ✓ packages/reference-school/src/toast-locale.test.tsx (4 tests) 3815ms
   ✓ localized toasts > a static success toast is translated at render and follows a language change while shown  421ms
   ✓ localized toasts > a dynamic toast is one translated message that keeps the authored title exactly  2207ms
   ✓ localized toasts > server error text stays verbatim, alone or inside a translated message, and the draft is kept  1018ms
 ✓ packages/erp-shell/src/workspace/workspace-canvas.test.tsx (29 tests) 2430ms
   ✓ WorkspaceCanvas — split > arrow keys move it and it stays inside its limits  766ms
 ✓ packages/erp-screens/src/records/specialized-editors.test.tsx (2 tests) 1911ms
   ✓ billing fields survive tab changes and are included with line items in a real save  1177ms
   ✓ consultation recovers composition, narrative, codes, orders and review checkboxes  714ms
 ✓ packages/erp-screens/src/dcp-designer/workspace.test.tsx (3 tests) 1964ms
   ✓ visual edits reuse stable IDs; failed save retains edits and reuses operation on retry  952ms
   ✓ read-only role disables design mutations and tenant density overrides local preference  488ms
   ✓ preview uses unsaved design, hides authoring, validates and resets test answers without saving  523ms
 ✓ packages/erp-screens/src/clinic-billing/workspace.test.tsx (5 tests) 2710ms
   ✓ managed layouts update without losing input; failed requests retry the exact operation  724ms
   ✓ bill correction retains input and operation identity on failure; read-only view can return  1632ms
 ✓ packages/ops-ui/src/overlay.test.tsx (23 tests) 1970ms
   ✓ Modal > is a modal dialog named by its title  501ms
 ✓ packages/erp-config/src/application-config.test.ts (3 tests) 1386ms
   ✓ API application configuration > uses backend menus and keys while keeping page components and field identities local  609ms
   ✓ API application configuration > rejects product/locale mismatches and cyclic or duplicate menus  306ms
   ✓ API application configuration > never creates unsupported frontend pages from API configuration  470ms
 ✓ packages/ai-ui/src/transparency.test.tsx (28 tests) 877ms
 ✓ packages/erp-screens/src/worklist/filter-bar.test.tsx (24 tests) 902ms
 ✓ packages/ops-ui/src/shared-components.test.tsx (11 tests) 879ms
 ✓ packages/erp-screens/src/clinical-consultation/workspace.test.tsx (3 tests) 967ms
   ✓ completion requires explicit clinical fields and focuses the first missing field  341ms
   ✓ expanded panels retain values and validation opens a hidden invalid vital  352ms
 ✓ packages/ops-ui/src/inline-edit.test.tsx (15 tests) 1071ms
 ✓ packages/ops-ui/src/dropdown.test.tsx (11 tests) 990ms
 ✓ packages/reference-erp1/src/reference-erp1.test.tsx (9 tests) 746ms
   ✓ reference-erp1 module > requests page lookups before rendering the page  501ms
 ✓ packages/reference-school/src/library-return.test.tsx (3 tests) 722ms
   ✓ library return > the server's fine is shown and toasted, not the page's overdue estimate  369ms
 ✓ packages/ai-ui/src/modes.test.tsx (34 tests) 981ms
 ✓ packages/erp-screens/src/dcp-designer/dependencies.test.tsx (3 tests) 812ms
   ✓ parent change clears all descendants and late API responses cannot restore old options  352ms
 ✓ packages/erp-data/src/records.test.ts (11 tests) 769ms
 ✓ packages/erp-screens/src/imports/csv-import-dialog.test.tsx (6 tests) 738ms
 ✓ packages/ops-ui/src/search-select.test.tsx (14 tests) 1041ms
 ✓ packages/erp-screens/src/library/component-catalog.test.tsx (5 tests) 766ms
   ✓ form search finds component names and reset clears only the demo  344ms
 ✓ packages/erp-screens/src/approvals/approval-workspace.test.tsx (7 tests) 694ms
 ✓ packages/erp-screens/src/templates/registry-template.test.tsx (3 tests) 615ms
   ✓ all five registry templates render through shared engines with preference-owned layouts  385ms
 ✓ packages/erp-screens/src/clinical-triage/editor.test.tsx (3 tests) 670ms
   ✓ blank readings and unanswered safety choices; completion focuses required complaint  321ms
 ✓ packages/erp-shell/src/workspace/workspace-tabs.test.tsx (15 tests) 632ms
 ✓ packages/reference-keystone-core/src/keystone-core.test.tsx (20 tests) 674ms
 ✓ packages/erp-shell/src/erp-context.test.tsx (38 tests) 781ms
 ✓ packages/erp-screens/src/worklist/use-column-layout.test.tsx (22 tests) 643ms
 ✓ packages/erp-screens/src/op-registration/workspace.test.tsx (3 tests) 719ms
   ✓ patient verification cannot be skipped and scope change clears the selected patient  303ms
 ✓ packages/ops-ui/src/form-controls.test.tsx (30 tests) 563ms
 ✓ packages/erp-screens/src/worklist/use-filter-sync.test.tsx (9 tests) 427ms
 ✓ packages/erp-screens/src/dcp-designer/catalog-manager.test.tsx (4 tests) 599ms
 ✓ packages/reference-erp2/src/reference-erp2.test.tsx (9 tests) 810ms
   ✓ reference-erp2 module > requests page lookups before rendering the page  372ms
 ✓ packages/erp-screens/src/page-library/catalog.test.tsx (4 tests) 366ms
   ✓ search, resources and page opening use current access; revoked resource closes  305ms
 ✓ packages/ops-ui/src/pagination.test.tsx (9 tests) 669ms
 ✓ packages/erp-screens/src/comprehensive-consultation/workspace.test.tsx (1 test) 790ms
   ✓ specialty edits survive context and tenant-locked layout changes; preview never saves  787ms
 ✓ packages/reference-healthcare-suite/src/preferences.test.tsx (9 tests) 851ms
 ✓ packages/erp-screens/src/identity-devices/workspace.test.tsx (3 tests) 422ms
   ✓ biometrics disabled still allows separate manual review and never implies authentication  306ms
 ✓ packages/ops-ui/src/states.test.tsx (24 tests) 485ms
 ✓ packages/ops-ui/src/recovery-notice.test.tsx (5 tests) 396ms
 ✓ packages/erp-screens/src/op-consultation/workspace.test.tsx (1 test) 455ms
   ✓ OP summary navigates fields; locked layout and review retain unsaved values  452ms
 ✓ packages/ops-ui/src/page-copy-localization.test.tsx (9 tests) 433ms
 ✓ packages/erp-shell/src/product-context.test.tsx (3 tests) 432ms
 ✓ packages/erp-screens/src/dcp-designer/host-runtime.test.tsx (3 tests) 596ms
   ✓ required false is displayed, edits retain values on 422, successful save uses normalized server values  323ms
 ✓ packages/erp-screens/src/records/record-panels.test.tsx (4 tests) 288ms
 ✓ packages/erp-screens/src/device-integrations/workspace.test.tsx (2 tests) 468ms
 ✓ packages/auth/src/session.test.tsx (32 tests) 363ms
 ✓ packages/ops-ui/src/quantity-unit-field.test.tsx (9 tests) 331ms
 ✓ packages/ops-ui/src/segmented.test.tsx (9 tests) 346ms
 ✓ packages/erp-screens/src/worklist/saved-view.test.tsx (11 tests) 407ms
stderr | packages/ai-ui/src/use-assistant.test.tsx > the administration config > arrives once asked for
An update to Probe inside a test was not wrapped in act(...).

When testing, code that causes React state updates should be wrapped into act(...):

act(() => {
  /* fire events that update state */
});
/* assert on the output */

This ensures that you're testing the behavior the user would see in the browser. Learn more at https://react.dev/link/wrap-tests-with-act

stderr | packages/ai-ui/src/use-assistant.test.tsx > the administration config > a refused config leaves it null rather than half-built
An update to Probe inside a test was not wrapped in act(...).

When testing, code that causes React state updates should be wrapped into act(...):

act(() => {
  /* fire events that update state */
});
/* assert on the output */

This ensures that you're testing the behavior the user would see in the browser. Learn more at https://react.dev/link/wrap-tests-with-act

 ✓ packages/ai-ui/src/use-assistant.test.tsx (24 tests) 322ms
 ✓ packages/erp-screens/src/dcp-designer/sections.test.tsx (4 tests) 330ms
 ✓ packages/erp-screens/src/master-transfer/panel.test.tsx (3 tests) 275ms
 ✓ packages/erp-screens/src/login/recovery.test.tsx (1 test) 339ms
   ✓ anonymous sign-in uses readable fallback copy before account localization is loaded  337ms
 ✓ packages/ops-ui/src/button.test.tsx (5 tests) 230ms
 ✓ packages/ops-ui/src/reference-data.test.tsx (17 tests) 408ms
 ✓ packages/erp-screens/src/label-printing/workspace.test.tsx (2 tests) 310ms
 ✓ packages/erp-screens/src/templates/configured-template-page.test.tsx (3 tests) 313ms
 ✓ packages/erp-screens/src/clinical-templates/query-search.test.tsx (2 tests) 219ms
 ✓ packages/workspace-core/src/use-workspace.test.tsx (19 tests) 376ms
 ✓ packages/erp-shell/src/workspace/mdi-taskbar.test.tsx (7 tests) 337ms
 ✓ packages/ops-ui/src/tabs.test.tsx (3 tests) 137ms
 ✓ packages/erp-shell/src/workspace/use-mdi-workspace.test.tsx (7 tests) 294ms
 ✓ packages/erp-screens/src/dcp-designer/runtime-fields.test.tsx (5 tests) 191ms
 ✓ packages/erp-screens/src/record-page/record-page.test.tsx (2 tests) 192ms
 ✓ packages/ops-ui/src/card.test.tsx (6 tests) 155ms
 ✓ packages/reference-healthcare-suite/src/adapter.test.tsx (8 tests) 226ms
 ✓ packages/ops-ui/src/localization.test.tsx (1 test) 137ms
 ✓ packages/erp-screens/src/clinical-templates/record-layout.test.tsx (2 tests) 159ms
 ✓ packages/ops-ui/src/stat-card.test.tsx (6 tests) 131ms
 ✓ packages/reference-school/src/contracts.test.ts (12 tests) 132ms
 ✓ packages/erp-screens/src/product-services.test.tsx (2 tests) 171ms
 ✓ packages/erp-shell/src/sentinel.test.tsx (1 test) 142ms
 ✓ packages/ops-ui/src/avatar.test.tsx (10 tests) 257ms
 ✓ packages/erp-screens/src/worklist/export-rows.test.ts (26 tests) 119ms
 ✓ packages/ops-ui/src/skeleton.test.tsx (4 tests) 139ms
 ✓ packages/erp-screens/src/product-access.test.tsx (2 tests) 99ms
 ✓ packages/ai-client/src/policy.test.ts (9 tests) 13ms
 ✓ packages/erp-data/src/mock.test.ts (148 tests) 97ms
 ✓ packages/erp-screens/src/master-transfer/inflation.test.ts (2 tests) 181ms
 ✓ packages/ops-ui/src/badge.test.tsx (12 tests) 123ms
 ✓ packages/erp-shell/src/workspace/use-detached-windows.test.tsx (13 tests) 91ms
 ✓ packages/erp-shell/src/chrome.test.tsx (23 tests) 68ms
 ✓ packages/ai-client/src/sources.test.tsx (10 tests) 98ms
 ✓ packages/erp-screens/src/preference-preview.test.tsx (1 test) 123ms
 ✓ packages/platform-ports/src/ports.test.tsx (17 tests) 67ms
 ✓ packages/ops-ui/src/scanner-input.test.tsx (2 tests) 76ms
 ✓ packages/ops-ui/src/option-filter.test.tsx (13 tests) 90ms
 ✓ packages/ai-client/src/redact.test.ts (157 tests) 25ms
 ✓ packages/erp-screens/src/master-transfer/format.test.ts (8 tests) 102ms
 ✓ packages/auth/src/recovery.test.ts (9 tests) 26ms
 ✓ packages/erp-config/src/lifecycle/lifecycle.test.ts (19 tests) 39ms
 ✓ packages/erp-screens/src/clinical-templates/library-page.test.tsx (8 tests) 91ms
 ✓ packages/workspace-core/src/document-manager.test.ts (47 tests) 22ms
 ✓ packages/erp-config/src/localization-formatting.test.ts (13 tests) 53ms
 ✓ packages/erp-config/src/lifecycle/sources.test.ts (17 tests) 28ms
 ✓ packages/erp-config/src/export-policy.test.ts (13 tests) 25ms
 ✓ packages/erp-shell/src/workspace/target-document.test.ts (10 tests) 39ms
 ✓ packages/ai-config/src/gates.test.ts (22 tests) 29ms
 ✓ packages/platform-ports/src/school-landing.test.tsx (3 tests) 40ms
 ✓ packages/auth/src/sentinel.test.ts (5 tests) 24ms
 ✓ packages/platform-ports/src/school-web-navigation.test.tsx (4 tests) 228ms
 ✓ packages/ops-ui/src/cn.test.ts (9 tests) 86ms
 ✓ packages/erp-config/src/dcp-repeating.test.ts (4 tests) 8ms
 ✓ packages/erp-screens/src/imports/workbook-options.test.ts (2 tests) 17ms
 ✓ packages/erp-config/src/data-classification.test.ts (22 tests) 35ms
 ✓ packages/ai-client/src/admin.test.ts (11 tests) 48ms
 ✓ packages/reference-reports/src/routes.test.ts (5 tests) 21ms
 ✓ packages/ai-client/src/assemble.test.ts (19 tests) 38ms
 ✓ packages/reference-host/src/transport.test.ts (11 tests) 23ms
 ✓ packages/erp-data/src/dcp-runtime.test.ts (4 tests) 15ms
 ✓ packages/erp-config/src/filter-policy.test.ts (15 tests) 28ms
 ✓ packages/erp-data/src/draft-center.test.ts (2 tests) 9ms
 ✓ packages/workspace-core/src/split.test.ts (26 tests) 24ms
 ✓ packages/reference-school/src/bundle-boundary.test.ts (4 tests) 26ms
 ✓ packages/erp-config/src/product.test.ts (7 tests) 14ms
 ✓ packages/erp-config/src/school-role-views.test.ts (5 tests) 18ms
 ✓ packages/erp-data/src/csv-import.test.ts (5 tests) 28ms
 ✓ packages/erp-data/src/dcp-host.test.ts (2 tests) 14ms
 ✓ packages/ai-config/src/policy.test.ts (13 tests) 20ms
 ✓ packages/platform-ports/src/devices.test.ts (1 test) 8ms
 ✓ packages/erp-screens/src/worklist/search-request.test.ts (10 tests) 13ms
 ✓ packages/erp-shell/src/workspace/mdi-frames.test.ts (20 tests) 13ms
 ✓ packages/ops-ui/src/error-mapper.test.ts (32 tests) 17ms
 ✓ packages/workspace-core/src/detach.test.ts (14 tests) 12ms
 ✓ packages/erp-screens/src/clinical-templates/overview-data.test.ts (1 test) 10ms
 ✓ packages/ai-client/src/guard.test.ts (9 tests) 7ms
 ✓ packages/platform-ports/src/identity-devices.test.ts (2 tests) 6ms
 ✓ packages/erp-screens/src/spreadsheet/model.test.ts (4 tests) 8ms
 ✓ packages/workspace-core/src/lifecycle.test.ts (11 tests) 11ms
 ✓ packages/workspace-core/src/policy.test.ts (15 tests) 9ms
 ✓ packages/workspace-core/src/document-key.test.ts (9 tests) 9ms
 ✓ apps/desktop/src/platform/tauri-windows.test.ts (3 tests) 11ms
 ✓ packages/erp-screens/src/imports/csv-options.test.ts (3 tests) 8ms
 ✓ packages/erp-config/src/draft-policy.test.ts (2 tests) 8ms
 ✓ packages/erp-config/src/form-rules.test.ts (3 tests) 6ms
 ✓ packages/erp-config/src/reference-modules.test.ts (5 tests) 6ms
 ✓ packages/reference-healthcare-suite/src/routes.test.ts (2 tests) 10ms
 ✓ packages/erp-config/src/dcp-designer-metadata.test.ts (2 tests) 9ms
 ✓ packages/erp-config/src/preference-defaults.test.ts (3 tests) 8ms
 ✓ packages/erp-screens/src/clinical-templates/record-age.test.ts (1 test) 10ms

 Test Files  163 passed (163)
      Tests  1903 passed (1903)
   Start at  07:38:32
   Duration  108.86s (transform 18.33s, setup 74.96s, collect 62.31s, tests 113.92s, environment 102.57s, prepare 18.14s)

