
> nexora-monorepo@1.0.0 test
> vitest run


 RUN  v3.2.7 /home/pepadmin/pb/saas/worktrees/frontend-reference-modules-20260928/desktop-clients

stderr | packages/erp-screens/src/clinical-templates/query.test.tsx > disabled query shortcuts do not focus search or open help
An update to PatientQueryTemplate inside a test was not wrapped in act(...).

When testing, code that causes React state updates should be wrapped into act(...):

act(() => {
  /* fire events that update state */
});
/* assert on the output */

This ensures that you're testing the behavior the user would see in the browser. Learn more at https://react.dev/link/wrap-tests-with-act

 ✓ packages/erp-screens/src/clinical-templates/query.test.tsx (11 tests) 3479ms
   ✓ query waits for criteria and preserves filters after a failed search  857ms
   ✓ inline details belong to the selected row and record actions use navigation  457ms
   ✓ query has no presentation selectors and honors locked page size  309ms
   ✓ query export uses the selected file format  432ms
   ✓ production capability limits preserve layout without invoking unavailable workflows  326ms
   ✓ infinite results use twenty-record requests, preserve loaded rows and retain a keyboard load action  363ms
   ✓ reaching the result sentinel requests the next cursor page  302ms
 ✓ packages/erp-screens/src/lifecycle/sources.test.tsx (11 tests) 3940ms
   ✓ Lifecycle source mappings > hosts without a source port keep the page and the saved wire shape unchanged  660ms
   ✓ Lifecycle source mappings > creates a pinned mapping from a registered source and saves it through the governed draft  690ms
   ✓ Lifecycle source mappings > explains invalid and stale mappings, and re-pins only from the registry  588ms
   ✓ Lifecycle source mappings > published mappings are read-only  409ms
   ✓ Lifecycle source mappings > existing mappings stay visible read-only when the host has no source port  350ms
   ✓ Lifecycle source mappings > server validation issues on a mapping navigate to it  335ms
 ✓ packages/erp-screens/src/templates/page-template.test.tsx (8 tests) 4680ms
   ✓ every configured template renders real shared content and starts with valid sample data  4080ms
 ✓ packages/erp-screens/src/clinical-templates/clinical-templates.test.tsx (7 tests) 4834ms
   ✓ patient form preserves edits through section changes and retries with the same operation  2163ms
   ✓ read-only metadata blocks saves and form inputs  339ms
   ✓ scope remounts cannot retain another user patient edits  524ms
   ✓ New patient resets a saved record in a reused new-record tab  703ms
   ✓ empty contact editors do not create rows until edited and retain focus while typing  969ms
 ✓ packages/erp-screens/src/lifecycle/lifecycle.test.tsx (17 tests) 5218ms
   ✓ LifecycleConfigurationPage > console summary uses server validation and clears it after editing  590ms
   ✓ LifecycleConfigurationPage > persistent worklist protects edits before opening another version  490ms
   ✓ LifecycleConfigurationPage > saves a draft with the expected revision and reuses the operation key on retry  699ms
   ✓ LifecycleConfigurationPage > activation requires a reason, confirmation, expected revision and a stable idempotency key  343ms
   ✓ LifecycleConfigurationPage > validation shows server issues and navigates to the affected item  411ms
   ✓ LifecycleConfigurationPage > visual editor renames a stage key and updates binding references  361ms
   ✓ LifecycleConfigurationPage > lifecycle module and domain are editable codes that drive catalogue navigation  456ms
   ✓ LifecycleConfigurationPage > preview policy limits context to one verified organisation selector and no subject reference  321ms
 ✓ packages/erp-screens/src/templates/preference-compliance.test.tsx (4 tests) 5716ms
   ✓ all registered templates inherit managed table preferences in both density profiles  5396ms
 ✓ packages/erp-config/src/i18n.test.ts (4 tests) 1572ms
   ✓ localization contracts > provides every catalog message and preserves interpolation names in each language  1530ms
 ✓ packages/ops-ui/src/search-select.test.tsx (14 tests) 1432ms
 ✓ packages/ops-ui/src/overlay.test.tsx (23 tests) 1346ms
 ✓ packages/reference-school/src/attachments-locale.test.tsx (7 tests) 2831ms
   ✓ attachments > a failed upload keeps the file and the draft, Retry sends the same bytes once, and the assignment saves the returned metadata  1292ms
   ✓ attachments > a file over 1 MB is refused before any request and blocks saving until removed  384ms
   ✓ attachments > a message keeps its text and file when sending fails, then sends the attachment and downloads the exact bytes  322ms
   ✓ localization and number format > changing the locale does not clear an open draft  327ms
 ✓ packages/reference-school/src/final-parity.test.tsx (9 tests) 3045ms
   ✓ source option labels > the Select shows the source English labels (static and enum) with unchanged values  810ms
   ✓ source option labels > translation applies once to the English message and never to the value  301ms
   ✓ server-initialized creation fields > a new book sends only authored fields; the card shows the server's record  745ms
   ✓ server-initialized creation fields > a rejected book keeps the dialog and the typed values  443ms
   ✓ server-initialized creation fields > a new quiz sends its questions and options but no attempts or average  304ms
 ✓ packages/erp-screens/src/clinic-billing/workspace.test.tsx (5 tests) 1153ms
   ✓ managed layouts update without losing input; failed requests retry the exact operation  506ms
   ✓ bill correction retains input and operation identity on failure; read-only view can return  518ms
stderr | packages/erp-screens/src/care-pages/workspace.test.tsx > multiple emergency pathways reveal independent fields and preserve values when hidden
Encountered two children with the same key, `Obstetric`. Keys should be unique so that components maintain their identity across updates. Non-unique keys may cause children to be duplicated and/or omitted — the behavior is unsupported and could change in a future version.

stderr | packages/erp-screens/src/care-pages/workspace.test.tsx > multiple emergency pathways reveal independent fields and preserve values when hidden
Encountered two children with the same key, `Obstetric`. Keys should be unique so that components maintain their identity across updates. Non-unique keys may cause children to be duplicated and/or omitted — the behavior is unsupported and could change in a future version.
Encountered two children with the same key, `Obstetric`. Keys should be unique so that components maintain their identity across updates. Non-unique keys may cause children to be duplicated and/or omitted — the behavior is unsupported and could change in a future version.
Encountered two children with the same key, `Obstetric`. Keys should be unique so that components maintain their identity across updates. Non-unique keys may cause children to be duplicated and/or omitted — the behavior is unsupported and could change in a future version.
Encountered two children with the same key, `Obstetric`. Keys should be unique so that components maintain their identity across updates. Non-unique keys may cause children to be duplicated and/or omitted — the behavior is unsupported and could change in a future version.
Encountered two children with the same key, `Obstetric`. Keys should be unique so that components maintain their identity across updates. Non-unique keys may cause children to be duplicated and/or omitted — the behavior is unsupported and could change in a future version.

 ✓ packages/erp-screens/src/care-pages/workspace.test.tsx (3 tests) 1380ms
   ✓ failed saves keep notes and retry the identical operation; selectors cannot discard dirty inputs  920ms
 ✓ packages/reference-reports/src/module.test.tsx (17 tests) 3939ms
   ✓ ReferenceReportsModule > renders the report library through the host adapter using original /api paths  376ms
   ✓ ReferenceReportsModule > runs a report with the effective page size and follows preference changes  511ms
   ✓ ReferenceReportsModule > rejects a page size outside the tenant policy allowed values, keeps the last permitted one  399ms
   ✓ ReferenceReportsModule > shows the background-run path when the server answers ASYNC_REQUIRED  494ms
   ✓ ReferenceReportsModule > exports through authenticated host.fetch as a blob; without host.fetch export is disabled  500ms
 ✓ packages/ai-ui/src/modes.test.tsx (34 tests) 1294ms
 ✓ packages/erp-screens/src/drafts/draft-center.test.tsx (3 tests) 1710ms
   ✓ metadata and policy appear, search/filter use the API and open rechecks access  867ms
   ✓ inaccessible rows hide details, disable open, and retain discard  330ms
   ✓ discard retry retains its operation id and does not remove a row until confirmed  506ms
 ✓ packages/erp-screens/src/preferences/preferences.test.tsx (4 tests) 2431ms
   ✓ record layout and all three density options use the central preference update  1251ms
   ✓ live policy changes and unavailable preferences prevent layout updates  451ms
   ✓ Own Settings uses accessible module options and honors locks  500ms
 ✓ packages/reference-school/src/module.test.tsx (61 tests) 12268ms
   ✓ ReferenceSchoolModule > renders /dashboard for an administrator through host.request only  627ms
   ✓ ReferenceSchoolModule > renders /quizzes for an administrator through host.request only  528ms
   ✓ ReferenceSchoolModule > renders /marks for an administrator through host.request only  529ms
   ✓ failure handling > a rejected create keeps the dialog and the entered values and shows the server message  583ms
   ✓ grade retry under StrictMode > after a failed grade, one Retry click sends exactly one more POST with the same answers  368ms
   ✓ record preview follows previewMode > inline renders the record in the matching shared frame  362ms
   ✓ record preview follows previewMode > center-card renders the record in the matching shared frame  301ms
   ✓ record preview follows previewMode > left-drawer renders the record in the matching shared frame  339ms
   ✓ fees receipts > a rejected collection keeps the dialog and the entered amount  316ms
 ✓ packages/erp-screens/src/forms/dynamic-record-form.test.tsx (7 tests) 2140ms
   ✓ StrictMode loads safely and reports only acknowledged saves  380ms
   ✓ failed save keeps edits and exposes retry  533ms
   ✓ server field errors attach to the input and allow correction  338ms
 ✓ packages/ai-ui/src/administration.test.tsx (20 tests) 1800ms
 ✓ packages/erp-screens/src/drafts/use-shared-draft.test.tsx (4 tests) 2202ms
   ✓ failed draft write retains the exact payload and operation identity on retry  864ms
   ✓ completion waits for in-flight autosave before discarding its acknowledged revision  856ms
 ✓ packages/erp-screens/src/dcp-designer/dependencies.test.tsx (3 tests) 1336ms
   ✓ parent change clears all descendants and late API responses cannot restore old options  610ms
   ✓ lookup failure retains the parent and retry reloads the options  314ms
   ✓ inserting an API example remaps every dependency to fresh IDs  409ms
 ✓ packages/reference-school/src/toast-locale.test.tsx (4 tests) 1467ms
   ✓ localized toasts > a static success toast is translated at render and follows a language change while shown  475ms
   ✓ localized toasts > a dynamic toast is one translated message that keeps the authored title exactly  760ms
 ✓ packages/erp-shell/src/workspace/use-workspace-navigation.test.tsx (17 tests) 2466ms
 ✓ packages/erp-screens/src/op-registration/workspace.test.tsx (3 tests) 940ms
   ✓ effective tenant page size wins and unavailable preferences disable registration writes  426ms
 ✓ packages/erp-screens/src/approvals/approval-workspace.test.tsx (7 tests) 1209ms
   ✓ submission requires a comment and confirmation; unknown outcomes reuse the operation id  486ms
 ✓ packages/erp-shell/src/workspace/workspace-canvas.test.tsx (29 tests) 2036ms
   ✓ WorkspaceCanvas — split > arrow keys move it and it stays inside its limits  412ms
 ✓ packages/ops-ui/src/dropdown.test.tsx (11 tests) 1211ms
 ✓ packages/erp-shell/src/erp-context.test.tsx (38 tests) 974ms
 ✓ packages/erp-screens/src/library/preference-compliance.test.tsx (4 tests) 1620ms
   ✓ all 12 component catalog routes render their actual examples under non-default preferences  1190ms
   ✓ all six reference pages have dedicated localized content  323ms
 ✓ packages/ai-client/src/transport.test.ts (22 tests) 1459ms
   ✓ the echo transport > no credential configured falls back to the mock  351ms
   ✓ the echo transport > an unreachable service falls back to the mock  351ms
   ✓ the echo transport > the mock says nothing left the browser, and lists what would have  354ms
   ✓ the echo transport > the mock shows the redacted value, not the original  351ms
 ✓ packages/erp-screens/src/records/specialized-editors.test.tsx (2 tests) 1399ms
   ✓ billing fields survive tab changes and are included with line items in a real save  847ms
   ✓ consultation recovers composition, narrative, codes, orders and review checkboxes  550ms
 ✓ packages/ops-ui/src/form-controls.test.tsx (30 tests) 853ms
 ✓ packages/ops-ui/src/inline-edit.test.tsx (15 tests) 1551ms
 ✓ packages/erp-config/src/application-config.test.ts (3 tests) 970ms
   ✓ API application configuration > uses backend menus and keys while keeping page components and field identities local  335ms
   ✓ API application configuration > never creates unsupported frontend pages from API configuration  344ms
 ✓ packages/erp-screens/src/clinical-consultation/workspace.test.tsx (3 tests) 1283ms
   ✓ completion requires explicit clinical fields and focuses the first missing field  452ms
   ✓ expanded panels retain values and validation opens a hidden invalid vital  578ms
 ✓ packages/erp-shell/src/workspace/workspace-tabs.test.tsx (15 tests) 962ms
 ✓ packages/ops-ui/src/inline-edit-typed.test.tsx (19 tests) 1610ms
 ✓ packages/reference-school/src/library-return.test.tsx (3 tests) 943ms
   ✓ library return > the server's fine is shown and toasted, not the page's overdue estimate  484ms
 ✓ packages/erp-screens/src/library/component-catalog.test.tsx (5 tests) 825ms
   ✓ form search finds component names and reset clears only the demo  331ms
 ✓ packages/erp-screens/src/op-consultation/workspace.test.tsx (1 test) 706ms
   ✓ OP summary navigates fields; locked layout and review retain unsaved values  704ms
 ✓ packages/erp-screens/src/imports/csv-import-dialog.test.tsx (6 tests) 787ms
 ✓ packages/erp-screens/src/clinical-triage/editor.test.tsx (3 tests) 1057ms
   ✓ blank readings and unanswered safety choices; completion focuses required complaint  665ms
 ✓ packages/erp-screens/src/worklist/filter-bar.test.tsx (24 tests) 1199ms
 ✓ packages/erp-screens/src/templates/registry-template.test.tsx (3 tests) 696ms
   ✓ all five registry templates render through shared engines with preference-owned layouts  411ms
 ✓ packages/ai-ui/src/transparency.test.tsx (28 tests) 1206ms
 ✓ packages/ops-ui/src/shared-components.test.tsx (11 tests) 1061ms
   ✓ Calendar > selects leap day, respects bounds and uses date-only values  385ms
 ✓ packages/erp-data/src/records.test.ts (11 tests) 755ms
 ✓ packages/erp-screens/src/dcp-designer/workspace.test.tsx (3 tests) 1041ms
   ✓ visual edits reuse stable IDs; failed save retains edits and reuses operation on retry  610ms
   ✓ preview uses unsaved design, hides authoring, validates and resets test answers without saving  337ms
 ✓ packages/ops-ui/src/recovery-notice.test.tsx (5 tests) 476ms
 ✓ packages/erp-screens/src/worklist/saved-view.test.tsx (11 tests) 471ms
 ✓ packages/reference-erp1/src/reference-erp1.test.tsx (9 tests) 728ms
   ✓ reference-erp1 module > requests page lookups before rendering the page  401ms
 ✓ packages/reference-keystone-core/src/keystone-core.test.tsx (20 tests) 855ms
 ✓ packages/ops-ui/src/pagination.test.tsx (9 tests) 564ms
 ✓ packages/erp-screens/src/worklist/use-column-layout.test.tsx (22 tests) 639ms
 ✓ packages/erp-screens/src/dcp-designer/catalog-manager.test.tsx (4 tests) 838ms
   ✓ catalog save failure preserves edits and retries the identical revision command  312ms
 ✓ packages/erp-screens/src/master-transfer/panel.test.tsx (3 tests) 486ms
 ✓ packages/ops-ui/src/quantity-unit-field.test.tsx (9 tests) 1019ms
   ✓ QuantityUnitField > provides a named group and independent control labels  413ms
 ✓ packages/reference-erp2/src/reference-erp2.test.tsx (9 tests) 1758ms
   ✓ reference-erp2 module > requests page lookups before rendering the page  966ms
   ✓ reference-erp2 module > switching host scope drops drafts and ignores the old tenant's pending response  628ms
 ✓ packages/erp-screens/src/worklist/use-filter-sync.test.tsx (9 tests) 1072ms
   ✓ useFilterSync > an operational filter reaches the URL  382ms
 ✓ packages/erp-screens/src/page-library/catalog.test.tsx (4 tests) 762ms
   ✓ search, resources and page opening use current access; revoked resource closes  660ms
 ✓ packages/erp-screens/src/dcp-designer/sections.test.tsx (4 tests) 751ms
 ✓ packages/erp-screens/src/comprehensive-consultation/workspace.test.tsx (1 test) 988ms
   ✓ specialty edits survive context and tenant-locked layout changes; preview never saves  981ms
 ✓ packages/ops-ui/src/page-copy-localization.test.tsx (9 tests) 516ms
 ✓ packages/ops-ui/src/states.test.tsx (24 tests) 785ms
 ✓ packages/erp-screens/src/dcp-designer/host-runtime.test.tsx (3 tests) 661ms
   ✓ required false is displayed, edits retain values on 422, successful save uses normalized server values  463ms
 ✓ packages/erp-screens/src/device-integrations/workspace.test.tsx (2 tests) 538ms
 ✓ packages/erp-shell/src/workspace/mdi-taskbar.test.tsx (7 tests) 333ms
 ✓ packages/erp-shell/src/product-context.test.tsx (3 tests) 662ms
 ✓ packages/ops-ui/src/reference-data.test.tsx (17 tests) 422ms
 ✓ packages/erp-screens/src/templates/configured-template-page.test.tsx (3 tests) 254ms
 ✓ packages/workspace-core/src/use-workspace.test.tsx (19 tests) 379ms
 ✓ packages/ops-ui/src/segmented.test.tsx (9 tests) 424ms
 ✓ packages/erp-screens/src/identity-devices/workspace.test.tsx (3 tests) 492ms
   ✓ biometrics disabled still allows separate manual review and never implies authentication  401ms
 ✓ packages/erp-screens/src/clinical-templates/record-layout.test.tsx (2 tests) 192ms
 ✓ packages/erp-screens/src/login/recovery.test.tsx (1 test) 351ms
   ✓ anonymous sign-in uses readable fallback copy before account localization is loaded  346ms
 ✓ packages/erp-screens/src/records/record-panels.test.tsx (4 tests) 541ms
stderr | packages/ai-ui/src/use-assistant.test.tsx > the administration config > arrives once asked for
An update to Probe inside a test was not wrapped in act(...).

When testing, code that causes React state updates should be wrapped into act(...):

act(() => {
  /* fire events that update state */
});
/* assert on the output */

This ensures that you're testing the behavior the user would see in the browser. Learn more at https://react.dev/link/wrap-tests-with-act

stderr | packages/ai-ui/src/use-assistant.test.tsx > the administration config > a refused config leaves it null rather than half-built
An update to Probe inside a test was not wrapped in act(...).

When testing, code that causes React state updates should be wrapped into act(...):

act(() => {
  /* fire events that update state */
});
/* assert on the output */

This ensures that you're testing the behavior the user would see in the browser. Learn more at https://react.dev/link/wrap-tests-with-act

 ✓ packages/ai-ui/src/use-assistant.test.tsx (24 tests) 320ms
 ✓ packages/erp-screens/src/dcp-designer/runtime-fields.test.tsx (5 tests) 208ms
 ✓ packages/auth/src/session.test.tsx (32 tests) 561ms
 ✓ packages/ops-ui/src/button.test.tsx (5 tests) 313ms
 ✓ packages/ops-ui/src/tabs.test.tsx (3 tests) 205ms
 ✓ packages/erp-screens/src/clinical-templates/query-search.test.tsx (2 tests) 228ms
 ✓ packages/erp-screens/src/label-printing/workspace.test.tsx (2 tests) 546ms
   ✓ incompatible personal default resolves to compatible paper without persisting a preference  408ms
 ✓ packages/ops-ui/src/card.test.tsx (6 tests) 235ms
 ✓ packages/ai-client/src/sources.test.tsx (10 tests) 182ms
 ✓ packages/erp-shell/src/workspace/use-mdi-workspace.test.tsx (7 tests) 263ms
 ✓ packages/erp-screens/src/record-page/record-page.test.tsx (2 tests) 193ms
 ✓ packages/ops-ui/src/avatar.test.tsx (10 tests) 372ms
 ✓ packages/ops-ui/src/stat-card.test.tsx (6 tests) 183ms
 ✓ packages/ops-ui/src/localization.test.tsx (1 test) 112ms
 ✓ packages/erp-screens/src/preference-preview.test.tsx (1 test) 197ms
 ✓ packages/erp-screens/src/product-services.test.tsx (2 tests) 168ms
 ✓ packages/erp-screens/src/product-access.test.tsx (2 tests) 199ms
 ✓ packages/erp-screens/src/worklist/export-rows.test.ts (26 tests) 221ms
 ✓ packages/ops-ui/src/badge.test.tsx (12 tests) 113ms
 ✓ packages/erp-data/src/mock.test.ts (148 tests) 140ms
 ✓ packages/erp-screens/src/master-transfer/inflation.test.ts (2 tests) 191ms
 ✓ packages/ops-ui/src/skeleton.test.tsx (4 tests) 199ms
 ✓ packages/reference-school/src/contracts.test.ts (12 tests) 244ms
 ✓ packages/erp-shell/src/workspace/use-detached-windows.test.tsx (13 tests) 143ms
 ✓ packages/platform-ports/src/ports.test.tsx (17 tests) 127ms
 ✓ packages/ops-ui/src/scanner-input.test.tsx (2 tests) 118ms
 ✓ packages/erp-shell/src/chrome.test.tsx (23 tests) 181ms
 ✓ packages/erp-shell/src/sentinel.test.tsx (1 test) 298ms
 ✓ packages/erp-config/src/lifecycle/lifecycle.test.ts (19 tests) 39ms
 ✓ packages/erp-screens/src/master-transfer/format.test.ts (8 tests) 85ms
 ✓ packages/ops-ui/src/option-filter.test.tsx (13 tests) 57ms
 ✓ packages/erp-config/src/localization-formatting.test.ts (13 tests) 76ms
 ✓ packages/auth/src/recovery.test.ts (9 tests) 36ms
 ✓ packages/workspace-core/src/split.test.ts (26 tests) 18ms
 ✓ packages/ai-client/src/admin.test.ts (11 tests) 14ms
 ✓ packages/erp-screens/src/clinical-templates/library-page.test.tsx (8 tests) 84ms
 ✓ packages/erp-screens/src/imports/csv-options.test.ts (3 tests) 7ms
 ✓ packages/ai-client/src/redact.test.ts (157 tests) 30ms
 ✓ packages/workspace-core/src/lifecycle.test.ts (11 tests) 11ms
 ✓ packages/erp-screens/src/clinical-templates/overview-data.test.ts (1 test) 24ms
 ✓ packages/erp-config/src/lifecycle/sources.test.ts (17 tests) 29ms
 ✓ packages/ops-ui/src/cn.test.ts (9 tests) 50ms
 ✓ packages/workspace-core/src/document-manager.test.ts (47 tests) 31ms
 ✓ packages/erp-config/src/dcp-designer-metadata.test.ts (2 tests) 6ms
 ✓ packages/erp-config/src/filter-policy.test.ts (15 tests) 18ms
 ✓ packages/erp-config/src/dcp-repeating.test.ts (4 tests) 10ms
 ✓ packages/erp-config/src/data-classification.test.ts (22 tests) 38ms
 ✓ packages/erp-data/src/dcp-runtime.test.ts (4 tests) 41ms
 ✓ packages/ai-client/src/policy.test.ts (9 tests) 16ms
 ✓ packages/ai-client/src/assemble.test.ts (19 tests) 21ms
 ✓ packages/ai-config/src/policy.test.ts (13 tests) 6ms
 ✓ packages/erp-screens/src/worklist/search-request.test.ts (10 tests) 19ms
 ✓ packages/reference-host/src/transport.test.ts (10 tests) 22ms
 ✓ packages/erp-shell/src/workspace/mdi-frames.test.ts (20 tests) 13ms
 ✓ packages/reference-school/src/bundle-boundary.test.ts (4 tests) 90ms
 ✓ packages/erp-data/src/csv-import.test.ts (5 tests) 28ms
 ✓ packages/erp-data/src/dcp-host.test.ts (2 tests) 12ms
 ✓ packages/reference-reports/src/routes.test.ts (5 tests) 16ms
 ✓ packages/platform-ports/src/devices.test.ts (1 test) 18ms
 ✓ packages/ops-ui/src/error-mapper.test.ts (32 tests) 13ms
 ✓ packages/workspace-core/src/detach.test.ts (14 tests) 61ms
 ✓ packages/erp-config/src/product.test.ts (7 tests) 19ms
 ✓ packages/auth/src/sentinel.test.ts (5 tests) 8ms
 ✓ packages/erp-screens/src/imports/workbook-options.test.ts (2 tests) 12ms
 ✓ packages/erp-data/src/draft-center.test.ts (2 tests) 9ms
 ✓ packages/workspace-core/src/policy.test.ts (15 tests) 14ms
 ✓ packages/ai-config/src/gates.test.ts (22 tests) 9ms
 ✓ packages/erp-config/src/draft-policy.test.ts (2 tests) 10ms
 ✓ packages/platform-ports/src/identity-devices.test.ts (2 tests) 15ms
 ✓ packages/erp-screens/src/spreadsheet/model.test.ts (4 tests) 15ms
 ✓ packages/erp-config/src/export-policy.test.ts (13 tests) 9ms
 ✓ packages/erp-config/src/preference-defaults.test.ts (3 tests) 5ms
 ✓ packages/ai-client/src/guard.test.ts (9 tests) 5ms
 ✓ packages/workspace-core/src/document-key.test.ts (9 tests) 9ms
 ✓ packages/erp-shell/src/workspace/target-document.test.ts (9 tests) 7ms
 ✓ packages/erp-config/src/form-rules.test.ts (3 tests) 4ms
 ✓ packages/erp-config/src/reference-modules.test.ts (4 tests) 4ms
 ✓ apps/desktop/src/platform/tauri-windows.test.ts (3 tests) 6ms
 ✓ packages/erp-screens/src/clinical-templates/record-age.test.ts (1 test) 9ms

 Test Files  156 passed (156)
      Tests  1859 passed (1859)
   Start at  07:57:22
   Duration  70.69s (transform 19.99s, setup 88.83s, collect 76.05s, tests 127.66s, environment 110.87s, prepare 21.14s)
