
> nexora-monorepo@1.0.0 test:api
> node --test ../dummy-api/*.test.mjs && npm run test:clinical-api

✔ authenticated configuration HTTP contract and conditional requests (4123.776544ms)
✔ navigation filters restricted pages, returns stable identity and handles authorization (964.061725ms)
✔ backend file edits change menu ordering and page translations, and overrides are isolated (1102.660573ms)
✔ rejects duplicates, invalid parents, cycles, unknown pages and malformed catalogs (718.018901ms)
✔ ordered stages, config snapshot, comments, requester notifications and persistence (9.57096ms)
✔ self approval, tenant/product isolation, stale versions and changed saved records are blocked (4.792824ms)
✔ bulk partial results, request changes, rejection, resubmission and idempotent recovery (4.04912ms)
✔ all four definitions and every form section are supplied by API (5.359989ms)
✔ create/save/replay survive CSV reload and reject stale writes and cross-scope reads (82.584482ms)
✔ temporary identity permitted for ED only; final verification is explicit (37.095511ms)
✔ bed reservation enforces requirements and concurrency across users (170.23832ms)
✔ order retains all instructions and cancellation preserves original record (140.510113ms)
✔ admission records occupancy; completion does not release the bed (218.256151ms)
✔ signed notes reject edits; addenda cannot rewrite the original values (69.096714ms)
✔ designer persists drafts, deduplicates retries, isolates scope and rejects stale saves (42.100708ms)
✔ designer rejects duplicate IDs, unsupported components and ambiguous options (0.944346ms)
✔ dependent API options persist leading-zero mappings and reject forged relationships and cross-scope access (23.696282ms)
✔ dependency validation rejects cycles, dangling parents, invalid option mappings and excessive depth (1.238189ms)
✔ catalog is shared by tenant/application, append-only and pinned by independent forms (107.00456ms)
✔ catalog validation rejects foreign/mismatched revisions, forged options and incomplete mappings (2.042155ms)
✔ review publication pins schemas, shares entity answers, validates server rules and rejects stale or foreign commands (480.104938ms)
✔ typed rules distinguish normalization and validation and reject cycles and forged metadata (0.868467ms)
✔ multi-parent choices intersect parent selections and reject indirect cycles (1.779393ms)
✔ v1 synthetic API retains null/false/row IDs, validates without writing and isolates CAS records (44.781627ms)
✔ repeating authoring sections persist normalized rows and return occurrence validation before submission (125.851947ms)
✔ queue is persisted with exact idempotency and changed payload conflicts (20.305227ms)
✔ scope isolates tenant, product, user and workstation jobs (18.656995ms)
✔ lookup preserves contexts and returns only exact backend records (0.870167ms)
✔ tenant policies require admin, version checks and enforce user locks (5.815702ms)
✔ browser dispatch means requested, demo means simulated, native stays queued (66.896408ms)
✔ dispatch applies policy changed after enqueue and cancelled jobs stay cancelled (111.938455ms)
✔ automatic event simulation is admin-only, opt-in and deduplicated by event ID (105.463587ms)
✔ routing validates device capability and rejects stale policy versions (15.908926ms)
✔ documentation HTTP authorizes every view and persists scoped read state (4333.23886ms)
✔ versioned guides, role-filtered search, explicit language fallback and invalid requests (54.485927ms)
✔ reading state is idempotent, persistent and isolated; only explicit acknowledgment acknowledges (222.627782ms)
✔ manifest rejects broken notices, duplicate versions and invalid tour anchors (5.111596ms)
✔ tenant rollout refuses future snapshots and product manifests stay separate (164.568489ms)
✔ center exposes metadata only and isolates tenant, owner and application (24.871012ms)
✔ unavailable entries conceal page/record identity and cannot be opened but remain discardable (6.553077ms)
✔ changed source versions, approval contexts and missing files have distinct statuses (9.58016ms)
✔ stale discard cannot erase a newer revision, expiry removes drafts and pagination is bounded (66.296624ms)
✔ a stolen opaque reference cannot open or delete another owner draft (1.550563ms)
✔ search matches localized page titles without searching unavailable identities (2.214556ms)
✔ mandatory exclusions are recursive and replay responses contain no secrets (103.968247ms)
✔ policy is tenant/application scoped and ordinary users cannot override it (94.285946ms)
✔ tightened exclusions erase existing drafts and replay copies; old windows cannot resurrect them (131.291017ms)
✔ retention purges on read and keeps tombstones; acknowledged business records survive (90.177966ms)
✔ disabled storage deletes all users drafts and never blocks ordinary record saves (98.74019ms)
✔ shared import and approval drafts survive restart and isolate owner, tenant, product and record (215.44554ms)
✔ shared draft HTTP authorization, payload restrictions and mandatory tenant policy (3501.731322ms)
✔ document read persists synthetic fields but never authenticates or changes patient (81.794726ms)
✔ request scope isolates tenant, application, patient binding, owner and station (22.313073ms)
✔ retries are idempotent, changed requests conflict and a fresh completion cannot replay (48.741105ms)
✔ expired challenges are rejected including result replay (39.890022ms)
✔ biometrics default off, admin policy and current lock apply to pending capture (69.958679ms)
✔ no capture without consent; native transport unavailable and raw biometric data rejected (21.955681ms)
✔ manual review works when biometrics are disabled and never sets authenticated (29.781957ms)
✔ cancel stops capture, only one active request allowed, expired document is distinct (104.693472ms)
✔ preview never writes, marks all CSV duplicates and detects existing records and invalid formats (6.957841ms)
✔ partial failures retry only failed rows and survive lost job receipts (6.083635ms)
✔ batch progress, race duplicates, role checks and user isolation (10.130095ms)
✔ backend generates real SVG symbols and persists exact retry identity (44.842317ms)
✔ rejects over-copies, incompatible stock, missing IDs and cross-category records (1.019477ms)
✔ tenant, application and user isolation with server-only admin authority (101.098607ms)
✔ print attempts are not completion; reprint reason and policy are enforced (172.824569ms)
✔ payment QR never marks paid on creation or print and expires server-side (156.43112ms)
✔ all advertised symbologies render; administrator simulation is explicit (488.61556ms)
✔ stock fit failure identifies the printer field (2.79021ms)
✔ every registered backend message has four complete translations (124.220705ms)
✔ the wire envelope preserves old clients, statuses and literal user data (1.30091ms)
✔ unknown errors and old persisted activity retain readable details (0.385092ms)
✔ monitoring HTTP permits collection but restricts management and rejects tenant spoofing (3149.031351ms)
✔ monitoring strips sensitive payloads, deduplicates deliveries, reopens incidents and isolates tenants/products (163.109247ms)
✔ monitoring validates page references and rate limits each authenticated user (814.190701ms)
✔ preference HTTP rejects non-admin policy writes, locked imports and stale clients (2729.377334ms)
✔ API module preference changes startup navigation only for its account and application (3260.784188ms)
✔ locks persist, reject overrides, and unlocking restores personal choices (177.390702ms)
✔ policy and overrides isolate tenant, product and user; permission is explicit (170.25278ms)
✔ stale policies, concurrent saves and invalid fields cannot replace current state (131.233145ms)
✔ admin defaults apply to new users; unlocked personal choices and reset take precedence (162.894708ms)
✔ default module persists per account and respects access revocation and tenant locks (238.603989ms)
✔ attachments round trip and list responses omit bytes; removal and retries are atomic (7.977648ms)
✔ comments, related records and activity are scoped; invalid or denied writes leave no event (132.289274ms)
✔ saved records and recovery drafts survive reopening the store (9.978241ms)
✔ record versions are shared in a tenant; drafts belong to the account (13.093236ms)
✔ stale saves and drafts cannot overwrite another window (4.312351ms)
✔ retrying an acknowledged operation is idempotent (6.82523ms)
✔ discard keeps a revision tombstone so late draft writes cannot resurrect it (11.04935ms)
✔ invalid payloads do not mutate the record (4.408243ms)
✔ a failed disk write does not publish a saved record (8.541252ms)
✔ create allocates an independent record and clears only the source draft (15.360182ms)
✔ authenticated HTTP record lifecycle, isolation and conflicts (2621.909462ms)
✔ [erp1] list envelope shape, facets, totals, pagination, q, sort (30.463072ms)
✔ [erp1] single row raw GET/PUT/DELETE round trip, 404 on bad id (1.324558ms)
✔ [erp1] tree entity: hierarchy present, rejects nonexistent parent and cycles (2.764911ms)
✔ [erp1] matrix entity: period selects a distinct dataset (11.03444ms)
✔ [erp1] lines/document entity: server recomputes totals, rejects negative qty (27.016026ms)
✔ [erp1] voucher entity: unbalanced debit/credit lines rejected (4.938095ms)
✔ [erp1] ref field rejects a nonexistent referenced row (1.711432ms)
✔ [erp1] branch/tenant isolation (2.127216ms)
✔ [erp1] wrong-branch and missing-identity denial (1.093668ms)
✔ [erp1] RBAC: admin/operations write broadly; finance limited to its allowlist; unknown role denied entirely (1.154848ms)
✔ [erp1] malformed input never throws (0.833746ms)
✔ [erp1] GET /dashboard returns a well-formed object (23.716604ms)
✔ [erp1] idempotent operationId replay vs conflicting payload (0.442814ms)
✔ [erp1] optimistic concurrency via expectedVersion (0.352542ms)
✔ [erp1] GET /lookups hydrates pool/options fields, resources, balances and approvers; rejects entity/page mismatch and unknown page (4.633105ms)
✔ [erp1] view-state GET/PUT round trip, scoped per user, rejects unknown keys and oversized values (0.925217ms)
✔ [erp1] view-state rejects malformed cols/views/mode shapes and never mutates the prior stored value (1.107148ms)
✔ [erp1] entity support returns activities and documents, requires an existing row (1.855424ms)
✔ [erp1] processes run persists a row and returns deterministic events; rejects unknown process, bad params and denied roles (2.600259ms)
✔ [erp1] a run's events are persisted and replay identically through support on repeated GETs, scoped per branch; non-process support never carries processEvents (6.98966ms)
✔ [erp1] preseeded historical process rows carry a deterministic fixture history matching their own status (3.451686ms)
✔ [erp1] GET /company-profile returns the scope's identity, never invented fields (0.423283ms)
✔ [erp2] list envelope shape, facets, totals, pagination, q, sort (5.842272ms)
✔ [erp2] single row raw GET/PUT/DELETE round trip, 404 on bad id (0.267992ms)
✔ [erp2] tree entity: hierarchy present, rejects nonexistent parent and cycles (0.192361ms)
✔ [erp2] matrix entity: period selects a distinct dataset (2.550299ms)
✔ [erp2] lines/document entity: server recomputes totals, rejects negative qty (4.959206ms)
✔ [erp2] voucher entity: unbalanced debit/credit lines rejected (0.900837ms)
✔ [erp2] ref field rejects a nonexistent referenced row (0.959498ms)
✔ [erp2] branch/tenant isolation (0.268932ms)
✔ [erp2] wrong-branch and missing-identity denial (0.06547ms)
✔ [erp2] RBAC: admin/operations write broadly; finance limited to its allowlist; unknown role denied entirely (4.977867ms)
✔ [erp2] malformed input never throws (0.12566ms)
✔ [erp2] GET /dashboard returns a well-formed object (11.383533ms)
✔ [erp2] idempotent operationId replay vs conflicting payload (0.496014ms)
✔ [erp2] optimistic concurrency via expectedVersion (0.227032ms)
✔ [erp2] GET /lookups hydrates pool/options fields, resources, balances and approvers; rejects entity/page mismatch and unknown page (1.211549ms)
✔ [erp2] view-state GET/PUT round trip, scoped per user, rejects unknown keys and oversized values (0.271512ms)
✔ [erp2] view-state rejects malformed cols/views/mode shapes and never mutates the prior stored value (0.284981ms)
✔ [erp2] entity support returns activities and documents, requires an existing row (1.274699ms)
✔ [erp2] processes run persists a row and returns deterministic events; rejects unknown process, bad params and denied roles (5.133018ms)
✔ [erp2] a run's events are persisted and replay identically through support on repeated GETs, scoped per branch; non-process support never carries processEvents (4.981396ms)
✔ [erp2] preseeded historical process rows carry a deterministic fixture history matching their own status (4.025458ms)
✔ [erp2] GET /company-profile returns the scope's identity, never invented fields (0.224562ms)
✔ erp1 and erp2 both construct and expose the same 57-page catalogue (0.149651ms)
✔ createReferenceErpStore requires a valid variant (1.097558ms)
✔ four reference module HTTP boundaries preserve authentication, role and branch scope (3437.110832ms)
✔ rejects missing identity or scope before touching data (31.998854ms)
✔ every inventoried endpoint is routed (never 404/405 for its method) (22.439453ms)
✔ host roles map to report roles; accepts module-prefixed paths (9.454367ms)
✔ partitions isolate tenant, application and branch; personal favorites stay per user (36.033322ms)
✔ report run: paging, totals, ASYNC_REQUIRED guard and masking with canUnmask (651.355865ms)
✔ exports return files, respect format actions and audit (217.846987ms)
✔ saved views: personal default, role views need admin.access, delete rules (3.482885ms)
✔ background job transitions, stored result pages, download and cancel (28.651028ms)
✔ emailed jobs record outbox only; sensitive results go as a signed link that needs the right user (14.875238ms)
✔ per-user active job limit returns TOO_MANY_JOBS (4.847855ms)
✔ schedules CRUD, run now, due processing and skip when access is lost (18.074342ms)
✔ email-in simulation creates a job; unknown senders and failed auth are rejected (54.705708ms)
✔ API key secret is shown once and authorises BI pulls in the same partition only (8.870755ms)
✔ authenticateApiKey trusts only the stored key: no client scope, current role, revoked/deactivated rejected (3.181303ms)
✔ unknown host role is denied at provision unless a roleMap hook authorizes it (2.829041ms)
✔ an explicit empty or invalid roleMap does not grant the default analyst role (3.056613ms)
✔ builder preview, create/update/delete custom report with sharing grants (9.987943ms)
✔ dashboards: create, widget access validation, sharing rules, delete (1.946544ms)
✔ admin users, roles and settings validation (3.732187ms)
✔ session resolves a fixed fictional identity per role and rejects a role the user does not hold (55.204252ms)
✔ generic resource list envelope {data,total}, filter, q, pagination (59.781616ms)
✔ CRUD round trip: students, invoices (payAmount), issues (return), delete (29.689406ms)
✔ library last-copy conflict on issues create (88.809897ms)
✔ meta is unwrapped; attendance/marks/report-card/stats use their documented envelopes (135.543587ms)
✔ branch and tenant isolation (106.749028ms)
✔ wrong-branch and missing-identity denial (2.168916ms)
✔ role scoping: student sees only own record/fee/attendance; parent sees only own children (56.957345ms)
✔ teacher academic writes are limited to their own assigned classes/records (23.356531ms)
✔ accountant is restricted to fees; librarian to books/issues (51.492824ms)
✔ quiz attempts: student-only, scored server-side, one attempt, denies a second submission (24.809071ms)
✔ settings: get/patch profile, change password, delete a session (25.092322ms)
✔ malformed input never throws and returns structured 4xx (28.073664ms)
✔ school profile, fee structure and contacts are readable reference data (24.881052ms)
✔ leave requests, reservations and fee reminders are scoped and validated (63.228111ms)
✔ quiz answer privacy, server-side grading and idempotent replay (24.113267ms)
✔ live room: host-only privileges, class isolation, single vote per identity (32.856359ms)
✔ newly canonical demo role aliases resolve to their school role; a query-role escalation is denied, a plain session is not (38.448401ms)
✔ dashboard stats trends: admin and accountant carry the documented fixed demo values; other roles never fabricate one (45.542623ms)
✔ invoice payment receipts: sequential per-scope numbers, honest receiptSent, atomic bounds preserved on negative/over-payment (26.812675ms)
✔ attachments: create validates base64, permitted type, the 1MB bound, filename traversal, and purpose/role scoping (124.711678ms)
✔ attachments: assignment-linked downloads follow class membership; an invalid id in the batch rejects atomically (34.089337ms)
✔ attachments: submission-linked downloads follow student-own / teacher-assigned / parent-child; impersonation and purpose mismatch are denied (45.102839ms)
✔ attachments: message-linked downloads follow thread ownership; body.owner never overrides it; ids never cross scope (38.693252ms)
✔ attachments: real frontend roundtrip — assignments.tsx/messages.tsx link the canonical SchoolAttachment object POST /attachments returned; a legacy bare id still resolves; injected/tampered metadata on that object is never trusted (19.479962ms)
✔ quiz shuffle: deterministic per-identity question/option delivery order, accurate server grading against that order, and revealAnswers:false withholds the answer key even after grading (17.109934ms)
✔ server-initialized POST metrics: books/classes/quizzes/assignments compute aggregates server-side; client-supplied aggregates are ignored; invalid counts and unknown class/teacher references reject atomically (19.868464ms)
✔ library return: authoritative $0.50/day-late fine computed from the real due/return dates, on-time return is free, and a repeated return is idempotent (no double fine, no double stock increment) (17.153445ms)
✔ submissions: a student can never set their own grade/feedback, and a teacher grading can never overwrite the student-authored submission text (14.347185ms)
✔ thread messages: a caller can never fabricate a new message "from" the other party, and can never rewrite an already-stored message (19.979376ms)
✔ thread messages: a patch may never silently drop a previously persisted message id (or its attachment links); the real full-array append is unaffected and the rejection is atomic (17.789709ms)
✔ quiz authority: student list/detail/questions/grade are scoped to their own class; a new attempt requires a Published quiz; a completed attempt is still readable/retryable after the quiz closes; an unassigned teacher never gets the answer key or preview access; the owning/assigned teacher and admin still can (20.590959ms)
✔ live sessions: offsetMin is anchored to the real current instant (source src/lib/mock/db.ts materializeLive, lines 72-82), not fixture midnight — /live list and /stats agree, and an explicit authored start is always respected (48.585635ms)
✔ live "end": an accepted host/admin end persists the session as Ended for later /live list/detail and /stats calls, is idempotent on retry, and a non-host end is denied without any mutation (47.860909ms)
✔ stats: admin may read the accountant finance projection (source ReportsPage fetches both directly) without ever mutating their own session identity; a teacher still cannot request it; an unrecognized role is still rejected; branch scoping and student/parent ownership are unaffected (69.048022ms)
✔ calendar month recurrence preserves the anchor day across February (1.082388ms)
✔ schedules persist, retry failed work, isolate owners and do not duplicate a due delivery (91.470026ms)
✔ HTTP enforcement: origins, tenant audit authorization, schedules and AI refusals (7547.036683ms)
✔ audit survives restart, isolates tenants, strips data and expires by retention (180.184483ms)
✔ providers must match exact HTTPS bases; expired credentials fail closed (0.435122ms)
✔ one user cannot exhaust another user allowance; tenant remains part of the key (1.921834ms)
✔ modified AI clients cannot send free text, clinical data, labels or undeclared keys (1.214448ms)
✔ encrypted credentials migrate, survive restart and reject the wrong master key (58.315555ms)
✔ personal views persist, isolate owners, and reject stale changes (3.930719ms)
✔ view layouts reject malformed values (0.373713ms)
✔ archive reports partial failures, is idempotent and persists in tenant/product/page scope (3.442076ms)
ℹ tests 205
ℹ suites 0
ℹ pass 205
ℹ fail 0
ℹ cancelled 0
ℹ skipped 0
ℹ todo 0
ℹ duration_ms 12803.373828

> nexora-monorepo@1.0.0 test:clinical-api
> tsc -p ../dummy-api/tsconfig.clinical.json && node --test ../dummy-api/clinical-template-store.test.ts ../dummy-api/clinical-template-csv.test.ts ../dummy-api/clinic-billing-store.test.ts ../dummy-api/clinical-triage-store.test.ts ../dummy-api/clinical-consultation-store.test.ts ../dummy-api/comprehensive-consultation-store.test.ts ../dummy-api/op-registration-store.test.ts

✔ prescription → order → invoice → partial payments → refund survives restart and duplicate retries (104.965244ms)
✔ permissions, conflicts, duplicate billing, input validation and tenant isolation (47.275005ms)
✔ void returns unpaid orders for rebilling and blocks paid invoice cancellation (85.553343ms)
✔ unpaid bill corrections preserve revisions and survive retries; paid, stale and unauthorized edits fail (86.984043ms)
✔ consultation drafts persist, retry once, validate explicit entries, finalize immutably and isolate scope (71.3612ms)
✔ expanded notes persist and legacy updates preserve new fields (32.604008ms)
✔ CSV create round-trips commas quotes Unicode newlines and booleans; query and 360 read the saved record after restart (104.165509ms)
✔ CSV changes are read on the next API operation; legacy JSON migration preserves records and leaves source intact (84.066612ms)
✔ corrupt CSV fails closed instead of replacing saved records with seed data (19.372541ms)
✔ CSV parser enforces quoting, row width and duplicate entity identities (0.398823ms)
✔ new related entries and their retry receipts survive restart and appear in 360 from CSV (63.682813ms)
✔ patient search applies combined filters, sorting and pagination (85.900127ms)
✔ complete registration is atomic, persisted and retried idempotently (84.015342ms)
✔ validation, duplicate identity and stale versions cannot alter records (50.548829ms)
✔ patient mutations are tenant/application scoped and permissions are enforced (89.101279ms)
✔ saved searches are user scoped; appointment writes are patient scoped and retry safe (48.078011ms)
✔ eligibility reads the saved policy and rejects unknown policy identities (25.541796ms)
✔ patient record keeps identifiers server managed and projects contact edits into search values (23.40275ms)
✔ registry search uses whole words, phrases, exclusions and child-record values (89.974766ms)
✔ draft persists and retries keep one identity; complete locks history and new assessments are blank (47.191184ms)
✔ completion requires explicit safety/priority and measurements or a reason; malformed input is rejected (22.925567ms)
✔ server roles, tenant scope, optimistic versions and corrupt CSV are enforced (5.862922ms)
✔ comprehensive CSV persists linked records, retries once, rejects stale and signed edits, isolates tenants (75.020177ms)
✔ reject malformed nested data, duplicate diagnoses, dangling orders and unsigned medication review (1.2806ms)
✔ score totals distinguish zero, incomplete, NT and invalid; E/M uses median and separate bounded time (5.955234ms)
✔ required validation, persistent check-in and idempotent retries (42.729011ms)
✔ write permission, optimistic conflict, server-owned eligibility and duplicate encounters (32.315415ms)
✔ clinical lifecycle: signed note immutable, service charges, payments, completion and addenda (138.440218ms)
✔ pending results require ownership, draft policy excludes sensitive fields and expires drafts (55.050281ms)
✔ appointment slot conflict and patient association validation (35.621121ms)
✔ pending results require an owner, date and plan; clinical closure is independent of payment (19.716383ms)
✔ discount cannot create overpayment and reversals preserve the original payment (27.402121ms)
✔ disabled drafts do not prevent check-in or ephemeral eligibility checks (5.483791ms)
ℹ tests 33
ℹ suites 0
ℹ pass 33
ℹ fail 0
ℹ cancelled 0
ℹ skipped 0
ℹ todo 0
ℹ duration_ms 905.749449
