
> nexora-monorepo@1.0.0 pretest:api
> npm run prepare:quality && npm run prepare:pharmacy


> nexora-monorepo@1.0.0 prepare:quality
> node scripts/quality/build-backend.mjs && node node_modules/typescript/bin/tsc -p ../dummy-api/quality-source/tsconfig.json

{"status":"TRANSPILED","files":16,"typeChecked":false}

> nexora-monorepo@1.0.0 prepare:pharmacy
> node scripts/pharmacy/build-backend.mjs && node node_modules/typescript/bin/tsc --noEmit -p ../dummy-api/pharmacy-source/tsconfig.json

{"status":"TRANSPILED","files":21,"typeChecked":false}

> nexora-monorepo@1.0.0 test:api
> node --test --test-concurrency=4 ../dummy-api/*.test.mjs && npm run test:clinical-api

✔ authenticated configuration HTTP contract and conditional requests (3633.797577ms)
✔ navigation filters restricted pages, returns stable identity and handles authorization (984.932033ms)
✔ backend file edits change menu ordering and page translations, and overrides are isolated (1495.998212ms)
✔ rejects duplicates, invalid parents, cycles, unknown pages and malformed catalogs (951.281841ms)
✔ ordered stages, config snapshot, comments, requester notifications and persistence (42.91634ms)
✔ self approval, tenant/product isolation, stale versions and changed saved records are blocked (9.55292ms)
✔ bulk partial results, request changes, rejection, resubmission and idempotent recovery (5.41809ms)
✔ all four definitions and every form section are supplied by API (3.386514ms)
✔ create/save/replay survive CSV reload and reject stale writes and cross-scope reads (135.453485ms)
✔ temporary identity permitted for ED only; final verification is explicit (42.704778ms)
✔ bed reservation enforces requirements and concurrency across users (72.762474ms)
✔ order retains all instructions and cancellation preserves original record (33.42509ms)
✔ admission records occupancy; completion does not release the bed (82.268652ms)
✔ signed notes reject edits; addenda cannot rewrite the original values (75.511294ms)
✔ designer persists drafts, deduplicates retries, isolates scope and rejects stale saves (28.976928ms)
✔ designer rejects duplicate IDs, unsupported components and ambiguous options (1.242399ms)
✔ dependent API options persist leading-zero mappings and reject forged relationships and cross-scope access (19.49871ms)
✔ dependency validation rejects cycles, dangling parents, invalid option mappings and excessive depth (0.986036ms)
✔ catalog is shared by tenant/application, append-only and pinned by independent forms (57.565125ms)
✔ catalog validation rejects foreign/mismatched revisions, forged options and incomplete mappings (3.453815ms)
✔ review publication pins schemas, shares entity answers, validates server rules and rejects stale or foreign commands (140.31544ms)
✔ typed rules distinguish normalization and validation and reject cycles and forged metadata (0.970248ms)
✔ multi-parent choices intersect parent selections and reject indirect cycles (2.399457ms)
✔ v1 synthetic API retains null/false/row IDs, validates without writing and isolates CAS records (48.212947ms)
✔ repeating authoring sections persist normalized rows and return occurrence validation before submission (116.767512ms)
✔ queue is persisted with exact idempotency and changed payload conflicts (27.362777ms)
✔ scope isolates tenant, product, user and workstation jobs (13.501138ms)
✔ lookup preserves contexts and returns only exact backend records (0.651845ms)
✔ tenant policies require admin, version checks and enforce user locks (9.430658ms)
✔ browser dispatch means requested, demo means simulated, native stays queued (91.597579ms)
✔ dispatch applies policy changed after enqueue and cancelled jobs stay cancelled (32.473984ms)
✔ automatic event simulation is admin-only, opt-in and deduplicated by event ID (22.378431ms)
✔ routing validates device capability and rejects stale policy versions (20.660448ms)
✔ diagnostic persistence separates module, tenant, application and branch (3.872167ms)
✔ source login and identity switching cannot bypass the authenticated host (0.374062ms)
✔ read-only and finance roles cannot perform clinical or master writes (0.379103ms)
✔ malformed and escaping diagnostic paths are refused (0.210112ms)
✔ source detail routes preserve identifiers and prefer static new-order route (1.454831ms)
✔ documentation HTTP authorizes every view and persists scoped read state (4221.365357ms)
✔ versioned guides, role-filtered search, explicit language fallback and invalid requests (50.960517ms)
✔ reading state is idempotent, persistent and isolated; only explicit acknowledgment acknowledges (29.981136ms)
✔ manifest rejects broken notices, duplicate versions and invalid tour anchors (4.909595ms)
✔ tenant rollout refuses future snapshots and product manifests stay separate (37.296368ms)
✔ center exposes metadata only and isolates tenant, owner and application (21.128091ms)
✔ unavailable entries conceal page/record identity and cannot be opened but remain discardable (2.972992ms)
✔ changed source versions, approval contexts and missing files have distinct statuses (3.035143ms)
✔ stale discard cannot erase a newer revision, expiry removes drafts and pagination is bounded (41.562469ms)
✔ a stolen opaque reference cannot open or delete another owner draft (2.062085ms)
✔ search matches localized page titles without searching unavailable identities (1.545221ms)
✔ mandatory exclusions are recursive and replay responses contain no secrets (52.329957ms)
✔ policy is tenant/application scoped and ordinary users cannot override it (37.747882ms)
✔ tightened exclusions erase existing drafts and replay copies; old windows cannot resurrect them (53.813168ms)
✔ retention purges on read and keeps tombstones; acknowledged business records survive (33.536321ms)
✔ disabled storage deletes all users drafts and never blocks ordinary record saves (50.175611ms)
✔ shared import and approval drafts survive restart and isolate owner, tenant, product and record (61.993516ms)
✔ shared draft HTTP authorization, payload restrictions and mandatory tenant policy (3852.215651ms)
✔ actual MockIns REST_JSON eligibility, claim, status and remittance round trip (536.05208ms)
✔ actual MockIns REST_XML eligibility, claim, status and remittance round trip (562.746362ms)
✔ actual MockIns SOAP11 eligibility, claim, status and remittance round trip (583.042589ms)
✔ actual MockIns SOAP12 eligibility, claim, status and remittance round trip (472.766515ms)
✔ actual MockIns fourth payer receives ordered frozen prior EOB with posted denial advice provenance (1659.41741ms)
✔ transport rejects unapproved origin/path and malformed correlated provider responses (2.066395ms)
✔ RCM HTTP uses authenticated host scope and separate commercial authority (5164.212378ms)
✔ actual payment/refund/collection providers retain unknown reservations and post reconciled money exactly once (480.566961ms)
✔ capture and refund: successful, refused and pending outcomes against the real payment simulator (520.230966ms)
✔ refund timeout_after_accept surfaces an unknown outcome that reconciles via refundStatus (312.912803ms)
✔ collection intents: successful, refused, pending, partial and timeout/reconcile outcomes (366.067436ms)
✔ tenant/merchant scope isolation: another scope cannot read or act on a payment, refund or collection intent (400.673284ms)
✔ client-side validation rejects unsafe/nonpositive amounts, bad currency and bad idempotency keys before any network call (219.38909ms)
✔ rejects an unconfigured non-loopback or path-bearing origin at construction time (0.512584ms)
✔ rejects a wrong response content type (7.685826ms)
✔ rejects an oversized response payload (>128KB) (13.668398ms)
✔ rejects mismatched amount, currency and malformed status in the response (11.334492ms)
✔ does not automatically replay on a transport error (5.239838ms)
✔ captured collection requires explicit provider captured-amount proof for POST and GET (5.000576ms)
✔ does not leak credentials to a redirect target and refuses to follow the redirect (5.270998ms)
✔ finance roles are separate from admin configuration and user/client scope cannot escalate (43.904116ms)
✔ durable tenant/branch/facility partitions and tenant default/branch policy inheritance (90.441531ms)
✔ safe integer/currency validation, stale versions and durable conflicting replay (33.225009ms)
✔ two concurrent store instances serialize one optimistic winner and no overcollection (13.451557ms)
✔ atomic persistence failure rolls back command financial state and replay identity (12.321798ms)
✔ four-payer waterfall conserves payer/patient balances through denials, remittance and clawback (102.461688ms)
✔ partially settled denied residual can be appealed, settled without duplicate prior payment (56.752998ms)
✔ trusted insured Suite import preserves header allocation remainders and opening balance exactly once (23.206048ms)
✔ untrusted import financial snapshots cannot bypass trusted reader, facility or source currency (8.006628ms)
✔ deposit reservations, maker-checker refunds and provider-disabled payout cannot overspend (36.10766ms)
✔ durable preparation precedes provider capture; lost outcome replays same provider key after restart (22.385422ms)
✔ provider refund unknown keeps funds reserved and correlation-reconciled success posts once (77.262957ms)
✔ provider pending collection reserves patient receivable and partial receipt conserves cents (28.233483ms)
✔ package reservations/releases, frozen commercial revisions and one case/excess invoice (78.899868ms)
✔ versioned maker-checker pricing/tax uses exact rounding and rejects stale proposal and overflow (43.975457ms)
✔ explicit configurable demo DRG quotes freeze version and never create a charge (23.689451ms)
✔ GL export is idempotently mapped, journal remains append-only and corruption fails closed (16.401848ms)
✔ commercial tenant defaults and branch overrides propagate across facilities with immutable histories (450.339002ms)
✔ cancellation releases only unsent refund reservation and collection captured amount must be proven (106.304626ms)
✔ clinical identities, source invoices and replay evidence survive restart without cross-branch leakage (168.408952ms)
✔ failed durable commit restores business data and retry ownership (87.41642ms)
✔ a second source writer is rejected until the owning writer closes (52.196336ms)
✔ document read persists synthetic fields but never authenticates or changes patient (28.090252ms)
✔ request scope isolates tenant, application, patient binding, owner and station (7.334582ms)
✔ retries are idempotent, changed requests conflict and a fresh completion cannot replay (13.310925ms)
✔ expired challenges are rejected including result replay (20.667028ms)
✔ biometrics default off, admin policy and current lock apply to pending capture (45.608859ms)
✔ no capture without consent; native transport unavailable and raw biometric data rejected (4.729694ms)
✔ manual review works when biometrics are disabled and never sets authenticated (7.224522ms)
✔ cancel stops capture, only one active request allowed, expired document is distinct (19.961383ms)
✔ preview never writes, marks all CSV duplicates and detects existing records and invalid formats (6.660137ms)
✔ partial failures retry only failed rows and survive lost job receipts (4.329341ms)
✔ batch progress, race duplicates, role checks and user isolation (3.558796ms)
✔ backend generates real SVG symbols and persists exact retry identity (55.462789ms)
✔ rejects over-copies, incompatible stock, missing IDs and cross-category records (0.943517ms)
✔ tenant, application and user isolation with server-only admin authority (44.588572ms)
✔ print attempts are not completion; reprint reason and policy are enforced (94.014067ms)
✔ payment QR never marks paid on creation or print and expires server-side (177.927081ms)
✔ all advertised symbologies render; administrator simulation is explicit (404.22413ms)
✔ stock fit failure identifies the printer field (1.457031ms)
✔ every registered backend message has four complete translations (142.860048ms)
✔ the wire envelope preserves old clients, statuses and literal user data (1.3406ms)
✔ unknown errors and old persisted activity retain readable details (0.548935ms)
✔ monitoring HTTP permits collection but restricts management and rejects tenant spoofing (3482.165725ms)
✔ monitoring strips sensitive payloads, deduplicates deliveries, reopens incidents and isolates tenants/products (108.534881ms)
✔ monitoring validates page references and rate limits each authenticated user (209.151956ms)
✔ preference HTTP rejects non-admin policy writes, locked imports and stale clients (4013.410701ms)
✔ API module preference changes startup navigation only for its account and application (3228.029114ms)
✔ locks persist, reject overrides, and unlocking restores personal choices (148.075016ms)
✔ policy and overrides isolate tenant, product and user; permission is explicit (86.728754ms)
✔ stale policies, concurrent saves and invalid fields cannot replace current state (49.467216ms)
✔ admin defaults apply to new users; unlocked personal choices and reset take precedence (41.450998ms)
✔ default module persists per account and respects access revocation and tenant locks (61.708604ms)
✔ attachments round trip and list responses omit bytes; removal and retries are atomic (6.139053ms)
✔ comments, related records and activity are scoped; invalid or denied writes leave no event (166.013075ms)
✔ saved records and recovery drafts survive reopening the store (20.775659ms)
✔ record versions are shared in a tenant; drafts belong to the account (10.016892ms)
✔ stale saves and drafts cannot overwrite another window (8.545352ms)
✔ retrying an acknowledged operation is idempotent (3.001402ms)
✔ discard keeps a revision tombstone so late draft writes cannot resurrect it (4.690383ms)
✔ invalid payloads do not mutate the record (0.899946ms)
✔ a failed disk write does not publish a saved record (2.583439ms)
✔ create allocates an independent record and clears only the source draft (1.910353ms)
✔ authenticated HTTP record lifecycle, isolation and conflicts (3569.296113ms)
✔ Embedded access role guards reject source actors, viewer writes, reset, malformed paths and unauthorized decisions (1.672192ms)
Seeded synthetic tenant configuration.
Seeded synthetic tenant configuration.
✔ Tenant Admin preserves immutable independent approvals, stale row versions, atomic replay, audit and partitioned records (3141.495632ms)
✔ MedBand keeps registration, counter/encounter rules, actor audit, admission clearances, atomic replay and branch isolation (1589.86623ms)
✔ [erp1] list envelope shape, facets, totals, pagination, q, sort (47.488203ms)
✔ [erp1] single row raw GET/PUT/DELETE round trip, 404 on bad id (1.602882ms)
✔ [erp1] tree entity: hierarchy present, rejects nonexistent parent and cycles (3.620357ms)
✔ [erp1] matrix entity: period selects a distinct dataset (3.022312ms)
✔ [erp1] lines/document entity: server recomputes totals, rejects negative qty (14.981097ms)
✔ [erp1] voucher entity: unbalanced debit/credit lines rejected (6.995991ms)
✔ [erp1] ref field rejects a nonexistent referenced row (8.767084ms)
✔ [erp1] branch/tenant isolation (1.23822ms)
✔ [erp1] wrong-branch and missing-identity denial (1.719671ms)
✔ [erp1] RBAC: admin/operations write broadly; finance limited to its allowlist; unknown role denied entirely (1.4324ms)
✔ [erp1] malformed input never throws (0.947767ms)
✔ [erp1] GET /dashboard returns a well-formed object (37.958242ms)
✔ [erp1] idempotent operationId replay vs conflicting payload (0.503724ms)
✔ [erp1] optimistic concurrency via expectedVersion (0.403792ms)
✔ [erp1] GET /lookups hydrates pool/options fields, resources, balances and approvers; rejects entity/page mismatch and unknown page (2.206035ms)
✔ [erp1] view-state GET/PUT round trip, scoped per user, rejects unknown keys and oversized values (1.241219ms)
✔ [erp1] view-state rejects malformed cols/views/mode shapes and never mutates the prior stored value (1.079289ms)
✔ [erp1] entity support returns activities and documents, requires an existing row (1.556941ms)
✔ [erp1] processes run persists a row and returns deterministic events; rejects unknown process, bad params and denied roles (7.241782ms)
✔ [erp1] a run's events are persisted and replay identically through support on repeated GETs, scoped per branch; non-process support never carries processEvents (9.274617ms)
✔ [erp1] preseeded historical process rows carry a deterministic fixture history matching their own status (5.383268ms)
✔ [erp1] GET /company-profile returns the scope's identity, never invented fields (1.36209ms)
✔ [erp2] list envelope shape, facets, totals, pagination, q, sort (7.224853ms)
✔ [erp2] single row raw GET/PUT/DELETE round trip, 404 on bad id (0.247001ms)
✔ [erp2] tree entity: hierarchy present, rejects nonexistent parent and cycles (0.387203ms)
✔ [erp2] matrix entity: period selects a distinct dataset (2.68697ms)
✔ [erp2] lines/document entity: server recomputes totals, rejects negative qty (2.455527ms)
✔ [erp2] voucher entity: unbalanced debit/credit lines rejected (1.058067ms)
✔ [erp2] ref field rejects a nonexistent referenced row (1.631062ms)
✔ [erp2] branch/tenant isolation (0.315893ms)
✔ [erp2] wrong-branch and missing-identity denial (5.204537ms)
✔ [erp2] RBAC: admin/operations write broadly; finance limited to its allowlist; unknown role denied entirely (1.040027ms)
✔ [erp2] malformed input never throws (0.210071ms)
✔ [erp2] GET /dashboard returns a well-formed object (18.387522ms)
✔ [erp2] idempotent operationId replay vs conflicting payload (0.553444ms)
✔ [erp2] optimistic concurrency via expectedVersion (0.377463ms)
✔ [erp2] GET /lookups hydrates pool/options fields, resources, balances and approvers; rejects entity/page mismatch and unknown page (1.1996ms)
✔ [erp2] view-state GET/PUT round trip, scoped per user, rejects unknown keys and oversized values (0.618945ms)
✔ [erp2] view-state rejects malformed cols/views/mode shapes and never mutates the prior stored value (0.524644ms)
✔ [erp2] entity support returns activities and documents, requires an existing row (2.985031ms)
✔ [erp2] processes run persists a row and returns deterministic events; rejects unknown process, bad params and denied roles (1.995324ms)
✔ [erp2] a run's events are persisted and replay identically through support on repeated GETs, scoped per branch; non-process support never carries processEvents (5.687131ms)
✔ [erp2] preseeded historical process rows carry a deterministic fixture history matching their own status (6.531757ms)
✔ [erp2] GET /company-profile returns the scope's identity, never invented fields (0.289972ms)
✔ erp1 and erp2 both construct and expose the same 57-page catalogue (0.266542ms)
✔ createReferenceErpStore requires a valid variant (0.682346ms)
✔ Healthcare Suite HTTP preserves host access grants, identity, product, branch and read-only boundaries (3662.783647ms)
✔ session retains authenticated host actor and branch-local selected facility (41.902402ms)
✔ store enforces actor, product, role, module, branch and read-only writes (12.814233ms)
✔ master CRUD and lookup contracts work for every original entity, preserving numeric form strings (91.184387ms)
✔ patient CRUD, duplicate fields and policy ownership are preserved (25.979767ms)
✔ slots, guest booking, blocked slots, reschedule, cancellation and repeated registration (18.571223ms)
✔ eligibility: ineligible member, expired policy, manual payer and insured visit requirements (13.592437ms)
✔ full insured ordering: prior approval, eRx, billing holds, split hospital/pharmacy invoices and co-pay cap (45.265296ms)
✔ rejected prior approval assigns patient share after settlement (17.322425ms)
✔ payments, cancellation and invoice replay prevent repeat financial/stock effects (23.427818ms)
✔ contract editing is atomic and blank override uses discounted default with flags (10.626506ms)
✔ partition identities isolate tenant, product and branch while sharing same branch data among actors (13.044404ms)
✔ unknown/unsupported shapes fail before mutation and preserve field errors (9.919042ms)
✔ aggregate repeated item stock cannot be oversold and failed invoice leaves every line unchanged (14.558695ms)
✔ dosing edits, approval in-flight protection and quantity changes invalidate approval of old quantities (19.37184ms)
✔ booking checks resource blocks and encounter check-in links appointment while keeping selected facility (15.458782ms)
✔ invoice creation treats zero as an unfilled payment row while later collection requires positive payment (17.115033ms)
✔ four reference module HTTP boundaries preserve authentication, role and branch scope (3239.88873ms)
✔ Pharmacy rejects forged roles, unsafe scope and clinical/financial authority bypass (2.732528ms)
Seeded demo data in 701 ms
Seeded demo data in 639 ms
✔ Pharmacy actual services: retry, rollback, durable partition, host actor and original end-to-end flows (3627.147268ms)
✔ Quality trust boundary rejects fabricated roles and unsafe scope/path (3.872527ms)
Seeding /home/pepadmin/.cache/agent-tmp/pepbits-quality-test-Ezvqki/d884760a05cc64cee8e6e4102018f6d78a83971b5d62ed92144a7ba6e9a5a973/allyvora-quality.db
  periods 2025-10 → 2026-09; Event Pulse months 2026-07, 2026-08, 2026-09
  Event Pulse: 9393 transactions, 46633 events, 442 duplicate deliveries rejected
  Validation: 66 issues opened
  Totals: { results: 1293, issues: 66, submissions: 12, audit: 779 }
Quality demonstration bootstrap completed; sign-in is managed by the host.
Seeding /home/pepadmin/.cache/agent-tmp/pepbits-quality-test-Ezvqki/c14bbd148138fd1e18e2881728ef696565545222b73eebd5559d50698b50475c/allyvora-quality.db
  periods 2025-10 → 2026-09; Event Pulse months 2026-07, 2026-08, 2026-09
  Event Pulse: 9393 transactions, 46633 events, 442 duplicate deliveries rejected
  Validation: 66 issues opened
  Totals: { results: 1293, issues: 66, submissions: 12, audit: 779 }
Quality demonstration bootstrap completed; sign-in is managed by the host.
Seeding /home/pepadmin/.cache/agent-tmp/pepbits-quality-test-Ezvqki/7e51d3e8597930036c2983a93d4529b0bf6adaec17f3c89c2a863ff96e0d9405/allyvora-quality.db
  periods 2025-10 → 2026-09; Event Pulse months 2026-07, 2026-08, 2026-09
  Event Pulse: 9393 transactions, 46633 events, 442 duplicate deliveries rejected
  Validation: 66 issues opened
  Totals: { results: 1293, issues: 66, submissions: 12, audit: 779 }
Quality demonstration bootstrap completed; sign-in is managed by the host.
✔ Quality actual SQLite workflows, actor, permissions, retry, version, correction and durable isolation (9881.478017ms)
✔ rejects missing identity or scope before touching data (24.94179ms)
✔ every inventoried endpoint is routed (never 404/405 for its method) (13.81978ms)
✔ host roles map to report roles; accepts module-prefixed paths (4.628164ms)
✔ partitions isolate tenant, application and branch; personal favorites stay per user (5.64011ms)
✔ report run: paging, totals, ASYNC_REQUIRED guard and masking with canUnmask (313.643039ms)
✔ exports return files, respect format actions and audit (107.943287ms)
✔ saved views: personal default, role views need admin.access, delete rules (2.808401ms)
✔ background job transitions, stored result pages, download and cancel (24.087124ms)
✔ emailed jobs record outbox only; sensitive results go as a signed link that needs the right user (11.566693ms)
✔ per-user active job limit returns TOO_MANY_JOBS (4.157909ms)
✔ schedules CRUD, run now, due processing and skip when access is lost (20.655688ms)
✔ email-in simulation creates a job; unknown senders and failed auth are rejected (8.182649ms)
✔ API key secret is shown once and authorises BI pulls in the same partition only (15.002918ms)
✔ authenticateApiKey trusts only the stored key: no client scope, current role, revoked/deactivated rejected (10.085503ms)
✔ unknown host role is denied at provision unless a roleMap hook authorizes it (8.628432ms)
✔ an explicit empty or invalid roleMap does not grant the default analyst role (2.522999ms)
✔ builder preview, create/update/delete custom report with sharing grants (14.720456ms)
✔ dashboards: create, widget access validation, sharing rules, delete (4.732444ms)
✔ admin users, roles and settings validation (5.918312ms)
✔ session resolves a fixed fictional identity per role and rejects a role the user does not hold (69.697071ms)
✔ generic resource list envelope {data,total}, filter, q, pagination (47.338801ms)
✔ CRUD round trip: students, invoices (payAmount), issues (return), delete (26.34798ms)
✔ library last-copy conflict on issues create (23.127407ms)
✔ meta is unwrapped; attendance/marks/report-card/stats use their documented envelopes (100.962507ms)
✔ branch and tenant isolation (106.004684ms)
✔ wrong-branch and missing-identity denial (0.255612ms)
✔ role scoping: student sees only own record/fee/attendance; parent sees only own children (48.900942ms)
✔ teacher academic writes are limited to their own assigned classes/records (36.229151ms)
✔ accountant is restricted to fees; librarian to books/issues (21.978028ms)
✔ quiz attempts: student-only, scored server-side, one attempt, denies a second submission (41.829501ms)
✔ settings: get/patch profile, change password, delete a session (20.767229ms)
✔ malformed input never throws and returns structured 4xx (23.649711ms)
✔ school profile, fee structure and contacts are readable reference data (30.790532ms)
✔ leave requests, reservations and fee reminders are scoped and validated (20.313356ms)
✔ quiz answer privacy, server-side grading and idempotent replay (32.321663ms)
✔ live room: host-only privileges, class isolation, single vote per identity (36.13505ms)
✔ newly canonical demo role aliases resolve to their school role; a query-role escalation is denied, a plain session is not (21.381014ms)
✔ dashboard stats trends: admin and accountant carry the documented fixed demo values; other roles never fabricate one (88.239645ms)
✔ invoice payment receipts: sequential per-scope numbers, honest receiptSent, atomic bounds preserved on negative/over-payment (16.978003ms)
✔ attachments: create validates base64, permitted type, the 1MB bound, filename traversal, and purpose/role scoping (69.345669ms)
✔ attachments: assignment-linked downloads follow class membership; an invalid id in the batch rejects atomically (25.294803ms)
✔ attachments: submission-linked downloads follow student-own / teacher-assigned / parent-child; impersonation and purpose mismatch are denied (24.076994ms)
✔ attachments: message-linked downloads follow thread ownership; body.owner never overrides it; ids never cross scope (55.706132ms)
✔ attachments: real frontend roundtrip — assignments.tsx/messages.tsx link the canonical SchoolAttachment object POST /attachments returned; a legacy bare id still resolves; injected/tampered metadata on that object is never trusted (40.852436ms)
✔ quiz shuffle: deterministic per-identity question/option delivery order, accurate server grading against that order, and revealAnswers:false withholds the answer key even after grading (37.979723ms)
✔ server-initialized POST metrics: books/classes/quizzes/assignments compute aggregates server-side; client-supplied aggregates are ignored; invalid counts and unknown class/teacher references reject atomically (18.11718ms)
✔ library return: authoritative $0.50/day-late fine computed from the real due/return dates, on-time return is free, and a repeated return is idempotent (no double fine, no double stock increment) (32.561594ms)
✔ submissions: a student can never set their own grade/feedback, and a teacher grading can never overwrite the student-authored submission text (43.768726ms)
✔ thread messages: a caller can never fabricate a new message "from" the other party, and can never rewrite an already-stored message (30.408518ms)
✔ thread messages: a patch may never silently drop a previously persisted message id (or its attachment links); the real full-array append is unaffected and the rejection is atomic (29.16513ms)
✔ quiz authority: student list/detail/questions/grade are scoped to their own class; a new attempt requires a Published quiz; a completed attempt is still readable/retryable after the quiz closes; an unassigned teacher never gets the answer key or preview access; the owning/assigned teacher and admin still can (28.557816ms)
✔ live sessions: offsetMin is anchored to the real current instant (source src/lib/mock/db.ts materializeLive, lines 72-82), not fixture midnight — /live list and /stats agree, and an explicit authored start is always respected (70.052524ms)
✔ live "end": an accepted host/admin end persists the session as Ended for later /live list/detail and /stats calls, is idempotent on retry, and a non-host end is denied without any mutation (68.963807ms)
✔ stats: admin may read the accountant finance projection (source ReportsPage fetches both directly) without ever mutating their own session identity; a teacher still cannot request it; an unrecognized role is still rejected; branch scoping and student/parent ownership are unaffected (93.669235ms)
✔ command registry and policy access table list exactly the same commands (2.154014ms)
✔ source journey across views: book, join, triage, doctor sign and patient summary (267.595806ms)
✔ sessions describe role, modes, staff and patients for each view (17.866648ms)
✔ source role spoofing, signer replacement and cross-module access are refused (107.862077ms)
✔ patient, tenant, application and branch partitions are isolated (112.102758ms)
✔ malformed identifiers, paths and bodies are refused without touching data (33.673442ms)
✔ booking guards cover mismatches, grid, hours, breaks, past times and interval overlap (145.264746ms)
✔ appointment transitions, role limits and rescheduling follow the source rules (243.375513ms)
✔ nurse cannot supply prescriptions, diagnoses or doctor-only content, and cannot sign as a doctor (168.402043ms)
✔ sign retries do not duplicate follow-ups, messages or bookings (154.459992ms)
✔ stale versions conflict, signed notes are locked and context mismatches are refused (127.741311ms)
✔ encounter content is validated against catalogs and bounds; scores are recomputed server-side (137.779062ms)
✔ patient and allergy writes use field allowlists and keep identifiers server-owned (199.507627ms)
✔ patients check in only for their own visits and the shipped demo allows self booking (168.033789ms)
✔ configuration overrides change scheduling, modes, recording, simulation and limits per branch (286.671373ms)
✔ current vitals and transcript frames replace SSE: authenticated, deterministic and consent-gated (230.123547ms)
✔ simulated arrival is explicit demo behaviour and asserts no consent (159.055294ms)
✔ state is durable across close and recreate, with exclusive writer ownership (163.98038ms)
✔ a lease left by a dead process is taken over and an unreadable state file is not silently reseeded (161.806365ms)
✔ audit history is bounded, ordered and restricted to the doctor mode (328.912789ms)
✔ concurrent first requests share one scope and every committed change is retained (136.108011ms)
✔ the default clock and shipped policy work without options (29.0362ms)
✔ a dedicated patient account needs the trusted host mapping; the config default never fills in (17.415355ms)
✔ self booking is on in the shipped demo and off by explicit override, independent of provider booking (88.995381ms)
✔ admin demo patient session may register a patient; fixed patients and a disabled setting cannot (178.230863ms)
✔ admin registration is durable across restart and replays exactly (48.085397ms)
✔ changed payload under a used idempotency key is a 409 conflict; exact replays and restarts keep working (62.317888ms)
✔ recording always requires consent and no policy can switch that off (132.936098ms)
✔ booking advice keeps the source specialty and red-flag rules on the API (51.436281ms)
✔ calendar month recurrence preserves the anchor day across February (3.281373ms)
✔ schedules persist, retry failed work, isolate owners and do not duplicate a due delivery (117.344624ms)
✔ additional School views require an explicit authenticated server grant (880.265578ms)
✔ School grants preserve configured node restrictions and do not expose roleless pages to other users (951.23195ms)
▶ six School header views enforce server roles, navigation, tenant branches and actor identity
  ✔ School Administrator (175.461812ms)
  ✔ School Teacher (92.436796ms)
  ✔ School Student (62.46116ms)
  ✔ School Parent (58.28226ms)
  ✔ School Librarian (54.949756ms)
  ✔ School Accountant (43.16702ms)
  ✔ selected roles retain School resource reads and mutations (794.936444ms)
✔ six School header views enforce server roles, navigation, tenant branches and actor identity (4938.738663ms)
✔ HTTP enforcement: origins, tenant audit authorization, schedules and AI refusals (8004.721272ms)
✔ audit survives restart, isolates tenants, strips data and expires by retention (44.835043ms)
✔ providers must match exact HTTPS bases; expired credentials fail closed (0.465703ms)
✔ one user cannot exhaust another user allowance; tenant remains part of the key (0.418224ms)
✔ modified AI clients cannot send free text, clinical data, labels or undeclared keys (0.788015ms)
✔ encrypted credentials migrate, survive restart and reject the wrong master key (14.260962ms)
✔ Teleconsult HTTP sessions, role grants, shared views and adopted branch policy (3064.381516ms)
✔ both modules share one partition per trusted tenant, application and branch (1.851483ms)
✔ scope rejects unauthenticated, malformed and unknown-module requests (1.905124ms)
✔ shipped configuration is valid and resolves defaults, tenant and branch overrides (2.72842ms)
✔ tenant defaults can be overridden by a branch without losing sibling settings (0.597194ms)
✔ invalid configuration is rejected with every problem and never partially applied (3.707837ms)
✔ provider mode comes from the authenticated grant; the header only selects among granted modes (4.105529ms)
✔ patient beneficiary is fixed for dedicated accounts and selectable only by admin (6.995719ms)
✔ shipped demo policy enables patient booking and admin registration; recording consent can never be disabled (1.828743ms)
✔ request parsing refuses escaping paths, oversized and non-object bodies (5.568449ms)
✔ idempotency keys are validated and header lookup is case-insensitive (0.461513ms)
✔ command access separates doctor, nurse and patient capabilities (4.440772ms)
✔ personal views persist, isolate owners, and reject stale changes (15.573223ms)
✔ view layouts reject malformed values (0.291862ms)
✔ archive reports partial failures, is idempotent and persists in tenant/product/page scope (14.416753ms)
ℹ tests 327
ℹ suites 0
ℹ pass 327
ℹ fail 0
ℹ cancelled 0
ℹ skipped 0
ℹ todo 0
ℹ duration_ms 27085.627514

> nexora-monorepo@1.0.0 test:clinical-api
> tsc -p ../dummy-api/tsconfig.clinical.json && node --test ../dummy-api/clinical-template-store.test.ts ../dummy-api/clinical-template-csv.test.ts ../dummy-api/clinic-billing-store.test.ts ../dummy-api/clinical-triage-store.test.ts ../dummy-api/clinical-consultation-store.test.ts ../dummy-api/comprehensive-consultation-store.test.ts ../dummy-api/op-registration-store.test.ts

✔ prescription → order → invoice → partial payments → refund survives restart and duplicate retries (65.479822ms)
✔ permissions, conflicts, duplicate billing, input validation and tenant isolation (46.727636ms)
✔ void returns unpaid orders for rebilling and blocks paid invoice cancellation (53.862868ms)
✔ unpaid bill corrections preserve revisions and survive retries; paid, stale and unauthorized edits fail (42.080343ms)
✔ consultation drafts persist, retry once, validate explicit entries, finalize immutably and isolate scope (37.980483ms)
✔ expanded notes persist and legacy updates preserve new fields (24.378866ms)
✔ CSV create round-trips commas quotes Unicode newlines and booleans; query and 360 read the saved record after restart (88.90885ms)
✔ CSV changes are read on the next API operation; legacy JSON migration preserves records and leaves source intact (58.308119ms)
✔ corrupt CSV fails closed instead of replacing saved records with seed data (17.849119ms)
✔ CSV parser enforces quoting, row width and duplicate entity identities (0.520713ms)
✔ new related entries and their retry receipts survive restart and appear in 360 from CSV (48.800782ms)
✔ patient search applies combined filters, sorting and pagination (59.986223ms)
✔ complete registration is atomic, persisted and retried idempotently (81.478877ms)
✔ validation, duplicate identity and stale versions cannot alter records (66.66926ms)
✔ patient mutations are tenant/application scoped and permissions are enforced (68.831616ms)
✔ saved searches are user scoped; appointment writes are patient scoped and retry safe (61.948166ms)
✔ eligibility reads the saved policy and rejects unknown policy identities (21.246833ms)
✔ patient record keeps identifiers server managed and projects contact edits into search values (30.859922ms)
✔ registry search uses whole words, phrases, exclusions and child-record values (75.098801ms)
✔ draft persists and retries keep one identity; complete locks history and new assessments are blank (26.672362ms)
✔ completion requires explicit safety/priority and measurements or a reason; malformed input is rejected (8.3389ms)
✔ server roles, tenant scope, optimistic versions and corrupt CSV are enforced (12.679362ms)
✔ comprehensive CSV persists linked records, retries once, rejects stale and signed edits, isolates tenants (39.127682ms)
✔ reject malformed nested data, duplicate diagnoses, dangling orders and unsigned medication review (3.628715ms)
✔ score totals distinguish zero, incomplete, NT and invalid; E/M uses median and separate bounded time (1.803763ms)
✔ required validation, persistent check-in and idempotent retries (26.669032ms)
✔ write permission, optimistic conflict, server-owned eligibility and duplicate encounters (36.32054ms)
✔ clinical lifecycle: signed note immutable, service charges, payments, completion and addenda (75.745395ms)
✔ pending results require ownership, draft policy excludes sensitive fields and expires drafts (28.005841ms)
✔ appointment slot conflict and patient association validation (40.064919ms)
✔ pending results require an owner, date and plan; clinical closure is independent of payment (42.702606ms)
✔ discount cannot create overpayment and reversals preserve the original payment (30.54673ms)
✔ disabled drafts do not prevent check-in or ephemeral eligibility checks (6.118533ms)
ℹ tests 33
ℹ suites 0
ℹ pass 33
ℹ fail 0
ℹ cancelled 0
ℹ skipped 0
ℹ todo 0
ℹ duration_ms 868.043771
