PASS header selects Tenant Admin
PASS original sidebar Tenant Admin / Overview
PASS original sidebar Tenant Admin / Billing access grants
PASS original sidebar Tenant Admin / Commercial authority
PASS original sidebar Tenant Admin / Document numbering
PASS original sidebar Tenant Admin / Items and services
PASS original sidebar Tenant Admin / Categories and terminology
PASS original sidebar Tenant Admin / Tax rules
PASS original sidebar Tenant Admin / Price books and prices
PASS original sidebar Tenant Admin / Discounts
PASS original sidebar Tenant Admin / Modifiers and MPR
PASS original sidebar Tenant Admin / Commercial releases
PASS original sidebar Tenant Admin / Payers, TPAs and sponsors
PASS original sidebar Tenant Admin / Networks
PASS original sidebar Tenant Admin / Plans and benefit rules
PASS original sidebar Tenant Admin / Contracts
PASS original sidebar Tenant Admin / Branch arrangements
PASS original sidebar Tenant Admin / Benefit pools
PASS original sidebar Tenant Admin / Billing policy
PASS original sidebar Tenant Admin / Reimbursement routes
PASS original sidebar Tenant Admin / Stay and case models
PASS original sidebar Tenant Admin / DRG configuration
PASS original sidebar Tenant Admin / Category rates
PASS original sidebar Tenant Admin / E&M level tables
PASS original sidebar Tenant Admin / Advanced models
PASS original sidebar Tenant Admin / Exchange profiles and routes
PASS original sidebar Tenant Admin / Payment and refund providers
PASS original sidebar Tenant Admin / Chart of accounts
PASS original sidebar Tenant Admin / GL mappings
PASS original sidebar Tenant Admin / Fiscal periods
PASS original sidebar Tenant Admin / Workflows and rules
PASS original sidebar Tenant Admin / Assistance and marketplace
PASS original sidebar Tenant Admin / Approvals inbox
PASS original sidebar Tenant Admin / Activity log
PASS header selects MedBand Patient Access
PASS original sidebar MedBand / Today
PASS original sidebar MedBand / Find patient
PASS original sidebar MedBand / Register patient
PASS original sidebar MedBand / New encounter
PASS original sidebar MedBand / Admissions
PASS original sidebar MedBand / Encounters
PASS original sidebar MedBand / Episodes and cases
PASS all 30 registry definitions and trusted Tenant Admin identity
PASS original new-version query opens shared drawer and actual UI draft persists
PASS MedBand masters and identity loaded through actual API
PASS actual UI registration persists into original dynamic patient record
PASS actual backend audit available
PASS linked admission-request form renders
PASS Tenant Admin read-only backend authority enforced
PASS MedBand read-only writes and destructive reset denied
PASS no browser console, page or fetched API errors
