
> nexora-monorepo@1.0.0 typecheck
> node scripts/typecheck.mjs


  typecheck

    ok    packages/ai-client
    ok    packages/ai-config
    ok    packages/ai-ui
    ok    packages/auth
    ok    packages/erp-config
    ok    packages/erp-data
    ok    packages/erp-screens
    ok    packages/erp-shell
    ok    packages/ops-ui
    ok    packages/platform-ports
    ok    packages/reference-diagnostics
    ok    packages/reference-erp1
    ok    packages/reference-erp2
    ok    packages/reference-healthcare-suite
    ok    packages/reference-host
    ok    packages/reference-keystone-core
    ok    packages/reference-lis1
    ok    packages/reference-lis2
    ok    packages/reference-medband
    ok    packages/reference-pharmacy
    ok    packages/reference-quality
    ok    packages/reference-reports
    ok    packages/reference-ris1
    ok    packages/reference-school
    ok    packages/reference-teleconsult
    ok    packages/reference-tenant-admin
    ok    packages/workspace-core
    ok    apps/desktop

  Every package typechecks.

