✔ Embedded access role guards reject source actors, viewer writes, reset, malformed paths and unauthorized decisions (1.883014ms)
Seeded synthetic tenant configuration.
Seeded synthetic tenant configuration.
✔ Tenant Admin preserves immutable independent approvals, stale row versions, atomic replay, audit and partitioned records (979.802061ms)
✔ MedBand keeps registration, counter/encounter rules, actor audit, admission clearances, atomic replay and branch isolation (601.821006ms)
✔ actual MedSlot navigation and all fourteen English guides obey host role grants (2665.883864ms)
✔ MedSlot rejects source impersonation, traversal, forged roles and restricted master access (0.749946ms)
✔ Real MedSlot booking, overlap, schedules, audit, restart/retry and isolation (10159.482452ms)
✔ shared embedded adapter preserves nested rollback and immediate source transactions (1.611532ms)
✔ actual SurgiSuite help configuration serves all nine guides in four languages and denies unrelated roles (7360.435031ms)
✔ SurgiSuite trusted roles reject auth endpoints, traversal, unknown paths and viewer writes (0.854567ms)
✔ Original surgical services work through isolated durable transactional host (3696.531012ms)
ℹ tests 10
ℹ suites 0
ℹ pass 10
ℹ fail 0
ℹ cancelled 0
ℹ skipped 0
ℹ todo 0
ℹ duration_ms 25676.324021
