vite v7.3.6 building client environment for production...
transforming...

./fonts/public-sans-latin-ext-wght-normal.woff2 referenced in ./fonts/public-sans-latin-ext-wght-normal.woff2 didn't resolve at build time, it will remain unchanged to be resolved at runtime

./fonts/public-sans-latin-wght-normal.woff2 referenced in ./fonts/public-sans-latin-wght-normal.woff2 didn't resolve at build time, it will remain unchanged to be resolved at runtime

./fonts/public-sans-latin-ext-wght-italic.woff2 referenced in ./fonts/public-sans-latin-ext-wght-italic.woff2 didn't resolve at build time, it will remain unchanged to be resolved at runtime

./fonts/public-sans-latin-wght-italic.woff2 referenced in ./fonts/public-sans-latin-wght-italic.woff2 didn't resolve at build time, it will remain unchanged to be resolved at runtime

./fonts/bricolage-grotesque-latin-standard-normal.woff2 referenced in ./fonts/bricolage-grotesque-latin-standard-normal.woff2 didn't resolve at build time, it will remain unchanged to be resolved at runtime
✓ 3248 modules transformed.
rendering chunks...
[plugin vite:reporter] 
(!) /home/pepadmin/pb/saas/lib/pepbits-frontend-library/desktop-clients/node_modules/@tauri-apps/api/core.js is dynamically imported by /home/pepadmin/pb/saas/lib/pepbits-frontend-library/desktop-clients/packages/erp-shell/src/sentinel.tsx, /home/pepadmin/pb/saas/lib/pepbits-frontend-library/desktop-clients/packages/erp-shell/src/sentinel.tsx but also statically imported by /home/pepadmin/pb/saas/lib/pepbits-frontend-library/desktop-clients/node_modules/@tauri-apps/api/dpi.js, /home/pepadmin/pb/saas/lib/pepbits-frontend-library/desktop-clients/node_modules/@tauri-apps/api/event.js, /home/pepadmin/pb/saas/lib/pepbits-frontend-library/desktop-clients/node_modules/@tauri-apps/api/image.js, /home/pepadmin/pb/saas/lib/pepbits-frontend-library/desktop-clients/node_modules/@tauri-apps/api/webview.js, /home/pepadmin/pb/saas/lib/pepbits-frontend-library/desktop-clients/node_modules/@tauri-apps/api/webviewWindow.js, /home/pepadmin/pb/saas/lib/pepbits-frontend-library/desktop-clients/node_modules/@tauri-apps/api/window.js, dynamic import will not move module into another chunk.

[plugin vite:reporter] 
(!) /home/pepadmin/pb/saas/lib/pepbits-frontend-library/desktop-clients/node_modules/@tauri-apps/api/event.js is dynamically imported by /home/pepadmin/pb/saas/lib/pepbits-frontend-library/desktop-clients/packages/erp-shell/src/sentinel.tsx but also statically imported by /home/pepadmin/pb/saas/lib/pepbits-frontend-library/desktop-clients/node_modules/@tauri-apps/api/webview.js, /home/pepadmin/pb/saas/lib/pepbits-frontend-library/desktop-clients/node_modules/@tauri-apps/api/webviewWindow.js, /home/pepadmin/pb/saas/lib/pepbits-frontend-library/desktop-clients/node_modules/@tauri-apps/api/window.js, dynamic import will not move module into another chunk.

computing gzip size...
dist/index.html                                       1.31 kB │ gzip:   0.58 kB
dist/assets/workbook-options.worker-B47Vz9Ey.js     368.07 kB
dist/assets/library-page-BZ8DFha9.css                 1.27 kB │ gzip:   0.59 kB
dist/assets/page-template-DHkRpzaa.css                2.17 kB │ gzip:   0.74 kB
dist/assets/library-page-B5FBY-Fy.css                 4.55 kB │ gzip:   1.28 kB
dist/assets/workspace-Bnk30RYg.css                    5.02 kB │ gzip:   1.41 kB
dist/assets/library-page-CNkCYsR4.css                 5.85 kB │ gzip:   1.45 kB
dist/assets/library-page-B8oeBtES.css                 9.14 kB │ gzip:   2.17 kB
dist/assets/index-C0VEpQLa.css                       11.91 kB │ gzip:   2.17 kB
dist/assets/index-DrfW4Pux.css                       26.29 kB │ gzip:   4.72 kB
dist/assets/index-CTiapoYQ.css                      799.11 kB │ gzip: 116.08 kB
dist/assets/clinical-triage-DHLgwzOt.js               0.12 kB │ gzip:   0.12 kB
dist/assets/clinical-consultation-CY0XKaxC.js         0.12 kB │ gzip:   0.12 kB
dist/assets/message-circle-iQ032JvE.js                0.14 kB │ gzip:   0.15 kB
dist/assets/bookmark--4NHGnPf.js                      0.16 kB │ gzip:   0.16 kB
dist/assets/arrow-up-right-BZrdKz3S.js                0.16 kB │ gzip:   0.16 kB
dist/assets/arrow-down-left-j58VLxuO.js               0.16 kB │ gzip:   0.16 kB
dist/assets/ban-CZkIT5-2.js                           0.17 kB │ gzip:   0.16 kB
dist/assets/clock-C_RkIwTF.js                         0.18 kB │ gzip:   0.17 kB
dist/assets/kanban-B2RDxyhX.js                        0.19 kB │ gzip:   0.16 kB
dist/assets/corner-up-left-D8xQConZ.js                0.19 kB │ gzip:   0.18 kB
dist/assets/circle-play-CaY4m3gI.js                   0.19 kB │ gzip:   0.17 kB
dist/assets/corner-down-left-Fmpb3A5L.js              0.19 kB │ gzip:   0.18 kB
dist/assets/circle-x-8BU-m_jF.js                      0.20 kB │ gzip:   0.17 kB
dist/assets/square-check-big-DFvIVMda.js              0.22 kB │ gzip:   0.19 kB
dist/assets/timer-DRz96AuE.js                         0.24 kB │ gzip:   0.18 kB
dist/assets/globe-wWK7JGX7.js                         0.24 kB │ gzip:   0.19 kB
dist/assets/type-D_4Mz4W9.js                          0.24 kB │ gzip:   0.19 kB
dist/assets/circle-pause-CRdGOrFm.js                  0.24 kB │ gzip:   0.18 kB
dist/assets/video-duGUU-4A.js                         0.25 kB │ gzip:   0.21 kB
dist/assets/search-x-DGhruA74.js                      0.25 kB │ gzip:   0.20 kB
dist/assets/calendar-BOpH51jl.js                      0.25 kB │ gzip:   0.20 kB
dist/assets/map-pin-B2nsvt7K.js                       0.26 kB │ gzip:   0.22 kB
dist/assets/user-round-x-BkfOkA65.js                  0.26 kB │ gzip:   0.21 kB
dist/assets/pen-line-D9VTwRjR.js                      0.27 kB │ gzip:   0.22 kB
dist/assets/zoom-in-VEiuJ0aG.js                       0.30 kB │ gzip:   0.21 kB
dist/assets/list-BzMnPN6Q.js                          0.30 kB │ gzip:   0.18 kB
dist/assets/calendar-check-DbV_ULGU.js                0.30 kB │ gzip:   0.22 kB
dist/assets/monitor-smartphone-CQh1PnoI.js            0.32 kB │ gzip:   0.24 kB
dist/assets/layout-grid-CNLHgfPN.js                   0.34 kB │ gzip:   0.19 kB
dist/assets/shield-plus-DF47DVkD.js                   0.35 kB │ gzip:   0.26 kB
dist/assets/syringe-ChfsQqSL.js                       0.36 kB │ gzip:   0.24 kB
dist/assets/door-open-BI_R1iwh.js                     0.37 kB │ gzip:   0.25 kB
dist/assets/radio-DD5OWMsu.js                         0.37 kB │ gzip:   0.25 kB
dist/assets/clsx-B-dksMZM.js                          0.37 kB │ gzip:   0.24 kB
dist/assets/phone-DvUo4ocy.js                         0.39 kB │ gzip:   0.25 kB
dist/assets/preference-choice-BYFfp0Li.js             0.41 kB │ gzip:   0.27 kB
dist/assets/sunrise-aqVIp3-5.js                       0.42 kB │ gzip:   0.25 kB
dist/assets/clinical-document-CRPU8npr.js             0.42 kB │ gzip:   0.33 kB
dist/assets/octagon-alert-BHCcO4Uf.js                 0.43 kB │ gzip:   0.25 kB
dist/assets/zap-eaCLt5Jb.js                           0.44 kB │ gzip:   0.28 kB
dist/assets/siren-CQZ732kt.js                         0.47 kB │ gzip:   0.27 kB
dist/assets/star-nwYQ1rA9.js                          0.47 kB │ gzip:   0.29 kB
dist/assets/scanner-input-DesPLu92.js                 0.48 kB │ gzip:   0.36 kB
dist/assets/monitor-CPC36QDR.js                       0.54 kB │ gzip:   0.31 kB
dist/assets/sun-faFBKM2n.js                           0.56 kB │ gzip:   0.30 kB
dist/assets/print-document-CLDDNvzd.js                0.60 kB │ gzip:   0.36 kB
dist/assets/square-pen-CY_FXnoq.js                    0.67 kB │ gzip:   0.36 kB
dist/assets/_commonjsHelpers-CE1G-McA.js              0.76 kB │ gzip:   0.40 kB
dist/assets/library-page-C01pDrwB.js                  0.80 kB │ gzip:   0.46 kB
dist/assets/smartphone-dHeIHlMp.js                    0.87 kB │ gzip:   0.47 kB
dist/assets/library-page-6s5kiSit.js                  0.89 kB │ gzip:   0.48 kB
dist/assets/clinical-templates-C6qMOJcp.js            0.92 kB │ gzip:   0.52 kB
dist/assets/source-controls-KDygUpGe.js               0.99 kB │ gzip:   0.36 kB
dist/assets/library-page-CCTc209W.js                  1.35 kB │ gzip:   0.73 kB
dist/assets/source-dialog-Bd_lXjdp.js                 1.46 kB │ gzip:   0.81 kB
dist/assets/configured-template-page-B0ka7epb.js      1.92 kB │ gzip:   0.96 kB
dist/assets/calendar-B0TU7JBN.js                      3.53 kB │ gzip:   1.63 kB
dist/assets/index-BNSyy-gF.js                         3.85 kB │ gzip:   1.81 kB
dist/assets/template-parts-CGKhAaHN.js                3.89 kB │ gzip:   1.44 kB
dist/assets/choice-fields-Bx3xo6AE.js                 7.48 kB │ gzip:   2.76 kB
dist/assets/library-page-D6_BJP6j.js                  7.57 kB │ gzip:   2.63 kB
dist/assets/library-page-BEjUdM9d.js                  9.07 kB │ gzip:   3.19 kB
dist/assets/template-library-CR4yn9ON.js              9.82 kB │ gzip:   3.31 kB
dist/assets/library-page-CwYh-2xh.js                 10.06 kB │ gzip:   3.49 kB
dist/assets/library-page-CQ-63brZ.js                 10.20 kB │ gzip:   4.00 kB
dist/assets/library-page-Drxt8NsV.js                 12.04 kB │ gzip:   4.43 kB
dist/assets/library-page-DnWO0gYs.js                 14.08 kB │ gzip:   5.03 kB
dist/assets/index-CnuHbK4R.js                        15.24 kB │ gzip:   2.97 kB
dist/assets/library-page-BabKQwEi.js                 24.06 kB │ gzip:   7.23 kB
dist/assets/library-page-DDoVFJ2L.js                 25.64 kB │ gzip:   7.25 kB
dist/assets/library-page-DxNkSbg_.js                 34.39 kB │ gzip:  10.71 kB
dist/assets/page-template-HCTBTb7o.js                34.84 kB │ gzip:  10.40 kB
dist/assets/workspace-DC2Fesfh.js                    46.33 kB │ gzip:  14.23 kB
dist/assets/component-catalog-DfTG5WHR.js            50.63 kB │ gzip:  12.48 kB
dist/assets/library-page-D0AoS6I3.js                 78.38 kB │ gzip:  23.62 kB
dist/assets/RegistryPage-k_MK26TO.js                119.63 kB │ gzip:  35.49 kB
dist/assets/index-CdlkM983.js                       122.47 kB │ gzip:  30.83 kB
dist/assets/index-C5WvLjQ0.js                       139.14 kB │ gzip:  35.27 kB
dist/assets/index-B0BVirXE.js                       140.07 kB │ gzip:  42.40 kB
dist/assets/index-DvmMdEOm.js                       171.52 kB │ gzip:  50.16 kB
dist/assets/index-BXZgr9ND.js                       186.64 kB │ gzip:  47.36 kB
dist/assets/index-B02ve4bo.js                       190.58 kB │ gzip:  56.81 kB
dist/assets/react-runtime-DmnU9n7m.js               192.44 kB │ gzip:  60.35 kB
dist/assets/index-C5KdQwhY.js                       207.72 kB │ gzip:  56.43 kB
dist/assets/index-DVNjhHpS.js                       225.69 kB │ gzip:  60.80 kB
dist/assets/index-Czh5rAF0.js                       226.74 kB │ gzip:  60.18 kB
dist/assets/index-B_tFXrAs.js                       239.54 kB │ gzip:  65.67 kB
dist/assets/index-BQSWEZIx.js                       244.43 kB │ gzip:  64.92 kB
dist/assets/index-DkzpTLEY.js                       247.62 kB │ gzip:  64.91 kB
dist/assets/index-COx2f6J7.js                       261.42 kB │ gzip:  70.69 kB
dist/assets/index-DsZtW2m9.js                       291.64 kB │ gzip:  78.15 kB
dist/assets/index-DhFhaAUl.js                       324.91 kB │ gzip:  83.68 kB
dist/assets/index-u1gcIRRG.js                       344.97 kB │ gzip:  94.28 kB
dist/assets/BarChart-D8XwDeFp.js                    393.29 kB │ gzip: 107.93 kB
dist/assets/ui-english-fallback-ghkGKZJJ.js         657.18 kB │ gzip: 183.27 kB
dist/assets/locale-fallback-en-BsPY7wzl.js        1,144.32 kB │ gzip: 299.10 kB
dist/assets/index-CBw0z6s3.js                     1,369.01 kB │ gzip: 403.15 kB
dist/assets/locale-fallback-ar-DoVAnQN-.js        1,449.28 kB │ gzip: 398.19 kB
dist/assets/locale-fallback-hi-CowjZCxZ.js        1,888.69 kB │ gzip: 421.55 kB
dist/assets/locale-fallback-ml-B70RGdYQ.js        2,182.61 kB │ gzip: 444.91 kB

(!) Some chunks are larger than 500 kB after minification. Consider:
- Using dynamic import() to code-split the application
- Use build.rollupOptions.output.manualChunks to improve chunking: https://rollupjs.org/configuration-options/#output-manualchunks
- Adjust chunk size limit for this warning via build.chunkSizeWarningLimit.
✓ built in 17.50s
