
  22 packages use utility classes

  every styled package is @source'd by both apps
  ok    web: ai-ui                                          
  ok    web: erp-screens                                    
  ok    web: erp-shell                                      
  ok    web: ops-ui                                         
  ok    web: reference-erp1                                 
  ok    web: reference-erp2                                 
  ok    web: reference-healthcare-suite                     
  ok    web: reference-host                                 
  ok    web: reference-keystone-core                        
  ok    web: reference-lis1                                 
  ok    web: reference-lis2                                 
  ok    web: reference-medband                              
  ok    web: reference-medslot                              
  ok    web: reference-pharmacy                             
  ok    web: reference-quality                              
  ok    web: reference-rcm                                  
  ok    web: reference-reports                              
  ok    web: reference-ris1                                 
  ok    web: reference-school                               
  ok    web: reference-surgisuite                           
  ok    web: reference-teleconsult                          
  ok    web: reference-tenant-admin                         
  ok    desktop: ai-ui                                      
  ok    desktop: erp-screens                                
  ok    desktop: erp-shell                                  
  ok    desktop: ops-ui                                     
  ok    desktop: reference-erp1                             
  ok    desktop: reference-erp2                             
  ok    desktop: reference-healthcare-suite                 
  ok    desktop: reference-host                             
  ok    desktop: reference-keystone-core                    
  ok    desktop: reference-lis1                             
  ok    desktop: reference-lis2                             
  ok    desktop: reference-medband                          
  ok    desktop: reference-medslot                          
  ok    desktop: reference-pharmacy                         
  ok    desktop: reference-quality                          
  ok    desktop: reference-rcm                              
  ok    desktop: reference-reports                          
  ok    desktop: reference-ris1                             
  ok    desktop: reference-school                           
  ok    desktop: reference-surgisuite                       
  ok    desktop: reference-teleconsult                      
  ok    desktop: reference-tenant-admin                     

  utilities unique to a package survive into the built CSS
    skip   web: no build found — run ./run.sh build
  ok    desktop: ai-ui                                      1 canaries present
  ok    desktop: erp-screens                                6 canaries present
  ok    desktop: erp-shell                                  6 canaries present
  ok    desktop: ops-ui                                     6 canaries present
  ok    desktop: reference-erp1                             3 canaries present
  ok    desktop: reference-erp2                             6 canaries present
  ok    desktop: reference-healthcare-suite                 6 canaries present
  ok    desktop: reference-host                             2 canaries present
  ok    desktop: reference-keystone-core                    6 canaries present
  ok    desktop: reference-lis1 .diagnostic-lis1            compiled stylesheet boundary
  ok    desktop: reference-lis1                             6 canaries present
  ok    desktop: reference-lis2 .diagnostic-lis2            compiled stylesheet boundary
  ok    desktop: reference-lis2                             6 canaries present
  ok    desktop: reference-medband .reference-medband       compiled stylesheet boundary
  ok    desktop: reference-medband                          6 canaries present
  ok    desktop: reference-medslot .reference-medslot       compiled stylesheet boundary
  ok    desktop: reference-medslot                          6 canaries present
  ok    desktop: reference-pharmacy .reference-pharmacy     compiled stylesheet boundary
  ok    desktop: reference-pharmacy                         6 canaries present
  ok    desktop: reference-quality .reference-quality       compiled stylesheet boundary
  ok    desktop: reference-quality                          6 canaries present
  ok    desktop: reference-rcm .reference-rcm               compiled stylesheet boundary
  ok    desktop: reference-rcm                              6 canaries present
  ok    desktop: reference-reports                          6 canaries present
  ok    desktop: reference-ris1 .diagnostic-ris1            compiled stylesheet boundary
  ok    desktop: reference-ris1                             6 canaries present
  ok    desktop: reference-school                           6 canaries present
  ok    desktop: reference-surgisuite .reference-surgisuite compiled stylesheet boundary
  ok    desktop: reference-surgisuite                       6 canaries present
  ok    desktop: reference-teleconsult .teleconsult-providercompiled stylesheet boundary
  ok    desktop: reference-teleconsult .teleconsult-patient compiled stylesheet boundary
  ok    desktop: reference-teleconsult                      6 canaries present
  ok    desktop: reference-tenant-admin .reference-tenant-admincompiled stylesheet boundary
  ok    desktop: reference-tenant-admin                     6 canaries present

  Every styled package is visible to both apps, and its classes survive the build.

