✖ shared fonts survive Tailwind imports and Next Webpack URL resolution: apps/web/src/app/globals.css (1246.450889ms)
✖ shared fonts survive Tailwind imports and Next Webpack URL resolution: apps/desktop/src/globals.css (665.838353ms)
ℹ tests 2
ℹ suites 0
ℹ pass 0
ℹ fail 2
ℹ cancelled 0
ℹ skipped 0
ℹ todo 0
ℹ duration_ms 2042.624437

✖ failing tests:

test at scripts/reference-fonts.test.mjs:18:2
✖ shared fonts survive Tailwind imports and Next Webpack URL resolution: apps/web/src/app/globals.css (1246.450889ms)
  AssertionError [ERR_ASSERTION]: ERROR in ./apps/web/src/app/globals.css 4:0-108
  Module not found: Error: Can't resolve './@pepbits/tokens/fonts/public-sans-latin-ext-wght-normal.woff2' in '/home/pepadmin/pb/saas/lib/pepbits-frontend-library/desktop-clients/apps/web/src/app'
  resolve './@pepbits/tokens/fonts/public-sans-latin-ext-wght-normal.woff2' in '/home/pepadmin/pb/saas/lib/pepbits-frontend-library/desktop-clients/apps/web/src/app'
    using description file: /home/pepadmin/pb/saas/lib/pepbits-frontend-library/desktop-clients/apps/web/package.json (relative path: ./src/app)
      Field 'browser' doesn't contain a valid alias configuration
      using description file: /home/pepadmin/pb/saas/lib/pepbits-frontend-library/desktop-clients/apps/web/package.json (relative path: ./src/app/@pepbits/tokens/fonts/public-sans-latin-ext-wght-normal.woff2)
        no extension
          Field 'browser' doesn't contain a valid alias configuration
          /home/pepadmin/pb/saas/lib/pepbits-frontend-library/desktop-clients/apps/web/src/app/@pepbits/tokens/fonts/public-sans-latin-ext-wght-normal.woff2 doesn't exist
        .js
          Field 'browser' doesn't contain a valid alias configuration
          /home/pepadmin/pb/saas/lib/pepbits-frontend-library/desktop-clients/apps/web/src/app/@pepbits/tokens/fonts/public-sans-latin-ext-wght-normal.woff2.js doesn't exist
        .json
          Field 'browser' doesn't contain a valid alias configuration
          /home/pepadmin/pb/saas/lib/pepbits-frontend-library/desktop-clients/apps/web/src/app/@pepbits/tokens/fonts/public-sans-latin-ext-wght-normal.woff2.json doesn't exist
        .wasm
          Field 'browser' doesn't contain a valid alias configuration
          /home/pepadmin/pb/saas/lib/pepbits-frontend-library/desktop-clients/apps/web/src/app/@pepbits/tokens/fonts/public-sans-latin-ext-wght-normal.woff2.wasm doesn't exist
        as directory
          /home/pepadmin/pb/saas/lib/pepbits-frontend-library/desktop-clients/apps/web/src/app/@pepbits/tokens/fonts/public-sans-latin-ext-wght-normal.woff2 doesn't exist
  
  ERROR in ./apps/web/src/app/globals.css 5:0-104
  Module not found: Error: Can't resolve './@pepbits/tokens/fonts/public-sans-latin-wght-normal.woff2' in '/home/pepadmin/pb/saas/lib/pepbits-frontend-library/desktop-clients/apps/web/src/app'
  resolve './@pepbits/tokens/fonts/public-sans-latin-wght-normal.woff2' in '/home/pepadmin/pb/saas/lib/pepbits-frontend-library/desktop-clients/apps/web/src/app'
    using description file: /home/pepadmin/pb/saas/lib/pepbits-frontend-library/desktop-clients/apps/web/package.json (relative path: ./src/app)
      Field 'browser' doesn't contain a valid alias configuration
      using description file: /home/pepadmin/pb/saas/lib/pepbits-frontend-library/desktop-clients/apps/web/package.json (relative path: ./src/app/@pepbits/tokens/fonts/public-sans-latin-wght-normal.woff2)
        no extension
          Field 'browser' doesn't contain a valid alias configuration
          /home/pepadmin/pb/saas/lib/pepbits-frontend-library/desktop-clients/apps/web/src/app/@pepbits/tokens/fonts/public-sans-latin-wght-normal.woff2 doesn't exist
        .js
          Field 'browser' doesn't contain a valid alias configuration
          /home/pepadmin/pb/saas/lib/pepbits-frontend-library/desktop-clients/apps/web/src/app/@pepbits/tokens/fonts/public-sans-latin-wght-normal.woff2.js doesn't exist
        .json
          Field 'browser' doesn't contain a valid alias configuration
          /home/pepadmin/pb/saas/lib/pepbits-frontend-library/desktop-clients/apps/web/src/app/@pepbits/tokens/fonts/public-sans-latin-wght-normal.woff2.json doesn't exist
        .wasm
          Field 'browser' doesn't contain a valid alias configuration
          /home/pepadmin/pb/saas/lib/pepbits-frontend-library/desktop-clients/apps/web/src/app/@pepbits/tokens/fonts/public-sans-latin-wght-normal.woff2.wasm doesn't exist
        as directory
          /home/pepadmin/pb/saas/lib/pepbits-frontend-library/desktop-clients/apps/web/src/app/@pepbits/tokens/fonts/public-sans-latin-wght-normal.woff2 doesn't exist
  
  ERROR in ./apps/web/src/app/globals.css 6:0-108
  Module not found: Error: Can't resolve './@pepbits/tokens/fonts/public-sans-latin-ext-wght-italic.woff2' in '/home/pepadmin/pb/saas/lib/pepbits-frontend-library/desktop-clients/apps/web/src/app'
  resolve './@pepbits/tokens/fonts/public-sans-latin-ext-wght-italic.woff2' in '/home/pepadmin/pb/saas/lib/pepbits-frontend-library/desktop-clients/apps/web/src/app'
    using description file: /home/pepadmin/pb/saas/lib/pepbits-frontend-library/desktop-clients/apps/web/package.json (relative path: ./src/app)
      Field 'browser' doesn't contain a valid alias configuration
      using description file: /home/pepadmin/pb/saas/lib/pepbits-frontend-library/desktop-clients/apps/web/package.json (relative path: ./src/app/@pepbits/tokens/fonts/public-sans-latin-ext-wght-italic.woff2)
        no extension
          Field 'browser' doesn't contain a valid alias configuration
          /home/pepadmin/pb/saas/lib/pepbits-frontend-library/desktop-clients/apps/web/src/app/@pepbits/tokens/fonts/public-sans-latin-ext-wght-italic.woff2 doesn't exist
        .js
          Field 'browser' doesn't contain a valid alias configuration
          /home/pepadmin/pb/saas/lib/pepbits-frontend-library/desktop-clients/apps/web/src/app/@pepbits/tokens/fonts/public-sans-latin-ext-wght-italic.woff2.js doesn't exist
        .json
          Field 'browser' doesn't contain a valid alias configuration
          /home/pepadmin/pb/saas/lib/pepbits-frontend-library/desktop-clients/apps/web/src/app/@pepbits/tokens/fonts/public-sans-latin-ext-wght-italic.woff2.json doesn't exist
        .wasm
          Field 'browser' doesn't contain a valid alias configuration
          /home/pepadmin/pb/saas/lib/pepbits-frontend-library/desktop-clients/apps/web/src/app/@pepbits/tokens/fonts/public-sans-latin-ext-wght-italic.woff2.wasm doesn't exist
        as directory
          /home/pepadmin/pb/saas/lib/pepbits-frontend-library/desktop-clients/apps/web/src/app/@pepbits/tokens/fonts/public-sans-latin-ext-wght-italic.woff2 doesn't exist
  
  ERROR in ./apps/web/src/app/globals.css 7:0-104
  Module not found: Error: Can't resolve './@pepbits/tokens/fonts/public-sans-latin-wght-italic.woff2' in '/home/pepadmin/pb/saas/lib/pepbits-frontend-library/desktop-clients/apps/web/src/app'
  resolve './@pepbits/tokens/fonts/public-sans-latin-wght-italic.woff2' in '/home/pepadmin/pb/saas/lib/pepbits-frontend-library/desktop-clients/apps/web/src/app'
    using description file: /home/pepadmin/pb/saas/lib/pepbits-frontend-library/desktop-clients/apps/web/package.json (relative path: ./src/app)
      Field 'browser' doesn't contain a valid alias configuration
      using description file: /home/pepadmin/pb/saas/lib/pepbits-frontend-library/desktop-clients/apps/web/package.json (relative path: ./src/app/@pepbits/tokens/fonts/public-sans-latin-wght-italic.woff2)
        no extension
          Field 'browser' doesn't contain a valid alias configuration
          /home/pepadmin/pb/saas/lib/pepbits-frontend-library/desktop-clients/apps/web/src/app/@pepbits/tokens/fonts/public-sans-latin-wght-italic.woff2 doesn't exist
        .js
          Field 'browser' doesn't contain a valid alias configuration
          /home/pepadmin/pb/saas/lib/pepbits-frontend-library/desktop-clients/apps/web/src/app/@pepbits/tokens/fonts/public-sans-latin-wght-italic.woff2.js doesn't exist
        .json
          Field 'browser' doesn't contain a valid alias configuration
          /home/pepadmin/pb/saas/lib/pepbits-frontend-library/desktop-clients/apps/web/src/app/@pepbits/tokens/fonts/public-sans-latin-wght-italic.woff2.json doesn't exist
        .wasm
          Field 'browser' doesn't contain a valid alias configuration
          /home/pepadmin/pb/saas/lib/pepbits-frontend-library/desktop-clients/apps/web/src/app/@pepbits/tokens/fonts/public-sans-latin-wght-italic.woff2.wasm doesn't exist
        as directory
          /home/pepadmin/pb/saas/lib/pepbits-frontend-library/desktop-clients/apps/web/src/app/@pepbits/tokens/fonts/public-sans-latin-wght-italic.woff2 doesn't exist
  
  ERROR in ./apps/web/src/app/globals.css 8:0-116
  Module not found: Error: Can't resolve './@pepbits/tokens/fonts/bricolage-grotesque-latin-standard-normal.woff2' in '/home/pepadmin/pb/saas/lib/pepbits-frontend-library/desktop-clients/apps/web/src/app'
  resolve './@pepbits/tokens/fonts/bricolage-grotesque-latin-standard-normal.woff2' in '/home/pepadmin/pb/saas/lib/pepbits-frontend-library/desktop-clients/apps/web/src/app'
    using description file: /home/pepadmin/pb/saas/lib/pepbits-frontend-library/desktop-clients/apps/web/package.json (relative path: ./src/app)
      Field 'browser' doesn't contain a valid alias configuration
      using description file: /home/pepadmin/pb/saas/lib/pepbits-frontend-library/desktop-clients/apps/web/package.json (relative path: ./src/app/@pepbits/tokens/fonts/bricolage-grotesque-latin-standard-normal.woff2)
        no extension
          Field 'browser' doesn't contain a valid alias configuration
          /home/pepadmin/pb/saas/lib/pepbits-frontend-library/desktop-clients/apps/web/src/app/@pepbits/tokens/fonts/bricolage-grotesque-latin-standard-normal.woff2 doesn't exist
        .js
          Field 'browser' doesn't contain a valid alias configuration
          /home/pepadmin/pb/saas/lib/pepbits-frontend-library/desktop-clients/apps/web/src/app/@pepbits/tokens/fonts/bricolage-grotesque-latin-standard-normal.woff2.js doesn't exist
        .json
          Field 'browser' doesn't contain a valid alias configuration
          /home/pepadmin/pb/saas/lib/pepbits-frontend-library/desktop-clients/apps/web/src/app/@pepbits/tokens/fonts/bricolage-grotesque-latin-standard-normal.woff2.json doesn't exist
        .wasm
          Field 'browser' doesn't contain a valid alias configuration
          /home/pepadmin/pb/saas/lib/pepbits-frontend-library/desktop-clients/apps/web/src/app/@pepbits/tokens/fonts/bricolage-grotesque-latin-standard-normal.woff2.wasm doesn't exist
        as directory
          /home/pepadmin/pb/saas/lib/pepbits-frontend-library/desktop-clients/apps/web/src/app/@pepbits/tokens/fonts/bricolage-grotesque-latin-standard-normal.woff2 doesn't exist
  
      at TestContext.<anonymous> (file:///home/pepadmin/pb/saas/lib/pepbits-frontend-library/desktop-clients/scripts/reference-fonts.test.mjs:27:11)
      at async Test.run (node:internal/test_runner/test:1409:7)
      at async startSubtestAfterBootstrap (node:internal/test_runner/harness:387:3) {
    generatedMessage: false,
    code: 'ERR_ASSERTION',
    actual: false,
    expected: true,
    operator: '==',
    diff: 'simple'
  }

test at scripts/reference-fonts.test.mjs:18:2
✖ shared fonts survive Tailwind imports and Next Webpack URL resolution: apps/desktop/src/globals.css (665.838353ms)
  AssertionError [ERR_ASSERTION]: ERROR in ./apps/desktop/src/globals.css 4:0-108
  Module not found: Error: Can't resolve './@pepbits/tokens/fonts/public-sans-latin-ext-wght-normal.woff2' in '/home/pepadmin/pb/saas/lib/pepbits-frontend-library/desktop-clients/apps/desktop/src'
  resolve './@pepbits/tokens/fonts/public-sans-latin-ext-wght-normal.woff2' in '/home/pepadmin/pb/saas/lib/pepbits-frontend-library/desktop-clients/apps/desktop/src'
    using description file: /home/pepadmin/pb/saas/lib/pepbits-frontend-library/desktop-clients/apps/desktop/package.json (relative path: ./src)
      Field 'browser' doesn't contain a valid alias configuration
      using description file: /home/pepadmin/pb/saas/lib/pepbits-frontend-library/desktop-clients/apps/desktop/package.json (relative path: ./src/@pepbits/tokens/fonts/public-sans-latin-ext-wght-normal.woff2)
        no extension
          Field 'browser' doesn't contain a valid alias configuration
          /home/pepadmin/pb/saas/lib/pepbits-frontend-library/desktop-clients/apps/desktop/src/@pepbits/tokens/fonts/public-sans-latin-ext-wght-normal.woff2 doesn't exist
        .js
          Field 'browser' doesn't contain a valid alias configuration
          /home/pepadmin/pb/saas/lib/pepbits-frontend-library/desktop-clients/apps/desktop/src/@pepbits/tokens/fonts/public-sans-latin-ext-wght-normal.woff2.js doesn't exist
        .json
          Field 'browser' doesn't contain a valid alias configuration
          /home/pepadmin/pb/saas/lib/pepbits-frontend-library/desktop-clients/apps/desktop/src/@pepbits/tokens/fonts/public-sans-latin-ext-wght-normal.woff2.json doesn't exist
        .wasm
          Field 'browser' doesn't contain a valid alias configuration
          /home/pepadmin/pb/saas/lib/pepbits-frontend-library/desktop-clients/apps/desktop/src/@pepbits/tokens/fonts/public-sans-latin-ext-wght-normal.woff2.wasm doesn't exist
        as directory
          /home/pepadmin/pb/saas/lib/pepbits-frontend-library/desktop-clients/apps/desktop/src/@pepbits/tokens/fonts/public-sans-latin-ext-wght-normal.woff2 doesn't exist
  
  ERROR in ./apps/desktop/src/globals.css 5:0-104
  Module not found: Error: Can't resolve './@pepbits/tokens/fonts/public-sans-latin-wght-normal.woff2' in '/home/pepadmin/pb/saas/lib/pepbits-frontend-library/desktop-clients/apps/desktop/src'
  resolve './@pepbits/tokens/fonts/public-sans-latin-wght-normal.woff2' in '/home/pepadmin/pb/saas/lib/pepbits-frontend-library/desktop-clients/apps/desktop/src'
    using description file: /home/pepadmin/pb/saas/lib/pepbits-frontend-library/desktop-clients/apps/desktop/package.json (relative path: ./src)
      Field 'browser' doesn't contain a valid alias configuration
      using description file: /home/pepadmin/pb/saas/lib/pepbits-frontend-library/desktop-clients/apps/desktop/package.json (relative path: ./src/@pepbits/tokens/fonts/public-sans-latin-wght-normal.woff2)
        no extension
          Field 'browser' doesn't contain a valid alias configuration
          /home/pepadmin/pb/saas/lib/pepbits-frontend-library/desktop-clients/apps/desktop/src/@pepbits/tokens/fonts/public-sans-latin-wght-normal.woff2 doesn't exist
        .js
          Field 'browser' doesn't contain a valid alias configuration
          /home/pepadmin/pb/saas/lib/pepbits-frontend-library/desktop-clients/apps/desktop/src/@pepbits/tokens/fonts/public-sans-latin-wght-normal.woff2.js doesn't exist
        .json
          Field 'browser' doesn't contain a valid alias configuration
          /home/pepadmin/pb/saas/lib/pepbits-frontend-library/desktop-clients/apps/desktop/src/@pepbits/tokens/fonts/public-sans-latin-wght-normal.woff2.json doesn't exist
        .wasm
          Field 'browser' doesn't contain a valid alias configuration
          /home/pepadmin/pb/saas/lib/pepbits-frontend-library/desktop-clients/apps/desktop/src/@pepbits/tokens/fonts/public-sans-latin-wght-normal.woff2.wasm doesn't exist
        as directory
          /home/pepadmin/pb/saas/lib/pepbits-frontend-library/desktop-clients/apps/desktop/src/@pepbits/tokens/fonts/public-sans-latin-wght-normal.woff2 doesn't exist
  
  ERROR in ./apps/desktop/src/globals.css 6:0-108
  Module not found: Error: Can't resolve './@pepbits/tokens/fonts/public-sans-latin-ext-wght-italic.woff2' in '/home/pepadmin/pb/saas/lib/pepbits-frontend-library/desktop-clients/apps/desktop/src'
  resolve './@pepbits/tokens/fonts/public-sans-latin-ext-wght-italic.woff2' in '/home/pepadmin/pb/saas/lib/pepbits-frontend-library/desktop-clients/apps/desktop/src'
    using description file: /home/pepadmin/pb/saas/lib/pepbits-frontend-library/desktop-clients/apps/desktop/package.json (relative path: ./src)
      Field 'browser' doesn't contain a valid alias configuration
      using description file: /home/pepadmin/pb/saas/lib/pepbits-frontend-library/desktop-clients/apps/desktop/package.json (relative path: ./src/@pepbits/tokens/fonts/public-sans-latin-ext-wght-italic.woff2)
        no extension
          Field 'browser' doesn't contain a valid alias configuration
          /home/pepadmin/pb/saas/lib/pepbits-frontend-library/desktop-clients/apps/desktop/src/@pepbits/tokens/fonts/public-sans-latin-ext-wght-italic.woff2 doesn't exist
        .js
          Field 'browser' doesn't contain a valid alias configuration
          /home/pepadmin/pb/saas/lib/pepbits-frontend-library/desktop-clients/apps/desktop/src/@pepbits/tokens/fonts/public-sans-latin-ext-wght-italic.woff2.js doesn't exist
        .json
          Field 'browser' doesn't contain a valid alias configuration
          /home/pepadmin/pb/saas/lib/pepbits-frontend-library/desktop-clients/apps/desktop/src/@pepbits/tokens/fonts/public-sans-latin-ext-wght-italic.woff2.json doesn't exist
        .wasm
          Field 'browser' doesn't contain a valid alias configuration
          /home/pepadmin/pb/saas/lib/pepbits-frontend-library/desktop-clients/apps/desktop/src/@pepbits/tokens/fonts/public-sans-latin-ext-wght-italic.woff2.wasm doesn't exist
        as directory
          /home/pepadmin/pb/saas/lib/pepbits-frontend-library/desktop-clients/apps/desktop/src/@pepbits/tokens/fonts/public-sans-latin-ext-wght-italic.woff2 doesn't exist
  
  ERROR in ./apps/desktop/src/globals.css 7:0-104
  Module not found: Error: Can't resolve './@pepbits/tokens/fonts/public-sans-latin-wght-italic.woff2' in '/home/pepadmin/pb/saas/lib/pepbits-frontend-library/desktop-clients/apps/desktop/src'
  resolve './@pepbits/tokens/fonts/public-sans-latin-wght-italic.woff2' in '/home/pepadmin/pb/saas/lib/pepbits-frontend-library/desktop-clients/apps/desktop/src'
    using description file: /home/pepadmin/pb/saas/lib/pepbits-frontend-library/desktop-clients/apps/desktop/package.json (relative path: ./src)
      Field 'browser' doesn't contain a valid alias configuration
      using description file: /home/pepadmin/pb/saas/lib/pepbits-frontend-library/desktop-clients/apps/desktop/package.json (relative path: ./src/@pepbits/tokens/fonts/public-sans-latin-wght-italic.woff2)
        no extension
          Field 'browser' doesn't contain a valid alias configuration
          /home/pepadmin/pb/saas/lib/pepbits-frontend-library/desktop-clients/apps/desktop/src/@pepbits/tokens/fonts/public-sans-latin-wght-italic.woff2 doesn't exist
        .js
          Field 'browser' doesn't contain a valid alias configuration
          /home/pepadmin/pb/saas/lib/pepbits-frontend-library/desktop-clients/apps/desktop/src/@pepbits/tokens/fonts/public-sans-latin-wght-italic.woff2.js doesn't exist
        .json
          Field 'browser' doesn't contain a valid alias configuration
          /home/pepadmin/pb/saas/lib/pepbits-frontend-library/desktop-clients/apps/desktop/src/@pepbits/tokens/fonts/public-sans-latin-wght-italic.woff2.json doesn't exist
        .wasm
          Field 'browser' doesn't contain a valid alias configuration
          /home/pepadmin/pb/saas/lib/pepbits-frontend-library/desktop-clients/apps/desktop/src/@pepbits/tokens/fonts/public-sans-latin-wght-italic.woff2.wasm doesn't exist
        as directory
          /home/pepadmin/pb/saas/lib/pepbits-frontend-library/desktop-clients/apps/desktop/src/@pepbits/tokens/fonts/public-sans-latin-wght-italic.woff2 doesn't exist
  
  ERROR in ./apps/desktop/src/globals.css 8:0-116
  Module not found: Error: Can't resolve './@pepbits/tokens/fonts/bricolage-grotesque-latin-standard-normal.woff2' in '/home/pepadmin/pb/saas/lib/pepbits-frontend-library/desktop-clients/apps/desktop/src'
  resolve './@pepbits/tokens/fonts/bricolage-grotesque-latin-standard-normal.woff2' in '/home/pepadmin/pb/saas/lib/pepbits-frontend-library/desktop-clients/apps/desktop/src'
    using description file: /home/pepadmin/pb/saas/lib/pepbits-frontend-library/desktop-clients/apps/desktop/package.json (relative path: ./src)
      Field 'browser' doesn't contain a valid alias configuration
      using description file: /home/pepadmin/pb/saas/lib/pepbits-frontend-library/desktop-clients/apps/desktop/package.json (relative path: ./src/@pepbits/tokens/fonts/bricolage-grotesque-latin-standard-normal.woff2)
        no extension
          Field 'browser' doesn't contain a valid alias configuration
          /home/pepadmin/pb/saas/lib/pepbits-frontend-library/desktop-clients/apps/desktop/src/@pepbits/tokens/fonts/bricolage-grotesque-latin-standard-normal.woff2 doesn't exist
        .js
          Field 'browser' doesn't contain a valid alias configuration
          /home/pepadmin/pb/saas/lib/pepbits-frontend-library/desktop-clients/apps/desktop/src/@pepbits/tokens/fonts/bricolage-grotesque-latin-standard-normal.woff2.js doesn't exist
        .json
          Field 'browser' doesn't contain a valid alias configuration
          /home/pepadmin/pb/saas/lib/pepbits-frontend-library/desktop-clients/apps/desktop/src/@pepbits/tokens/fonts/bricolage-grotesque-latin-standard-normal.woff2.json doesn't exist
        .wasm
          Field 'browser' doesn't contain a valid alias configuration
          /home/pepadmin/pb/saas/lib/pepbits-frontend-library/desktop-clients/apps/desktop/src/@pepbits/tokens/fonts/bricolage-grotesque-latin-standard-normal.woff2.wasm doesn't exist
        as directory
          /home/pepadmin/pb/saas/lib/pepbits-frontend-library/desktop-clients/apps/desktop/src/@pepbits/tokens/fonts/bricolage-grotesque-latin-standard-normal.woff2 doesn't exist
  
      at TestContext.<anonymous> (file:///home/pepadmin/pb/saas/lib/pepbits-frontend-library/desktop-clients/scripts/reference-fonts.test.mjs:27:11)
      at async Test.run (node:internal/test_runner/test:1409:7)
      at async Test.processPendingSubtests (node:internal/test_runner/test:974:7) {
    generatedMessage: false,
    code: 'ERR_ASSERTION',
    actual: false,
    expected: true,
    operator: '==',
    diff: 'simple'
  }
