vite v7.3.6 building client environment for production...
transforming...

./fonts/public-sans-latin-ext-wght-normal.woff2 referenced in ./fonts/public-sans-latin-ext-wght-normal.woff2 didn't resolve at build time, it will remain unchanged to be resolved at runtime

./fonts/public-sans-latin-wght-normal.woff2 referenced in ./fonts/public-sans-latin-wght-normal.woff2 didn't resolve at build time, it will remain unchanged to be resolved at runtime

./fonts/public-sans-latin-ext-wght-italic.woff2 referenced in ./fonts/public-sans-latin-ext-wght-italic.woff2 didn't resolve at build time, it will remain unchanged to be resolved at runtime

./fonts/public-sans-latin-wght-italic.woff2 referenced in ./fonts/public-sans-latin-wght-italic.woff2 didn't resolve at build time, it will remain unchanged to be resolved at runtime

./fonts/bricolage-grotesque-latin-standard-normal.woff2 referenced in ./fonts/bricolage-grotesque-latin-standard-normal.woff2 didn't resolve at build time, it will remain unchanged to be resolved at runtime
✓ 3208 modules transformed.
rendering chunks...
[plugin vite:reporter] 
(!) /home/pepadmin/pb/saas/lib/pepbits-frontend-library/desktop-clients/node_modules/@tauri-apps/api/core.js is dynamically imported by /home/pepadmin/pb/saas/lib/pepbits-frontend-library/desktop-clients/packages/erp-shell/src/sentinel.tsx, /home/pepadmin/pb/saas/lib/pepbits-frontend-library/desktop-clients/packages/erp-shell/src/sentinel.tsx but also statically imported by /home/pepadmin/pb/saas/lib/pepbits-frontend-library/desktop-clients/node_modules/@tauri-apps/api/dpi.js, /home/pepadmin/pb/saas/lib/pepbits-frontend-library/desktop-clients/node_modules/@tauri-apps/api/event.js, /home/pepadmin/pb/saas/lib/pepbits-frontend-library/desktop-clients/node_modules/@tauri-apps/api/image.js, /home/pepadmin/pb/saas/lib/pepbits-frontend-library/desktop-clients/node_modules/@tauri-apps/api/webview.js, /home/pepadmin/pb/saas/lib/pepbits-frontend-library/desktop-clients/node_modules/@tauri-apps/api/webviewWindow.js, /home/pepadmin/pb/saas/lib/pepbits-frontend-library/desktop-clients/node_modules/@tauri-apps/api/window.js, dynamic import will not move module into another chunk.

[plugin vite:reporter] 
(!) /home/pepadmin/pb/saas/lib/pepbits-frontend-library/desktop-clients/node_modules/@tauri-apps/api/event.js is dynamically imported by /home/pepadmin/pb/saas/lib/pepbits-frontend-library/desktop-clients/packages/erp-shell/src/sentinel.tsx but also statically imported by /home/pepadmin/pb/saas/lib/pepbits-frontend-library/desktop-clients/node_modules/@tauri-apps/api/webview.js, /home/pepadmin/pb/saas/lib/pepbits-frontend-library/desktop-clients/node_modules/@tauri-apps/api/webviewWindow.js, /home/pepadmin/pb/saas/lib/pepbits-frontend-library/desktop-clients/node_modules/@tauri-apps/api/window.js, dynamic import will not move module into another chunk.

computing gzip size...
dist/index.html                                       1.31 kB │ gzip:   0.58 kB
dist/assets/workbook-options.worker-B47Vz9Ey.js     368.07 kB
dist/assets/library-page-BZ8DFha9.css                 1.27 kB │ gzip:   0.59 kB
dist/assets/page-template-DHkRpzaa.css                2.17 kB │ gzip:   0.74 kB
dist/assets/library-page-B5FBY-Fy.css                 4.55 kB │ gzip:   1.28 kB
dist/assets/workspace-Bnk30RYg.css                    5.02 kB │ gzip:   1.41 kB
dist/assets/library-page-CNkCYsR4.css                 5.85 kB │ gzip:   1.45 kB
dist/assets/library-page-B8oeBtES.css                 9.14 kB │ gzip:   2.17 kB
dist/assets/index-C0VEpQLa.css                       11.91 kB │ gzip:   2.17 kB
dist/assets/index-DrfW4Pux.css                       26.29 kB │ gzip:   4.72 kB
dist/assets/index-DjBDCgr-.css                      733.26 kB │ gzip: 107.32 kB
dist/assets/clinical-triage-DHLgwzOt.js               0.12 kB │ gzip:   0.12 kB
dist/assets/clinical-consultation-CY0XKaxC.js         0.12 kB │ gzip:   0.12 kB
dist/assets/message-circle-6qOxUQCp.js                0.14 kB │ gzip:   0.16 kB
dist/assets/bookmark-WNwQOzEV.js                      0.16 kB │ gzip:   0.16 kB
dist/assets/arrow-up-right-BXbumTos.js                0.16 kB │ gzip:   0.16 kB
dist/assets/arrow-down-left-DZLetZC7.js               0.16 kB │ gzip:   0.16 kB
dist/assets/ban-GGPaD8PN.js                           0.17 kB │ gzip:   0.17 kB
dist/assets/clock-9O8PhEY1.js                         0.18 kB │ gzip:   0.17 kB
dist/assets/kanban-CUjgNBxD.js                        0.19 kB │ gzip:   0.16 kB
dist/assets/corner-up-left-B8wNth5d.js                0.19 kB │ gzip:   0.18 kB
dist/assets/circle-play-Z-qm5dPU.js                   0.19 kB │ gzip:   0.17 kB
dist/assets/corner-down-left-R6YjNQqD.js              0.19 kB │ gzip:   0.19 kB
dist/assets/circle-x-CGWxnjH0.js                      0.20 kB │ gzip:   0.18 kB
dist/assets/square-check-big-RO5sO9rN.js              0.22 kB │ gzip:   0.19 kB
dist/assets/globe-BsCQvqkH.js                         0.24 kB │ gzip:   0.19 kB
dist/assets/type-WKeOkCoS.js                          0.24 kB │ gzip:   0.19 kB
dist/assets/circle-pause-DcNtRaPD.js                  0.24 kB │ gzip:   0.18 kB
dist/assets/video-CZ2voxK8.js                         0.25 kB │ gzip:   0.22 kB
dist/assets/search-x-Cy7PxTW_.js                      0.25 kB │ gzip:   0.20 kB
dist/assets/calendar-BVOvDcuO.js                      0.25 kB │ gzip:   0.20 kB
dist/assets/map-pin-B_fs6Poz.js                       0.26 kB │ gzip:   0.22 kB
dist/assets/user-round-x-wqLfeaEL.js                  0.26 kB │ gzip:   0.21 kB
dist/assets/pen-line-CiJ8nP7c.js                      0.27 kB │ gzip:   0.23 kB
dist/assets/zoom-in-BvqCEprS.js                       0.30 kB │ gzip:   0.21 kB
dist/assets/list-OGWeqNAk.js                          0.30 kB │ gzip:   0.18 kB
dist/assets/monitor-smartphone-SnRhwMuu.js            0.32 kB │ gzip:   0.24 kB
dist/assets/layout-grid-DCdl2mqG.js                   0.34 kB │ gzip:   0.19 kB
dist/assets/shield-plus-Cebk7-u7.js                   0.35 kB │ gzip:   0.26 kB
dist/assets/syringe-lnB0VaO7.js                       0.36 kB │ gzip:   0.25 kB
dist/assets/door-open-BJ8H79zC.js                     0.37 kB │ gzip:   0.25 kB
dist/assets/radio-BH0Vs8cx.js                         0.37 kB │ gzip:   0.25 kB
dist/assets/clsx-B-dksMZM.js                          0.37 kB │ gzip:   0.24 kB
dist/assets/phone-h6BPlUU1.js                         0.39 kB │ gzip:   0.26 kB
dist/assets/preference-choice-BYFfp0Li.js             0.41 kB │ gzip:   0.27 kB
dist/assets/clinical-document-CRPU8npr.js             0.42 kB │ gzip:   0.33 kB
dist/assets/octagon-alert-BDRUOI_p.js                 0.43 kB │ gzip:   0.25 kB
dist/assets/zap-CyIevnt3.js                           0.44 kB │ gzip:   0.28 kB
dist/assets/siren-DsNwCEd9.js                         0.47 kB │ gzip:   0.27 kB
dist/assets/star-Bj9zB9iv.js                          0.47 kB │ gzip:   0.29 kB
dist/assets/scanner-input-BSt4ZiH7.js                 0.48 kB │ gzip:   0.36 kB
dist/assets/sun-C3wud0_J.js                           0.56 kB │ gzip:   0.30 kB
dist/assets/print-document-CLDDNvzd.js                0.60 kB │ gzip:   0.36 kB
dist/assets/square-pen-BWekoek2.js                    0.67 kB │ gzip:   0.36 kB
dist/assets/_commonjsHelpers-CE1G-McA.js              0.76 kB │ gzip:   0.40 kB
dist/assets/library-page-C537a5Lo.js                  0.80 kB │ gzip:   0.46 kB
dist/assets/library-page-BvUkl-JG.js                  0.89 kB │ gzip:   0.48 kB
dist/assets/clinical-templates-C6qMOJcp.js            0.92 kB │ gzip:   0.52 kB
dist/assets/source-controls-DCNHznjC.js               0.94 kB │ gzip:   0.35 kB
dist/assets/smartphone-CBnQlnz3.js                    1.12 kB │ gzip:   0.55 kB
dist/assets/library-page-2xru2uT7.js                  1.35 kB │ gzip:   0.73 kB
dist/assets/source-dialog-CVN0vqmS.js                 1.46 kB │ gzip:   0.81 kB
dist/assets/configured-template-page-B3wYTYhY.js      1.92 kB │ gzip:   0.96 kB
dist/assets/calendar-DWzj574Y.js                      3.53 kB │ gzip:   1.63 kB
dist/assets/index-ClI0AdJR.js                         3.85 kB │ gzip:   1.81 kB
dist/assets/template-parts-CHMl3qPY.js                3.89 kB │ gzip:   1.45 kB
dist/assets/choice-fields-BobBNQqy.js                 7.48 kB │ gzip:   2.76 kB
dist/assets/library-page-DqDDum9Z.js                  7.57 kB │ gzip:   2.63 kB
dist/assets/library-page-BAX04XO1.js                  9.07 kB │ gzip:   3.19 kB
dist/assets/template-library-BoGMd6yF.js              9.82 kB │ gzip:   3.32 kB
dist/assets/library-page-9GlFVyex.js                  9.83 kB │ gzip:   3.87 kB
dist/assets/library-page-D6J--eAt.js                 10.06 kB │ gzip:   3.49 kB
dist/assets/library-page-C9oi5lNW.js                 12.04 kB │ gzip:   4.43 kB
dist/assets/library-page-C1heiz6f.js                 14.08 kB │ gzip:   5.03 kB
dist/assets/index-C-kOyX49.js                        15.24 kB │ gzip:   2.97 kB
dist/assets/library-page-CUFgvuaD.js                 24.06 kB │ gzip:   7.23 kB
dist/assets/library-page-BMzZZorI.js                 25.64 kB │ gzip:   7.25 kB
dist/assets/library-page-D79mNiWI.js                 34.39 kB │ gzip:  10.71 kB
dist/assets/page-template-95L9F68U.js                34.84 kB │ gzip:  10.40 kB
dist/assets/workspace-DrFLss9Z.js                    46.33 kB │ gzip:  14.23 kB
dist/assets/component-catalog-DRCX60Xs.js            50.63 kB │ gzip:  12.48 kB
dist/assets/library-page-CkDcabc_.js                 78.38 kB │ gzip:  23.61 kB
dist/assets/RegistryPage-B6nDxktH.js                119.63 kB │ gzip:  35.49 kB
dist/assets/index-PhQwD0Eq.js                       122.47 kB │ gzip:  30.83 kB
dist/assets/index-CY_toKh0.js                       139.14 kB │ gzip:  35.26 kB
dist/assets/index-DGCH_w5y.js                       140.07 kB │ gzip:  42.40 kB
dist/assets/index-aZHfPDQH.js                       171.52 kB │ gzip:  50.17 kB
dist/assets/index-BQwsS7gm.js                       186.64 kB │ gzip:  47.37 kB
dist/assets/index-D2G6hOE0.js                       190.58 kB │ gzip:  56.81 kB
dist/assets/react-runtime-DmnU9n7m.js               192.44 kB │ gzip:  60.35 kB
dist/assets/index-_OdiJXGL.js                       207.72 kB │ gzip:  56.42 kB
dist/assets/index-DtsXsMQj.js                       225.65 kB │ gzip:  60.77 kB
dist/assets/index-wmnBPJq_.js                       226.74 kB │ gzip:  60.18 kB
dist/assets/index-Cu1WtEj0.js                       239.68 kB │ gzip:  65.73 kB
dist/assets/index-oy2ULuWe.js                       244.43 kB │ gzip:  64.92 kB
dist/assets/index-BtKxLYyQ.js                       247.62 kB │ gzip:  64.90 kB
dist/assets/index-DDGQAAxS.js                       291.96 kB │ gzip:  78.25 kB
dist/assets/index-DfbtJ5l-.js                       324.91 kB │ gzip:  83.68 kB
dist/assets/index-DJRg1WLP.js                       345.36 kB │ gzip:  94.36 kB
dist/assets/BarChart-D8XwDeFp.js                    393.29 kB │ gzip: 107.93 kB
dist/assets/ui-english-fallback-D-3gYZMm.js         618.86 kB │ gzip: 172.50 kB
dist/assets/locale-fallback-en-CshrtEXB.js        1,106.00 kB │ gzip: 288.29 kB
dist/assets/index-7ROTeVRH.js                     1,367.40 kB │ gzip: 402.93 kB
dist/assets/locale-fallback-ar-D3yDvuHy.js        1,403.30 kB │ gzip: 385.63 kB
dist/assets/locale-fallback-hi-C23huv88.js        1,832.27 kB │ gzip: 408.61 kB
dist/assets/locale-fallback-ml-DV6ebAWS.js        2,118.90 kB │ gzip: 431.33 kB

(!) Some chunks are larger than 500 kB after minification. Consider:
- Using dynamic import() to code-split the application
- Use build.rollupOptions.output.manualChunks to improve chunking: https://rollupjs.org/configuration-options/#output-manualchunks
- Adjust chunk size limit for this warning via build.chunkSizeWarningLimit.
✓ built in 17.01s
