vite v7.3.6 building client environment for production...
transforming...
✓ 3208 modules transformed.
rendering chunks...
[plugin vite:reporter] 
(!) /home/pepadmin/pb/saas/lib/pepbits-frontend-library/desktop-clients/node_modules/@tauri-apps/api/core.js is dynamically imported by /home/pepadmin/pb/saas/lib/pepbits-frontend-library/desktop-clients/packages/erp-shell/src/sentinel.tsx, /home/pepadmin/pb/saas/lib/pepbits-frontend-library/desktop-clients/packages/erp-shell/src/sentinel.tsx but also statically imported by /home/pepadmin/pb/saas/lib/pepbits-frontend-library/desktop-clients/node_modules/@tauri-apps/api/dpi.js, /home/pepadmin/pb/saas/lib/pepbits-frontend-library/desktop-clients/node_modules/@tauri-apps/api/event.js, /home/pepadmin/pb/saas/lib/pepbits-frontend-library/desktop-clients/node_modules/@tauri-apps/api/image.js, /home/pepadmin/pb/saas/lib/pepbits-frontend-library/desktop-clients/node_modules/@tauri-apps/api/webview.js, /home/pepadmin/pb/saas/lib/pepbits-frontend-library/desktop-clients/node_modules/@tauri-apps/api/webviewWindow.js, /home/pepadmin/pb/saas/lib/pepbits-frontend-library/desktop-clients/node_modules/@tauri-apps/api/window.js, dynamic import will not move module into another chunk.

[plugin vite:reporter] 
(!) /home/pepadmin/pb/saas/lib/pepbits-frontend-library/desktop-clients/node_modules/@tauri-apps/api/event.js is dynamically imported by /home/pepadmin/pb/saas/lib/pepbits-frontend-library/desktop-clients/packages/erp-shell/src/sentinel.tsx but also statically imported by /home/pepadmin/pb/saas/lib/pepbits-frontend-library/desktop-clients/node_modules/@tauri-apps/api/webview.js, /home/pepadmin/pb/saas/lib/pepbits-frontend-library/desktop-clients/node_modules/@tauri-apps/api/webviewWindow.js, /home/pepadmin/pb/saas/lib/pepbits-frontend-library/desktop-clients/node_modules/@tauri-apps/api/window.js, dynamic import will not move module into another chunk.

computing gzip size...
dist/index.html                                                           1.31 kB │ gzip:   0.58 kB
dist/assets/public-sans-latin-ext-wght-normal-MQgHevqp.woff2             18.47 kB
dist/assets/public-sans-latin-ext-wght-italic-Dw_CFXJO.woff2             19.31 kB
dist/assets/public-sans-latin-wght-normal-DdeTHZLK.woff2                 26.83 kB
dist/assets/public-sans-latin-wght-italic-DGZ7iaiu.woff2                 28.29 kB
dist/assets/bricolage-grotesque-latin-standard-normal-C5Lc8Qmc.woff2    131.55 kB
dist/assets/workbook-options.worker-B47Vz9Ey.js                         368.07 kB
dist/assets/library-page-BZ8DFha9.css                                     1.27 kB │ gzip:   0.59 kB
dist/assets/page-template-DHkRpzaa.css                                    2.17 kB │ gzip:   0.74 kB
dist/assets/library-page-B5FBY-Fy.css                                     4.55 kB │ gzip:   1.28 kB
dist/assets/workspace-Bnk30RYg.css                                        5.02 kB │ gzip:   1.41 kB
dist/assets/library-page-CNkCYsR4.css                                     5.85 kB │ gzip:   1.45 kB
dist/assets/library-page-B8oeBtES.css                                     9.14 kB │ gzip:   2.17 kB
dist/assets/index-C0VEpQLa.css                                           11.91 kB │ gzip:   2.17 kB
dist/assets/index-DrfW4Pux.css                                           26.29 kB │ gzip:   4.72 kB
dist/assets/index-CLhlgmfl.css                                          733.34 kB │ gzip: 107.37 kB
dist/assets/clinical-triage-DHLgwzOt.js                                   0.12 kB │ gzip:   0.12 kB
dist/assets/clinical-consultation-CY0XKaxC.js                             0.12 kB │ gzip:   0.12 kB
dist/assets/message-circle-BVdD8UEN.js                                    0.14 kB │ gzip:   0.16 kB
dist/assets/bookmark-DSwIehje.js                                          0.16 kB │ gzip:   0.16 kB
dist/assets/arrow-up-right-nbQZapxr.js                                    0.16 kB │ gzip:   0.16 kB
dist/assets/arrow-down-left-jlheJt2K.js                                   0.16 kB │ gzip:   0.16 kB
dist/assets/ban-sxahKCSH.js                                               0.17 kB │ gzip:   0.16 kB
dist/assets/clock-DNO8xIom.js                                             0.18 kB │ gzip:   0.17 kB
dist/assets/kanban-DfCXIqbD.js                                            0.19 kB │ gzip:   0.16 kB
dist/assets/corner-up-left-Bb97A4q0.js                                    0.19 kB │ gzip:   0.18 kB
dist/assets/circle-play-DZbYphQi.js                                       0.19 kB │ gzip:   0.17 kB
dist/assets/corner-down-left-CeGDKQ5-.js                                  0.19 kB │ gzip:   0.19 kB
dist/assets/circle-x-DEof_H1q.js                                          0.20 kB │ gzip:   0.18 kB
dist/assets/square-check-big-DHFD1e2p.js                                  0.22 kB │ gzip:   0.19 kB
dist/assets/globe-CxuaxUBI.js                                             0.24 kB │ gzip:   0.19 kB
dist/assets/type-CZq0E1Mg.js                                              0.24 kB │ gzip:   0.19 kB
dist/assets/circle-pause-BVa9owBo.js                                      0.24 kB │ gzip:   0.18 kB
dist/assets/video-BvomIjXK.js                                             0.25 kB │ gzip:   0.21 kB
dist/assets/search-x-6-wNZ9wF.js                                          0.25 kB │ gzip:   0.20 kB
dist/assets/calendar-U9uCSplg.js                                          0.25 kB │ gzip:   0.20 kB
dist/assets/map-pin-BE9NBE-I.js                                           0.26 kB │ gzip:   0.22 kB
dist/assets/user-round-x-DjuePuNB.js                                      0.26 kB │ gzip:   0.21 kB
dist/assets/pen-line-BpiPNRpS.js                                          0.27 kB │ gzip:   0.23 kB
dist/assets/zoom-in-DFRjEEwL.js                                           0.30 kB │ gzip:   0.21 kB
dist/assets/list-nB5KBMur.js                                              0.30 kB │ gzip:   0.18 kB
dist/assets/monitor-smartphone-DyrrB9qP.js                                0.32 kB │ gzip:   0.24 kB
dist/assets/layout-grid-fpjjvJ_K.js                                       0.34 kB │ gzip:   0.19 kB
dist/assets/shield-plus-3XAfdLZz.js                                       0.35 kB │ gzip:   0.26 kB
dist/assets/syringe-DSnkcAS5.js                                           0.36 kB │ gzip:   0.25 kB
dist/assets/door-open-CjoT2JqS.js                                         0.37 kB │ gzip:   0.25 kB
dist/assets/radio-7iB0mUa1.js                                             0.37 kB │ gzip:   0.25 kB
dist/assets/clsx-B-dksMZM.js                                              0.37 kB │ gzip:   0.24 kB
dist/assets/phone-CaXdOB_3.js                                             0.39 kB │ gzip:   0.26 kB
dist/assets/preference-choice-BYFfp0Li.js                                 0.41 kB │ gzip:   0.27 kB
dist/assets/clinical-document-CRPU8npr.js                                 0.42 kB │ gzip:   0.33 kB
dist/assets/octagon-alert-CRQv2fPe.js                                     0.43 kB │ gzip:   0.25 kB
dist/assets/zap-XiRkZ_Oh.js                                               0.44 kB │ gzip:   0.28 kB
dist/assets/siren-DpScgli2.js                                             0.47 kB │ gzip:   0.28 kB
dist/assets/star-CqdXlGrH.js                                              0.47 kB │ gzip:   0.29 kB
dist/assets/scanner-input-haa9vRB2.js                                     0.48 kB │ gzip:   0.36 kB
dist/assets/sun-D0DeTxUp.js                                               0.56 kB │ gzip:   0.30 kB
dist/assets/print-document-CLDDNvzd.js                                    0.60 kB │ gzip:   0.36 kB
dist/assets/square-pen-CKAivHJH.js                                        0.67 kB │ gzip:   0.36 kB
dist/assets/_commonjsHelpers-CE1G-McA.js                                  0.76 kB │ gzip:   0.40 kB
dist/assets/library-page-DtfgOsCm.js                                      0.80 kB │ gzip:   0.46 kB
dist/assets/library-page-Bh-FI-Mc.js                                      0.89 kB │ gzip:   0.48 kB
dist/assets/clinical-templates-C6qMOJcp.js                                0.92 kB │ gzip:   0.52 kB
dist/assets/source-controls-D36jNCYc.js                                   0.94 kB │ gzip:   0.35 kB
dist/assets/smartphone-CmJz4gB4.js                                        1.12 kB │ gzip:   0.55 kB
dist/assets/library-page-rLBXcBdQ.js                                      1.35 kB │ gzip:   0.72 kB
dist/assets/source-dialog-axxsRDpU.js                                     1.46 kB │ gzip:   0.81 kB
dist/assets/configured-template-page-DjhMf_Ba.js                          1.92 kB │ gzip:   0.96 kB
dist/assets/calendar-WUKYjxrV.js                                          3.53 kB │ gzip:   1.63 kB
dist/assets/index-CfLCdXUt.js                                             3.85 kB │ gzip:   1.81 kB
dist/assets/template-parts-CsQ1h5u-.js                                    3.89 kB │ gzip:   1.45 kB
dist/assets/choice-fields-x1sod2Ku.js                                     7.48 kB │ gzip:   2.76 kB
dist/assets/library-page-CvcbQVGi.js                                      7.57 kB │ gzip:   2.63 kB
dist/assets/library-page-Cws4SHB4.js                                      9.07 kB │ gzip:   3.19 kB
dist/assets/template-library-B6WDx4Pw.js                                  9.82 kB │ gzip:   3.31 kB
dist/assets/library-page-BiPpda8C.js                                      9.83 kB │ gzip:   3.87 kB
dist/assets/library-page-Cc_qbhIj.js                                     10.06 kB │ gzip:   3.49 kB
dist/assets/library-page-DshxGf3L.js                                     12.04 kB │ gzip:   4.43 kB
dist/assets/library-page-CHF4SFaJ.js                                     14.08 kB │ gzip:   5.03 kB
dist/assets/index-BEaKUXtR.js                                            15.24 kB │ gzip:   2.97 kB
dist/assets/library-page-yjisdUQy.js                                     24.06 kB │ gzip:   7.23 kB
dist/assets/library-page-BYyHJYM7.js                                     25.64 kB │ gzip:   7.25 kB
dist/assets/library-page-B6ejLUwT.js                                     34.39 kB │ gzip:  10.70 kB
dist/assets/page-template-MfAbBEh8.js                                    34.84 kB │ gzip:  10.40 kB
dist/assets/workspace-BczwvgqS.js                                        46.33 kB │ gzip:  14.22 kB
dist/assets/component-catalog-DcnmCiVx.js                                50.63 kB │ gzip:  12.48 kB
dist/assets/library-page-B7p2s7VK.js                                     78.38 kB │ gzip:  23.61 kB
dist/assets/RegistryPage-Diw2qq3y.js                                    119.63 kB │ gzip:  35.49 kB
dist/assets/index-9wg3bV4l.js                                           122.47 kB │ gzip:  30.83 kB
dist/assets/index-D451Mol0.js                                           139.14 kB │ gzip:  35.26 kB
dist/assets/index-CSMoBaEz.js                                           140.07 kB │ gzip:  42.40 kB
dist/assets/index-vYBWbEjr.js                                           171.52 kB │ gzip:  50.17 kB
dist/assets/index-CRmrvUHk.js                                           186.64 kB │ gzip:  47.36 kB
dist/assets/index-vHdsViMs.js                                           190.58 kB │ gzip:  56.80 kB
dist/assets/react-runtime-DmnU9n7m.js                                   192.44 kB │ gzip:  60.35 kB
dist/assets/index-CpvkwI1D.js                                           207.72 kB │ gzip:  56.42 kB
dist/assets/index-H0XOHL4w.js                                           225.65 kB │ gzip:  60.77 kB
dist/assets/index-DcLZNCwD.js                                           226.74 kB │ gzip:  60.18 kB
dist/assets/index-BbRGdKKg.js                                           239.68 kB │ gzip:  65.72 kB
dist/assets/index-BWFD8v38.js                                           244.43 kB │ gzip:  64.92 kB
dist/assets/index-tylZNuua.js                                           247.62 kB │ gzip:  64.90 kB
dist/assets/index-C4uWezd0.js                                           291.96 kB │ gzip:  78.25 kB
dist/assets/index-kEqTbSPZ.js                                           324.91 kB │ gzip:  83.67 kB
dist/assets/index-jnsmkiza.js                                           345.36 kB │ gzip:  94.36 kB
dist/assets/BarChart-D8XwDeFp.js                                        393.29 kB │ gzip: 107.93 kB
dist/assets/ui-english-fallback-D-3gYZMm.js                             618.86 kB │ gzip: 172.50 kB
dist/assets/locale-fallback-en-CshrtEXB.js                            1,106.00 kB │ gzip: 288.29 kB
dist/assets/index-CVgYBBAr.js                                         1,367.40 kB │ gzip: 402.94 kB
dist/assets/locale-fallback-ar-BnpMIcYj.js                            1,369.79 kB │ gzip: 376.12 kB
dist/assets/locale-fallback-hi-BDQnjWzr.js                            1,790.81 kB │ gzip: 399.08 kB
dist/assets/locale-fallback-ml-HIZpgX_2.js                            2,068.49 kB │ gzip: 421.35 kB

(!) Some chunks are larger than 500 kB after minification. Consider:
- Using dynamic import() to code-split the application
- Use build.rollupOptions.output.manualChunks to improve chunking: https://rollupjs.org/configuration-options/#output-manualchunks
- Adjust chunk size limit for this warning via build.chunkSizeWarningLimit.
✓ built in 15.76s
