vite v7.3.6 building client environment for production...
transforming...
✓ 3208 modules transformed.
rendering chunks...
[plugin vite:reporter] 
(!) /home/pepadmin/pb/saas/lib/pepbits-frontend-library/desktop-clients/node_modules/@tauri-apps/api/core.js is dynamically imported by /home/pepadmin/pb/saas/lib/pepbits-frontend-library/desktop-clients/packages/erp-shell/src/sentinel.tsx, /home/pepadmin/pb/saas/lib/pepbits-frontend-library/desktop-clients/packages/erp-shell/src/sentinel.tsx but also statically imported by /home/pepadmin/pb/saas/lib/pepbits-frontend-library/desktop-clients/node_modules/@tauri-apps/api/dpi.js, /home/pepadmin/pb/saas/lib/pepbits-frontend-library/desktop-clients/node_modules/@tauri-apps/api/event.js, /home/pepadmin/pb/saas/lib/pepbits-frontend-library/desktop-clients/node_modules/@tauri-apps/api/image.js, /home/pepadmin/pb/saas/lib/pepbits-frontend-library/desktop-clients/node_modules/@tauri-apps/api/webview.js, /home/pepadmin/pb/saas/lib/pepbits-frontend-library/desktop-clients/node_modules/@tauri-apps/api/webviewWindow.js, /home/pepadmin/pb/saas/lib/pepbits-frontend-library/desktop-clients/node_modules/@tauri-apps/api/window.js, dynamic import will not move module into another chunk.

[plugin vite:reporter] 
(!) /home/pepadmin/pb/saas/lib/pepbits-frontend-library/desktop-clients/node_modules/@tauri-apps/api/event.js is dynamically imported by /home/pepadmin/pb/saas/lib/pepbits-frontend-library/desktop-clients/packages/erp-shell/src/sentinel.tsx but also statically imported by /home/pepadmin/pb/saas/lib/pepbits-frontend-library/desktop-clients/node_modules/@tauri-apps/api/webview.js, /home/pepadmin/pb/saas/lib/pepbits-frontend-library/desktop-clients/node_modules/@tauri-apps/api/webviewWindow.js, /home/pepadmin/pb/saas/lib/pepbits-frontend-library/desktop-clients/node_modules/@tauri-apps/api/window.js, dynamic import will not move module into another chunk.

computing gzip size...
dist/index.html                                                           1.31 kB │ gzip:   0.58 kB
dist/assets/public-sans-latin-ext-wght-normal-MQgHevqp.woff2             18.47 kB
dist/assets/public-sans-latin-ext-wght-italic-Dw_CFXJO.woff2             19.31 kB
dist/assets/public-sans-latin-wght-normal-DdeTHZLK.woff2                 26.83 kB
dist/assets/public-sans-latin-wght-italic-DGZ7iaiu.woff2                 28.29 kB
dist/assets/bricolage-grotesque-latin-standard-normal-C5Lc8Qmc.woff2    131.55 kB
dist/assets/workbook-options.worker-B47Vz9Ey.js                         368.07 kB
dist/assets/library-page-BZ8DFha9.css                                     1.27 kB │ gzip:   0.59 kB
dist/assets/page-template-DHkRpzaa.css                                    2.17 kB │ gzip:   0.74 kB
dist/assets/library-page-B5FBY-Fy.css                                     4.55 kB │ gzip:   1.28 kB
dist/assets/workspace-Bnk30RYg.css                                        5.02 kB │ gzip:   1.41 kB
dist/assets/library-page-CNkCYsR4.css                                     5.85 kB │ gzip:   1.45 kB
dist/assets/library-page-B8oeBtES.css                                     9.14 kB │ gzip:   2.17 kB
dist/assets/index-C0VEpQLa.css                                           11.91 kB │ gzip:   2.17 kB
dist/assets/index-DrfW4Pux.css                                           26.29 kB │ gzip:   4.72 kB
dist/assets/index-CLhlgmfl.css                                          733.34 kB │ gzip: 107.37 kB
dist/assets/clinical-triage-DHLgwzOt.js                                   0.12 kB │ gzip:   0.12 kB
dist/assets/clinical-consultation-CY0XKaxC.js                             0.12 kB │ gzip:   0.12 kB
dist/assets/message-circle-QDLbjrs4.js                                    0.14 kB │ gzip:   0.16 kB
dist/assets/bookmark-CltBkKOc.js                                          0.16 kB │ gzip:   0.16 kB
dist/assets/arrow-up-right-Cu_-TDlP.js                                    0.16 kB │ gzip:   0.16 kB
dist/assets/arrow-down-left-D9UC0WSl.js                                   0.16 kB │ gzip:   0.16 kB
dist/assets/ban-BokulXIW.js                                               0.17 kB │ gzip:   0.17 kB
dist/assets/clock-DLXIcfma.js                                             0.18 kB │ gzip:   0.17 kB
dist/assets/kanban-BtRmRlT9.js                                            0.19 kB │ gzip:   0.16 kB
dist/assets/corner-up-left-BzKd6SWJ.js                                    0.19 kB │ gzip:   0.18 kB
dist/assets/circle-play-zpvOL8ki.js                                       0.19 kB │ gzip:   0.17 kB
dist/assets/corner-down-left-d9OE2gCj.js                                  0.19 kB │ gzip:   0.19 kB
dist/assets/circle-x-ueilmOSr.js                                          0.20 kB │ gzip:   0.18 kB
dist/assets/square-check-big-Dm7d3c1b.js                                  0.22 kB │ gzip:   0.19 kB
dist/assets/globe-BIwCeQL9.js                                             0.24 kB │ gzip:   0.19 kB
dist/assets/type-Cc6gHg-a.js                                              0.24 kB │ gzip:   0.19 kB
dist/assets/circle-pause-7k-VRXuE.js                                      0.24 kB │ gzip:   0.18 kB
dist/assets/video-Bv_COJCG.js                                             0.25 kB │ gzip:   0.22 kB
dist/assets/search-x-Cirm8CXX.js                                          0.25 kB │ gzip:   0.20 kB
dist/assets/calendar-BhYyma5k.js                                          0.25 kB │ gzip:   0.20 kB
dist/assets/map-pin-DstqcWL-.js                                           0.26 kB │ gzip:   0.22 kB
dist/assets/user-round-x-Cwcm_Hnr.js                                      0.26 kB │ gzip:   0.21 kB
dist/assets/pen-line-CaopXaYA.js                                          0.27 kB │ gzip:   0.23 kB
dist/assets/zoom-in-nDLunPt7.js                                           0.30 kB │ gzip:   0.21 kB
dist/assets/list-CY9QzpZj.js                                              0.30 kB │ gzip:   0.18 kB
dist/assets/monitor-smartphone-DpdjnNTu.js                                0.32 kB │ gzip:   0.24 kB
dist/assets/layout-grid-BabDaI2S.js                                       0.34 kB │ gzip:   0.19 kB
dist/assets/shield-plus-CcndWeZS.js                                       0.35 kB │ gzip:   0.26 kB
dist/assets/syringe-CHn7EHn8.js                                           0.36 kB │ gzip:   0.25 kB
dist/assets/door-open-DV8BFI5T.js                                         0.37 kB │ gzip:   0.25 kB
dist/assets/radio-DBZ3hyRk.js                                             0.37 kB │ gzip:   0.25 kB
dist/assets/clsx-B-dksMZM.js                                              0.37 kB │ gzip:   0.24 kB
dist/assets/phone-Bw3PhmiP.js                                             0.39 kB │ gzip:   0.25 kB
dist/assets/preference-choice-BYFfp0Li.js                                 0.41 kB │ gzip:   0.27 kB
dist/assets/clinical-document-CRPU8npr.js                                 0.42 kB │ gzip:   0.33 kB
dist/assets/octagon-alert-deRhuWEg.js                                     0.43 kB │ gzip:   0.25 kB
dist/assets/zap-DdgQJ_yA.js                                               0.44 kB │ gzip:   0.28 kB
dist/assets/siren-CLlz4HD5.js                                             0.47 kB │ gzip:   0.27 kB
dist/assets/star-ByOEzsCy.js                                              0.47 kB │ gzip:   0.29 kB
dist/assets/scanner-input-Cf81KmdM.js                                     0.48 kB │ gzip:   0.36 kB
dist/assets/sun-m13_GTn1.js                                               0.56 kB │ gzip:   0.30 kB
dist/assets/print-document-CLDDNvzd.js                                    0.60 kB │ gzip:   0.36 kB
dist/assets/square-pen-Sn_V8jV9.js                                        0.67 kB │ gzip:   0.36 kB
dist/assets/_commonjsHelpers-CE1G-McA.js                                  0.76 kB │ gzip:   0.40 kB
dist/assets/library-page-UCWFRdLA.js                                      0.80 kB │ gzip:   0.46 kB
dist/assets/library-page-BwRBlglS.js                                      0.89 kB │ gzip:   0.48 kB
dist/assets/clinical-templates-C6qMOJcp.js                                0.92 kB │ gzip:   0.52 kB
dist/assets/source-controls-FTeayOVy.js                                   0.94 kB │ gzip:   0.35 kB
dist/assets/smartphone-B5AcN0cW.js                                        1.12 kB │ gzip:   0.55 kB
dist/assets/library-page-DU90aaZH.js                                      1.35 kB │ gzip:   0.73 kB
dist/assets/source-dialog-BGL8xKCv.js                                     1.46 kB │ gzip:   0.81 kB
dist/assets/configured-template-page-B6_IPIRq.js                          1.92 kB │ gzip:   0.96 kB
dist/assets/calendar-OWENAWJt.js                                          3.53 kB │ gzip:   1.63 kB
dist/assets/index-pE4XVadN.js                                             3.85 kB │ gzip:   1.81 kB
dist/assets/template-parts-C5jteIJ5.js                                    3.89 kB │ gzip:   1.45 kB
dist/assets/choice-fields-C5VWQ6ie.js                                     7.48 kB │ gzip:   2.76 kB
dist/assets/library-page-7SqDZlY9.js                                      7.57 kB │ gzip:   2.63 kB
dist/assets/library-page-DSWPMMZ3.js                                      9.07 kB │ gzip:   3.19 kB
dist/assets/template-library-nUETRisR.js                                  9.82 kB │ gzip:   3.31 kB
dist/assets/library-page-DiOf0uvX.js                                      9.83 kB │ gzip:   3.87 kB
dist/assets/library-page-DyfsIB8k.js                                     10.06 kB │ gzip:   3.49 kB
dist/assets/library-page-BjEA32QG.js                                     12.04 kB │ gzip:   4.43 kB
dist/assets/library-page-C_jD8u_R.js                                     14.08 kB │ gzip:   5.03 kB
dist/assets/index-SHhzvzXU.js                                            15.24 kB │ gzip:   2.97 kB
dist/assets/library-page-C8CwtSQt.js                                     24.06 kB │ gzip:   7.23 kB
dist/assets/library-page-BHgfLMe9.js                                     25.64 kB │ gzip:   7.25 kB
dist/assets/library-page-BPWG9Yc_.js                                     34.39 kB │ gzip:  10.71 kB
dist/assets/page-template-STxw0rVL.js                                    34.84 kB │ gzip:  10.40 kB
dist/assets/workspace-wgqdvUCl.js                                        46.33 kB │ gzip:  14.22 kB
dist/assets/component-catalog-Bqa0tec0.js                                50.63 kB │ gzip:  12.48 kB
dist/assets/library-page-BBX7Ktn5.js                                     78.38 kB │ gzip:  23.61 kB
dist/assets/RegistryPage-Brw1HumA.js                                    119.63 kB │ gzip:  35.49 kB
dist/assets/index-B0gWVHKT.js                                           122.47 kB │ gzip:  30.83 kB
dist/assets/index-CMmNl26k.js                                           139.14 kB │ gzip:  35.25 kB
dist/assets/index-_zt2H8F2.js                                           140.07 kB │ gzip:  42.40 kB
dist/assets/index-hawbYCwC.js                                           171.52 kB │ gzip:  50.16 kB
dist/assets/index-keOA6Mis.js                                           186.64 kB │ gzip:  47.36 kB
dist/assets/index-BJqn9WcS.js                                           190.58 kB │ gzip:  56.80 kB
dist/assets/react-runtime-DmnU9n7m.js                                   192.44 kB │ gzip:  60.35 kB
dist/assets/index-DgVAviJB.js                                           207.72 kB │ gzip:  56.42 kB
dist/assets/index-BfZYTRC9.js                                           225.65 kB │ gzip:  60.77 kB
dist/assets/index-BuI82qz5.js                                           226.74 kB │ gzip:  60.18 kB
dist/assets/index-EK1amAOQ.js                                           239.68 kB │ gzip:  65.72 kB
dist/assets/index-DkAZ6G6X.js                                           244.43 kB │ gzip:  64.92 kB
dist/assets/index-Su9l_IUR.js                                           247.62 kB │ gzip:  64.90 kB
dist/assets/index-Cp73ROVR.js                                           291.96 kB │ gzip:  78.25 kB
dist/assets/index-XO2c3idg.js                                           324.91 kB │ gzip:  83.68 kB
dist/assets/index-yKKk-FnE.js                                           345.36 kB │ gzip:  94.37 kB
dist/assets/BarChart-D8XwDeFp.js                                        393.29 kB │ gzip: 107.93 kB
dist/assets/ui-english-fallback-D-3gYZMm.js                             618.86 kB │ gzip: 172.50 kB
dist/assets/locale-fallback-en-CshrtEXB.js                            1,106.00 kB │ gzip: 288.29 kB
dist/assets/index-D8IMZWsi.js                                         1,367.40 kB │ gzip: 402.94 kB
dist/assets/locale-fallback-ar-D3yDvuHy.js                            1,403.30 kB │ gzip: 385.63 kB
dist/assets/locale-fallback-hi-C23huv88.js                            1,832.27 kB │ gzip: 408.61 kB
dist/assets/locale-fallback-ml-DV6ebAWS.js                            2,118.90 kB │ gzip: 431.33 kB

(!) Some chunks are larger than 500 kB after minification. Consider:
- Using dynamic import() to code-split the application
- Use build.rollupOptions.output.manualChunks to improve chunking: https://rollupjs.org/configuration-options/#output-manualchunks
- Adjust chunk size limit for this warning via build.chunkSizeWarningLimit.
✓ built in 18.76s
