
> nexora-monorepo@1.0.0 pretest:api
> npm run prepare:quality


> nexora-monorepo@1.0.0 prepare:quality
> node scripts/quality/build-backend.mjs && node node_modules/typescript/bin/tsc -p ../dummy-api/quality-source/tsconfig.json

{"status":"TRANSPILED","files":16,"typeChecked":false}

> nexora-monorepo@1.0.0 test:api
> node --test --test-concurrency=4 ../dummy-api/*.test.mjs && npm run test:clinical-api

✔ authenticated configuration HTTP contract and conditional requests (2427.990204ms)
✔ navigation filters restricted pages, returns stable identity and handles authorization (723.187289ms)
✔ backend file edits change menu ordering and page translations, and overrides are isolated (834.408327ms)
✔ rejects duplicates, invalid parents, cycles, unknown pages and malformed catalogs (569.744488ms)
✔ ordered stages, config snapshot, comments, requester notifications and persistence (8.710182ms)
✔ self approval, tenant/product isolation, stale versions and changed saved records are blocked (4.414112ms)
✔ bulk partial results, request changes, rejection, resubmission and idempotent recovery (3.600695ms)
✔ all four definitions and every form section are supplied by API (3.257154ms)
✔ create/save/replay survive CSV reload and reject stale writes and cross-scope reads (52.061984ms)
✔ temporary identity permitted for ED only; final verification is explicit (32.538974ms)
✔ bed reservation enforces requirements and concurrency across users (45.654187ms)
✔ order retains all instructions and cancellation preserves original record (31.582736ms)
✔ admission records occupancy; completion does not release the bed (99.637626ms)
✔ signed notes reject edits; addenda cannot rewrite the original values (32.10315ms)
✔ designer persists drafts, deduplicates retries, isolates scope and rejects stale saves (15.906634ms)
✔ designer rejects duplicate IDs, unsupported components and ambiguous options (0.948488ms)
✔ dependent API options persist leading-zero mappings and reject forged relationships and cross-scope access (16.261088ms)
✔ dependency validation rejects cycles, dangling parents, invalid option mappings and excessive depth (1.069437ms)
✔ catalog is shared by tenant/application, append-only and pinned by independent forms (53.02461ms)
✔ catalog validation rejects foreign/mismatched revisions, forged options and incomplete mappings (1.175568ms)
✔ review publication pins schemas, shares entity answers, validates server rules and rejects stale or foreign commands (132.37911ms)
✔ typed rules distinguish normalization and validation and reject cycles and forged metadata (0.852436ms)
✔ multi-parent choices intersect parent selections and reject indirect cycles (1.48209ms)
✔ v1 synthetic API retains null/false/row IDs, validates without writing and isolates CAS records (15.190859ms)
✔ repeating authoring sections persist normalized rows and return occurrence validation before submission (33.356529ms)
✔ queue is persisted with exact idempotency and changed payload conflicts (8.147219ms)
✔ scope isolates tenant, product, user and workstation jobs (11.627453ms)
✔ lookup preserves contexts and returns only exact backend records (1.458962ms)
✔ tenant policies require admin, version checks and enforce user locks (3.952918ms)
✔ browser dispatch means requested, demo means simulated, native stays queued (47.418801ms)
✔ dispatch applies policy changed after enqueue and cancelled jobs stay cancelled (11.926505ms)
✔ automatic event simulation is admin-only, opt-in and deduplicated by event ID (6.563217ms)
✔ routing validates device capability and rejects stale policy versions (3.813688ms)
✔ diagnostic persistence separates module, tenant, application and branch (5.694491ms)
✔ source login and identity switching cannot bypass the authenticated host (0.479834ms)
✔ read-only and finance roles cannot perform clinical or master writes (5.238187ms)
✔ malformed and escaping diagnostic paths are refused (0.300702ms)
✔ source detail routes preserve identifiers and prefer static new-order route (2.199185ms)
✔ documentation HTTP authorizes every view and persists scoped read state (2858.076111ms)
✔ versioned guides, role-filtered search, explicit language fallback and invalid requests (34.115145ms)
✔ reading state is idempotent, persistent and isolated; only explicit acknowledgment acknowledges (20.661689ms)
✔ manifest rejects broken notices, duplicate versions and invalid tour anchors (1.236598ms)
✔ tenant rollout refuses future snapshots and product manifests stay separate (36.966735ms)
✔ center exposes metadata only and isolates tenant, owner and application (22.089538ms)
✔ unavailable entries conceal page/record identity and cannot be opened but remain discardable (5.413439ms)
✔ changed source versions, approval contexts and missing files have distinct statuses (3.876868ms)
✔ stale discard cannot erase a newer revision, expiry removes drafts and pagination is bounded (26.761502ms)
✔ a stolen opaque reference cannot open or delete another owner draft (1.40389ms)
✔ search matches localized page titles without searching unavailable identities (1.34523ms)
✔ mandatory exclusions are recursive and replay responses contain no secrets (19.577071ms)
✔ policy is tenant/application scoped and ordinary users cannot override it (24.406045ms)
✔ tightened exclusions erase existing drafts and replay copies; old windows cannot resurrect them (35.304253ms)
✔ retention purges on read and keeps tombstones; acknowledged business records survive (22.806134ms)
✔ disabled storage deletes all users drafts and never blocks ordinary record saves (41.383807ms)
✔ shared import and approval drafts survive restart and isolate owner, tenant, product and record (34.856371ms)
✔ shared draft HTTP authorization, payload restrictions and mandatory tenant policy (2925.374653ms)
✔ actual MockIns REST_JSON eligibility, claim, status and remittance round trip (426.53849ms)
✔ actual MockIns REST_XML eligibility, claim, status and remittance round trip (389.082482ms)
✔ actual MockIns SOAP11 eligibility, claim, status and remittance round trip (383.054089ms)
✔ actual MockIns SOAP12 eligibility, claim, status and remittance round trip (272.609895ms)
✔ actual MockIns fourth payer receives ordered frozen prior EOB with posted denial advice provenance (1174.382077ms)
✔ transport rejects unapproved origin/path and malformed correlated provider responses (2.176795ms)
✔ RCM HTTP uses authenticated host scope and separate commercial authority (3784.349518ms)
✔ actual payment/refund/collection providers retain unknown reservations and post reconciled money exactly once (320.46047ms)
✔ capture and refund: successful, refused and pending outcomes against the real payment simulator (320.987703ms)
✔ refund timeout_after_accept surfaces an unknown outcome that reconciles via refundStatus (207.482809ms)
✔ collection intents: successful, refused, pending, partial and timeout/reconcile outcomes (242.775622ms)
✔ tenant/merchant scope isolation: another scope cannot read or act on a payment, refund or collection intent (345.429019ms)
✔ client-side validation rejects unsafe/nonpositive amounts, bad currency and bad idempotency keys before any network call (191.622945ms)
✔ rejects an unconfigured non-loopback or path-bearing origin at construction time (0.703325ms)
✔ rejects a wrong response content type (9.546618ms)
✔ rejects an oversized response payload (>128KB) (8.666051ms)
✔ rejects mismatched amount, currency and malformed status in the response (10.777888ms)
✔ does not automatically replay on a transport error (4.227191ms)
✔ captured collection requires explicit provider captured-amount proof for POST and GET (5.330897ms)
✔ does not leak credentials to a redirect target and refuses to follow the redirect (4.491533ms)
✔ finance roles are separate from admin configuration and user/client scope cannot escalate (47.873354ms)
✔ durable tenant/branch/facility partitions and tenant default/branch policy inheritance (60.832367ms)
✔ safe integer/currency validation, stale versions and durable conflicting replay (43.032608ms)
✔ two concurrent store instances serialize one optimistic winner and no overcollection (51.153107ms)
✔ atomic persistence failure rolls back command financial state and replay identity (37.56742ms)
✔ four-payer waterfall conserves payer/patient balances through denials, remittance and clawback (239.114436ms)
✔ partially settled denied residual can be appealed, settled without duplicate prior payment (84.777188ms)
✔ trusted insured Suite import preserves header allocation remainders and opening balance exactly once (44.52012ms)
✔ untrusted import financial snapshots cannot bypass trusted reader, facility or source currency (24.435276ms)
✔ deposit reservations, maker-checker refunds and provider-disabled payout cannot overspend (64.447762ms)
✔ durable preparation precedes provider capture; lost outcome replays same provider key after restart (29.114369ms)
✔ provider refund unknown keeps funds reserved and correlation-reconciled success posts once (71.07553ms)
✔ provider pending collection reserves patient receivable and partial receipt conserves cents (72.079166ms)
✔ package reservations/releases, frozen commercial revisions and one case/excess invoice (132.135588ms)
✔ versioned maker-checker pricing/tax uses exact rounding and rejects stale proposal and overflow (94.032825ms)
✔ explicit configurable demo DRG quotes freeze version and never create a charge (32.036289ms)
✔ GL export is idempotently mapped, journal remains append-only and corruption fails closed (13.130854ms)
✔ commercial tenant defaults and branch overrides propagate across facilities with immutable histories (244.506994ms)
✔ cancellation releases only unsent refund reservation and collection captured amount must be proven (69.849301ms)
✔ clinical identities, source invoices and replay evidence survive restart without cross-branch leakage (185.587911ms)
✔ failed durable commit restores business data and retry ownership (44.927832ms)
✔ a second source writer is rejected until the owning writer closes (12.375359ms)
✔ document read persists synthetic fields but never authenticates or changes patient (12.322199ms)
✔ request scope isolates tenant, application, patient binding, owner and station (3.662076ms)
✔ retries are idempotent, changed requests conflict and a fresh completion cannot replay (30.483738ms)
✔ expired challenges are rejected including result replay (18.870935ms)
✔ biometrics default off, admin policy and current lock apply to pending capture (28.587476ms)
✔ no capture without consent; native transport unavailable and raw biometric data rejected (6.628257ms)
✔ manual review works when biometrics are disabled and never sets authenticated (18.05827ms)
✔ cancel stops capture, only one active request allowed, expired document is distinct (32.697254ms)
✔ preview never writes, marks all CSV duplicates and detects existing records and invalid formats (7.988817ms)
✔ partial failures retry only failed rows and survive lost job receipts (8.241169ms)
✔ batch progress, race duplicates, role checks and user isolation (3.738387ms)
✔ backend generates real SVG symbols and persists exact retry identity (29.678932ms)
✔ rejects over-copies, incompatible stock, missing IDs and cross-category records (0.989167ms)
✔ tenant, application and user isolation with server-only admin authority (16.65408ms)
✔ print attempts are not completion; reprint reason and policy are enforced (36.30444ms)
✔ payment QR never marks paid on creation or print and expires server-side (55.454808ms)
✔ all advertised symbologies render; administrator simulation is explicit (200.224477ms)
✔ stock fit failure identifies the printer field (1.29766ms)
✔ every registered backend message has four complete translations (101.386267ms)
✔ the wire envelope preserves old clients, statuses and literal user data (1.122359ms)
✔ unknown errors and old persisted activity retain readable details (0.258672ms)
✔ monitoring HTTP permits collection but restricts management and rejects tenant spoofing (2756.327329ms)
✔ monitoring strips sensitive payloads, deduplicates deliveries, reopens incidents and isolates tenants/products (65.076127ms)
✔ monitoring validates page references and rate limits each authenticated user (99.261573ms)
✔ preference HTTP rejects non-admin policy writes, locked imports and stale clients (3933.348108ms)
✔ API module preference changes startup navigation only for its account and application (4128.477018ms)
✔ locks persist, reject overrides, and unlocking restores personal choices (87.281737ms)
✔ policy and overrides isolate tenant, product and user; permission is explicit (42.492165ms)
✔ stale policies, concurrent saves and invalid fields cannot replace current state (28.297322ms)
✔ admin defaults apply to new users; unlocked personal choices and reset take precedence (38.321936ms)
✔ default module persists per account and respects access revocation and tenant locks (53.412073ms)
✔ attachments round trip and list responses omit bytes; removal and retries are atomic (6.477518ms)
✔ comments, related records and activity are scoped; invalid or denied writes leave no event (161.981133ms)
✔ saved records and recovery drafts survive reopening the store (4.507402ms)
✔ record versions are shared in a tenant; drafts belong to the account (2.046965ms)
✔ stale saves and drafts cannot overwrite another window (0.855195ms)
✔ retrying an acknowledged operation is idempotent (1.245789ms)
✔ discard keeps a revision tombstone so late draft writes cannot resurrect it (3.734867ms)
✔ invalid payloads do not mutate the record (1.182028ms)
✔ a failed disk write does not publish a saved record (1.579151ms)
✔ create allocates an independent record and clears only the source draft (1.819113ms)
✔ authenticated HTTP record lifecycle, isolation and conflicts (5610.07013ms)
✔ [erp1] list envelope shape, facets, totals, pagination, q, sort (22.632442ms)
✔ [erp1] single row raw GET/PUT/DELETE round trip, 404 on bad id (1.32602ms)
✔ [erp1] tree entity: hierarchy present, rejects nonexistent parent and cycles (1.726463ms)
✔ [erp1] matrix entity: period selects a distinct dataset (3.552076ms)
✔ [erp1] lines/document entity: server recomputes totals, rejects negative qty (7.144122ms)
✔ [erp1] voucher entity: unbalanced debit/credit lines rejected (2.962181ms)
✔ [erp1] ref field rejects a nonexistent referenced row (1.972185ms)
✔ [erp1] branch/tenant isolation (1.214859ms)
✔ [erp1] wrong-branch and missing-identity denial (0.823076ms)
✔ [erp1] RBAC: admin/operations write broadly; finance limited to its allowlist; unknown role denied entirely (0.900806ms)
✔ [erp1] malformed input never throws (0.514254ms)
✔ [erp1] GET /dashboard returns a well-formed object (19.261758ms)
✔ [erp1] idempotent operationId replay vs conflicting payload (0.400312ms)
✔ [erp1] optimistic concurrency via expectedVersion (0.273712ms)
✔ [erp1] GET /lookups hydrates pool/options fields, resources, balances and approvers; rejects entity/page mismatch and unknown page (1.551362ms)
✔ [erp1] view-state GET/PUT round trip, scoped per user, rejects unknown keys and oversized values (1.058479ms)
✔ [erp1] view-state rejects malformed cols/views/mode shapes and never mutates the prior stored value (0.671174ms)
✔ [erp1] entity support returns activities and documents, requires an existing row (1.650252ms)
✔ [erp1] processes run persists a row and returns deterministic events; rejects unknown process, bad params and denied roles (2.536168ms)
✔ [erp1] a run's events are persisted and replay identically through support on repeated GETs, scoped per branch; non-process support never carries processEvents (6.295706ms)
✔ [erp1] preseeded historical process rows carry a deterministic fixture history matching their own status (2.934371ms)
✔ [erp1] GET /company-profile returns the scope's identity, never invented fields (0.360843ms)
✔ [erp2] list envelope shape, facets, totals, pagination, q, sort (3.849307ms)
✔ [erp2] single row raw GET/PUT/DELETE round trip, 404 on bad id (0.251522ms)
✔ [erp2] tree entity: hierarchy present, rejects nonexistent parent and cycles (0.235942ms)
✔ [erp2] matrix entity: period selects a distinct dataset (2.273376ms)
✔ [erp2] lines/document entity: server recomputes totals, rejects negative qty (6.133004ms)
✔ [erp2] voucher entity: unbalanced debit/credit lines rejected (2.713199ms)
✔ [erp2] ref field rejects a nonexistent referenced row (1.142919ms)
✔ [erp2] branch/tenant isolation (0.309172ms)
✔ [erp2] wrong-branch and missing-identity denial (0.154751ms)
✔ [erp2] RBAC: admin/operations write broadly; finance limited to its allowlist; unknown role denied entirely (0.357082ms)
✔ [erp2] malformed input never throws (0.119901ms)
✔ [erp2] GET /dashboard returns a well-formed object (9.649168ms)
✔ [erp2] idempotent operationId replay vs conflicting payload (0.241522ms)
✔ [erp2] optimistic concurrency via expectedVersion (0.156551ms)
✔ [erp2] GET /lookups hydrates pool/options fields, resources, balances and approvers; rejects entity/page mismatch and unknown page (0.712535ms)
✔ [erp2] view-state GET/PUT round trip, scoped per user, rejects unknown keys and oversized values (0.295273ms)
✔ [erp2] view-state rejects malformed cols/views/mode shapes and never mutates the prior stored value (0.279112ms)
✔ [erp2] entity support returns activities and documents, requires an existing row (0.926977ms)
✔ [erp2] processes run persists a row and returns deterministic events; rejects unknown process, bad params and denied roles (3.156273ms)
✔ [erp2] a run's events are persisted and replay identically through support on repeated GETs, scoped per branch; non-process support never carries processEvents (3.079562ms)
✔ [erp2] preseeded historical process rows carry a deterministic fixture history matching their own status (3.389054ms)
✔ [erp2] GET /company-profile returns the scope's identity, never invented fields (0.206252ms)
✔ erp1 and erp2 both construct and expose the same 57-page catalogue (0.117891ms)
✔ createReferenceErpStore requires a valid variant (0.306713ms)
✔ Healthcare Suite HTTP preserves host access grants, identity, product, branch and read-only boundaries (5648.169173ms)
✔ session retains authenticated host actor and branch-local selected facility (25.05384ms)
✔ store enforces actor, product, role, module, branch and read-only writes (6.552949ms)
✔ master CRUD and lookup contracts work for every original entity, preserving numeric form strings (67.601776ms)
✔ patient CRUD, duplicate fields and policy ownership are preserved (14.585764ms)
✔ slots, guest booking, blocked slots, reschedule, cancellation and repeated registration (18.2765ms)
✔ eligibility: ineligible member, expired policy, manual payer and insured visit requirements (9.512588ms)
✔ full insured ordering: prior approval, eRx, billing holds, split hospital/pharmacy invoices and co-pay cap (26.54418ms)
✔ rejected prior approval assigns patient share after settlement (8.3737ms)
✔ payments, cancellation and invoice replay prevent repeat financial/stock effects (13.81907ms)
✔ contract editing is atomic and blank override uses discounted default with flags (9.239926ms)
✔ partition identities isolate tenant, product and branch while sharing same branch data among actors (9.187496ms)
✔ unknown/unsupported shapes fail before mutation and preserve field errors (5.779061ms)
✔ aggregate repeated item stock cannot be oversold and failed invoice leaves every line unchanged (11.250102ms)
✔ dosing edits, approval in-flight protection and quantity changes invalidate approval of old quantities (35.385793ms)
✔ booking checks resource blocks and encounter check-in links appointment while keeping selected facility (58.70763ms)
✔ invoice creation treats zero as an unfilled payment row while later collection requires positive payment (41.643689ms)
✔ four reference module HTTP boundaries preserve authentication, role and branch scope (4766.515525ms)
✔ Quality trust boundary rejects fabricated roles and unsafe scope/path (5.270638ms)
Seeding /home/pepadmin/.cache/agent-tmp/pepbits-quality-test-qyUeZw/d884760a05cc64cee8e6e4102018f6d78a83971b5d62ed92144a7ba6e9a5a973/allyvora-quality.db
  periods 2025-10 → 2026-09; Event Pulse months 2026-07, 2026-08, 2026-09
  Event Pulse: 9352 transactions, 46446 events, 442 duplicate deliveries rejected
  Validation: 57 issues opened
  Totals: { results: 1293, issues: 57, submissions: 12, audit: 809 }
Quality demonstration bootstrap completed; sign-in is managed by the host.
Seeding /home/pepadmin/.cache/agent-tmp/pepbits-quality-test-qyUeZw/c14bbd148138fd1e18e2881728ef696565545222b73eebd5559d50698b50475c/allyvora-quality.db
  periods 2025-10 → 2026-09; Event Pulse months 2026-07, 2026-08, 2026-09
  Event Pulse: 9352 transactions, 46446 events, 442 duplicate deliveries rejected
  Validation: 57 issues opened
  Totals: { results: 1293, issues: 57, submissions: 12, audit: 809 }
Quality demonstration bootstrap completed; sign-in is managed by the host.
Seeding /home/pepadmin/.cache/agent-tmp/pepbits-quality-test-qyUeZw/7e51d3e8597930036c2983a93d4529b0bf6adaec17f3c89c2a863ff96e0d9405/allyvora-quality.db
  periods 2025-10 → 2026-09; Event Pulse months 2026-07, 2026-08, 2026-09
  Event Pulse: 9352 transactions, 46446 events, 442 duplicate deliveries rejected
  Validation: 57 issues opened
  Totals: { results: 1293, issues: 57, submissions: 12, audit: 809 }
Quality demonstration bootstrap completed; sign-in is managed by the host.
✔ Quality actual SQLite workflows, actor, permissions, retry, version, correction and durable isolation (9548.161008ms)
✔ rejects missing identity or scope before touching data (34.370338ms)
✔ every inventoried endpoint is routed (never 404/405 for its method) (30.764651ms)
✔ host roles map to report roles; accepts module-prefixed paths (10.237104ms)
✔ partitions isolate tenant, application and branch; personal favorites stay per user (8.067238ms)
✔ report run: paging, totals, ASYNC_REQUIRED guard and masking with canUnmask (391.145047ms)
✔ exports return files, respect format actions and audit (112.771748ms)
✔ saved views: personal default, role views need admin.access, delete rules (2.631728ms)
✔ background job transitions, stored result pages, download and cancel (24.092523ms)
✔ emailed jobs record outbox only; sensitive results go as a signed link that needs the right user (10.915428ms)
✔ per-user active job limit returns TOO_MANY_JOBS (3.424905ms)
✔ schedules CRUD, run now, due processing and skip when access is lost (14.684615ms)
✔ email-in simulation creates a job; unknown senders and failed auth are rejected (32.002169ms)
✔ API key secret is shown once and authorises BI pulls in the same partition only (22.685413ms)
✔ authenticateApiKey trusts only the stored key: no client scope, current role, revoked/deactivated rejected (7.326503ms)
✔ unknown host role is denied at provision unless a roleMap hook authorizes it (5.436769ms)
✔ an explicit empty or invalid roleMap does not grant the default analyst role (5.929614ms)
✔ builder preview, create/update/delete custom report with sharing grants (9.793411ms)
✔ dashboards: create, widget access validation, sharing rules, delete (2.186265ms)
✔ admin users, roles and settings validation (4.391142ms)
✔ session resolves a fixed fictional identity per role and rejects a role the user does not hold (57.04564ms)
✔ generic resource list envelope {data,total}, filter, q, pagination (33.37183ms)
✔ CRUD round trip: students, invoices (payAmount), issues (return), delete (29.577743ms)
✔ library last-copy conflict on issues create (32.512984ms)
✔ meta is unwrapped; attendance/marks/report-card/stats use their documented envelopes (104.238397ms)
✔ branch and tenant isolation (75.945053ms)
✔ wrong-branch and missing-identity denial (0.302192ms)
✔ role scoping: student sees only own record/fee/attendance; parent sees only own children (40.111596ms)
✔ teacher academic writes are limited to their own assigned classes/records (26.313599ms)
✔ accountant is restricted to fees; librarian to books/issues (34.542948ms)
✔ quiz attempts: student-only, scored server-side, one attempt, denies a second submission (31.611317ms)
✔ settings: get/patch profile, change password, delete a session (29.833404ms)
✔ malformed input never throws and returns structured 4xx (20.996081ms)
✔ school profile, fee structure and contacts are readable reference data (16.208486ms)
✔ leave requests, reservations and fee reminders are scoped and validated (14.413903ms)
✔ quiz answer privacy, server-side grading and idempotent replay (15.187589ms)
✔ live room: host-only privileges, class isolation, single vote per identity (16.269406ms)
✔ newly canonical demo role aliases resolve to their school role; a query-role escalation is denied, a plain session is not (20.824519ms)
✔ dashboard stats trends: admin and accountant carry the documented fixed demo values; other roles never fabricate one (56.746427ms)
✔ invoice payment receipts: sequential per-scope numbers, honest receiptSent, atomic bounds preserved on negative/over-payment (19.48141ms)
✔ attachments: create validates base64, permitted type, the 1MB bound, filename traversal, and purpose/role scoping (98.420026ms)
✔ attachments: assignment-linked downloads follow class membership; an invalid id in the batch rejects atomically (19.49507ms)
✔ attachments: submission-linked downloads follow student-own / teacher-assigned / parent-child; impersonation and purpose mismatch are denied (38.431075ms)
✔ attachments: message-linked downloads follow thread ownership; body.owner never overrides it; ids never cross scope (56.424666ms)
✔ attachments: real frontend roundtrip — assignments.tsx/messages.tsx link the canonical SchoolAttachment object POST /attachments returned; a legacy bare id still resolves; injected/tampered metadata on that object is never trusted (22.979425ms)
✔ quiz shuffle: deterministic per-identity question/option delivery order, accurate server grading against that order, and revealAnswers:false withholds the answer key even after grading (25.344363ms)
✔ server-initialized POST metrics: books/classes/quizzes/assignments compute aggregates server-side; client-supplied aggregates are ignored; invalid counts and unknown class/teacher references reject atomically (27.059624ms)
✔ library return: authoritative $0.50/day-late fine computed from the real due/return dates, on-time return is free, and a repeated return is idempotent (no double fine, no double stock increment) (36.346012ms)
✔ submissions: a student can never set their own grade/feedback, and a teacher grading can never overwrite the student-authored submission text (34.849091ms)
✔ thread messages: a caller can never fabricate a new message "from" the other party, and can never rewrite an already-stored message (29.621192ms)
✔ thread messages: a patch may never silently drop a previously persisted message id (or its attachment links); the real full-array append is unaffected and the rejection is atomic (23.983582ms)
✔ quiz authority: student list/detail/questions/grade are scoped to their own class; a new attempt requires a Published quiz; a completed attempt is still readable/retryable after the quiz closes; an unassigned teacher never gets the answer key or preview access; the owning/assigned teacher and admin still can (15.760852ms)
✔ live sessions: offsetMin is anchored to the real current instant (source src/lib/mock/db.ts materializeLive, lines 72-82), not fixture midnight — /live list and /stats agree, and an explicit authored start is always respected (41.556618ms)
✔ live "end": an accepted host/admin end persists the session as Ended for later /live list/detail and /stats calls, is idempotent on retry, and a non-host end is denied without any mutation (49.384163ms)
✔ stats: admin may read the accountant finance projection (source ReportsPage fetches both directly) without ever mutating their own session identity; a teacher still cannot request it; an unrecognized role is still rejected; branch scoping and student/parent ownership are unaffected (58.973044ms)
✔ command registry and policy access table list exactly the same commands (1.653681ms)
✔ source journey across views: book, join, triage, doctor sign and patient summary (415.15271ms)
✔ sessions describe role, modes, staff and patients for each view (40.895124ms)
✔ source role spoofing, signer replacement and cross-module access are refused (161.002015ms)
✔ patient, tenant, application and branch partitions are isolated (155.630067ms)
✔ malformed identifiers, paths and bodies are refused without touching data (42.121842ms)
✔ booking guards cover mismatches, grid, hours, breaks, past times and interval overlap (58.58355ms)
✔ appointment transitions, role limits and rescheduling follow the source rules (210.821173ms)
✔ nurse cannot supply prescriptions, diagnoses or doctor-only content, and cannot sign as a doctor (91.812038ms)
✔ sign retries do not duplicate follow-ups, messages or bookings (203.56229ms)
✔ stale versions conflict, signed notes are locked and context mismatches are refused (257.033304ms)
✔ encounter content is validated against catalogs and bounds; scores are recomputed server-side (146.35636ms)
✔ patient and allergy writes use field allowlists and keep identifiers server-owned (210.897433ms)
✔ patients check in only for their own visits and the shipped demo allows self booking (200.089686ms)
✔ configuration overrides change scheduling, modes, recording, simulation and limits per branch (269.880647ms)
✔ current vitals and transcript frames replace SSE: authenticated, deterministic and consent-gated (237.009111ms)
✔ simulated arrival is explicit demo behaviour and asserts no consent (175.56031ms)
✔ state is durable across close and recreate, with exclusive writer ownership (204.014143ms)
✔ a lease left by a dead process is taken over and an unreadable state file is not silently reseeded (129.050167ms)
✔ audit history is bounded, ordered and restricted to the doctor mode (315.386565ms)
✔ concurrent first requests share one scope and every committed change is retained (257.867211ms)
✔ the default clock and shipped policy work without options (24.909718ms)
✔ a dedicated patient account needs the trusted host mapping; the config default never fills in (18.617224ms)
✔ self booking is on in the shipped demo and off by explicit override, independent of provider booking (175.793321ms)
✔ admin demo patient session may register a patient; fixed patients and a disabled setting cannot (86.013558ms)
✔ admin registration is durable across restart and replays exactly (45.187025ms)
✔ changed payload under a used idempotency key is a 409 conflict; exact replays and restarts keep working (18.995597ms)
✔ recording always requires consent and no policy can switch that off (94.482998ms)
✔ booking advice keeps the source specialty and red-flag rules on the API (29.964135ms)
✔ calendar month recurrence preserves the anchor day across February (1.836194ms)
✔ schedules persist, retry failed work, isolate owners and do not duplicate a due delivery (155.626876ms)
✔ additional School views require an explicit authenticated server grant (926.045146ms)
✔ School grants preserve configured node restrictions and do not expose roleless pages to other users (721.487706ms)
▶ six School header views enforce server roles, navigation, tenant branches and actor identity
  ✔ School Administrator (174.962125ms)
  ✔ School Teacher (106.998728ms)
  ✔ School Student (74.553305ms)
  ✔ School Parent (61.42504ms)
  ✔ School Librarian (67.008131ms)
  ✔ School Accountant (69.634459ms)
  ✔ selected roles retain School resource reads and mutations (887.58836ms)
✔ six School header views enforce server roles, navigation, tenant branches and actor identity (4284.261035ms)
✔ HTTP enforcement: origins, tenant audit authorization, schedules and AI refusals (7556.401685ms)
✔ audit survives restart, isolates tenants, strips data and expires by retention (41.716999ms)
✔ providers must match exact HTTPS bases; expired credentials fail closed (0.463864ms)
✔ one user cannot exhaust another user allowance; tenant remains part of the key (1.965574ms)
✔ modified AI clients cannot send free text, clinical data, labels or undeclared keys (0.897075ms)
✔ encrypted credentials migrate, survive restart and reject the wrong master key (11.498533ms)
✔ Teleconsult HTTP sessions, role grants, shared views and adopted branch policy (2303.54596ms)
✔ both modules share one partition per trusted tenant, application and branch (1.923624ms)
✔ scope rejects unauthenticated, malformed and unknown-module requests (0.427674ms)
✔ shipped configuration is valid and resolves defaults, tenant and branch overrides (2.568399ms)
✔ tenant defaults can be overridden by a branch without losing sibling settings (0.639465ms)
✔ invalid configuration is rejected with every problem and never partially applied (3.986529ms)
✔ provider mode comes from the authenticated grant; the header only selects among granted modes (5.244697ms)
✔ patient beneficiary is fixed for dedicated accounts and selectable only by admin (6.483136ms)
✔ shipped demo policy enables patient booking and admin registration; recording consent can never be disabled (2.023665ms)
✔ request parsing refuses escaping paths, oversized and non-object bodies (2.585138ms)
✔ idempotency keys are validated and header lookup is case-insensitive (0.443673ms)
✔ command access separates doctor, nurse and patient capabilities (1.341439ms)
✔ personal views persist, isolate owners, and reject stale changes (6.840479ms)
✔ view layouts reject malformed values (0.312342ms)
✔ archive reports partial failures, is idempotent and persists in tenant/product/page scope (3.292724ms)
ℹ tests 322
ℹ suites 0
ℹ pass 322
ℹ fail 0
ℹ cancelled 0
ℹ skipped 0
ℹ todo 0
ℹ duration_ms 22862.034342

> nexora-monorepo@1.0.0 test:clinical-api
> tsc -p ../dummy-api/tsconfig.clinical.json && node --test ../dummy-api/clinical-template-store.test.ts ../dummy-api/clinical-template-csv.test.ts ../dummy-api/clinic-billing-store.test.ts ../dummy-api/clinical-triage-store.test.ts ../dummy-api/clinical-consultation-store.test.ts ../dummy-api/comprehensive-consultation-store.test.ts ../dummy-api/op-registration-store.test.ts

✔ prescription → order → invoice → partial payments → refund survives restart and duplicate retries (73.751599ms)
✔ permissions, conflicts, duplicate billing, input validation and tenant isolation (66.701609ms)
✔ void returns unpaid orders for rebilling and blocks paid invoice cancellation (65.001966ms)
✔ unpaid bill corrections preserve revisions and survive retries; paid, stale and unauthorized edits fail (46.318362ms)
✔ consultation drafts persist, retry once, validate explicit entries, finalize immutably and isolate scope (47.983304ms)
✔ expanded notes persist and legacy updates preserve new fields (32.223162ms)
✔ CSV create round-trips commas quotes Unicode newlines and booleans; query and 360 read the saved record after restart (109.000233ms)
✔ CSV changes are read on the next API operation; legacy JSON migration preserves records and leaves source intact (92.290572ms)
✔ corrupt CSV fails closed instead of replacing saved records with seed data (5.408439ms)
✔ CSV parser enforces quoting, row width and duplicate entity identities (0.320262ms)
✔ new related entries and their retry receipts survive restart and appear in 360 from CSV (41.966671ms)
✔ patient search applies combined filters, sorting and pagination (79.032828ms)
✔ complete registration is atomic, persisted and retried idempotently (86.553212ms)
✔ validation, duplicate identity and stale versions cannot alter records (52.82125ms)
✔ patient mutations are tenant/application scoped and permissions are enforced (85.052711ms)
✔ saved searches are user scoped; appointment writes are patient scoped and retry safe (118.295459ms)
✔ eligibility reads the saved policy and rejects unknown policy identities (37.057345ms)
✔ patient record keeps identifiers server managed and projects contact edits into search values (53.03359ms)
✔ registry search uses whole words, phrases, exclusions and child-record values (108.65142ms)
✔ draft persists and retries keep one identity; complete locks history and new assessments are blank (31.792778ms)
✔ completion requires explicit safety/priority and measurements or a reason; malformed input is rejected (17.933339ms)
✔ server roles, tenant scope, optimistic versions and corrupt CSV are enforced (17.221593ms)
✔ comprehensive CSV persists linked records, retries once, rejects stale and signed edits, isolates tenants (38.535637ms)
✔ reject malformed nested data, duplicate diagnoses, dangling orders and unsigned medication review (1.992435ms)
✔ score totals distinguish zero, incomplete, NT and invalid; E/M uses median and separate bounded time (2.608998ms)
✔ required validation, persistent check-in and idempotent retries (22.746553ms)
✔ write permission, optimistic conflict, server-owned eligibility and duplicate encounters (41.572367ms)
✔ clinical lifecycle: signed note immutable, service charges, payments, completion and addenda (108.764221ms)
✔ pending results require ownership, draft policy excludes sensitive fields and expires drafts (18.663154ms)
✔ appointment slot conflict and patient association validation (24.222634ms)
✔ pending results require an owner, date and plan; clinical closure is independent of payment (55.614779ms)
✔ discount cannot create overpayment and reversals preserve the original payment (69.974033ms)
✔ disabled drafts do not prevent check-in or ephemeral eligibility checks (32.840124ms)
ℹ tests 33
ℹ suites 0
ℹ pass 33
ℹ fail 0
ℹ cancelled 0
ℹ skipped 0
ℹ todo 0
ℹ duration_ms 845.194736
