
> nexora-monorepo@1.0.0 build
> turbo run build

• turbo 2.10.12

   • Packages in scope: @pepbits/ai-client, @pepbits/ai-config, @pepbits/ai-ui, @pepbits/auth, @pepbits/erp-config, @pepbits/erp-data, @pepbits/erp-screens, @pepbits/erp-shell, @pepbits/ops-ui, @pepbits/platform-ports, @pepbits/reference-diagnostics, @pepbits/reference-erp1, @pepbits/reference-erp2, @pepbits/reference-healthcare-suite, @pepbits/reference-host, @pepbits/reference-keystone-core, @pepbits/reference-lis1, @pepbits/reference-lis2, @pepbits/reference-quality, @pepbits/reference-reports, @pepbits/reference-ris1, @pepbits/reference-school, @pepbits/reference-teleconsult, @pepbits/tokens, @pepbits/workspace-core, desktop, web
   • Running build in 27 packages
   • Remote caching disabled

web:build: cache miss, executing f81bd41aa238ce92
desktop:build: cache miss, executing ee9c8ef499419e8d
desktop:build: 
desktop:build: > desktop@1.0.0 build
desktop:build: > rm -rf dist && tsc --noEmit && vite build && node ../../scripts/stamp-api.mjs VITE_API_URL dist
desktop:build: 
web:build: 
web:build: > web@1.0.0 build
web:build: > rm -rf .next/static && next build && node ../../scripts/stamp-api.mjs NEXT_PUBLIC_API_URL .next
web:build: 
web:build: ▲ Next.js 16.3.3 (Turbopack)
web:build: ✓ Running next.config.ts took 48ms
web:build: 
web:build:   Creating an optimized production build ...
web:build: ✓ Compiled successfully in 2.3s
web:build:   Running TypeScript ...
desktop:build: vite v7.3.6 building client environment for production...
desktop:build: transforming...
web:build:   Finished TypeScript in 28.4s ...
web:build:   Collecting page data using 7 workers ...
web:build:   Generating static pages using 7 workers (0/3) ...
web:build: ✓ Generating static pages using 7 workers (3/3) in 394ms
web:build:   Finalizing page optimization ...
web:build: 
web:build: Route (app)
web:build: ┌ ○ /
web:build: ├ ○ /_not-found
web:build: ├ ƒ /[module]/[page]
web:build: ├ ƒ /[module]/[page]/[recordId]
web:build: ├ ƒ /[module]/[page]/[recordId]/edit
web:build: ├ ƒ /[module]/[page]/new
web:build: └ ƒ /view/[viewId]
web:build: 
web:build: 
web:build: ○  (Static)   prerendered as static content
web:build: ƒ  (Dynamic)  server-rendered on demand
web:build: 
desktop:build: ✓ 3021 modules transformed.
desktop:build: rendering chunks...
desktop:build: [plugin vite:reporter] 
desktop:build: (!) /home/pepadmin/pb/saas/lib/pepbits-frontend-library/desktop-clients/node_modules/@tauri-apps/api/core.js is dynamically imported by /home/pepadmin/pb/saas/lib/pepbits-frontend-library/desktop-clients/packages/erp-shell/src/sentinel.tsx, /home/pepadmin/pb/saas/lib/pepbits-frontend-library/desktop-clients/packages/erp-shell/src/sentinel.tsx but also statically imported by /home/pepadmin/pb/saas/lib/pepbits-frontend-library/desktop-clients/node_modules/@tauri-apps/api/dpi.js, /home/pepadmin/pb/saas/lib/pepbits-frontend-library/desktop-clients/node_modules/@tauri-apps/api/event.js, /home/pepadmin/pb/saas/lib/pepbits-frontend-library/desktop-clients/node_modules/@tauri-apps/api/image.js, /home/pepadmin/pb/saas/lib/pepbits-frontend-library/desktop-clients/node_modules/@tauri-apps/api/webview.js, /home/pepadmin/pb/saas/lib/pepbits-frontend-library/desktop-clients/node_modules/@tauri-apps/api/webviewWindow.js, /home/pepadmin/pb/saas/lib/pepbits-frontend-library/desktop-clients/node_modules/@tauri-apps/api/window.js, dynamic import will not move module into another chunk.
desktop:build: 
desktop:build: [plugin vite:reporter] 
desktop:build: (!) /home/pepadmin/pb/saas/lib/pepbits-frontend-library/desktop-clients/node_modules/@tauri-apps/api/event.js is dynamically imported by /home/pepadmin/pb/saas/lib/pepbits-frontend-library/desktop-clients/packages/erp-shell/src/sentinel.tsx but also statically imported by /home/pepadmin/pb/saas/lib/pepbits-frontend-library/desktop-clients/node_modules/@tauri-apps/api/webview.js, /home/pepadmin/pb/saas/lib/pepbits-frontend-library/desktop-clients/node_modules/@tauri-apps/api/webviewWindow.js, /home/pepadmin/pb/saas/lib/pepbits-frontend-library/desktop-clients/node_modules/@tauri-apps/api/window.js, dynamic import will not move module into another chunk.
desktop:build: 
desktop:build: computing gzip size...
desktop:build: dist/index.html                                       1.05 kB │ gzip:   0.53 kB
desktop:build: dist/assets/workbook-options.worker-B47Vz9Ey.js     368.07 kB
desktop:build: dist/assets/library-page-BZ8DFha9.css                 1.27 kB │ gzip:   0.59 kB
desktop:build: dist/assets/page-template-DHkRpzaa.css                2.17 kB │ gzip:   0.74 kB
desktop:build: dist/assets/library-page-B5FBY-Fy.css                 4.55 kB │ gzip:   1.28 kB
desktop:build: dist/assets/workspace-Bnk30RYg.css                    5.02 kB │ gzip:   1.41 kB
desktop:build: dist/assets/library-page-CNkCYsR4.css                 5.85 kB │ gzip:   1.45 kB
desktop:build: dist/assets/library-page-B8oeBtES.css                 9.14 kB │ gzip:   2.17 kB
desktop:build: dist/assets/index-C0VEpQLa.css                       11.91 kB │ gzip:   2.17 kB
desktop:build: dist/assets/index-DrfW4Pux.css                       26.29 kB │ gzip:   4.72 kB
desktop:build: dist/assets/index-CURDiA_2.css                      391.64 kB │ gzip:  61.24 kB
desktop:build: dist/assets/clinical-triage-DHLgwzOt.js               0.12 kB │ gzip:   0.12 kB
desktop:build: dist/assets/clinical-consultation-CY0XKaxC.js         0.12 kB │ gzip:   0.12 kB
desktop:build: dist/assets/bookmark-wTY3GZwo.js                      0.16 kB │ gzip:   0.16 kB
desktop:build: dist/assets/arrow-up-right-CFJkUb5R.js                0.16 kB │ gzip:   0.16 kB
desktop:build: dist/assets/ban-DLlbKcta.js                           0.17 kB │ gzip:   0.16 kB
desktop:build: dist/assets/clock-CYIGM9aS.js                         0.18 kB │ gzip:   0.17 kB
desktop:build: dist/assets/kanban-CodeKxOR.js                        0.19 kB │ gzip:   0.16 kB
desktop:build: dist/assets/corner-up-left-CUQcDof5.js                0.19 kB │ gzip:   0.18 kB
desktop:build: dist/assets/circle-play-BPuQRNE-.js                   0.19 kB │ gzip:   0.17 kB
desktop:build: dist/assets/circle-x-CfHicO4B.js                      0.20 kB │ gzip:   0.18 kB
desktop:build: dist/assets/credit-card-CbyM7Uzy.js                   0.20 kB │ gzip:   0.18 kB
desktop:build: dist/assets/undo-2-DL6WqbTG.js                        0.20 kB │ gzip:   0.18 kB
desktop:build: dist/assets/square-check-big-C5l7iRqL.js              0.22 kB │ gzip:   0.19 kB
desktop:build: dist/assets/type-CxIYD4Sw.js                          0.24 kB │ gzip:   0.19 kB
desktop:build: dist/assets/calendar-PNSqewkf.js                      0.25 kB │ gzip:   0.20 kB
desktop:build: dist/assets/map-pin-BAr03xN9.js                       0.26 kB │ gzip:   0.22 kB
desktop:build: dist/assets/pen-line-DySjdEhI.js                      0.27 kB │ gzip:   0.23 kB
desktop:build: dist/assets/file-plus-2-ZolvV-xF.js                   0.28 kB │ gzip:   0.21 kB
desktop:build: dist/assets/wallet-BScUOyPU.js                        0.28 kB │ gzip:   0.21 kB
desktop:build: dist/assets/house-CjjaGvuX.js                         0.29 kB │ gzip:   0.22 kB
desktop:build: dist/assets/receipt-WWmS3Alt.js                       0.29 kB │ gzip:   0.21 kB
desktop:build: dist/assets/zoom-in-BS-mDkgP.js                       0.30 kB │ gzip:   0.21 kB
desktop:build: dist/assets/users-CqJOg-Wr.js                         0.30 kB │ gzip:   0.23 kB
desktop:build: dist/assets/user-plus-C2AGkULp.js                     0.31 kB │ gzip:   0.23 kB
desktop:build: dist/assets/layout-grid-8tJxfLfC.js                   0.34 kB │ gzip:   0.19 kB
desktop:build: dist/assets/key-round-CmHmTyNB.js                     0.35 kB │ gzip:   0.26 kB
desktop:build: dist/assets/calendar-plus-hUdQJ-mo.js                 0.35 kB │ gzip:   0.23 kB
desktop:build: dist/assets/syringe-BtFMNx3t.js                       0.36 kB │ gzip:   0.25 kB
desktop:build: dist/assets/door-open-B7b8TGh-.js                     0.37 kB │ gzip:   0.25 kB
desktop:build: dist/assets/clsx-B-dksMZM.js                          0.37 kB │ gzip:   0.24 kB
desktop:build: dist/assets/phone-Dp6pvRPx.js                         0.39 kB │ gzip:   0.26 kB
desktop:build: dist/assets/preference-choice-Cr7IqDbu.js             0.40 kB │ gzip:   0.27 kB
desktop:build: dist/assets/clinical-document-CRPU8npr.js             0.42 kB │ gzip:   0.33 kB
desktop:build: dist/assets/octagon-alert-lSGs15L2.js                 0.43 kB │ gzip:   0.25 kB
desktop:build: dist/assets/zap-B0d7jGbu.js                           0.44 kB │ gzip:   0.28 kB
desktop:build: dist/assets/scanner-input-CSUTvKoY.js                 0.44 kB │ gzip:   0.34 kB
desktop:build: dist/assets/star-D3KQBSqM.js                          0.47 kB │ gzip:   0.29 kB
desktop:build: dist/assets/user-round-x-DXNrHmdn.js                  0.51 kB │ gzip:   0.29 kB
desktop:build: dist/assets/siren-DAe4reFP.js                         0.58 kB │ gzip:   0.32 kB
desktop:build: dist/assets/print-document-DmummMZd.js                0.60 kB │ gzip:   0.36 kB
desktop:build: dist/assets/square-pen-DFP0gM-U.js                    0.67 kB │ gzip:   0.36 kB
desktop:build: dist/assets/library-page-Bh9l9HBj.js                  0.67 kB │ gzip:   0.40 kB
desktop:build: dist/assets/library-page-DTSh_ub9.js                  0.76 kB │ gzip:   0.43 kB
desktop:build: dist/assets/source-controls-NizdVYuy.js               0.82 kB │ gzip:   0.31 kB
desktop:build: dist/assets/clinical-templates-C6qMOJcp.js            0.92 kB │ gzip:   0.52 kB
desktop:build: dist/assets/library-page-B6QL2bni.js                  1.20 kB │ gzip:   0.66 kB
desktop:build: dist/assets/video-DCx0Dt54.js                         1.63 kB │ gzip:   0.75 kB
desktop:build: dist/assets/configured-template-page-BZ8ao6gD.js      1.80 kB │ gzip:   0.90 kB
desktop:build: dist/assets/calendar-DftVawnm.js                      3.49 kB │ gzip:   1.61 kB
desktop:build: dist/assets/index-DfXFjOZu.js                         3.81 kB │ gzip:   1.79 kB
desktop:build: dist/assets/template-parts-L4iHm4K7.js                3.85 kB │ gzip:   1.42 kB
desktop:build: dist/assets/choice-fields-DEbtukVt.js                 7.44 kB │ gzip:   2.74 kB
desktop:build: dist/assets/library-page-CzIY3b_J.js                  7.45 kB │ gzip:   2.57 kB
desktop:build: dist/assets/library-page-B2fF1j0t.js                  8.51 kB │ gzip:   3.54 kB
desktop:build: dist/assets/library-page-CVrFItu7.js                  8.95 kB │ gzip:   3.13 kB
desktop:build: dist/assets/template-library-R7-PWeY8.js              9.84 kB │ gzip:   3.32 kB
desktop:build: dist/assets/library-page-Df2nHox1.js                  9.94 kB │ gzip:   3.42 kB
desktop:build: dist/assets/library-page-SgmRF-eN.js                 11.92 kB │ gzip:   4.37 kB
desktop:build: dist/assets/library-page-BL0RM4wl.js                 13.96 kB │ gzip:   4.96 kB
desktop:build: dist/assets/index-Copb8eL2.js                        15.12 kB │ gzip:   2.90 kB
desktop:build: dist/assets/library-page-C9ozR5lT.js                 23.93 kB │ gzip:   7.17 kB
desktop:build: dist/assets/library-page-DUXOqMtE.js                 25.52 kB │ gzip:   7.19 kB
desktop:build: dist/assets/library-page-BmAWPSsU.js                 34.27 kB │ gzip:  10.64 kB
desktop:build: dist/assets/page-template-BYzZpxdW.js                34.80 kB │ gzip:  10.38 kB
desktop:build: dist/assets/workspace-Dq4gWr6U.js                    46.44 kB │ gzip:  14.29 kB
desktop:build: dist/assets/component-catalog-C2UV5-RL.js            49.23 kB │ gzip:  12.12 kB
desktop:build: dist/assets/library-page-mZ0ra3zh.js                 78.49 kB │ gzip:  23.65 kB
desktop:build: dist/assets/RegistryPage-C9xZXyL-.js                119.98 kB │ gzip:  35.57 kB
desktop:build: dist/assets/index-qw_vwRCP.js                       122.34 kB │ gzip:  30.76 kB
desktop:build: dist/assets/index-ntkic_08.js                       139.02 kB │ gzip:  35.20 kB
desktop:build: dist/assets/index-D3GOt87B.js                       140.34 kB │ gzip:  42.48 kB
desktop:build: dist/assets/index-CEUOxEKg.js                       186.69 kB │ gzip:  47.37 kB
desktop:build: dist/assets/index-QU4qTQMY.js                       207.97 kB │ gzip:  56.49 kB
desktop:build: dist/assets/index-CBdSt-Ld.js                       226.13 kB │ gzip:  60.96 kB
desktop:build: dist/assets/index-Cn_pMT8E.js                       239.67 kB │ gzip:  65.71 kB
desktop:build: dist/assets/index-CEgl_ooi.js                       244.62 kB │ gzip:  65.01 kB
desktop:build: dist/assets/index-DouujCDa.js                       248.41 kB │ gzip:  65.13 kB
desktop:build: dist/assets/index-SWlvYIKi.js                       346.47 kB │ gzip:  94.68 kB
desktop:build: dist/assets/BarChart-DTcsSToQ.js                    393.24 kB │ gzip: 107.90 kB
desktop:build: dist/assets/locale-fallback-en-ZSDVRC2q.js          744.26 kB │ gzip: 190.24 kB
desktop:build: dist/assets/locale-fallback-ar-CO4J9xYv.js          964.42 kB │ gzip: 273.13 kB
desktop:build: 
desktop:build: dist/assets/locale-fallback-hi-D1UABRdd.js        1,288.89 kB │ gzip: 291.90 kB
desktop:build: dist/assets/locale-fallback-ml--yqtUI68.js        1,504.64 kB │ gzip: 309.33 kB
desktop:build: dist/assets/index-BdKwEJ2Y.js                     1,795.50 kB │ gzip: 532.99 kB
desktop:build: (!) Some chunks are larger than 500 kB after minification. Consider:
desktop:build: - Using dynamic import() to code-split the application
desktop:build: - Use build.rollupOptions.output.manualChunks to improve chunking: https://rollupjs.org/configuration-options/#output-manualchunks
desktop:build: - Adjust chunk size limit for this warning via build.chunkSizeWarningLimit.
desktop:build: ✓ built in 14.01s

 Tasks:    2 successful, 2 total
Cached:    0 cached, 2 total
  Time:    46.514s 

