
> nexora-monorepo@1.0.0 test
> vitest run


 RUN  v3.2.7 /home/pepadmin/pb/saas/lib/pepbits-frontend-library/desktop-clients

stderr | packages/reference-quality/src/pages.test.tsx > AllyVora Quality pages > renders '/indicators/7' with its heading, data and no error state
The width(0) and height(0) of chart should be greater than 0,
       please check the style of container, or the props width(100%) and height(100%),
       or add a minWidth(0) or minHeight(undefined) or use aspect(undefined) to control the
       height and width.

stderr | packages/reference-quality/src/pages.test.tsx > AllyVora Quality pages > renders '/tat' with its heading, data and no error state
The width(0) and height(0) of chart should be greater than 0,
       please check the style of container, or the props width(100%) and height(100%),
       or add a minWidth(0) or minHeight(undefined) or use aspect(undefined) to control the
       height and width.
The width(0) and height(0) of chart should be greater than 0,
       please check the style of container, or the props width(100%) and height(100%),
       or add a minWidth(0) or minHeight(undefined) or use aspect(undefined) to control the
       height and width.

stderr | packages/reference-quality/src/pages.test.tsx > AllyVora Quality pages > renders '/events' with its heading, data and no error state
The width(0) and height(0) of chart should be greater than 0,
       please check the style of container, or the props width(100%) and height(100%),
       or add a minWidth(0) or minHeight(undefined) or use aspect(undefined) to control the
       height and width.

stderr | packages/reference-quality/src/pages.test.tsx > AllyVora Quality pages > renders '/reports/designer' with its heading, data and no error state
The width(0) and height(0) of chart should be greater than 0,
       please check the style of container, or the props width(100%) and height(100%),
       or add a minWidth(0) or minHeight(undefined) or use aspect(undefined) to control the
       height and width.
The width(0) and height(0) of chart should be greater than 0,
       please check the style of container, or the props width(100%) and height(100%),
       or add a minWidth(0) or minHeight(undefined) or use aspect(undefined) to control the
       height and width.

stderr | packages/reference-quality/src/pages.test.tsx > AllyVora Quality pages > renders '/reports/3' with its heading, data and no error state
The width(0) and height(0) of chart should be greater than 0,
       please check the style of container, or the props width(100%) and height(100%),
       or add a minWidth(0) or minHeight(undefined) or use aspect(undefined) to control the
       height and width.
The width(0) and height(0) of chart should be greater than 0,
       please check the style of container, or the props width(100%) and height(100%),
       or add a minWidth(0) or minHeight(undefined) or use aspect(undefined) to control the
       height and width.

stderr | packages/reference-quality/src/pages.test.tsx > AllyVora Quality pages > requests the indicator detail endpoint for /indicators/7
The width(0) and height(0) of chart should be greater than 0,
       please check the style of container, or the props width(100%) and height(100%),
       or add a minWidth(0) or minHeight(undefined) or use aspect(undefined) to control the
       height and width.

stderr | packages/reference-quality/src/pages.test.tsx > AllyVora Quality pages > requests the template and its render for /reports/3
The width(0) and height(0) of chart should be greater than 0,
       please check the style of container, or the props width(100%) and height(100%),
       or add a minWidth(0) or minHeight(undefined) or use aspect(undefined) to control the
       height and width.
The width(0) and height(0) of chart should be greater than 0,
       please check the style of container, or the props width(100%) and height(100%),
       or add a minWidth(0) or minHeight(undefined) or use aspect(undefined) to control the
       height and width.

stderr | packages/reference-quality/src/pages.test.tsx > AllyVora Quality pages > has every plain English message looked up through t() in quality-copy.json
The width(0) and height(0) of chart should be greater than 0,
       please check the style of container, or the props width(100%) and height(100%),
       or add a minWidth(0) or minHeight(undefined) or use aspect(undefined) to control the
       height and width.

stderr | packages/reference-quality/src/pages.test.tsx > AllyVora Quality pages > has every plain English message looked up through t() in quality-copy.json
The width(0) and height(0) of chart should be greater than 0,
       please check the style of container, or the props width(100%) and height(100%),
       or add a minWidth(0) or minHeight(undefined) or use aspect(undefined) to control the
       height and width.
The width(0) and height(0) of chart should be greater than 0,
       please check the style of container, or the props width(100%) and height(100%),
       or add a minWidth(0) or minHeight(undefined) or use aspect(undefined) to control the
       height and width.

stderr | packages/reference-quality/src/pages.test.tsx > AllyVora Quality pages > has every plain English message looked up through t() in quality-copy.json
The width(0) and height(0) of chart should be greater than 0,
       please check the style of container, or the props width(100%) and height(100%),
       or add a minWidth(0) or minHeight(undefined) or use aspect(undefined) to control the
       height and width.

stderr | packages/reference-quality/src/pages.test.tsx > AllyVora Quality pages > has every plain English message looked up through t() in quality-copy.json
The width(0) and height(0) of chart should be greater than 0,
       please check the style of container, or the props width(100%) and height(100%),
       or add a minWidth(0) or minHeight(undefined) or use aspect(undefined) to control the
       height and width.
The width(0) and height(0) of chart should be greater than 0,
       please check the style of container, or the props width(100%) and height(100%),
       or add a minWidth(0) or minHeight(undefined) or use aspect(undefined) to control the
       height and width.

stderr | packages/reference-quality/src/pages.test.tsx > AllyVora Quality pages > has every plain English message looked up through t() in quality-copy.json
The width(0) and height(0) of chart should be greater than 0,
       please check the style of container, or the props width(100%) and height(100%),
       or add a minWidth(0) or minHeight(undefined) or use aspect(undefined) to control the
       height and width.

stderr | packages/reference-quality/src/pages.test.tsx > AllyVora Quality pages > has every plain English message looked up through t() in quality-copy.json
The width(0) and height(0) of chart should be greater than 0,
       please check the style of container, or the props width(100%) and height(100%),
       or add a minWidth(0) or minHeight(undefined) or use aspect(undefined) to control the
       height and width.
The width(0) and height(0) of chart should be greater than 0,
       please check the style of container, or the props width(100%) and height(100%),
       or add a minWidth(0) or minHeight(undefined) or use aspect(undefined) to control the
       height and width.

 ✓ packages/erp-screens/src/templates/preference-compliance.test.tsx (4 tests) 3687ms
   ✓ all registered templates inherit managed table preferences in both density profiles  3496ms
stderr | packages/reference-quality/src/pages.test.tsx > AllyVora Quality pages > has every plain English message looked up through t() in quality-copy.json
The width(0) and height(0) of chart should be greater than 0,
       please check the style of container, or the props width(100%) and height(100%),
       or add a minWidth(0) or minHeight(undefined) or use aspect(undefined) to control the
       height and width.
The width(0) and height(0) of chart should be greater than 0,
       please check the style of container, or the props width(100%) and height(100%),
       or add a minWidth(0) or minHeight(undefined) or use aspect(undefined) to control the
       height and width.

 ✓ packages/reference-quality/src/pages.test.tsx (21 tests) 3393ms
   ✓ AllyVora Quality pages > renders '/reports/designer' with its heading, data and no error state  714ms
   ✓ AllyVora Quality pages > has every plain English message looked up through t() in quality-copy.json  1459ms
 ✓ packages/reference-teleconsult/src/patient/module.test.tsx (25 tests) 4788ms
   ✓ visit > books with an Idempotency-Key, and a retry after a lost response replays the same key  558ms
   ✓ booking advice from the server > asks the API for the specialty and urgency, and uses its answer to label the suggestion and book as urgent  462ms
   ✓ booking advice from the server > shows the urgent warning only from the API's urgency, not from the browser's own reading of the symptoms  608ms
   ✓ booking advice from the server > cannot continue or book on a stale answer: changed answers wait for new advice and a late old reply is ignored  606ms
   ✓ booking advice from the server > does not offer Continue when the API cannot answer, reports why, and asks again on retry  591ms
   ✓ effective settings in patient booking > offers only the visit modes the branch supports and books with one of them  484ms
 ✓ packages/erp-screens/src/clinical-templates/clinical-templates.test.tsx (7 tests) 3119ms
   ✓ patient form preserves edits through section changes and retries with the same operation  1417ms
   ✓ scope remounts cannot retain another user patient edits  319ms
   ✓ New patient resets a saved record in a reused new-record tab  587ms
   ✓ empty contact editors do not create rows until edited and retain focus while typing  449ms
 ✓ packages/reference-school/src/module.test.tsx (61 tests) 7950ms
   ✓ ReferenceSchoolModule > renders /dashboard for an administrator through host.request only  391ms
   ✓ ReferenceSchoolModule > renders /marks for an administrator through host.request only  391ms
   ✓ failure handling > a rejected create keeps the dialog and the entered values and shows the server message  333ms
 ✓ packages/reference-teleconsult/src/provider/module.test.tsx (19 tests) 3024ms
   ✓ consultation > signs from the Sign off tab with the expected version and shows server problems without losing the draft  343ms
   ✓ consultation > shows the conflict banner and keeps the edited text when autosave is refused  843ms
 ✓ packages/erp-screens/src/lifecycle/lifecycle.test.tsx (17 tests) 2898ms
   ✓ LifecycleConfigurationPage > console summary uses server validation and clears it after editing  488ms
   ✓ LifecycleConfigurationPage > saves a draft with the expected revision and reuses the operation key on retry  383ms
   ✓ LifecycleConfigurationPage > lifecycle module and domain are editable codes that drive catalogue navigation  337ms
stderr | packages/erp-screens/src/clinical-templates/query.test.tsx > disabled query shortcuts do not focus search or open help
An update to PatientQueryTemplate inside a test was not wrapped in act(...).

When testing, code that causes React state updates should be wrapped into act(...):

act(() => {
  /* fire events that update state */
});
/* assert on the output */

This ensures that you're testing the behavior the user would see in the browser. Learn more at https://react.dev/link/wrap-tests-with-act

 ✓ packages/erp-screens/src/templates/page-template.test.tsx (8 tests) 2606ms
   ✓ every configured template renders real shared content and starts with valid sample data  2143ms
 ✓ packages/erp-screens/src/clinical-templates/query.test.tsx (11 tests) 2316ms
   ✓ query waits for criteria and preserves filters after a failed search  534ms
   ✓ inline details belong to the selected row and record actions use navigation  303ms
   ✓ infinite results use twenty-record requests, preserve loaded rows and retain a keyboard load action  374ms
 ✓ packages/erp-screens/src/lifecycle/sources.test.tsx (11 tests) 2357ms
   ✓ Lifecycle source mappings > hosts without a source port keep the page and the saved wire shape unchanged  397ms
   ✓ Lifecycle source mappings > creates a pinned mapping from a registered source and saves it through the governed draft  469ms
   ✓ Lifecycle source mappings > explains invalid and stale mappings, and re-pins only from the registry  344ms
 ✓ packages/reference-reports/src/module.test.tsx (17 tests) 2482ms
   ✓ ReferenceReportsModule > runs a report with the effective page size and follows preference changes  327ms
   ✓ ReferenceReportsModule > exports through authenticated host.fetch as a blob; without host.fetch export is disabled  317ms
 ✓ packages/erp-screens/src/drafts/use-shared-draft.test.tsx (4 tests) 1872ms
   ✓ failed draft write retains the exact payload and operation identity on retry  842ms
   ✓ completion waits for in-flight autosave before discarding its acknowledged revision  824ms
 ✓ packages/erp-shell/src/diagnostic-sidebar.test.tsx (17 tests) 2530ms
   ✓ library follows click mode and closes after outside clicks  472ms
   ✓ library follows hover mode and manual dismissal  436ms
 ✓ packages/reference-school/src/final-parity.test.tsx (9 tests) 2132ms
   ✓ source option labels > the Select shows the source English labels (static and enum) with unchanged values  452ms
   ✓ server-initialized creation fields > a new book sends only authored fields; the card shows the server's record  433ms
   ✓ server-initialized creation fields > a rejected book keeps the dialog and the typed values  352ms
 ✓ packages/reference-healthcare-suite/src/components/rcm/HealthcareSuiteRcmWorkspace.test.tsx (27 tests) 2279ms
   ✓ section claims renders its domain actions and server-backed empty lists  361ms
stderr | packages/erp-screens/src/care-pages/workspace.test.tsx > multiple emergency pathways reveal independent fields and preserve values when hidden
Encountered two children with the same key, `Obstetric`. Keys should be unique so that components maintain their identity across updates. Non-unique keys may cause children to be duplicated and/or omitted — the behavior is unsupported and could change in a future version.

stderr | packages/erp-screens/src/care-pages/workspace.test.tsx > multiple emergency pathways reveal independent fields and preserve values when hidden
Encountered two children with the same key, `Obstetric`. Keys should be unique so that components maintain their identity across updates. Non-unique keys may cause children to be duplicated and/or omitted — the behavior is unsupported and could change in a future version.
Encountered two children with the same key, `Obstetric`. Keys should be unique so that components maintain their identity across updates. Non-unique keys may cause children to be duplicated and/or omitted — the behavior is unsupported and could change in a future version.
Encountered two children with the same key, `Obstetric`. Keys should be unique so that components maintain their identity across updates. Non-unique keys may cause children to be duplicated and/or omitted — the behavior is unsupported and could change in a future version.
Encountered two children with the same key, `Obstetric`. Keys should be unique so that components maintain their identity across updates. Non-unique keys may cause children to be duplicated and/or omitted — the behavior is unsupported and could change in a future version.
Encountered two children with the same key, `Obstetric`. Keys should be unique so that components maintain their identity across updates. Non-unique keys may cause children to be duplicated and/or omitted — the behavior is unsupported and could change in a future version.

 ✓ packages/erp-screens/src/care-pages/workspace.test.tsx (3 tests) 853ms
   ✓ failed saves keep notes and retry the identical operation; selectors cannot discard dirty inputs  572ms
 ✓ packages/erp-config/src/i18n.test.ts (4 tests) 1541ms
   ✓ localization contracts > provides every catalog message and preserves interpolation names in each language  1518ms
 ✓ packages/erp-screens/src/preferences/preferences.test.tsx (4 tests) 1555ms
   ✓ record layout and all three density options use the central preference update  802ms
   ✓ Own Settings uses accessible module options and honors locks  313ms
 ✓ packages/reference-school/src/attachments-locale.test.tsx (7 tests) 1860ms
   ✓ attachments > a failed upload keeps the file and the draft, Retry sends the same bytes once, and the assignment saves the returned metadata  597ms
   ✓ attachments > a message keeps its text and file when sending fails, then sends the attachment and downloads the exact bytes  330ms
 ✓ packages/erp-shell/src/school-role-header.test.tsx (9 tests) 1574ms
   ✓ School header and sidebar > selects 'School Administrator' through the shared header  431ms
 ✓ packages/reference-school/src/toast-locale.test.tsx (4 tests) 955ms
   ✓ localized toasts > a dynamic toast is one translated message that keeps the authored title exactly  511ms
 ✓ packages/ai-client/src/transport.test.ts (22 tests) 1431ms
   ✓ the echo transport > no credential configured falls back to the mock  352ms
   ✓ the echo transport > an unreachable service falls back to the mock  350ms
   ✓ the echo transport > the mock says nothing left the browser, and lists what would have  352ms
   ✓ the echo transport > the mock shows the redacted value, not the original  352ms
 ✓ packages/ai-ui/src/administration.test.tsx (20 tests) 1351ms
 ✓ packages/erp-screens/src/records/specialized-editors.test.tsx (2 tests) 1122ms
   ✓ billing fields survive tab changes and are included with line items in a real save  696ms
   ✓ consultation recovers composition, narrative, codes, orders and review checkboxes  425ms
 ✓ packages/erp-screens/src/library/preference-compliance.test.tsx (4 tests) 1055ms
   ✓ all 12 component catalog routes render their actual examples under non-default preferences  642ms
   ✓ all six reference pages have dedicated localized content  312ms
 ✓ packages/erp-screens/src/forms/dynamic-record-form.test.tsx (7 tests) 1667ms
   ✓ StrictMode loads safely and reports only acknowledged saves  369ms
   ✓ suspension retains edits and explicit discard reloads the baseline  331ms
 ✓ packages/erp-screens/src/drafts/draft-center.test.tsx (3 tests) 1392ms
   ✓ metadata and policy appear, search/filter use the API and open rechecks access  747ms
   ✓ discard retry retains its operation id and does not remove a row until confirmed  350ms
 ✓ packages/ai-ui/src/modes.test.tsx (34 tests) 717ms
 ✓ packages/erp-config/src/application-config.test.ts (3 tests) 1250ms
   ✓ API application configuration > uses backend menus and keys while keeping page components and field identities local  465ms
   ✓ API application configuration > rejects product/locale mismatches and cyclic or duplicate menus  312ms
   ✓ API application configuration > never creates unsupported frontend pages from API configuration  471ms
 ✓ packages/erp-shell/src/workspace/workspace-canvas.test.tsx (29 tests) 928ms
 ✓ packages/ops-ui/src/inline-edit.test.tsx (15 tests) 801ms
 ✓ packages/erp-shell/src/workspace/use-workspace-navigation.test.tsx (18 tests) 1256ms
 ✓ packages/erp-screens/src/clinic-billing/workspace.test.tsx (5 tests) 918ms
   ✓ managed layouts update without losing input; failed requests retry the exact operation  389ms
   ✓ bill correction retains input and operation identity on failure; read-only view can return  418ms
 ✓ packages/ops-ui/src/overlay.test.tsx (23 tests) 758ms
 ✓ packages/ops-ui/src/inline-edit-typed.test.tsx (19 tests) 857ms
 ✓ packages/erp-screens/src/worklist/filter-bar.test.tsx (24 tests) 662ms
 ✓ packages/erp-screens/src/dcp-designer/dependencies.test.tsx (3 tests) 640ms
 ✓ packages/erp-screens/src/clinical-consultation/workspace.test.tsx (3 tests) 797ms
   ✓ expanded panels retain values and validation opens a hidden invalid vital  355ms
 ✓ packages/reference-school/src/library-return.test.tsx (3 tests) 684ms
   ✓ library return > the server's fine is shown and toasted, not the page's overdue estimate  303ms
 ✓ packages/erp-screens/src/dcp-designer/workspace.test.tsx (3 tests) 678ms
   ✓ visual edits reuse stable IDs; failed save retains edits and reuses operation on retry  369ms
 ✓ packages/erp-screens/src/library/component-catalog.test.tsx (5 tests) 621ms
 ✓ packages/erp-data/src/records.test.ts (11 tests) 745ms
 ✓ packages/ops-ui/src/search-select.test.tsx (14 tests) 655ms
 ✓ packages/reference-teleconsult/src/shared/hooks.test.tsx (10 tests) 697ms
 ✓ packages/ai-ui/src/transparency.test.tsx (28 tests) 585ms
 ✓ packages/erp-screens/src/comprehensive-consultation/workspace.test.tsx (1 test) 423ms
   ✓ specialty edits survive context and tenant-locked layout changes; preview never saves  421ms
 ✓ packages/erp-screens/src/imports/csv-import-dialog.test.tsx (6 tests) 521ms
 ✓ packages/reference-quality/src/copy.test.ts (3 tests) 555ms
   ✓ quality-copy.json > is current with the sources  552ms
 ✓ packages/ops-ui/src/dropdown.test.tsx (11 tests) 632ms
 ✓ packages/reference-healthcare-suite/src/preferences.test.tsx (9 tests) 570ms
 ✓ packages/erp-screens/src/templates/registry-template.test.tsx (3 tests) 577ms
   ✓ all five registry templates render through shared engines with preference-owned layouts  301ms
 ✓ packages/erp-shell/src/workspace/workspace-tabs.test.tsx (15 tests) 593ms
 ✓ packages/erp-screens/src/op-registration/workspace.test.tsx (3 tests) 568ms
 ✓ packages/erp-screens/src/clinical-triage/editor.test.tsx (3 tests) 557ms
 ✓ packages/ops-ui/src/shared-components.test.tsx (11 tests) 588ms
 ✓ packages/erp-screens/src/approvals/approval-workspace.test.tsx (7 tests) 683ms
 ✓ packages/reference-quality/src/errors.test.tsx (4 tests) 544ms
 ✓ packages/erp-screens/src/worklist/use-column-layout.test.tsx (22 tests) 560ms
 ✓ packages/reference-keystone-core/src/keystone-core.test.tsx (20 tests) 599ms
 ✓ packages/reference-erp1/src/reference-erp1.test.tsx (9 tests) 544ms
 ✓ packages/erp-shell/src/erp-context.test.tsx (38 tests) 460ms
 ✓ packages/erp-screens/src/worklist/use-filter-sync.test.tsx (9 tests) 381ms
 ✓ packages/reference-erp2/src/reference-erp2.test.tsx (9 tests) 541ms
   ✓ reference-erp2 module > requests page lookups before rendering the page  306ms
 ✓ packages/ops-ui/src/form-controls.test.tsx (30 tests) 492ms
 ✓ packages/erp-screens/src/dcp-designer/catalog-manager.test.tsx (4 tests) 491ms
 ✓ packages/reference-quality/src/styles.test.ts (9 tests) 465ms
   ✓ generated scoped styles > matches what scripts/quality/styles.mjs generates from the retained source design  453ms
 ✓ packages/reference-quality/src/module.test.tsx (8 tests) 484ms
 ✓ packages/ops-ui/src/page-copy-localization.test.tsx (9 tests) 322ms
 ✓ packages/erp-screens/src/page-library/catalog.test.tsx (4 tests) 302ms
 ✓ packages/ops-ui/src/pagination.test.tsx (9 tests) 516ms
 ✓ packages/erp-screens/src/op-consultation/workspace.test.tsx (1 test) 803ms
   ✓ OP summary navigates fields; locked layout and review retain unsaved values  800ms
 ✓ packages/ops-ui/src/quantity-unit-field.test.tsx (9 tests) 1058ms
   ✓ QuantityUnitField > provides a named group and independent control labels  310ms
 ✓ packages/erp-screens/src/dcp-designer/host-runtime.test.tsx (3 tests) 674ms
   ✓ required false is displayed, edits retain values on 422, successful save uses normalized server values  455ms
 ✓ packages/ops-ui/src/recovery-notice.test.tsx (5 tests) 605ms
   ✓ renders all failure categories in en with safe actions  343ms
 ✓ packages/auth/src/session.test.tsx (32 tests) 543ms
 ✓ packages/erp-screens/src/device-integrations/workspace.test.tsx (2 tests) 415ms
 ✓ packages/ops-ui/src/states.test.tsx (24 tests) 555ms
 ✓ packages/erp-screens/src/identity-devices/workspace.test.tsx (3 tests) 470ms
   ✓ biometrics disabled still allows separate manual review and never implies authentication  353ms
 ✓ packages/erp-screens/src/dcp-designer/sections.test.tsx (4 tests) 453ms
 ✓ packages/erp-screens/src/master-transfer/panel.test.tsx (3 tests) 407ms
 ✓ packages/erp-screens/src/worklist/saved-view.test.tsx (11 tests) 334ms
 ✓ packages/erp-screens/src/records/record-panels.test.tsx (4 tests) 288ms
 ✓ packages/ops-ui/src/reference-data.test.tsx (17 tests) 243ms
 ✓ packages/reference-quality/src/version.test.tsx (1 test) 320ms
   ✓ result corrections > send the loaded version and an Idempotency-Key, and a stale version keeps the typed correction  319ms
 ✓ packages/reference-quality/src/controls.test.tsx (6 tests) 401ms
 ✓ packages/ops-ui/src/segmented.test.tsx (9 tests) 435ms
stderr | packages/ai-ui/src/use-assistant.test.tsx > the administration config > arrives once asked for
An update to Probe inside a test was not wrapped in act(...).

When testing, code that causes React state updates should be wrapped into act(...):

act(() => {
  /* fire events that update state */
});
/* assert on the output */

This ensures that you're testing the behavior the user would see in the browser. Learn more at https://react.dev/link/wrap-tests-with-act

stderr | packages/ai-ui/src/use-assistant.test.tsx > the administration config > a refused config leaves it null rather than half-built
An update to Probe inside a test was not wrapped in act(...).

When testing, code that causes React state updates should be wrapped into act(...):

act(() => {
  /* fire events that update state */
});
/* assert on the output */

This ensures that you're testing the behavior the user would see in the browser. Learn more at https://react.dev/link/wrap-tests-with-act

 ✓ packages/ai-ui/src/use-assistant.test.tsx (24 tests) 334ms
 ✓ packages/ops-ui/src/button.test.tsx (5 tests) 182ms
 ✓ packages/erp-shell/src/product-context.test.tsx (3 tests) 326ms
 ✓ packages/erp-screens/src/templates/configured-template-page.test.tsx (3 tests) 269ms
 ✓ packages/erp-screens/src/clinical-templates/query-search.test.tsx (2 tests) 197ms
 ✓ packages/erp-screens/src/label-printing/workspace.test.tsx (2 tests) 240ms
 ✓ packages/erp-screens/src/login/recovery.test.tsx (1 test) 254ms
 ✓ packages/erp-shell/src/workspace/use-mdi-workspace.test.tsx (7 tests) 296ms
 ✓ packages/reference-healthcare-suite/src/adapter.test.tsx (8 tests) 220ms
 ✓ packages/workspace-core/src/use-workspace.test.tsx (19 tests) 411ms
 ✓ packages/erp-screens/src/record-page/record-page.test.tsx (2 tests) 314ms
 ✓ packages/erp-screens/src/dcp-designer/runtime-fields.test.tsx (5 tests) 269ms
 ✓ packages/erp-screens/src/product-services.test.tsx (2 tests) 163ms
 ✓ packages/ops-ui/src/avatar.test.tsx (10 tests) 143ms
 ✓ packages/erp-screens/src/clinical-templates/record-layout.test.tsx (2 tests) 175ms
 ✓ packages/erp-shell/src/workspace/mdi-taskbar.test.tsx (7 tests) 159ms
 ✓ packages/ops-ui/src/tabs.test.tsx (3 tests) 158ms
 ✓ packages/ops-ui/src/localization.test.tsx (4 tests) 177ms
 ✓ packages/ops-ui/src/card.test.tsx (6 tests) 161ms
 ✓ packages/erp-screens/src/product-access.test.tsx (2 tests) 116ms
 ✓ packages/reference-school/src/contracts.test.ts (12 tests) 183ms
 ✓ packages/ops-ui/src/stat-card.test.tsx (6 tests) 158ms
 ✓ packages/reference-teleconsult/src/shared/format.test.tsx (6 tests) 118ms
 ✓ packages/ops-ui/src/source-controls.test.tsx (3 tests) 141ms
 ✓ packages/erp-screens/src/preference-preview.test.tsx (1 test) 97ms
 ✓ packages/reference-teleconsult/src/provider/lib/encounter-sync.test.tsx (12 tests) 155ms
 ✓ packages/erp-shell/src/sentinel.test.tsx (1 test) 180ms
 ✓ packages/ops-ui/src/skeleton.test.tsx (4 tests) 97ms
 ✓ packages/erp-shell/src/workspace/use-detached-windows.test.tsx (13 tests) 90ms
 ✓ packages/reference-diagnostics/src/client.test.tsx (2 tests) 97ms
 ✓ packages/reference-quality/src/format.test.tsx (4 tests) 83ms
 ✓ packages/ops-ui/src/badge.test.tsx (12 tests) 102ms
 ✓ packages/erp-screens/src/worklist/export-rows.test.ts (26 tests) 98ms
 ✓ packages/erp-data/src/mock.test.ts (148 tests) 124ms
 ✓ packages/erp-screens/src/master-transfer/format.test.ts (8 tests) 69ms
 ✓ packages/platform-ports/src/ports.test.tsx (17 tests) 52ms
 ✓ packages/ai-client/src/sources.test.tsx (10 tests) 111ms
 ✓ packages/erp-screens/src/master-transfer/inflation.test.ts (2 tests) 60ms
 ✓ packages/erp-shell/src/workspace/mdi-frames.test.ts (20 tests) 11ms
 ✓ packages/ops-ui/src/option-filter.test.tsx (13 tests) 55ms
 ✓ packages/erp-shell/src/chrome.test.tsx (23 tests) 87ms
 ✓ packages/ops-ui/src/scanner-input.test.tsx (2 tests) 64ms
 ✓ packages/erp-screens/src/clinical-templates/library-page.test.tsx (8 tests) 61ms
 ✓ packages/workspace-core/src/detach.test.ts (14 tests) 11ms
 ✓ packages/erp-config/src/localization-formatting.test.ts (13 tests) 46ms
 ✓ packages/reference-healthcare-suite/src/routes.test.ts (3 tests) 11ms
 ✓ packages/reference-teleconsult/src/shared/client.test.ts (16 tests) 31ms
 ✓ packages/ai-client/src/redact.test.ts (157 tests) 31ms
 ✓ packages/reference-school/src/bundle-boundary.test.ts (4 tests) 17ms
 ✓ packages/erp-config/src/lifecycle/lifecycle.test.ts (19 tests) 36ms
 ✓ packages/reference-quality/src/client.test.ts (9 tests) 22ms
 ✓ packages/platform-ports/src/school-web-navigation.test.tsx (4 tests) 35ms
 ✓ packages/auth/src/recovery.test.ts (9 tests) 37ms
 ✓ packages/erp-config/src/lifecycle/sources.test.ts (17 tests) 33ms
 ✓ packages/platform-ports/src/school-landing.test.tsx (3 tests) 24ms
 ✓ packages/workspace-core/src/document-manager.test.ts (47 tests) 30ms
 ✓ packages/reference-reports/src/routes.test.ts (5 tests) 14ms
 ✓ packages/erp-config/src/product.test.ts (7 tests) 15ms
 ✓ packages/erp-screens/src/clinical-templates/overview-data.test.ts (1 test) 11ms
 ✓ packages/ai-client/src/policy.test.ts (9 tests) 16ms
 ✓ packages/erp-config/src/school-role-views.test.ts (5 tests) 9ms
 ✓ packages/erp-config/src/reference-modules.test.ts (5 tests) 8ms
 ✓ packages/erp-config/src/data-classification.test.ts (22 tests) 13ms
 ✓ packages/erp-config/src/filter-policy.test.ts (15 tests) 37ms
 ✓ packages/reference-host/src/transport.test.ts (11 tests) 19ms
 ✓ packages/reference-teleconsult/src/styles.test.ts (10 tests) 31ms
 ✓ packages/workspace-core/src/split.test.ts (26 tests) 16ms
 ✓ packages/ops-ui/src/cn.test.ts (9 tests) 20ms
 ✓ packages/platform-ports/src/devices.test.ts (1 test) 5ms
 ✓ packages/erp-screens/src/imports/workbook-options.test.ts (2 tests) 31ms
 ✓ packages/ai-client/src/admin.test.ts (11 tests) 18ms
 ✓ packages/reference-healthcare-suite/src/lib/rcm-contract.test.ts (12 tests) 21ms
 ✓ packages/ai-config/src/gates.test.ts (22 tests) 11ms
 ✓ packages/erp-data/src/csv-import.test.ts (5 tests) 13ms
 ✓ packages/reference-teleconsult/src/shared/contract.test.ts (27 tests) 10ms
 ✓ packages/workspace-core/src/policy.test.ts (15 tests) 9ms
 ✓ packages/erp-screens/src/worklist/search-request.test.ts (10 tests) 16ms
 ✓ packages/ai-client/src/assemble.test.ts (19 tests) 16ms
 ✓ packages/erp-config/src/teleconsult-reference.test.ts (4 tests) 5ms
 ✓ packages/erp-data/src/draft-center.test.ts (2 tests) 10ms
 ✓ packages/erp-config/src/dcp-repeating.test.ts (4 tests) 13ms
 ✓ packages/erp-data/src/dcp-runtime.test.ts (4 tests) 14ms
 ✓ packages/erp-shell/src/workspace/target-document.test.ts (10 tests) 18ms
 ✓ packages/reference-quality/src/routes.test.ts (14 tests) 8ms
 ✓ packages/erp-config/src/draft-policy.test.ts (2 tests) 11ms
 ✓ packages/erp-data/src/dcp-host.test.ts (2 tests) 15ms
 ✓ packages/erp-config/src/export-policy.test.ts (13 tests) 8ms
 ✓ packages/workspace-core/src/lifecycle.test.ts (11 tests) 11ms
 ✓ packages/ai-config/src/policy.test.ts (13 tests) 16ms
 ✓ packages/ops-ui/src/error-mapper.test.ts (32 tests) 19ms
 ✓ packages/reference-teleconsult/src/routes.test.ts (20 tests) 11ms
 ✓ packages/erp-screens/src/spreadsheet/model.test.ts (4 tests) 7ms
 ✓ packages/workspace-core/src/document-key.test.ts (9 tests) 8ms
 ✓ packages/platform-ports/src/identity-devices.test.ts (2 tests) 6ms
 ✓ packages/ai-client/src/guard.test.ts (9 tests) 6ms
 ✓ packages/auth/src/sentinel.test.ts (5 tests) 9ms
 ✓ apps/desktop/src/platform/tauri-windows.test.ts (3 tests) 6ms
 ✓ packages/erp-config/src/dcp-designer-metadata.test.ts (2 tests) 6ms
 ✓ packages/erp-config/src/form-rules.test.ts (3 tests) 6ms
 ✓ packages/erp-screens/src/imports/csv-options.test.ts (3 tests) 5ms
 ✓ packages/erp-config/src/quality-reference.test.ts (3 tests) 6ms
 ✓ packages/erp-config/src/preference-defaults.test.ts (3 tests) 3ms
 ✓ packages/erp-screens/src/clinical-templates/record-age.test.ts (1 test) 4ms

 Test Files  189 passed (189)
      Tests  2199 passed (2199)
   Start at  11:14:07
   Duration  101.45s (transform 17.84s, setup 82.93s, collect 58.91s, tests 106.82s, environment 91.43s, prepare 16.33s)

