
> nexora-monorepo@1.0.0 test
> vitest run


 RUN  v3.2.7 /home/pepadmin/pb/saas/lib/pepbits-frontend-library/desktop-clients

 ✓ packages/erp-screens/src/lifecycle/lifecycle.test.tsx (17 tests) 4154ms
   ✓ LifecycleConfigurationPage > console summary uses server validation and clears it after editing  381ms
   ✓ LifecycleConfigurationPage > saves a draft with the expected revision and reuses the operation key on retry  346ms
   ✓ LifecycleConfigurationPage > resolution preview is read-only and shows outcomes with missing context  368ms
   ✓ LifecycleConfigurationPage > visual editor renames a stage key and updates binding references  527ms
   ✓ LifecycleConfigurationPage > lifecycle module and domain are editable codes that drive catalogue navigation  723ms
 ✓ packages/erp-screens/src/templates/page-template.test.tsx (8 tests) 4318ms
   ✓ every configured template renders real shared content and starts with valid sample data  3758ms
 ✓ packages/erp-screens/src/templates/preference-compliance.test.tsx (4 tests) 6013ms
   ✓ all registered templates inherit managed table preferences in both density profiles  5847ms
 ✓ packages/erp-screens/src/clinical-templates/clinical-templates.test.tsx (7 tests) 3141ms
   ✓ patient form preserves edits through section changes and retries with the same operation  1492ms
   ✓ scope remounts cannot retain another user patient edits  322ms
   ✓ New patient resets a saved record in a reused new-record tab  517ms
   ✓ empty contact editors do not create rows until edited and retain focus while typing  466ms
 ✓ packages/reference-reports/src/module.test.tsx (17 tests) 2778ms
   ✓ ReferenceReportsModule > runs a report with the effective page size and follows preference changes  468ms
   ✓ ReferenceReportsModule > shows the background-run path when the server answers ASYNC_REQUIRED  359ms
   ✓ ReferenceReportsModule > exports through authenticated host.fetch as a blob; without host.fetch export is disabled  302ms
 ✓ packages/erp-screens/src/lifecycle/sources.test.tsx (11 tests) 2596ms
   ✓ Lifecycle source mappings > hosts without a source port keep the page and the saved wire shape unchanged  591ms
   ✓ Lifecycle source mappings > creates a pinned mapping from a registered source and saves it through the governed draft  655ms
 ✓ packages/reference-school/src/module.test.tsx (61 tests) 9487ms
   ✓ ReferenceSchoolModule > renders /dashboard for an administrator through host.request only  428ms
   ✓ ReferenceSchoolModule > renders /students for an administrator through host.request only  337ms
   ✓ ReferenceSchoolModule > renders /teachers for an administrator through host.request only  516ms
   ✓ ReferenceSchoolModule > renders /quizzes for an administrator through host.request only  316ms
   ✓ ReferenceSchoolModule > renders /marks for an administrator through host.request only  395ms
   ✓ record preview follows previewMode > right-drawer renders the record in the matching shared frame  308ms
stderr | packages/erp-screens/src/clinical-templates/query.test.tsx > disabled query shortcuts do not focus search or open help
An update to PatientQueryTemplate inside a test was not wrapped in act(...).

When testing, code that causes React state updates should be wrapped into act(...):

act(() => {
  /* fire events that update state */
});
/* assert on the output */

This ensures that you're testing the behavior the user would see in the browser. Learn more at https://react.dev/link/wrap-tests-with-act

 ✓ packages/erp-screens/src/clinical-templates/query.test.tsx (11 tests) 2198ms
   ✓ query waits for criteria and preserves filters after a failed search  530ms
   ✓ inline details belong to the selected row and record actions use navigation  316ms
 ✓ packages/reference-healthcare-suite/src/components/rcm/HealthcareSuiteRcmWorkspace.test.tsx (27 tests) 1779ms
 ✓ packages/reference-school/src/final-parity.test.tsx (9 tests) 1637ms
   ✓ source option labels > the Select shows the source English labels (static and enum) with unchanged values  367ms
   ✓ server-initialized creation fields > a new book sends only authored fields; the card shows the server's record  317ms
 ✓ packages/erp-screens/src/drafts/use-shared-draft.test.tsx (4 tests) 1849ms
   ✓ failed draft write retains the exact payload and operation identity on retry  824ms
   ✓ completion waits for in-flight autosave before discarding its acknowledged revision  822ms
 ✓ packages/erp-config/src/i18n.test.ts (4 tests) 1722ms
   ✓ localization contracts > provides every catalog message and preserves interpolation names in each language  1694ms
 ✓ packages/erp-screens/src/preferences/preferences.test.tsx (4 tests) 1685ms
   ✓ record layout and all three density options use the central preference update  841ms
   ✓ live policy changes and unavailable preferences prevent layout updates  356ms
 ✓ packages/reference-school/src/attachments-locale.test.tsx (7 tests) 1961ms
   ✓ attachments > a failed upload keeps the file and the draft, Retry sends the same bytes once, and the assignment saves the returned metadata  617ms
   ✓ attachments > a message keeps its text and file when sending fails, then sends the attachment and downloads the exact bytes  342ms
 ✓ packages/ai-client/src/transport.test.ts (22 tests) 1431ms
   ✓ the echo transport > no credential configured falls back to the mock  351ms
   ✓ the echo transport > an unreachable service falls back to the mock  355ms
   ✓ the echo transport > the mock says nothing left the browser, and lists what would have  354ms
   ✓ the echo transport > the mock shows the redacted value, not the original  353ms
 ✓ packages/erp-shell/src/school-role-header.test.tsx (9 tests) 1297ms
   ✓ School header and sidebar > selects 'School Administrator' through the shared header  307ms
 ✓ packages/erp-screens/src/forms/dynamic-record-form.test.tsx (7 tests) 1265ms
   ✓ StrictMode loads safely and reports only acknowledged saves  312ms
 ✓ packages/erp-shell/src/workspace/use-workspace-navigation.test.tsx (18 tests) 1024ms
 ✓ packages/erp-screens/src/drafts/draft-center.test.tsx (3 tests) 1292ms
   ✓ metadata and policy appear, search/filter use the API and open rechecks access  673ms
   ✓ discard retry retains its operation id and does not remove a row until confirmed  320ms
 ✓ packages/erp-config/src/application-config.test.ts (3 tests) 978ms
   ✓ API application configuration > uses backend menus and keys while keeping page components and field identities local  396ms
   ✓ API application configuration > never creates unsupported frontend pages from API configuration  347ms
 ✓ packages/ai-ui/src/administration.test.tsx (20 tests) 1096ms
 ✓ packages/erp-screens/src/records/specialized-editors.test.tsx (2 tests) 824ms
   ✓ billing fields survive tab changes and are included with line items in a real save  528ms
 ✓ packages/erp-shell/src/workspace/workspace-canvas.test.tsx (29 tests) 778ms
 ✓ packages/ops-ui/src/inline-edit-typed.test.tsx (19 tests) 744ms
stderr | packages/erp-screens/src/care-pages/workspace.test.tsx > multiple emergency pathways reveal independent fields and preserve values when hidden
Encountered two children with the same key, `Obstetric`. Keys should be unique so that components maintain their identity across updates. Non-unique keys may cause children to be duplicated and/or omitted — the behavior is unsupported and could change in a future version.

stderr | packages/erp-screens/src/care-pages/workspace.test.tsx > multiple emergency pathways reveal independent fields and preserve values when hidden
Encountered two children with the same key, `Obstetric`. Keys should be unique so that components maintain their identity across updates. Non-unique keys may cause children to be duplicated and/or omitted — the behavior is unsupported and could change in a future version.
Encountered two children with the same key, `Obstetric`. Keys should be unique so that components maintain their identity across updates. Non-unique keys may cause children to be duplicated and/or omitted — the behavior is unsupported and could change in a future version.
Encountered two children with the same key, `Obstetric`. Keys should be unique so that components maintain their identity across updates. Non-unique keys may cause children to be duplicated and/or omitted — the behavior is unsupported and could change in a future version.
Encountered two children with the same key, `Obstetric`. Keys should be unique so that components maintain their identity across updates. Non-unique keys may cause children to be duplicated and/or omitted — the behavior is unsupported and could change in a future version.
Encountered two children with the same key, `Obstetric`. Keys should be unique so that components maintain their identity across updates. Non-unique keys may cause children to be duplicated and/or omitted — the behavior is unsupported and could change in a future version.

 ✓ packages/erp-screens/src/care-pages/workspace.test.tsx (3 tests) 774ms
   ✓ failed saves keep notes and retry the identical operation; selectors cannot discard dirty inputs  477ms
 ✓ packages/erp-screens/src/library/preference-compliance.test.tsx (4 tests) 892ms
   ✓ all 12 component catalog routes render their actual examples under non-default preferences  552ms
 ✓ packages/reference-school/src/toast-locale.test.tsx (4 tests) 911ms
   ✓ localized toasts > a dynamic toast is one translated message that keeps the authored title exactly  484ms
 ✓ packages/ops-ui/src/overlay.test.tsx (23 tests) 1228ms
 ✓ packages/ops-ui/src/inline-edit.test.tsx (15 tests) 992ms
 ✓ packages/ops-ui/src/search-select.test.tsx (14 tests) 896ms
 ✓ packages/erp-screens/src/clinic-billing/workspace.test.tsx (5 tests) 1098ms
   ✓ managed layouts update without losing input; failed requests retry the exact operation  528ms
   ✓ bill correction retains input and operation identity on failure; read-only view can return  433ms
 ✓ packages/erp-data/src/records.test.ts (11 tests) 738ms
 ✓ packages/ai-ui/src/transparency.test.tsx (28 tests) 775ms
 ✓ packages/erp-screens/src/worklist/filter-bar.test.tsx (24 tests) 847ms
 ✓ packages/erp-screens/src/dcp-designer/dependencies.test.tsx (3 tests) 762ms
   ✓ parent change clears all descendants and late API responses cannot restore old options  379ms
 ✓ packages/erp-screens/src/clinical-consultation/workspace.test.tsx (3 tests) 815ms
   ✓ expanded panels retain values and validation opens a hidden invalid vital  339ms
 ✓ packages/erp-screens/src/library/component-catalog.test.tsx (5 tests) 669ms
 ✓ packages/ai-ui/src/modes.test.tsx (34 tests) 788ms
 ✓ packages/erp-screens/src/dcp-designer/workspace.test.tsx (3 tests) 651ms
   ✓ visual edits reuse stable IDs; failed save retains edits and reuses operation on retry  373ms
 ✓ packages/erp-screens/src/templates/registry-template.test.tsx (3 tests) 563ms
   ✓ all five registry templates render through shared engines with preference-owned layouts  328ms
 ✓ packages/erp-screens/src/worklist/use-column-layout.test.tsx (22 tests) 572ms
 ✓ packages/ops-ui/src/shared-components.test.tsx (11 tests) 626ms
 ✓ packages/reference-school/src/library-return.test.tsx (3 tests) 683ms
   ✓ library return > the server's fine is shown and toasted, not the page's overdue estimate  330ms
 ✓ packages/reference-keystone-core/src/keystone-core.test.tsx (20 tests) 551ms
 ✓ packages/erp-screens/src/approvals/approval-workspace.test.tsx (7 tests) 575ms
 ✓ packages/ops-ui/src/dropdown.test.tsx (11 tests) 522ms
 ✓ packages/erp-screens/src/clinical-triage/editor.test.tsx (3 tests) 605ms
 ✓ packages/erp-shell/src/diagnostic-sidebar.test.tsx (4 tests) 639ms
 ✓ packages/erp-screens/src/imports/csv-import-dialog.test.tsx (6 tests) 598ms
 ✓ packages/reference-erp1/src/reference-erp1.test.tsx (9 tests) 555ms
 ✓ packages/erp-shell/src/erp-context.test.tsx (38 tests) 500ms
 ✓ packages/erp-shell/src/workspace/workspace-tabs.test.tsx (15 tests) 547ms
 ✓ packages/ops-ui/src/form-controls.test.tsx (30 tests) 474ms
 ✓ packages/erp-screens/src/op-registration/workspace.test.tsx (3 tests) 569ms
 ✓ packages/reference-erp2/src/reference-erp2.test.tsx (9 tests) 482ms
 ✓ packages/erp-screens/src/dcp-designer/catalog-manager.test.tsx (4 tests) 344ms
 ✓ packages/erp-screens/src/comprehensive-consultation/workspace.test.tsx (1 test) 373ms
   ✓ specialty edits survive context and tenant-locked layout changes; preview never saves  372ms
 ✓ packages/ops-ui/src/page-copy-localization.test.tsx (9 tests) 268ms
 ✓ packages/reference-healthcare-suite/src/preferences.test.tsx (9 tests) 480ms
 ✓ packages/erp-screens/src/worklist/use-filter-sync.test.tsx (9 tests) 321ms
 ✓ packages/ops-ui/src/pagination.test.tsx (9 tests) 322ms
 ✓ packages/erp-screens/src/op-consultation/workspace.test.tsx (1 test) 352ms
   ✓ OP summary navigates fields; locked layout and review retain unsaved values  350ms
 ✓ packages/erp-screens/src/dcp-designer/host-runtime.test.tsx (3 tests) 285ms
 ✓ packages/erp-screens/src/identity-devices/workspace.test.tsx (3 tests) 275ms
 ✓ packages/erp-screens/src/device-integrations/workspace.test.tsx (2 tests) 297ms
 ✓ packages/auth/src/session.test.tsx (32 tests) 285ms
 ✓ packages/ops-ui/src/recovery-notice.test.tsx (5 tests) 302ms
 ✓ packages/ops-ui/src/states.test.tsx (24 tests) 297ms
 ✓ packages/erp-shell/src/product-context.test.tsx (3 tests) 230ms
 ✓ packages/erp-screens/src/page-library/catalog.test.tsx (4 tests) 271ms
 ✓ packages/erp-screens/src/worklist/saved-view.test.tsx (11 tests) 237ms
 ✓ packages/ops-ui/src/quantity-unit-field.test.tsx (9 tests) 223ms
 ✓ packages/erp-screens/src/dcp-designer/sections.test.tsx (4 tests) 253ms
 ✓ packages/ops-ui/src/segmented.test.tsx (9 tests) 199ms
 ✓ packages/erp-screens/src/records/record-panels.test.tsx (4 tests) 259ms
 ✓ packages/erp-screens/src/master-transfer/panel.test.tsx (3 tests) 188ms
 ✓ packages/erp-screens/src/label-printing/workspace.test.tsx (2 tests) 148ms
stderr | packages/ai-ui/src/use-assistant.test.tsx > the administration config > arrives once asked for
An update to Probe inside a test was not wrapped in act(...).

When testing, code that causes React state updates should be wrapped into act(...):

act(() => {
  /* fire events that update state */
});
/* assert on the output */

This ensures that you're testing the behavior the user would see in the browser. Learn more at https://react.dev/link/wrap-tests-with-act

stderr | packages/ai-ui/src/use-assistant.test.tsx > the administration config > a refused config leaves it null rather than half-built
An update to Probe inside a test was not wrapped in act(...).

When testing, code that causes React state updates should be wrapped into act(...):

act(() => {
  /* fire events that update state */
});
/* assert on the output */

This ensures that you're testing the behavior the user would see in the browser. Learn more at https://react.dev/link/wrap-tests-with-act

 ✓ packages/ai-ui/src/use-assistant.test.tsx (24 tests) 223ms
 ✓ packages/erp-screens/src/login/recovery.test.tsx (1 test) 174ms
 ✓ packages/erp-screens/src/clinical-templates/query-search.test.tsx (2 tests) 186ms
 ✓ packages/ops-ui/src/reference-data.test.tsx (17 tests) 207ms
 ✓ packages/reference-healthcare-suite/src/adapter.test.tsx (8 tests) 178ms
 ✓ packages/workspace-core/src/use-workspace.test.tsx (19 tests) 187ms
 ✓ packages/erp-screens/src/templates/configured-template-page.test.tsx (3 tests) 158ms
 ✓ packages/ops-ui/src/button.test.tsx (5 tests) 147ms
 ✓ packages/erp-shell/src/workspace/use-mdi-workspace.test.tsx (7 tests) 178ms
 ✓ packages/erp-shell/src/workspace/mdi-taskbar.test.tsx (7 tests) 147ms
 ✓ packages/ops-ui/src/avatar.test.tsx (10 tests) 108ms
 ✓ packages/ops-ui/src/localization.test.tsx (1 test) 112ms
 ✓ packages/erp-screens/src/dcp-designer/runtime-fields.test.tsx (5 tests) 149ms
 ✓ packages/reference-school/src/contracts.test.ts (12 tests) 160ms
 ✓ packages/erp-screens/src/record-page/record-page.test.tsx (2 tests) 151ms
 ✓ packages/erp-screens/src/clinical-templates/record-layout.test.tsx (2 tests) 127ms
 ✓ packages/ops-ui/src/stat-card.test.tsx (6 tests) 120ms
 ✓ packages/ops-ui/src/source-controls.test.tsx (3 tests) 99ms
 ✓ packages/erp-screens/src/product-services.test.tsx (2 tests) 111ms
 ✓ packages/erp-data/src/mock.test.ts (148 tests) 109ms
 ✓ packages/ops-ui/src/tabs.test.tsx (3 tests) 126ms
 ✓ packages/erp-shell/src/sentinel.test.tsx (1 test) 98ms
 ✓ packages/ops-ui/src/badge.test.tsx (12 tests) 85ms
 ✓ packages/ops-ui/src/card.test.tsx (6 tests) 105ms
 ✓ packages/erp-screens/src/preference-preview.test.tsx (1 test) 76ms
 ✓ packages/erp-screens/src/product-access.test.tsx (2 tests) 99ms
 ✓ packages/ops-ui/src/skeleton.test.tsx (4 tests) 105ms
 ✓ packages/erp-screens/src/worklist/export-rows.test.ts (26 tests) 93ms
 ✓ packages/reference-diagnostics/src/client.test.tsx (2 tests) 94ms
 ✓ packages/erp-shell/src/workspace/use-detached-windows.test.tsx (13 tests) 84ms
 ✓ packages/ai-client/src/sources.test.tsx (10 tests) 69ms
 ✓ packages/ops-ui/src/scanner-input.test.tsx (2 tests) 79ms
 ✓ packages/auth/src/recovery.test.ts (9 tests) 17ms
 ✓ packages/platform-ports/src/ports.test.tsx (17 tests) 50ms
 ✓ packages/erp-screens/src/master-transfer/inflation.test.ts (2 tests) 77ms
 ✓ packages/ai-client/src/redact.test.ts (157 tests) 31ms
 ✓ packages/erp-shell/src/chrome.test.tsx (23 tests) 80ms
 ✓ packages/erp-screens/src/master-transfer/format.test.ts (8 tests) 68ms
 ✓ packages/workspace-core/src/document-manager.test.ts (47 tests) 25ms
 ✓ packages/ops-ui/src/option-filter.test.tsx (13 tests) 46ms
 ✓ packages/erp-screens/src/clinical-templates/library-page.test.tsx (8 tests) 47ms
 ✓ packages/erp-config/src/lifecycle/lifecycle.test.ts (19 tests) 43ms
 ✓ packages/erp-config/src/localization-formatting.test.ts (13 tests) 44ms
 ✓ packages/platform-ports/src/school-web-navigation.test.tsx (4 tests) 27ms
 ✓ packages/reference-host/src/transport.test.ts (11 tests) 25ms
 ✓ packages/erp-config/src/lifecycle/sources.test.ts (17 tests) 25ms
 ✓ packages/platform-ports/src/school-landing.test.tsx (3 tests) 23ms
 ✓ packages/erp-config/src/product.test.ts (7 tests) 18ms
 ✓ packages/erp-screens/src/imports/workbook-options.test.ts (2 tests) 14ms
 ✓ packages/erp-config/src/data-classification.test.ts (22 tests) 77ms
 ✓ packages/ops-ui/src/cn.test.ts (9 tests) 25ms
 ✓ packages/reference-healthcare-suite/src/lib/rcm-contract.test.ts (12 tests) 34ms
 ✓ packages/erp-screens/src/clinical-templates/overview-data.test.ts (1 test) 18ms
 ✓ packages/ai-client/src/assemble.test.ts (19 tests) 12ms
 ✓ packages/erp-config/src/filter-policy.test.ts (15 tests) 16ms
 ✓ packages/workspace-core/src/split.test.ts (26 tests) 17ms
 ✓ packages/erp-data/src/dcp-runtime.test.ts (4 tests) 18ms
 ✓ packages/ai-client/src/admin.test.ts (11 tests) 15ms
 ✓ packages/erp-data/src/csv-import.test.ts (5 tests) 17ms
 ✓ packages/reference-healthcare-suite/src/routes.test.ts (3 tests) 18ms
 ✓ packages/reference-school/src/bundle-boundary.test.ts (4 tests) 13ms
 ✓ packages/reference-reports/src/routes.test.ts (5 tests) 17ms
 ✓ packages/erp-screens/src/worklist/search-request.test.ts (10 tests) 11ms
 ✓ packages/ops-ui/src/error-mapper.test.ts (32 tests) 12ms
 ✓ packages/workspace-core/src/detach.test.ts (14 tests) 13ms
 ✓ packages/erp-shell/src/workspace/mdi-frames.test.ts (20 tests) 15ms
 ✓ packages/erp-config/src/draft-policy.test.ts (2 tests) 6ms
 ✓ packages/workspace-core/src/lifecycle.test.ts (11 tests) 11ms
 ✓ packages/ai-client/src/policy.test.ts (9 tests) 13ms
 ✓ packages/erp-config/src/dcp-repeating.test.ts (4 tests) 11ms
 ✓ packages/erp-data/src/dcp-host.test.ts (2 tests) 11ms
 ✓ packages/erp-config/src/school-role-views.test.ts (5 tests) 7ms
 ✓ packages/erp-data/src/draft-center.test.ts (2 tests) 12ms
 ✓ packages/erp-config/src/export-policy.test.ts (13 tests) 10ms
 ✓ packages/ai-config/src/policy.test.ts (13 tests) 8ms
 ✓ packages/erp-screens/src/spreadsheet/model.test.ts (4 tests) 6ms
 ✓ packages/ai-config/src/gates.test.ts (22 tests) 10ms
 ✓ packages/workspace-core/src/document-key.test.ts (9 tests) 12ms
 ✓ packages/workspace-core/src/policy.test.ts (15 tests) 6ms
 ✓ packages/erp-shell/src/workspace/target-document.test.ts (10 tests) 9ms
 ✓ packages/auth/src/sentinel.test.ts (5 tests) 8ms
 ✓ packages/platform-ports/src/identity-devices.test.ts (2 tests) 13ms
 ✓ packages/ai-client/src/guard.test.ts (9 tests) 5ms
 ✓ packages/erp-config/src/dcp-designer-metadata.test.ts (2 tests) 7ms
 ✓ packages/erp-screens/src/imports/csv-options.test.ts (3 tests) 5ms
 ✓ packages/erp-config/src/reference-modules.test.ts (5 tests) 5ms
 ✓ apps/desktop/src/platform/tauri-windows.test.ts (3 tests) 5ms
 ✓ packages/erp-config/src/form-rules.test.ts (3 tests) 5ms
 ✓ packages/erp-config/src/preference-defaults.test.ts (3 tests) 5ms
 ✓ packages/platform-ports/src/devices.test.ts (1 test) 4ms
 ✓ packages/erp-screens/src/clinical-templates/record-age.test.ts (1 test) 3ms

 Test Files  168 passed (168)
      Tests  1952 passed (1952)
   Start at  04:27:55
   Duration  78.83s (transform 12.64s, setup 64.32s, collect 41.78s, tests 89.50s, environment 69.97s, prepare 12.42s)

