
> nexora-monorepo@1.0.0 pretest:api
> npm run prepare:quality && npm run prepare:pharmacy


> nexora-monorepo@1.0.0 prepare:quality
> node scripts/quality/build-backend.mjs && node node_modules/typescript/bin/tsc -p ../dummy-api/quality-source/tsconfig.json

{"status":"TRANSPILED","files":16,"typeChecked":false}

> nexora-monorepo@1.0.0 prepare:pharmacy
> node scripts/pharmacy/build-backend.mjs && node node_modules/typescript/bin/tsc --noEmit -p ../dummy-api/pharmacy-source/tsconfig.json

{"status":"TRANSPILED","files":21,"typeChecked":false}

> nexora-monorepo@1.0.0 test:api
> node --test --test-concurrency=4 ../dummy-api/*.test.mjs && npm run test:clinical-api

✔ authenticated configuration HTTP contract and conditional requests (3870.156078ms)
✔ navigation filters restricted pages, returns stable identity and handles authorization (891.948054ms)
✔ backend file edits change menu ordering and page translations, and overrides are isolated (1337.462588ms)
✔ rejects duplicates, invalid parents, cycles, unknown pages and malformed catalogs (630.54236ms)
✔ ordered stages, config snapshot, comments, requester notifications and persistence (19.920365ms)
✔ self approval, tenant/product isolation, stale versions and changed saved records are blocked (6.180955ms)
✔ bulk partial results, request changes, rejection, resubmission and idempotent recovery (6.129734ms)
✔ all four definitions and every form section are supplied by API (8.907145ms)
✔ create/save/replay survive CSV reload and reject stale writes and cross-scope reads (65.031323ms)
✔ temporary identity permitted for ED only; final verification is explicit (44.313642ms)
✔ bed reservation enforces requirements and concurrency across users (99.204412ms)
✔ order retains all instructions and cancellation preserves original record (39.556968ms)
✔ admission records occupancy; completion does not release the bed (136.418884ms)
✔ signed notes reject edits; addenda cannot rewrite the original values (85.559712ms)
✔ designer persists drafts, deduplicates retries, isolates scope and rejects stale saves (50.471327ms)
✔ designer rejects duplicate IDs, unsupported components and ambiguous options (0.694786ms)
✔ dependent API options persist leading-zero mappings and reject forged relationships and cross-scope access (18.950687ms)
✔ dependency validation rejects cycles, dangling parents, invalid option mappings and excessive depth (6.532998ms)
✔ catalog is shared by tenant/application, append-only and pinned by independent forms (79.797941ms)
✔ catalog validation rejects foreign/mismatched revisions, forged options and incomplete mappings (5.970613ms)
✔ review publication pins schemas, shares entity answers, validates server rules and rejects stale or foreign commands (275.777478ms)
✔ typed rules distinguish normalization and validation and reject cycles and forged metadata (0.753856ms)
✔ multi-parent choices intersect parent selections and reject indirect cycles (1.498261ms)
✔ v1 synthetic API retains null/false/row IDs, validates without writing and isolates CAS records (54.532036ms)
✔ repeating authoring sections persist normalized rows and return occurrence validation before submission (96.555873ms)
✔ queue is persisted with exact idempotency and changed payload conflicts (24.017255ms)
✔ scope isolates tenant, product, user and workstation jobs (13.685819ms)
✔ lookup preserves contexts and returns only exact backend records (0.822136ms)
✔ tenant policies require admin, version checks and enforce user locks (7.451815ms)
✔ browser dispatch means requested, demo means simulated, native stays queued (75.208748ms)
✔ dispatch applies policy changed after enqueue and cancelled jobs stay cancelled (32.340656ms)
✔ automatic event simulation is admin-only, opt-in and deduplicated by event ID (14.98057ms)
✔ routing validates device capability and rejects stale policy versions (11.558705ms)
✔ diagnostic persistence separates module, tenant, application and branch (4.110351ms)
✔ source login and identity switching cannot bypass the authenticated host (0.531313ms)
✔ read-only and finance roles cannot perform clinical or master writes (0.260342ms)
✔ malformed and escaping diagnostic paths are refused (0.188591ms)
✔ source detail routes preserve identifiers and prefer static new-order route (1.134237ms)
✔ documentation HTTP authorizes every view and persists scoped read state (4084.252465ms)
✔ versioned guides, role-filtered search, explicit language fallback and invalid requests (23.725092ms)
✔ reading state is idempotent, persistent and isolated; only explicit acknowledgment acknowledges (42.798002ms)
✔ manifest rejects broken notices, duplicate versions and invalid tour anchors (1.180398ms)
✔ tenant rollout refuses future snapshots and product manifests stay separate (26.634345ms)
✔ center exposes metadata only and isolates tenant, owner and application (24.795071ms)
✔ unavailable entries conceal page/record identity and cannot be opened but remain discardable (3.890667ms)
✔ changed source versions, approval contexts and missing files have distinct statuses (3.745567ms)
✔ stale discard cannot erase a newer revision, expiry removes drafts and pagination is bounded (80.409305ms)
✔ a stolen opaque reference cannot open or delete another owner draft (4.707274ms)
✔ search matches localized page titles without searching unavailable identities (3.193014ms)
✔ mandatory exclusions are recursive and replay responses contain no secrets (38.423301ms)
✔ policy is tenant/application scoped and ordinary users cannot override it (45.863184ms)
✔ tightened exclusions erase existing drafts and replay copies; old windows cannot resurrect them (69.344035ms)
✔ retention purges on read and keeps tombstones; acknowledged business records survive (78.599883ms)
✔ disabled storage deletes all users drafts and never blocks ordinary record saves (128.030812ms)
✔ shared import and approval drafts survive restart and isolate owner, tenant, product and record (113.040984ms)
✔ shared draft HTTP authorization, payload restrictions and mandatory tenant policy (3824.028122ms)
✔ actual MockIns REST_JSON eligibility, claim, status and remittance round trip (642.798649ms)
✔ actual MockIns REST_XML eligibility, claim, status and remittance round trip (468.314111ms)
✔ actual MockIns SOAP11 eligibility, claim, status and remittance round trip (404.687986ms)
✔ actual MockIns SOAP12 eligibility, claim, status and remittance round trip (531.816862ms)
✔ actual MockIns fourth payer receives ordered frozen prior EOB with posted denial advice provenance (2239.661017ms)
✔ transport rejects unapproved origin/path and malformed correlated provider responses (2.186436ms)
✔ RCM HTTP uses authenticated host scope and separate commercial authority (5655.690288ms)
✔ actual payment/refund/collection providers retain unknown reservations and post reconciled money exactly once (619.962784ms)
✔ capture and refund: successful, refused and pending outcomes against the real payment simulator (775.685927ms)
✔ refund timeout_after_accept surfaces an unknown outcome that reconciles via refundStatus (452.278023ms)
✔ collection intents: successful, refused, pending, partial and timeout/reconcile outcomes (562.649275ms)
✔ tenant/merchant scope isolation: another scope cannot read or act on a payment, refund or collection intent (349.252343ms)
✔ client-side validation rejects unsafe/nonpositive amounts, bad currency and bad idempotency keys before any network call (296.217967ms)
✔ rejects an unconfigured non-loopback or path-bearing origin at construction time (0.601234ms)
✔ rejects a wrong response content type (13.302006ms)
✔ rejects an oversized response payload (>128KB) (8.26741ms)
✔ rejects mismatched amount, currency and malformed status in the response (26.834135ms)
✔ does not automatically replay on a transport error (7.379655ms)
✔ captured collection requires explicit provider captured-amount proof for POST and GET (9.264867ms)
✔ does not leak credentials to a redirect target and refuses to follow the redirect (4.335262ms)
✔ finance roles are separate from admin configuration and user/client scope cannot escalate (127.294616ms)
✔ durable tenant/branch/facility partitions and tenant default/branch policy inheritance (80.155093ms)
✔ safe integer/currency validation, stale versions and durable conflicting replay (98.568958ms)
✔ two concurrent store instances serialize one optimistic winner and no overcollection (22.116832ms)
✔ atomic persistence failure rolls back command financial state and replay identity (13.959252ms)
✔ four-payer waterfall conserves payer/patient balances through denials, remittance and clawback (99.609196ms)
✔ partially settled denied residual can be appealed, settled without duplicate prior payment (26.776525ms)
✔ trusted insured Suite import preserves header allocation remainders and opening balance exactly once (18.991058ms)
✔ untrusted import financial snapshots cannot bypass trusted reader, facility or source currency (6.94736ms)
✔ deposit reservations, maker-checker refunds and provider-disabled payout cannot overspend (24.368778ms)
✔ durable preparation precedes provider capture; lost outcome replays same provider key after restart (14.041272ms)
✔ provider refund unknown keeps funds reserved and correlation-reconciled success posts once (42.865042ms)
✔ provider pending collection reserves patient receivable and partial receipt conserves cents (20.57895ms)
✔ package reservations/releases, frozen commercial revisions and one case/excess invoice (52.790885ms)
✔ versioned maker-checker pricing/tax uses exact rounding and rejects stale proposal and overflow (207.723662ms)
✔ explicit configurable demo DRG quotes freeze version and never create a charge (102.279335ms)
✔ GL export is idempotently mapped, journal remains append-only and corruption fails closed (56.127808ms)
✔ commercial tenant defaults and branch overrides propagate across facilities with immutable histories (749.698159ms)
✔ cancellation releases only unsent refund reservation and collection captured amount must be proven (234.671479ms)
✔ clinical identities, source invoices and replay evidence survive restart without cross-branch leakage (172.713387ms)
✔ failed durable commit restores business data and retry ownership (111.613893ms)
✔ a second source writer is rejected until the owning writer closes (40.675996ms)
✔ document read persists synthetic fields but never authenticates or changes patient (31.702432ms)
✔ request scope isolates tenant, application, patient binding, owner and station (7.273694ms)
✔ retries are idempotent, changed requests conflict and a fresh completion cannot replay (11.410412ms)
✔ expired challenges are rejected including result replay (14.767287ms)
✔ biometrics default off, admin policy and current lock apply to pending capture (52.914835ms)
✔ no capture without consent; native transport unavailable and raw biometric data rejected (10.778578ms)
✔ manual review works when biometrics are disabled and never sets authenticated (9.799621ms)
✔ cancel stops capture, only one active request allowed, expired document is distinct (71.909124ms)
✔ preview never writes, marks all CSV duplicates and detects existing records and invalid formats (22.621175ms)
✔ partial failures retry only failed rows and survive lost job receipts (11.899837ms)
✔ batch progress, race duplicates, role checks and user isolation (25.065012ms)
✔ backend generates real SVG symbols and persists exact retry identity (37.17805ms)
✔ rejects over-copies, incompatible stock, missing IDs and cross-category records (4.278242ms)
✔ tenant, application and user isolation with server-only admin authority (35.84572ms)
✔ print attempts are not completion; reprint reason and policy are enforced (107.996587ms)
✔ payment QR never marks paid on creation or print and expires server-side (101.089066ms)
✔ all advertised symbologies render; administrator simulation is explicit (421.792071ms)
✔ stock fit failure identifies the printer field (19.566483ms)
✔ every registered backend message has four complete translations (112.508978ms)
✔ the wire envelope preserves old clients, statuses and literal user data (1.076849ms)
✔ unknown errors and old persisted activity retain readable details (0.247022ms)
✔ monitoring HTTP permits collection but restricts management and rejects tenant spoofing (2796.45837ms)
✔ monitoring strips sensitive payloads, deduplicates deliveries, reopens incidents and isolates tenants/products (133.376901ms)
✔ monitoring validates page references and rate limits each authenticated user (176.952858ms)
✔ preference HTTP rejects non-admin policy writes, locked imports and stale clients (3106.884261ms)
✔ API module preference changes startup navigation only for its account and application (3594.202128ms)
✔ locks persist, reject overrides, and unlocking restores personal choices (87.509767ms)
✔ policy and overrides isolate tenant, product and user; permission is explicit (68.451328ms)
✔ stale policies, concurrent saves and invalid fields cannot replace current state (89.338811ms)
✔ admin defaults apply to new users; unlocked personal choices and reset take precedence (76.130325ms)
✔ default module persists per account and respects access revocation and tenant locks (127.097506ms)
✔ attachments round trip and list responses omit bytes; removal and retries are atomic (5.33481ms)
✔ comments, related records and activity are scoped; invalid or denied writes leave no event (161.059973ms)
✔ saved records and recovery drafts survive reopening the store (7.773886ms)
✔ record versions are shared in a tenant; drafts belong to the account (1.651372ms)
✔ stale saves and drafts cannot overwrite another window (1.114929ms)
✔ retrying an acknowledged operation is idempotent (1.739413ms)
✔ discard keeps a revision tombstone so late draft writes cannot resurrect it (1.911573ms)
✔ invalid payloads do not mutate the record (0.709506ms)
✔ a failed disk write does not publish a saved record (1.3975ms)
✔ create allocates an independent record and clears only the source draft (5.101876ms)
✔ authenticated HTTP record lifecycle, isolation and conflicts (2996.373905ms)
✔ [erp1] list envelope shape, facets, totals, pagination, q, sort (53.846413ms)
✔ [erp1] single row raw GET/PUT/DELETE round trip, 404 on bad id (2.459118ms)
✔ [erp1] tree entity: hierarchy present, rejects nonexistent parent and cycles (4.535953ms)
✔ [erp1] matrix entity: period selects a distinct dataset (5.135098ms)
✔ [erp1] lines/document entity: server recomputes totals, rejects negative qty (15.937987ms)
✔ [erp1] voucher entity: unbalanced debit/credit lines rejected (5.006186ms)
✔ [erp1] ref field rejects a nonexistent referenced row (6.679389ms)
✔ [erp1] branch/tenant isolation (0.603214ms)
✔ [erp1] wrong-branch and missing-identity denial (4.339061ms)
✔ [erp1] RBAC: admin/operations write broadly; finance limited to its allowlist; unknown role denied entirely (1.905344ms)
✔ [erp1] malformed input never throws (3.506516ms)
✔ [erp1] GET /dashboard returns a well-formed object (59.556353ms)
✔ [erp1] idempotent operationId replay vs conflicting payload (0.386213ms)
✔ [erp1] optimistic concurrency via expectedVersion (0.301251ms)
✔ [erp1] GET /lookups hydrates pool/options fields, resources, balances and approvers; rejects entity/page mismatch and unknown page (1.509681ms)
✔ [erp1] view-state GET/PUT round trip, scoped per user, rejects unknown keys and oversized values (2.565978ms)
✔ [erp1] view-state rejects malformed cols/views/mode shapes and never mutates the prior stored value (0.697515ms)
✔ [erp1] entity support returns activities and documents, requires an existing row (2.276597ms)
✔ [erp1] processes run persists a row and returns deterministic events; rejects unknown process, bad params and denied roles (2.376197ms)
✔ [erp1] a run's events are persisted and replay identically through support on repeated GETs, scoped per branch; non-process support never carries processEvents (5.424149ms)
✔ [erp1] preseeded historical process rows carry a deterministic fixture history matching their own status (2.70349ms)
✔ [erp1] GET /company-profile returns the scope's identity, never invented fields (0.471513ms)
✔ [erp2] list envelope shape, facets, totals, pagination, q, sort (2.908562ms)
✔ [erp2] single row raw GET/PUT/DELETE round trip, 404 on bad id (0.290552ms)
✔ [erp2] tree entity: hierarchy present, rejects nonexistent parent and cycles (0.195093ms)
✔ [erp2] matrix entity: period selects a distinct dataset (6.352477ms)
✔ [erp2] lines/document entity: server recomputes totals, rejects negative qty (2.676799ms)
✔ [erp2] voucher entity: unbalanced debit/credit lines rejected (0.925856ms)
✔ [erp2] ref field rejects a nonexistent referenced row (0.738575ms)
✔ [erp2] branch/tenant isolation (0.441202ms)
✔ [erp2] wrong-branch and missing-identity denial (0.078441ms)
✔ [erp2] RBAC: admin/operations write broadly; finance limited to its allowlist; unknown role denied entirely (1.860094ms)
✔ [erp2] malformed input never throws (0.114831ms)
✔ [erp2] GET /dashboard returns a well-formed object (11.467253ms)
✔ [erp2] idempotent operationId replay vs conflicting payload (0.595274ms)
✔ [erp2] optimistic concurrency via expectedVersion (0.209311ms)
✔ [erp2] GET /lookups hydrates pool/options fields, resources, balances and approvers; rejects entity/page mismatch and unknown page (0.911918ms)
✔ [erp2] view-state GET/PUT round trip, scoped per user, rejects unknown keys and oversized values (0.294532ms)
✔ [erp2] view-state rejects malformed cols/views/mode shapes and never mutates the prior stored value (0.255351ms)
✔ [erp2] entity support returns activities and documents, requires an existing row (0.953047ms)
✔ [erp2] processes run persists a row and returns deterministic events; rejects unknown process, bad params and denied roles (1.759193ms)
✔ [erp2] a run's events are persisted and replay identically through support on repeated GETs, scoped per branch; non-process support never carries processEvents (3.192583ms)
✔ [erp2] preseeded historical process rows carry a deterministic fixture history matching their own status (2.818361ms)
✔ [erp2] GET /company-profile returns the scope's identity, never invented fields (0.161341ms)
✔ erp1 and erp2 both construct and expose the same 57-page catalogue (0.122851ms)
✔ createReferenceErpStore requires a valid variant (0.958857ms)
✔ Healthcare Suite HTTP preserves host access grants, identity, product, branch and read-only boundaries (3313.777856ms)
✔ session retains authenticated host actor and branch-local selected facility (41.496762ms)
✔ store enforces actor, product, role, module, branch and read-only writes (17.153165ms)
✔ master CRUD and lookup contracts work for every original entity, preserving numeric form strings (85.658664ms)
✔ patient CRUD, duplicate fields and policy ownership are preserved (18.076092ms)
✔ slots, guest booking, blocked slots, reschedule, cancellation and repeated registration (19.011668ms)
✔ eligibility: ineligible member, expired policy, manual payer and insured visit requirements (13.186136ms)
✔ full insured ordering: prior approval, eRx, billing holds, split hospital/pharmacy invoices and co-pay cap (28.443937ms)
✔ rejected prior approval assigns patient share after settlement (14.904329ms)
✔ payments, cancellation and invoice replay prevent repeat financial/stock effects (18.483044ms)
✔ contract editing is atomic and blank override uses discounted default with flags (10.275755ms)
✔ partition identities isolate tenant, product and branch while sharing same branch data among actors (16.231028ms)
✔ unknown/unsupported shapes fail before mutation and preserve field errors (6.399906ms)
✔ aggregate repeated item stock cannot be oversold and failed invoice leaves every line unchanged (11.754065ms)
✔ dosing edits, approval in-flight protection and quantity changes invalidate approval of old quantities (17.716609ms)
✔ booking checks resource blocks and encounter check-in links appointment while keeping selected facility (14.240863ms)
✔ invoice creation treats zero as an unfilled payment row while later collection requires positive payment (7.784656ms)
✔ four reference module HTTP boundaries preserve authentication, role and branch scope (3627.30983ms)
✔ Pharmacy rejects forged roles, unsafe scope and clinical/financial authority bypass (2.343298ms)
Seeded demo data in 754 ms
Seeded demo data in 674 ms
✔ Pharmacy actual services: retry, rollback, durable partition, host actor and original end-to-end flows (4149.882354ms)
✔ Quality trust boundary rejects fabricated roles and unsafe scope/path (1.580571ms)
Seeding /home/pepadmin/.cache/agent-tmp/pepbits-quality-test-RKWjiS/d884760a05cc64cee8e6e4102018f6d78a83971b5d62ed92144a7ba6e9a5a973/allyvora-quality.db
  periods 2025-10 → 2026-09; Event Pulse months 2026-07, 2026-08, 2026-09
  Event Pulse: 9378 transactions, 46559 events, 443 duplicate deliveries rejected
  Validation: 65 issues opened
  Totals: { results: 1293, issues: 65, submissions: 12, audit: 805 }
Quality demonstration bootstrap completed; sign-in is managed by the host.
Seeding /home/pepadmin/.cache/agent-tmp/pepbits-quality-test-RKWjiS/c14bbd148138fd1e18e2881728ef696565545222b73eebd5559d50698b50475c/allyvora-quality.db
  periods 2025-10 → 2026-09; Event Pulse months 2026-07, 2026-08, 2026-09
  Event Pulse: 9378 transactions, 46559 events, 443 duplicate deliveries rejected
  Validation: 65 issues opened
  Totals: { results: 1293, issues: 65, submissions: 12, audit: 805 }
Quality demonstration bootstrap completed; sign-in is managed by the host.
Seeding /home/pepadmin/.cache/agent-tmp/pepbits-quality-test-RKWjiS/7e51d3e8597930036c2983a93d4529b0bf6adaec17f3c89c2a863ff96e0d9405/allyvora-quality.db
  periods 2025-10 → 2026-09; Event Pulse months 2026-07, 2026-08, 2026-09
  Event Pulse: 9378 transactions, 46559 events, 443 duplicate deliveries rejected
  Validation: 65 issues opened
  Totals: { results: 1293, issues: 65, submissions: 12, audit: 805 }
Quality demonstration bootstrap completed; sign-in is managed by the host.
✔ Quality actual SQLite workflows, actor, permissions, retry, version, correction and durable isolation (11424.296707ms)
✔ rejects missing identity or scope before touching data (47.308524ms)
✔ every inventoried endpoint is routed (never 404/405 for its method) (29.991419ms)
✔ host roles map to report roles; accepts module-prefixed paths (11.750036ms)
✔ partitions isolate tenant, application and branch; personal favorites stay per user (8.875475ms)
✔ report run: paging, totals, ASYNC_REQUIRED guard and masking with canUnmask (422.019363ms)
✔ exports return files, respect format actions and audit (145.7277ms)
✔ saved views: personal default, role views need admin.access, delete rules (2.77821ms)
✔ background job transitions, stored result pages, download and cancel (25.625116ms)
✔ emailed jobs record outbox only; sensitive results go as a signed link that needs the right user (10.580287ms)
✔ per-user active job limit returns TOO_MANY_JOBS (3.742437ms)
✔ schedules CRUD, run now, due processing and skip when access is lost (15.664494ms)
✔ email-in simulation creates a job; unknown senders and failed auth are rejected (10.671917ms)
✔ API key secret is shown once and authorises BI pulls in the same partition only (9.256927ms)
✔ authenticateApiKey trusts only the stored key: no client scope, current role, revoked/deactivated rejected (3.447285ms)
✔ unknown host role is denied at provision unless a roleMap hook authorizes it (2.710649ms)
✔ an explicit empty or invalid roleMap does not grant the default analyst role (2.850431ms)
✔ builder preview, create/update/delete custom report with sharing grants (32.159155ms)
✔ dashboards: create, widget access validation, sharing rules, delete (1.914574ms)
✔ admin users, roles and settings validation (3.398674ms)
✔ session resolves a fixed fictional identity per role and rejects a role the user does not hold (93.49833ms)
✔ generic resource list envelope {data,total}, filter, q, pagination (71.782813ms)
✔ CRUD round trip: students, invoices (payAmount), issues (return), delete (39.450378ms)
✔ library last-copy conflict on issues create (52.815124ms)
✔ meta is unwrapped; attendance/marks/report-card/stats use their documented envelopes (102.288065ms)
✔ branch and tenant isolation (81.364522ms)
✔ wrong-branch and missing-identity denial (0.381343ms)
✔ role scoping: student sees only own record/fee/attendance; parent sees only own children (29.910767ms)
✔ teacher academic writes are limited to their own assigned classes/records (39.800329ms)
✔ accountant is restricted to fees; librarian to books/issues (30.096729ms)
✔ quiz attempts: student-only, scored server-side, one attempt, denies a second submission (22.037952ms)
✔ settings: get/patch profile, change password, delete a session (29.970979ms)
✔ malformed input never throws and returns structured 4xx (15.141361ms)
✔ school profile, fee structure and contacts are readable reference data (17.365436ms)
✔ leave requests, reservations and fee reminders are scoped and validated (14.813948ms)
✔ quiz answer privacy, server-side grading and idempotent replay (18.988078ms)
✔ live room: host-only privileges, class isolation, single vote per identity (18.811127ms)
✔ newly canonical demo role aliases resolve to their school role; a query-role escalation is denied, a plain session is not (18.995388ms)
✔ dashboard stats trends: admin and accountant carry the documented fixed demo values; other roles never fabricate one (74.058219ms)
✔ invoice payment receipts: sequential per-scope numbers, honest receiptSent, atomic bounds preserved on negative/over-payment (19.24741ms)
✔ attachments: create validates base64, permitted type, the 1MB bound, filename traversal, and purpose/role scoping (75.113807ms)
✔ attachments: assignment-linked downloads follow class membership; an invalid id in the batch rejects atomically (16.635181ms)
✔ attachments: submission-linked downloads follow student-own / teacher-assigned / parent-child; impersonation and purpose mismatch are denied (14.054712ms)
✔ attachments: message-linked downloads follow thread ownership; body.owner never overrides it; ids never cross scope (38.258608ms)
✔ attachments: real frontend roundtrip — assignments.tsx/messages.tsx link the canonical SchoolAttachment object POST /attachments returned; a legacy bare id still resolves; injected/tampered metadata on that object is never trusted (19.085749ms)
✔ quiz shuffle: deterministic per-identity question/option delivery order, accurate server grading against that order, and revealAnswers:false withholds the answer key even after grading (17.484148ms)
✔ server-initialized POST metrics: books/classes/quizzes/assignments compute aggregates server-side; client-supplied aggregates are ignored; invalid counts and unknown class/teacher references reject atomically (18.361843ms)
✔ library return: authoritative $0.50/day-late fine computed from the real due/return dates, on-time return is free, and a repeated return is idempotent (no double fine, no double stock increment) (22.907326ms)
✔ submissions: a student can never set their own grade/feedback, and a teacher grading can never overwrite the student-authored submission text (30.777024ms)
✔ thread messages: a caller can never fabricate a new message "from" the other party, and can never rewrite an already-stored message (16.999755ms)
✔ thread messages: a patch may never silently drop a previously persisted message id (or its attachment links); the real full-array append is unaffected and the rejection is atomic (17.585218ms)
✔ quiz authority: student list/detail/questions/grade are scoped to their own class; a new attempt requires a Published quiz; a completed attempt is still readable/retryable after the quiz closes; an unassigned teacher never gets the answer key or preview access; the owning/assigned teacher and admin still can (21.423936ms)
✔ live sessions: offsetMin is anchored to the real current instant (source src/lib/mock/db.ts materializeLive, lines 72-82), not fixture midnight — /live list and /stats agree, and an explicit authored start is always respected (36.656877ms)
✔ live "end": an accepted host/admin end persists the session as Ended for later /live list/detail and /stats calls, is idempotent on retry, and a non-host end is denied without any mutation (29.503885ms)
✔ stats: admin may read the accountant finance projection (source ReportsPage fetches both directly) without ever mutating their own session identity; a teacher still cannot request it; an unrecognized role is still rejected; branch scoping and student/parent ownership are unaffected (77.01682ms)
✔ command registry and policy access table list exactly the same commands (2.592589ms)
✔ source journey across views: book, join, triage, doctor sign and patient summary (322.942391ms)
✔ sessions describe role, modes, staff and patients for each view (27.110117ms)
✔ source role spoofing, signer replacement and cross-module access are refused (86.234857ms)
✔ patient, tenant, application and branch partitions are isolated (145.423349ms)
✔ malformed identifiers, paths and bodies are refused without touching data (46.290086ms)
✔ booking guards cover mismatches, grid, hours, breaks, past times and interval overlap (137.620891ms)
✔ appointment transitions, role limits and rescheduling follow the source rules (174.788923ms)
✔ nurse cannot supply prescriptions, diagnoses or doctor-only content, and cannot sign as a doctor (99.733815ms)
✔ sign retries do not duplicate follow-ups, messages or bookings (168.469077ms)
✔ stale versions conflict, signed notes are locked and context mismatches are refused (185.120779ms)
✔ encounter content is validated against catalogs and bounds; scores are recomputed server-side (159.696183ms)
✔ patient and allergy writes use field allowlists and keep identifiers server-owned (305.974468ms)
✔ patients check in only for their own visits and the shipped demo allows self booking (268.112783ms)
✔ configuration overrides change scheduling, modes, recording, simulation and limits per branch (256.977441ms)
✔ current vitals and transcript frames replace SSE: authenticated, deterministic and consent-gated (287.622065ms)
✔ simulated arrival is explicit demo behaviour and asserts no consent (116.546939ms)
✔ state is durable across close and recreate, with exclusive writer ownership (160.80792ms)
✔ a lease left by a dead process is taken over and an unreadable state file is not silently reseeded (183.97225ms)
✔ audit history is bounded, ordered and restricted to the doctor mode (399.024604ms)
✔ concurrent first requests share one scope and every committed change is retained (233.279529ms)
✔ the default clock and shipped policy work without options (47.259453ms)
✔ a dedicated patient account needs the trusted host mapping; the config default never fills in (43.768848ms)
✔ self booking is on in the shipped demo and off by explicit override, independent of provider booking (102.579996ms)
✔ admin demo patient session may register a patient; fixed patients and a disabled setting cannot (143.069142ms)
✔ admin registration is durable across restart and replays exactly (50.707739ms)
✔ changed payload under a used idempotency key is a 409 conflict; exact replays and restarts keep working (65.840869ms)
✔ recording always requires consent and no policy can switch that off (164.088385ms)
✔ booking advice keeps the source specialty and red-flag rules on the API (86.722952ms)
✔ calendar month recurrence preserves the anchor day across February (1.633571ms)
✔ schedules persist, retry failed work, isolate owners and do not duplicate a due delivery (125.754956ms)
✔ additional School views require an explicit authenticated server grant (1014.96099ms)
✔ School grants preserve configured node restrictions and do not expose roleless pages to other users (865.022548ms)
▶ six School header views enforce server roles, navigation, tenant branches and actor identity
  ✔ School Administrator (323.979719ms)
  ✔ School Teacher (89.33591ms)
  ✔ School Student (59.599574ms)
  ✔ School Parent (248.4426ms)
  ✔ School Librarian (356.928718ms)
  ✔ School Accountant (64.60395ms)
  ✔ selected roles retain School resource reads and mutations (880.046508ms)
✔ six School header views enforce server roles, navigation, tenant branches and actor identity (5918.938423ms)
✔ HTTP enforcement: origins, tenant audit authorization, schedules and AI refusals (8004.314037ms)
✔ audit survives restart, isolates tenants, strips data and expires by retention (98.996231ms)
✔ providers must match exact HTTPS bases; expired credentials fail closed (2.73302ms)
✔ one user cannot exhaust another user allowance; tenant remains part of the key (0.456073ms)
✔ modified AI clients cannot send free text, clinical data, labels or undeclared keys (0.803897ms)
✔ encrypted credentials migrate, survive restart and reject the wrong master key (25.796978ms)
✔ Teleconsult HTTP sessions, role grants, shared views and adopted branch policy (3857.712036ms)
✔ both modules share one partition per trusted tenant, application and branch (4.028999ms)
✔ scope rejects unauthenticated, malformed and unknown-module requests (0.548815ms)
✔ shipped configuration is valid and resolves defaults, tenant and branch overrides (5.011208ms)
✔ tenant defaults can be overridden by a branch without losing sibling settings (0.619834ms)
✔ invalid configuration is rejected with every problem and never partially applied (4.283371ms)
✔ provider mode comes from the authenticated grant; the header only selects among granted modes (7.444525ms)
✔ patient beneficiary is fixed for dedicated accounts and selectable only by admin (9.386269ms)
✔ shipped demo policy enables patient booking and admin registration; recording consent can never be disabled (2.047935ms)
✔ request parsing refuses escaping paths, oversized and non-object bodies (2.794971ms)
✔ idempotency keys are validated and header lookup is case-insensitive (0.631185ms)
✔ command access separates doctor, nurse and patient capabilities (1.832224ms)
✔ personal views persist, isolate owners, and reject stale changes (9.150127ms)
✔ view layouts reject malformed values (0.254942ms)
✔ archive reports partial failures, is idempotent and persists in tenant/product/page scope (13.092256ms)
ℹ tests 324
ℹ suites 0
ℹ pass 324
ℹ fail 0
ℹ cancelled 0
ℹ skipped 0
ℹ todo 0
ℹ duration_ms 26437.483995

> nexora-monorepo@1.0.0 test:clinical-api
> tsc -p ../dummy-api/tsconfig.clinical.json && node --test ../dummy-api/clinical-template-store.test.ts ../dummy-api/clinical-template-csv.test.ts ../dummy-api/clinic-billing-store.test.ts ../dummy-api/clinical-triage-store.test.ts ../dummy-api/clinical-consultation-store.test.ts ../dummy-api/comprehensive-consultation-store.test.ts ../dummy-api/op-registration-store.test.ts

✔ prescription → order → invoice → partial payments → refund survives restart and duplicate retries (61.153526ms)
✔ permissions, conflicts, duplicate billing, input validation and tenant isolation (27.922393ms)
✔ void returns unpaid orders for rebilling and blocks paid invoice cancellation (94.111505ms)
✔ unpaid bill corrections preserve revisions and survive retries; paid, stale and unauthorized edits fail (152.467481ms)
✔ consultation drafts persist, retry once, validate explicit entries, finalize immutably and isolate scope (24.76389ms)
✔ expanded notes persist and legacy updates preserve new fields (19.099479ms)
✔ CSV create round-trips commas quotes Unicode newlines and booleans; query and 360 read the saved record after restart (120.236895ms)
✔ CSV changes are read on the next API operation; legacy JSON migration preserves records and leaves source intact (108.232827ms)
✔ corrupt CSV fails closed instead of replacing saved records with seed data (36.400586ms)
✔ CSV parser enforces quoting, row width and duplicate entity identities (1.539562ms)
✔ new related entries and their retry receipts survive restart and appear in 360 from CSV (105.83495ms)
✔ patient search applies combined filters, sorting and pagination (54.390356ms)
✔ complete registration is atomic, persisted and retried idempotently (97.39493ms)
✔ validation, duplicate identity and stale versions cannot alter records (53.058416ms)
✔ patient mutations are tenant/application scoped and permissions are enforced (176.361304ms)
✔ saved searches are user scoped; appointment writes are patient scoped and retry safe (89.424161ms)
✔ eligibility reads the saved policy and rejects unknown policy identities (54.058734ms)
✔ patient record keeps identifiers server managed and projects contact edits into search values (34.38129ms)
✔ registry search uses whole words, phrases, exclusions and child-record values (94.872481ms)
✔ draft persists and retries keep one identity; complete locks history and new assessments are blank (37.616864ms)
✔ completion requires explicit safety/priority and measurements or a reason; malformed input is rejected (20.69061ms)
✔ server roles, tenant scope, optimistic versions and corrupt CSV are enforced (10.023713ms)
✔ comprehensive CSV persists linked records, retries once, rejects stale and signed edits, isolates tenants (25.532625ms)
✔ reject malformed nested data, duplicate diagnoses, dangling orders and unsigned medication review (1.169848ms)
✔ score totals distinguish zero, incomplete, NT and invalid; E/M uses median and separate bounded time (1.120058ms)
✔ required validation, persistent check-in and idempotent retries (24.275757ms)
✔ write permission, optimistic conflict, server-owned eligibility and duplicate encounters (31.60436ms)
✔ clinical lifecycle: signed note immutable, service charges, payments, completion and addenda (138.524818ms)
✔ pending results require ownership, draft policy excludes sensitive fields and expires drafts (69.488086ms)
✔ appointment slot conflict and patient association validation (39.710828ms)
✔ pending results require an owner, date and plan; clinical closure is independent of payment (68.63805ms)
✔ discount cannot create overpayment and reversals preserve the original payment (82.974794ms)
✔ disabled drafts do not prevent check-in or ephemeral eligibility checks (11.604664ms)
ℹ tests 33
ℹ suites 0
ℹ pass 33
ℹ fail 0
ℹ cancelled 0
ℹ skipped 0
ℹ todo 0
ℹ duration_ms 1066.039392
