
> nexora-monorepo@1.0.0 test
> vitest run


 RUN  v3.2.7 /home/pepadmin/pb/saas/lib/pepbits-frontend-library/desktop-clients

stderr | packages/reference-quality/src/pages.test.tsx > AllyVora Quality pages > renders '/indicators/7' with its heading, data and no error state
The width(0) and height(0) of chart should be greater than 0,
       please check the style of container, or the props width(100%) and height(100%),
       or add a minWidth(0) or minHeight(undefined) or use aspect(undefined) to control the
       height and width.

stderr | packages/reference-quality/src/pages.test.tsx > AllyVora Quality pages > renders '/tat' with its heading, data and no error state
The width(0) and height(0) of chart should be greater than 0,
       please check the style of container, or the props width(100%) and height(100%),
       or add a minWidth(0) or minHeight(undefined) or use aspect(undefined) to control the
       height and width.
The width(0) and height(0) of chart should be greater than 0,
       please check the style of container, or the props width(100%) and height(100%),
       or add a minWidth(0) or minHeight(undefined) or use aspect(undefined) to control the
       height and width.

stderr | packages/reference-quality/src/pages.test.tsx > AllyVora Quality pages > renders '/events' with its heading, data and no error state
The width(0) and height(0) of chart should be greater than 0,
       please check the style of container, or the props width(100%) and height(100%),
       or add a minWidth(0) or minHeight(undefined) or use aspect(undefined) to control the
       height and width.

stderr | packages/reference-quality/src/pages.test.tsx > AllyVora Quality pages > renders '/reports/designer' with its heading, data and no error state
The width(0) and height(0) of chart should be greater than 0,
       please check the style of container, or the props width(100%) and height(100%),
       or add a minWidth(0) or minHeight(undefined) or use aspect(undefined) to control the
       height and width.
The width(0) and height(0) of chart should be greater than 0,
       please check the style of container, or the props width(100%) and height(100%),
       or add a minWidth(0) or minHeight(undefined) or use aspect(undefined) to control the
       height and width.

stderr | packages/reference-quality/src/pages.test.tsx > AllyVora Quality pages > renders '/reports/3' with its heading, data and no error state
The width(0) and height(0) of chart should be greater than 0,
       please check the style of container, or the props width(100%) and height(100%),
       or add a minWidth(0) or minHeight(undefined) or use aspect(undefined) to control the
       height and width.
The width(0) and height(0) of chart should be greater than 0,
       please check the style of container, or the props width(100%) and height(100%),
       or add a minWidth(0) or minHeight(undefined) or use aspect(undefined) to control the
       height and width.

stderr | packages/reference-quality/src/pages.test.tsx > AllyVora Quality pages > requests the indicator detail endpoint for /indicators/7
The width(0) and height(0) of chart should be greater than 0,
       please check the style of container, or the props width(100%) and height(100%),
       or add a minWidth(0) or minHeight(undefined) or use aspect(undefined) to control the
       height and width.

stderr | packages/reference-quality/src/pages.test.tsx > AllyVora Quality pages > requests the template and its render for /reports/3
The width(0) and height(0) of chart should be greater than 0,
       please check the style of container, or the props width(100%) and height(100%),
       or add a minWidth(0) or minHeight(undefined) or use aspect(undefined) to control the
       height and width.
The width(0) and height(0) of chart should be greater than 0,
       please check the style of container, or the props width(100%) and height(100%),
       or add a minWidth(0) or minHeight(undefined) or use aspect(undefined) to control the
       height and width.

stderr | packages/reference-quality/src/pages.test.tsx > AllyVora Quality pages > has every plain English message looked up through t() in quality-copy.json
The width(0) and height(0) of chart should be greater than 0,
       please check the style of container, or the props width(100%) and height(100%),
       or add a minWidth(0) or minHeight(undefined) or use aspect(undefined) to control the
       height and width.

stderr | packages/reference-quality/src/pages.test.tsx > AllyVora Quality pages > has every plain English message looked up through t() in quality-copy.json
The width(0) and height(0) of chart should be greater than 0,
       please check the style of container, or the props width(100%) and height(100%),
       or add a minWidth(0) or minHeight(undefined) or use aspect(undefined) to control the
       height and width.
The width(0) and height(0) of chart should be greater than 0,
       please check the style of container, or the props width(100%) and height(100%),
       or add a minWidth(0) or minHeight(undefined) or use aspect(undefined) to control the
       height and width.

stderr | packages/reference-quality/src/pages.test.tsx > AllyVora Quality pages > has every plain English message looked up through t() in quality-copy.json
The width(0) and height(0) of chart should be greater than 0,
       please check the style of container, or the props width(100%) and height(100%),
       or add a minWidth(0) or minHeight(undefined) or use aspect(undefined) to control the
       height and width.

stderr | packages/reference-quality/src/pages.test.tsx > AllyVora Quality pages > has every plain English message looked up through t() in quality-copy.json
The width(0) and height(0) of chart should be greater than 0,
       please check the style of container, or the props width(100%) and height(100%),
       or add a minWidth(0) or minHeight(undefined) or use aspect(undefined) to control the
       height and width.
The width(0) and height(0) of chart should be greater than 0,
       please check the style of container, or the props width(100%) and height(100%),
       or add a minWidth(0) or minHeight(undefined) or use aspect(undefined) to control the
       height and width.

stderr | packages/reference-quality/src/pages.test.tsx > AllyVora Quality pages > has every plain English message looked up through t() in quality-copy.json
The width(0) and height(0) of chart should be greater than 0,
       please check the style of container, or the props width(100%) and height(100%),
       or add a minWidth(0) or minHeight(undefined) or use aspect(undefined) to control the
       height and width.

stderr | packages/reference-quality/src/pages.test.tsx > AllyVora Quality pages > has every plain English message looked up through t() in quality-copy.json
The width(0) and height(0) of chart should be greater than 0,
       please check the style of container, or the props width(100%) and height(100%),
       or add a minWidth(0) or minHeight(undefined) or use aspect(undefined) to control the
       height and width.
The width(0) and height(0) of chart should be greater than 0,
       please check the style of container, or the props width(100%) and height(100%),
       or add a minWidth(0) or minHeight(undefined) or use aspect(undefined) to control the
       height and width.

stderr | packages/reference-quality/src/pages.test.tsx > AllyVora Quality pages > has every plain English message looked up through t() in quality-copy.json
The width(0) and height(0) of chart should be greater than 0,
       please check the style of container, or the props width(100%) and height(100%),
       or add a minWidth(0) or minHeight(undefined) or use aspect(undefined) to control the
       height and width.
The width(0) and height(0) of chart should be greater than 0,
       please check the style of container, or the props width(100%) and height(100%),
       or add a minWidth(0) or minHeight(undefined) or use aspect(undefined) to control the
       height and width.

 ✓ packages/reference-teleconsult/src/patient/module.test.tsx (25 tests) 5095ms
   ✓ visit > books with an Idempotency-Key, and a retry after a lost response replays the same key  574ms
   ✓ booking advice from the server > asks the API for the specialty and urgency, and uses its answer to label the suggestion and book as urgent  512ms
   ✓ booking advice from the server > shows the urgent warning only from the API's urgency, not from the browser's own reading of the symptoms  648ms
   ✓ booking advice from the server > cannot continue or book on a stale answer: changed answers wait for new advice and a late old reply is ignored  649ms
   ✓ booking advice from the server > does not offer Continue when the API cannot answer, reports why, and asks again on retry  624ms
   ✓ booking advice from the server > does not accept a malformed advice payload  310ms
   ✓ effective settings in patient booking > offers only the visit modes the branch supports and books with one of them  426ms
 ✓ packages/reference-quality/src/pages.test.tsx (21 tests) 4161ms
   ✓ AllyVora Quality pages > renders '/' with its heading, data and no error state  361ms
   ✓ AllyVora Quality pages > renders '/reports/designer' with its heading, data and no error state  802ms
   ✓ AllyVora Quality pages > has every plain English message looked up through t() in quality-copy.json  1922ms
 ✓ packages/erp-screens/src/templates/preference-compliance.test.tsx (4 tests) 4957ms
   ✓ all registered templates inherit managed table preferences in both density profiles  4653ms
 ✓ packages/erp-screens/src/lifecycle/lifecycle.test.tsx (17 tests) 4185ms
   ✓ LifecycleConfigurationPage > console summary uses server validation and clears it after editing  655ms
   ✓ LifecycleConfigurationPage > persistent worklist protects edits before opening another version  383ms
   ✓ LifecycleConfigurationPage > saves a draft with the expected revision and reuses the operation key on retry  469ms
   ✓ LifecycleConfigurationPage > lifecycle module and domain are editable codes that drive catalogue navigation  450ms
 ✓ packages/reference-school/src/module.test.tsx (61 tests) 11176ms
   ✓ ReferenceSchoolModule > renders /dashboard for an administrator through host.request only  461ms
   ✓ ReferenceSchoolModule > renders /teachers for an administrator through host.request only  363ms
   ✓ ReferenceSchoolModule > renders /quizzes for an administrator through host.request only  432ms
   ✓ ReferenceSchoolModule > renders /exams for an administrator through host.request only  383ms
   ✓ ReferenceSchoolModule > renders /marks for an administrator through host.request only  519ms
   ✓ failure handling > a rejected create keeps the dialog and the entered values and shows the server message  508ms
   ✓ grade retry under StrictMode > after a failed grade, one Retry click sends exactly one more POST with the same answers  385ms
   ✓ record preview follows previewMode > inline renders the record in the matching shared frame  362ms
   ✓ record preview follows previewMode > left-drawer renders the record in the matching shared frame  339ms
   ✓ record preview follows previewMode > right-drawer renders the record in the matching shared frame  309ms
 ✓ packages/reference-teleconsult/src/provider/module.test.tsx (19 tests) 4380ms
   ✓ consultation > polls authenticated /current frames (never an EventSource or stream URL) and labels simulated content  385ms
   ✓ consultation > signs from the Sign off tab with the expected version and shows server problems without losing the draft  349ms
   ✓ consultation > shows the conflict banner and keeps the edited text when autosave is refused  928ms
   ✓ nurse mode > has no sign-off: no Sign off tab, no global Review and sign button, no nurse signature action; triage hand-off stays  350ms
   ✓ booking dialog uses the effective settings > asks for slots of the chosen length and books with that duration and a supported mode  300ms
   ✓ booking dialog uses the effective settings > falls back to the first allowed mode and the default length when nothing was chosen  312ms
 ✓ packages/erp-screens/src/clinical-templates/clinical-templates.test.tsx (7 tests) 4488ms
   ✓ patient form preserves edits through section changes and retries with the same operation  1992ms
   ✓ scope remounts cannot retain another user patient edits  522ms
   ✓ New patient resets a saved record in a reused new-record tab  644ms
   ✓ empty contact editors do not create rows until edited and retain focus while typing  893ms
stderr | packages/erp-screens/src/clinical-templates/query.test.tsx > disabled query shortcuts do not focus search or open help
An update to PatientQueryTemplate inside a test was not wrapped in act(...).

When testing, code that causes React state updates should be wrapped into act(...):

act(() => {
  /* fire events that update state */
});
/* assert on the output */

This ensures that you're testing the behavior the user would see in the browser. Learn more at https://react.dev/link/wrap-tests-with-act

 ✓ packages/erp-screens/src/clinical-templates/query.test.tsx (11 tests) 3222ms
   ✓ query waits for criteria and preserves filters after a failed search  788ms
   ✓ inline details belong to the selected row and record actions use navigation  338ms
   ✓ query export uses the selected file format  325ms
   ✓ production capability limits preserve layout without invoking unavailable workflows  379ms
   ✓ infinite results use twenty-record requests, preserve loaded rows and retain a keyboard load action  397ms
   ✓ reaching the result sentinel requests the next cursor page  316ms
 ✓ packages/erp-screens/src/lifecycle/sources.test.tsx (11 tests) 3278ms
   ✓ Lifecycle source mappings > hosts without a source port keep the page and the saved wire shape unchanged  608ms
   ✓ Lifecycle source mappings > creates a pinned mapping from a registered source and saves it through the governed draft  665ms
   ✓ Lifecycle source mappings > published mappings are read-only  335ms
   ✓ Lifecycle source mappings > server validation issues on a mapping navigate to it  337ms
 ✓ packages/erp-screens/src/templates/page-template.test.tsx (8 tests) 3674ms
   ✓ every configured template renders real shared content and starts with valid sample data  3208ms
 ✓ packages/reference-reports/src/module.test.tsx (17 tests) 3759ms
   ✓ ReferenceReportsModule > renders the report library through the host adapter using original /api paths  301ms
   ✓ ReferenceReportsModule > runs a report with the effective page size and follows preference changes  541ms
   ✓ ReferenceReportsModule > shows the background-run path when the server answers ASYNC_REQUIRED  448ms
   ✓ ReferenceReportsModule > exports through authenticated host.fetch as a blob; without host.fetch export is disabled  449ms
 ✓ packages/erp-shell/src/erp-context.test.tsx (38 tests) 778ms
 ✓ packages/erp-shell/src/diagnostic-sidebar.test.tsx (17 tests) 2517ms
   ✓ library follows click mode and closes after outside clicks  354ms
   ✓ library follows hover mode and manual dismissal  527ms
 ✓ packages/erp-shell/src/school-role-header.test.tsx (9 tests) 2034ms
   ✓ School header and sidebar > selects 'School Administrator' through the shared header  486ms
   ✓ School header and sidebar > selects 'School Teacher' through the shared header  355ms
 ✓ packages/reference-school/src/final-parity.test.tsx (9 tests) 2891ms
   ✓ source option labels > the Select shows the source English labels (static and enum) with unchanged values  620ms
   ✓ server-initialized creation fields > a new book sends only authored fields; the card shows the server's record  485ms
   ✓ server-initialized creation fields > a rejected book keeps the dialog and the typed values  487ms
   ✓ server-initialized creation fields > a new class and a new assignment send no counters, and numeric fields stay numbers under ar-EG  409ms
   ✓ server-initialized creation fields > a new quiz sends its questions and options but no attempts or average  439ms
 ✓ packages/reference-healthcare-suite/src/components/rcm/HealthcareSuiteRcmWorkspace.test.tsx (27 tests) 2989ms
   ✓ claims send exact versioned command and idempotency identity, retaining inputs on a recoverable failure  371ms
 ✓ packages/erp-screens/src/preferences/preferences.test.tsx (4 tests) 2051ms
   ✓ record layout and all three density options use the central preference update  951ms
   ✓ live policy changes and unavailable preferences prevent layout updates  347ms
   ✓ Own Settings uses accessible module options and honors locks  497ms
 ✓ packages/reference-school/src/attachments-locale.test.tsx (7 tests) 2570ms
   ✓ attachments > a failed upload keeps the file and the draft, Retry sends the same bytes once, and the assignment saves the returned metadata  864ms
   ✓ attachments > a file over 1 MB is refused before any request and blocks saving until removed  409ms
   ✓ localization and number format > changing the locale does not clear an open draft  333ms
 ✓ packages/erp-screens/src/drafts/use-shared-draft.test.tsx (4 tests) 2040ms
   ✓ failed draft write retains the exact payload and operation identity on retry  931ms
   ✓ completion waits for in-flight autosave before discarding its acknowledged revision  835ms
 ✓ packages/ai-ui/src/administration.test.tsx (20 tests) 1443ms
 ✓ packages/reference-pharmacy/src/pages.test.tsx (17 tests) 2025ms
   ✓ workbench through the host > opens the prescription named in the query and a workflow action posts once with an idempotency key, then follows the Rx to its new stage  396ms
 ✓ packages/erp-shell/src/workspace/use-workspace-navigation.test.tsx (18 tests) 1517ms
 ✓ packages/erp-config/src/i18n.test.ts (4 tests) 2025ms
   ✓ localization contracts > provides every catalog message and preserves interpolation names in each language  1997ms
 ✓ packages/erp-shell/src/workspace/workspace-tabs.test.tsx (15 tests) 569ms
 ✓ packages/ai-client/src/transport.test.ts (22 tests) 1438ms
   ✓ the echo transport > no credential configured falls back to the mock  353ms
   ✓ the echo transport > an unreachable service falls back to the mock  356ms
   ✓ the echo transport > the mock says nothing left the browser, and lists what would have  352ms
   ✓ the echo transport > the mock shows the redacted value, not the original  351ms
 ✓ packages/erp-screens/src/forms/dynamic-record-form.test.tsx (7 tests) 1348ms
   ✓ StrictMode loads safely and reports only acknowledged saves  333ms
 ✓ packages/erp-screens/src/drafts/draft-center.test.tsx (3 tests) 1380ms
   ✓ metadata and policy appear, search/filter use the API and open rechecks access  759ms
   ✓ discard retry retains its operation id and does not remove a row until confirmed  331ms
 ✓ packages/ai-ui/src/transparency.test.tsx (28 tests) 639ms
 ✓ packages/reference-quality/src/copy.test.ts (3 tests) 789ms
   ✓ quality-copy.json > is current with the sources  784ms
 ✓ packages/erp-config/src/application-config.test.ts (3 tests) 1294ms
   ✓ API application configuration > uses backend menus and keys while keeping page components and field identities local  518ms
   ✓ API application configuration > never creates unsupported frontend pages from API configuration  494ms
 ✓ packages/reference-pharmacy/src/module.test.tsx (11 tests) 1608ms
   ✓ ReferencePharmacyModule host contract > searches the palette through the host transport and routes through the host navigator  328ms
 ✓ packages/erp-screens/src/library/preference-compliance.test.tsx (4 tests) 1143ms
   ✓ all 12 component catalog routes render their actual examples under non-default preferences  679ms
   ✓ all six reference pages have dedicated localized content  343ms
 ✓ packages/ops-ui/src/inline-edit.test.tsx (15 tests) 920ms
 ✓ packages/ops-ui/src/form-controls.test.tsx (30 tests) 506ms
 ✓ packages/reference-school/src/toast-locale.test.tsx (4 tests) 931ms
   ✓ localized toasts > a dynamic toast is one translated message that keeps the authored title exactly  510ms
stderr | packages/erp-screens/src/care-pages/workspace.test.tsx > multiple emergency pathways reveal independent fields and preserve values when hidden
Encountered two children with the same key, `Obstetric`. Keys should be unique so that components maintain their identity across updates. Non-unique keys may cause children to be duplicated and/or omitted — the behavior is unsupported and could change in a future version.

stderr | packages/erp-screens/src/care-pages/workspace.test.tsx > multiple emergency pathways reveal independent fields and preserve values when hidden
Encountered two children with the same key, `Obstetric`. Keys should be unique so that components maintain their identity across updates. Non-unique keys may cause children to be duplicated and/or omitted — the behavior is unsupported and could change in a future version.
Encountered two children with the same key, `Obstetric`. Keys should be unique so that components maintain their identity across updates. Non-unique keys may cause children to be duplicated and/or omitted — the behavior is unsupported and could change in a future version.
Encountered two children with the same key, `Obstetric`. Keys should be unique so that components maintain their identity across updates. Non-unique keys may cause children to be duplicated and/or omitted — the behavior is unsupported and could change in a future version.
Encountered two children with the same key, `Obstetric`. Keys should be unique so that components maintain their identity across updates. Non-unique keys may cause children to be duplicated and/or omitted — the behavior is unsupported and could change in a future version.
Encountered two children with the same key, `Obstetric`. Keys should be unique so that components maintain their identity across updates. Non-unique keys may cause children to be duplicated and/or omitted — the behavior is unsupported and could change in a future version.

 ✓ packages/erp-screens/src/care-pages/workspace.test.tsx (3 tests) 891ms
   ✓ failed saves keep notes and retry the identical operation; selectors cannot discard dirty inputs  566ms
 ✓ packages/erp-screens/src/records/specialized-editors.test.tsx (2 tests) 1030ms
   ✓ billing fields survive tab changes and are included with line items in a real save  657ms
   ✓ consultation recovers composition, narrative, codes, orders and review checkboxes  371ms
 ✓ packages/erp-screens/src/clinic-billing/workspace.test.tsx (5 tests) 978ms
   ✓ managed layouts update without losing input; failed requests retry the exact operation  378ms
   ✓ bill correction retains input and operation identity on failure; read-only view can return  470ms
 ✓ packages/reference-quality/src/module.test.tsx (8 tests) 483ms
 ✓ packages/ops-ui/src/dropdown.test.tsx (11 tests) 764ms
 ✓ packages/ops-ui/src/inline-edit-typed.test.tsx (19 tests) 1082ms
 ✓ packages/reference-quality/src/errors.test.tsx (4 tests) 655ms
 ✓ packages/erp-shell/src/workspace/workspace-canvas.test.tsx (29 tests) 1037ms
 ✓ packages/ops-ui/src/overlay.test.tsx (23 tests) 849ms
 ✓ packages/ops-ui/src/shared-components.test.tsx (11 tests) 760ms
 ✓ packages/ai-ui/src/modes.test.tsx (34 tests) 1000ms
 ✓ packages/erp-screens/src/op-registration/workspace.test.tsx (3 tests) 625ms
 ✓ packages/erp-screens/src/clinical-consultation/workspace.test.tsx (3 tests) 706ms
   ✓ expanded panels retain values and validation opens a hidden invalid vital  319ms
 ✓ packages/erp-screens/src/dcp-designer/dependencies.test.tsx (3 tests) 709ms
   ✓ parent change clears all descendants and late API responses cannot restore old options  364ms
 ✓ packages/erp-screens/src/dcp-designer/catalog-manager.test.tsx (4 tests) 591ms
   ✓ catalog save failure preserves edits and retries the identical revision command  306ms
 ✓ packages/reference-quality/src/styles.test.ts (9 tests) 470ms
   ✓ generated scoped styles > matches what scripts/quality/styles.mjs generates from the retained source design  453ms
 ✓ packages/reference-school/src/library-return.test.tsx (3 tests) 782ms
   ✓ library return > the server's fine is shown and toasted, not the page's overdue estimate  359ms
 ✓ packages/erp-screens/src/worklist/filter-bar.test.tsx (24 tests) 750ms
 ✓ packages/ops-ui/src/search-select.test.tsx (14 tests) 792ms
 ✓ packages/erp-screens/src/templates/registry-template.test.tsx (3 tests) 713ms
   ✓ all five registry templates render through shared engines with preference-owned layouts  436ms
 ✓ packages/reference-keystone-core/src/keystone-core.test.tsx (20 tests) 916ms
 ✓ packages/erp-screens/src/clinical-triage/editor.test.tsx (3 tests) 1342ms
   ✓ blank readings and unanswered safety choices; completion focuses required complaint  446ms
   ✓ recoverable failure retains input and retry uses exactly the same request  450ms
   ✓ managed layouts change without clearing edits; completed assessments stay read only  443ms
 ✓ packages/erp-screens/src/dcp-designer/workspace.test.tsx (3 tests) 1713ms
   ✓ visual edits reuse stable IDs; failed save retains edits and reuses operation on retry  659ms
   ✓ read-only role disables design mutations and tenant density overrides local preference  388ms
   ✓ preview uses unsaved design, hides authoring, validates and resets test answers without saving  664ms
 ✓ packages/erp-screens/src/approvals/approval-workspace.test.tsx (7 tests) 1328ms
   ✓ submission requires a comment and confirmation; unknown outcomes reuse the operation id  478ms
   ✓ bulk selection excludes ineligible rows and preserves per-row errors  489ms
 ✓ packages/erp-screens/src/imports/csv-import-dialog.test.tsx (6 tests) 907ms
   ✓ restored validation requires explicit confirmation before writing  361ms
 ✓ packages/reference-teleconsult/src/shared/hooks.test.tsx (10 tests) 784ms
 ✓ packages/erp-screens/src/comprehensive-consultation/workspace.test.tsx (1 test) 523ms
   ✓ specialty edits survive context and tenant-locked layout changes; preview never saves  520ms
 ✓ packages/reference-healthcare-suite/src/preferences.test.tsx (9 tests) 600ms
 ✓ packages/erp-data/src/records.test.ts (11 tests) 746ms
 ✓ packages/auth/src/session.test.tsx (32 tests) 562ms
 ✓ packages/erp-screens/src/library/component-catalog.test.tsx (5 tests) 959ms
   ✓ form search finds component names and reset clears only the demo  470ms
 ✓ packages/reference-erp2/src/reference-erp2.test.tsx (9 tests) 658ms
   ✓ reference-erp2 module > requests page lookups before rendering the page  310ms
 ✓ packages/erp-screens/src/worklist/use-filter-sync.test.tsx (9 tests) 505ms
 ✓ packages/reference-pharmacy/src/copy.test.ts (4 tests) 752ms
   ✓ pharmacy-copy.json > is current with the sources  746ms
 ✓ packages/erp-screens/src/worklist/use-column-layout.test.tsx (22 tests) 590ms
 ✓ packages/erp-screens/src/worklist/saved-view.test.tsx (11 tests) 266ms
 ✓ packages/reference-erp1/src/reference-erp1.test.tsx (9 tests) 614ms
   ✓ reference-erp1 module > requests page lookups before rendering the page  332ms
 ✓ packages/ops-ui/src/pagination.test.tsx (9 tests) 429ms
 ✓ packages/ops-ui/src/quantity-unit-field.test.tsx (9 tests) 408ms
 ✓ packages/ops-ui/src/page-copy-localization.test.tsx (9 tests) 390ms
 ✓ packages/erp-screens/src/device-integrations/workspace.test.tsx (2 tests) 324ms
 ✓ packages/ops-ui/src/recovery-notice.test.tsx (5 tests) 380ms
 ✓ packages/erp-screens/src/dcp-designer/host-runtime.test.tsx (3 tests) 588ms
 ✓ packages/ops-ui/src/states.test.tsx (24 tests) 441ms
 ✓ packages/erp-screens/src/dcp-designer/sections.test.tsx (4 tests) 296ms
 ✓ packages/erp-screens/src/identity-devices/workspace.test.tsx (3 tests) 361ms
 ✓ packages/erp-screens/src/page-library/catalog.test.tsx (4 tests) 397ms
   ✓ search, resources and page opening use current access; revoked resource closes  327ms
 ✓ packages/reference-pharmacy/src/styles.test.ts (9 tests) 479ms
   ✓ generated scoped styles > matches what scripts/pharmacy/styles.mjs generates from the retained source design  459ms
 ✓ packages/reference-quality/src/controls.test.tsx (6 tests) 422ms
 ✓ packages/erp-screens/src/master-transfer/panel.test.tsx (3 tests) 378ms
 ✓ packages/erp-screens/src/op-consultation/workspace.test.tsx (1 test) 619ms
   ✓ OP summary navigates fields; locked layout and review retain unsaved values  617ms
 ✓ packages/erp-shell/src/product-context.test.tsx (3 tests) 320ms
 ✓ packages/reference-quality/src/version.test.tsx (1 test) 295ms
 ✓ packages/ops-ui/src/segmented.test.tsx (9 tests) 282ms
 ✓ packages/ops-ui/src/button.test.tsx (5 tests) 216ms
stderr | packages/ai-ui/src/use-assistant.test.tsx > the administration config > arrives once asked for
An update to Probe inside a test was not wrapped in act(...).

When testing, code that causes React state updates should be wrapped into act(...):

act(() => {
  /* fire events that update state */
});
/* assert on the output */

This ensures that you're testing the behavior the user would see in the browser. Learn more at https://react.dev/link/wrap-tests-with-act

stderr | packages/ai-ui/src/use-assistant.test.tsx > the administration config > a refused config leaves it null rather than half-built
An update to Probe inside a test was not wrapped in act(...).

When testing, code that causes React state updates should be wrapped into act(...):

act(() => {
  /* fire events that update state */
});
/* assert on the output */

This ensures that you're testing the behavior the user would see in the browser. Learn more at https://react.dev/link/wrap-tests-with-act

 ✓ packages/ai-ui/src/use-assistant.test.tsx (24 tests) 235ms
 ✓ packages/erp-shell/src/workspace/mdi-taskbar.test.tsx (7 tests) 150ms
 ✓ packages/erp-screens/src/login/recovery.test.tsx (1 test) 239ms
 ✓ packages/erp-screens/src/label-printing/workspace.test.tsx (2 tests) 282ms
 ✓ packages/erp-shell/src/workspace/use-mdi-workspace.test.tsx (7 tests) 170ms
 ✓ packages/erp-screens/src/records/record-panels.test.tsx (4 tests) 424ms
 ✓ packages/ops-ui/src/reference-data.test.tsx (17 tests) 237ms
 ✓ packages/erp-screens/src/templates/configured-template-page.test.tsx (3 tests) 307ms
 ✓ packages/workspace-core/src/use-workspace.test.tsx (19 tests) 231ms
 ✓ packages/ops-ui/src/tabs.test.tsx (3 tests) 130ms
 ✓ packages/erp-screens/src/product-services.test.tsx (2 tests) 121ms
 ✓ packages/ops-ui/src/avatar.test.tsx (10 tests) 113ms
 ✓ packages/reference-healthcare-suite/src/adapter.test.tsx (8 tests) 180ms
 ✓ packages/erp-screens/src/clinical-templates/query-search.test.tsx (2 tests) 191ms
 ✓ packages/ops-ui/src/card.test.tsx (6 tests) 216ms
 ✓ packages/erp-screens/src/record-page/record-page.test.tsx (2 tests) 193ms
 ✓ packages/ops-ui/src/localization.test.tsx (4 tests) 175ms
 ✓ packages/reference-teleconsult/src/provider/lib/encounter-sync.test.tsx (12 tests) 147ms
 ✓ packages/erp-shell/src/sentinel.test.tsx (1 test) 139ms
 ✓ packages/reference-school/src/contracts.test.ts (12 tests) 145ms
 ✓ packages/erp-screens/src/clinical-templates/record-layout.test.tsx (2 tests) 157ms
 ✓ packages/erp-screens/src/dcp-designer/runtime-fields.test.tsx (5 tests) 177ms
 ✓ packages/ops-ui/src/stat-card.test.tsx (6 tests) 143ms
 ✓ packages/erp-screens/src/preference-preview.test.tsx (1 test) 131ms
 ✓ packages/ops-ui/src/source-controls.test.tsx (3 tests) 151ms
 ✓ packages/erp-data/src/mock.test.ts (148 tests) 123ms
 ✓ packages/reference-teleconsult/src/shared/format.test.tsx (6 tests) 108ms
 ✓ packages/ops-ui/src/badge.test.tsx (12 tests) 146ms
 ✓ packages/ops-ui/src/skeleton.test.tsx (4 tests) 115ms
 ✓ packages/erp-screens/src/worklist/export-rows.test.ts (26 tests) 91ms
 ✓ packages/ops-ui/src/scanner-input.test.tsx (2 tests) 65ms
 ✓ packages/erp-screens/src/product-access.test.tsx (2 tests) 103ms
 ✓ packages/reference-diagnostics/src/client.test.tsx (2 tests) 109ms
 ✓ packages/reference-quality/src/format.test.tsx (4 tests) 100ms
 ✓ packages/erp-screens/src/master-transfer/inflation.test.ts (2 tests) 53ms
 ✓ packages/ai-client/src/sources.test.tsx (10 tests) 75ms
 ✓ packages/erp-shell/src/workspace/use-detached-windows.test.tsx (13 tests) 106ms
 ✓ packages/platform-ports/src/ports.test.tsx (17 tests) 50ms
 ✓ packages/ops-ui/src/option-filter.test.tsx (13 tests) 48ms
 ✓ packages/ai-client/src/redact.test.ts (157 tests) 32ms
 ✓ packages/erp-screens/src/master-transfer/format.test.ts (8 tests) 71ms
 ✓ packages/erp-screens/src/clinical-templates/library-page.test.tsx (8 tests) 68ms
 ✓ packages/erp-shell/src/chrome.test.tsx (23 tests) 86ms
 ✓ packages/erp-config/src/lifecycle/lifecycle.test.ts (19 tests) 58ms
 ✓ packages/auth/src/recovery.test.ts (9 tests) 46ms
 ✓ packages/erp-config/src/localization-formatting.test.ts (13 tests) 33ms
 ✓ packages/reference-host/src/transport.test.ts (11 tests) 16ms
 ✓ packages/erp-config/src/lifecycle/sources.test.ts (17 tests) 25ms
 ✓ packages/reference-teleconsult/src/shared/client.test.ts (16 tests) 21ms
 ✓ packages/platform-ports/src/school-landing.test.tsx (3 tests) 21ms
 ✓ packages/reference-quality/src/client.test.ts (9 tests) 30ms
 ✓ packages/platform-ports/src/school-web-navigation.test.tsx (4 tests) 25ms
 ✓ packages/reference-pharmacy/src/useAction.test.tsx (1 test) 33ms
 ✓ packages/reference-teleconsult/src/styles.test.ts (10 tests) 16ms
 ✓ packages/ops-ui/src/cn.test.ts (9 tests) 17ms
 ✓ packages/erp-screens/src/imports/workbook-options.test.ts (2 tests) 31ms
 ✓ packages/workspace-core/src/document-manager.test.ts (47 tests) 24ms
 ✓ packages/erp-data/src/dcp-runtime.test.ts (4 tests) 25ms
 ✓ packages/erp-shell/src/workspace/mdi-frames.test.ts (20 tests) 13ms
 ✓ packages/reference-healthcare-suite/src/lib/rcm-contract.test.ts (12 tests) 16ms
 ✓ packages/erp-config/src/data-classification.test.ts (22 tests) 24ms
 ✓ packages/workspace-core/src/lifecycle.test.ts (11 tests) 13ms
 ✓ packages/ai-client/src/policy.test.ts (9 tests) 12ms
 ✓ packages/reference-teleconsult/src/routes.test.ts (20 tests) 11ms
 ✓ packages/workspace-core/src/policy.test.ts (15 tests) 10ms
 ✓ packages/erp-config/src/filter-policy.test.ts (15 tests) 17ms
 ✓ packages/ai-client/src/admin.test.ts (11 tests) 13ms
 ✓ packages/workspace-core/src/split.test.ts (26 tests) 17ms
 ✓ packages/reference-pharmacy/src/api.test.ts (12 tests) 20ms
 ✓ packages/erp-screens/src/worklist/search-request.test.ts (10 tests) 16ms
 ✓ packages/erp-data/src/csv-import.test.ts (5 tests) 22ms
 ✓ packages/ai-config/src/gates.test.ts (22 tests) 21ms
 ✓ packages/reference-reports/src/routes.test.ts (5 tests) 17ms
 ✓ packages/reference-teleconsult/src/shared/contract.test.ts (27 tests) 12ms
 ✓ packages/erp-data/src/draft-center.test.ts (2 tests) 11ms
 ✓ packages/erp-screens/src/clinical-templates/overview-data.test.ts (1 test) 11ms
 ✓ packages/erp-config/src/product.test.ts (7 tests) 15ms
 ✓ packages/ai-client/src/guard.test.ts (9 tests) 7ms
 ✓ packages/reference-school/src/bundle-boundary.test.ts (4 tests) 12ms
 ✓ packages/reference-quality/src/routes.test.ts (14 tests) 16ms
 ✓ packages/ai-client/src/assemble.test.ts (19 tests) 22ms
 ✓ packages/workspace-core/src/detach.test.ts (14 tests) 15ms
 ✓ packages/erp-config/src/export-policy.test.ts (13 tests) 10ms
 ✓ packages/erp-screens/src/spreadsheet/model.test.ts (4 tests) 10ms
 ✓ packages/ai-config/src/policy.test.ts (13 tests) 9ms
 ✓ packages/erp-data/src/dcp-host.test.ts (2 tests) 13ms
 ✓ packages/ops-ui/src/error-mapper.test.ts (32 tests) 10ms
 ✓ packages/workspace-core/src/document-key.test.ts (9 tests) 11ms
 ✓ apps/desktop/src/platform/tauri-windows.test.ts (3 tests) 5ms
 ✓ packages/erp-config/src/dcp-repeating.test.ts (4 tests) 10ms
 ✓ packages/erp-shell/src/workspace/target-document.test.ts (10 tests) 8ms
 ✓ packages/reference-pharmacy/src/routes.test.ts (5 tests) 8ms
 ✓ packages/reference-healthcare-suite/src/routes.test.ts (3 tests) 8ms
 ✓ packages/erp-screens/src/imports/csv-options.test.ts (3 tests) 13ms
 ✓ packages/erp-config/src/school-role-views.test.ts (5 tests) 9ms
 ✓ packages/erp-config/src/teleconsult-reference.test.ts (4 tests) 6ms
 ✓ packages/erp-config/src/pharmacy-reference.test.ts (3 tests) 8ms
 ✓ packages/platform-ports/src/identity-devices.test.ts (2 tests) 10ms
 ✓ packages/erp-config/src/dcp-designer-metadata.test.ts (2 tests) 6ms
 ✓ packages/auth/src/sentinel.test.ts (5 tests) 7ms
 ✓ packages/platform-ports/src/devices.test.ts (1 test) 5ms
 ✓ packages/erp-config/src/quality-reference.test.ts (3 tests) 7ms
 ✓ packages/erp-config/src/reference-modules.test.ts (5 tests) 6ms
 ✓ packages/erp-config/src/draft-policy.test.ts (2 tests) 5ms
 ✓ packages/reference-pharmacy/src/theme.test.ts (4 tests) 6ms
 ✓ packages/erp-config/src/form-rules.test.ts (3 tests) 25ms
 ✓ packages/erp-config/src/preference-defaults.test.ts (3 tests) 4ms
 ✓ packages/erp-screens/src/clinical-templates/record-age.test.ts (1 test) 4ms

 Test Files  198 passed (198)
      Tests  2265 passed (2265)
   Start at  13:16:00
   Duration  121.21s (transform 26.18s, setup 103.54s, collect 71.85s, tests 133.62s, environment 100.61s, prepare 17.50s)

