PASS header selects Pharmacy-1 with original Phial workspace
PASS original sidebar Command center
PASS original sidebar Rx workbench
PASS original sidebar Counter sale
PASS original sidebar Customer orders
PASS original sidebar Sales and returns
PASS original sidebar Inventory
PASS original sidebar Purchasing
PASS original sidebar Prior authorizations
PASS original sidebar Claims
PASS original sidebar Remittance & payments
PASS original sidebar Patients
PASS original sidebar Audit trail
PASS original sidebar Settings
PASS authenticated actor replaces source user switcher
PASS actual prescription query survives host route
PASS original search palette opens and queries actual API
PASS original patient form uses shared modal
PASS real patient command persists and replay does not duplicate
PASS real audit attributes command to host actor
PASS technician menu and direct clinical authority restricted
PASS read-only role and source identity bypass denied
PASS no browser console, page or API errors
