PASS LIS1 header selection
PASS LIS1 expanded sidebar leaves header clickable and closes outside
PASS LIS1 effective hover preference expands and collapses
PASS LIS1 keyboard Escape closes sidebar
PASS LIS1 collapsed sidebar toggles
PASS LIS1 authenticated host actor
PASS LIS1 /
PASS LIS1 /accession
PASS LIS1 /automation
PASS LIS1 /automation/routing
PASS LIS1 /billing
PASS LIS1 /collection
PASS LIS1 /criticals
PASS LIS1 /integration
PASS LIS1 /integration/docs
PASS LIS1 /masters
PASS LIS1 /orders
PASS LIS1 /orders/new
PASS LIS1 /outsource
PASS LIS1 /patients
PASS LIS1 /reports
PASS LIS1 /results
PASS LIS1 /samples
PASS LIS1 /users
PASS LIS1 /validation
PASS LIS1 actual API write and branch isolation
PASS LIS1 browser renders created API record
PASS LIS2 header selection
PASS LIS2 expanded sidebar leaves header clickable and closes outside
PASS LIS2 effective hover preference expands and collapses
PASS LIS2 keyboard Escape closes sidebar
PASS LIS2 collapsed sidebar toggles
PASS LIS2 authenticated host actor
PASS LIS2 /
PASS LIS2 /accession
PASS LIS2 /billing
PASS LIS2 /collection
PASS LIS2 /critical
PASS LIS2 /integration/console
PASS LIS2 /integration/instrument-orders
PASS LIS2 /integration/messages
PASS LIS2 /integration/outbox
PASS LIS2 /inventory
PASS LIS2 /masters
PASS LIS2 /orders
PASS LIS2 /orders/new
PASS LIS2 /outsource
PASS LIS2 /patients
PASS LIS2 /report-designer
PASS LIS2 /reports
PASS LIS2 /samples
PASS LIS2 /settings
PASS LIS2 /signing
PASS LIS2 /tat
PASS LIS2 /worklist
PASS LIS2 actual API write and branch isolation
PASS LIS2 browser renders created API record
PASS RIS1 header selection
PASS RIS1 expanded sidebar leaves header clickable and closes outside
PASS RIS1 effective hover preference expands and collapses
PASS RIS1 keyboard Escape closes sidebar
PASS RIS1 collapsed sidebar toggles
PASS RIS1 authenticated host actor
PASS RIS1 /
PASS RIS1 /analytics
PASS RIS1 /audit
PASS RIS1 /billing
PASS RIS1 /critical
PASS RIS1 /integration
PASS RIS1 /masters
PASS RIS1 /orders
PASS RIS1 /pacs
PASS RIS1 /patients
PASS RIS1 /reading
PASS RIS1 /reception
PASS RIS1 /schedule
PASS RIS1 /technologist
PASS RIS1 actual API write and branch isolation
PASS RIS1 browser renders created API record
PASS no browser page or console errors
