PASS header selects isolated AllyVora Quality
PASS sidebar Dashboard
PASS sidebar Indicators
PASS sidebar Turnaround times
PASS sidebar Event Pulse
PASS sidebar Verification
PASS sidebar Validation
PASS sidebar Reports
PASS sidebar Schedules
PASS sidebar Submissions
PASS sidebar Authorities
PASS sidebar Users and roles
PASS sidebar Audit trail
PASS source audit actor uses signed-in host identity
PASS actual indicator detail route
PASS actual report and checksum route
PASS authorized designer does not duplicate sidebar items
PASS original authority form posts through shared modal and authenticated API
PASS authenticated API mutation persists through refresh
PASS append-only audit chain verifies
PASS Viewer and source-login bypass denied server-side
PASS Viewer sidebar omits restricted source items
PASS Viewer direct designer URL remains denied
PASS no browser API, page or console errors
