
> nexora-monorepo@1.0.0 test:api
> node --test ../dummy-api/*.test.mjs && npm run test:clinical-api

✔ authenticated configuration HTTP contract and conditional requests (2205.281378ms)
✔ navigation filters restricted pages, returns stable identity and handles authorization (699.408034ms)
✔ backend file edits change menu ordering and page translations, and overrides are isolated (723.853239ms)
✔ rejects duplicates, invalid parents, cycles, unknown pages and malformed catalogs (409.640472ms)
✔ ordered stages, config snapshot, comments, requester notifications and persistence (10.397945ms)
✔ self approval, tenant/product isolation, stale versions and changed saved records are blocked (4.405783ms)
✔ bulk partial results, request changes, rejection, resubmission and idempotent recovery (4.16974ms)
✔ all four definitions and every form section are supplied by API (3.190332ms)
✔ create/save/replay survive CSV reload and reject stale writes and cross-scope reads (52.422347ms)
✔ temporary identity permitted for ED only; final verification is explicit (47.113438ms)
✔ bed reservation enforces requirements and concurrency across users (90.247569ms)
✔ order retains all instructions and cancellation preserves original record (39.000529ms)
✔ admission records occupancy; completion does not release the bed (125.2917ms)
✔ signed notes reject edits; addenda cannot rewrite the original values (66.687908ms)
✔ designer persists drafts, deduplicates retries, isolates scope and rejects stale saves (21.955547ms)
✔ designer rejects duplicate IDs, unsupported components and ambiguous options (2.312086ms)
✔ dependent API options persist leading-zero mappings and reject forged relationships and cross-scope access (36.408911ms)
✔ dependency validation rejects cycles, dangling parents, invalid option mappings and excessive depth (2.537448ms)
✔ catalog is shared by tenant/application, append-only and pinned by independent forms (85.709257ms)
✔ catalog validation rejects foreign/mismatched revisions, forged options and incomplete mappings (1.081548ms)
✔ review publication pins schemas, shares entity answers, validates server rules and rejects stale or foreign commands (197.626629ms)
✔ typed rules distinguish normalization and validation and reject cycles and forged metadata (0.793226ms)
✔ multi-parent choices intersect parent selections and reject indirect cycles (1.345609ms)
✔ v1 synthetic API retains null/false/row IDs, validates without writing and isolates CAS records (44.773031ms)
✔ repeating authoring sections persist normalized rows and return occurrence validation before submission (110.921507ms)
✔ queue is persisted with exact idempotency and changed payload conflicts (23.70735ms)
✔ scope isolates tenant, product, user and workstation jobs (8.139ms)
✔ lookup preserves contexts and returns only exact backend records (1.508281ms)
✔ tenant policies require admin, version checks and enforce user locks (4.678673ms)
✔ browser dispatch means requested, demo means simulated, native stays queued (72.762733ms)
✔ dispatch applies policy changed after enqueue and cancelled jobs stay cancelled (47.819174ms)
✔ automatic event simulation is admin-only, opt-in and deduplicated by event ID (36.830374ms)
✔ routing validates device capability and rejects stale policy versions (9.203146ms)
✔ documentation HTTP authorizes every view and persists scoped read state (2386.308069ms)
✔ versioned guides, role-filtered search, explicit language fallback and invalid requests (41.044025ms)
✔ reading state is idempotent, persistent and isolated; only explicit acknowledgment acknowledges (84.059545ms)
✔ manifest rejects broken notices, duplicate versions and invalid tour anchors (2.417036ms)
✔ tenant rollout refuses future snapshots and product manifests stay separate (56.077204ms)
✔ center exposes metadata only and isolates tenant, owner and application (27.270196ms)
✔ unavailable entries conceal page/record identity and cannot be opened but remain discardable (6.96184ms)
✔ changed source versions, approval contexts and missing files have distinct statuses (9.409978ms)
✔ stale discard cannot erase a newer revision, expiry removes drafts and pagination is bounded (29.473471ms)
✔ a stolen opaque reference cannot open or delete another owner draft (2.296296ms)
✔ search matches localized page titles without searching unavailable identities (1.42514ms)
✔ mandatory exclusions are recursive and replay responses contain no secrets (75.577642ms)
✔ policy is tenant/application scoped and ordinary users cannot override it (75.276991ms)
✔ tightened exclusions erase existing drafts and replay copies; old windows cannot resurrect them (70.854468ms)
✔ retention purges on read and keeps tombstones; acknowledged business records survive (47.32025ms)
✔ disabled storage deletes all users drafts and never blocks ordinary record saves (55.146446ms)
✔ shared import and approval drafts survive restart and isolate owner, tenant, product and record (35.617076ms)
✔ shared draft HTTP authorization, payload restrictions and mandatory tenant policy (2199.917689ms)
✔ document read persists synthetic fields but never authenticates or changes patient (42.460145ms)
✔ request scope isolates tenant, application, patient binding, owner and station (19.881962ms)
✔ retries are idempotent, changed requests conflict and a fresh completion cannot replay (28.697817ms)
✔ expired challenges are rejected including result replay (18.017289ms)
✔ biometrics default off, admin policy and current lock apply to pending capture (34.175096ms)
✔ no capture without consent; native transport unavailable and raw biometric data rejected (9.504579ms)
✔ manual review works when biometrics are disabled and never sets authenticated (4.951616ms)
✔ cancel stops capture, only one active request allowed, expired document is distinct (27.244916ms)
✔ preview never writes, marks all CSV duplicates and detects existing records and invalid formats (13.91199ms)
✔ partial failures retry only failed rows and survive lost job receipts (10.920829ms)
✔ batch progress, race duplicates, role checks and user isolation (7.582135ms)
✔ backend generates real SVG symbols and persists exact retry identity (29.457641ms)
✔ rejects over-copies, incompatible stock, missing IDs and cross-category records (0.766205ms)
✔ tenant, application and user isolation with server-only admin authority (15.307399ms)
✔ print attempts are not completion; reprint reason and policy are enforced (39.389603ms)
✔ payment QR never marks paid on creation or print and expires server-side (100.822394ms)
✔ all advertised symbologies render; administrator simulation is explicit (208.196325ms)
✔ stock fit failure identifies the printer field (1.40018ms)
✔ every registered backend message has four complete translations (60.216893ms)
✔ the wire envelope preserves old clients, statuses and literal user data (1.344939ms)
✔ unknown errors and old persisted activity retain readable details (0.309822ms)
✔ monitoring HTTP permits collection but restricts management and rejects tenant spoofing (2064.205615ms)
✔ monitoring strips sensitive payloads, deduplicates deliveries, reopens incidents and isolates tenants/products (89.819826ms)
✔ monitoring validates page references and rate limits each authenticated user (90.965053ms)
✔ preference HTTP rejects non-admin policy writes, locked imports and stale clients (2134.155667ms)
✔ API module preference changes startup navigation only for its account and application (1628.467416ms)
✔ locks persist, reject overrides, and unlocking restores personal choices (63.385264ms)
✔ policy and overrides isolate tenant, product and user; permission is explicit (18.746984ms)
✔ stale policies, concurrent saves and invalid fields cannot replace current state (13.022992ms)
✔ admin defaults apply to new users; unlocked personal choices and reset take precedence (31.053213ms)
✔ default module persists per account and respects access revocation and tenant locks (64.13825ms)
✔ attachments round trip and list responses omit bytes; removal and retries are atomic (11.777494ms)
✔ comments, related records and activity are scoped; invalid or denied writes leave no event (126.49577ms)
✔ saved records and recovery drafts survive reopening the store (4.793575ms)
✔ record versions are shared in a tenant; drafts belong to the account (1.189698ms)
✔ stale saves and drafts cannot overwrite another window (0.827877ms)
✔ retrying an acknowledged operation is idempotent (1.188119ms)
✔ discard keeps a revision tombstone so late draft writes cannot resurrect it (3.828608ms)
✔ invalid payloads do not mutate the record (0.592994ms)
✔ a failed disk write does not publish a saved record (1.094418ms)
✔ create allocates an independent record and clears only the source draft (1.427591ms)
✔ authenticated HTTP record lifecycle, isolation and conflicts (2133.27485ms)
✔ [erp1] list envelope shape, facets, totals, pagination, q, sort (27.750439ms)
✔ [erp1] single row raw GET/PUT/DELETE round trip, 404 on bad id (1.44461ms)
✔ [erp1] tree entity: hierarchy present, rejects nonexistent parent and cycles (3.413316ms)
✔ [erp1] matrix entity: period selects a distinct dataset (2.83086ms)
✔ [erp1] lines/document entity: server recomputes totals, rejects negative qty (14.230742ms)
✔ [erp1] voucher entity: unbalanced debit/credit lines rejected (4.07724ms)
✔ [erp1] ref field rejects a nonexistent referenced row (2.881131ms)
✔ [erp1] branch/tenant isolation (0.982088ms)
✔ [erp1] wrong-branch and missing-identity denial (1.45153ms)
✔ [erp1] RBAC: admin/operations write broadly; finance limited to its allowlist; unknown role denied entirely (1.40676ms)
✔ [erp1] malformed input never throws (0.808325ms)
✔ [erp1] GET /dashboard returns a well-formed object (23.671421ms)
✔ [erp1] idempotent operationId replay vs conflicting payload (0.464863ms)
✔ [erp1] optimistic concurrency via expectedVersion (0.219322ms)
✔ [erp1] GET /lookups hydrates pool/options fields, resources, balances and approvers; rejects entity/page mismatch and unknown page (1.480062ms)
✔ [erp1] view-state GET/PUT round trip, scoped per user, rejects unknown keys and oversized values (0.650564ms)
✔ [erp1] view-state rejects malformed cols/views/mode shapes and never mutates the prior stored value (0.618934ms)
✔ [erp1] entity support returns activities and documents, requires an existing row (1.124258ms)
✔ [erp1] processes run persists a row and returns deterministic events; rejects unknown process, bad params and denied roles (2.688339ms)
✔ [erp1] a run's events are persisted and replay identically through support on repeated GETs, scoped per branch; non-process support never carries processEvents (7.013121ms)
✔ [erp1] preseeded historical process rows carry a deterministic fixture history matching their own status (3.462955ms)
✔ [erp1] GET /company-profile returns the scope's identity, never invented fields (0.372113ms)
✔ [erp2] list envelope shape, facets, totals, pagination, q, sort (4.681533ms)
✔ [erp2] single row raw GET/PUT/DELETE round trip, 404 on bad id (0.238122ms)
✔ [erp2] tree entity: hierarchy present, rejects nonexistent parent and cycles (0.190372ms)
✔ [erp2] matrix entity: period selects a distinct dataset (2.301277ms)
✔ [erp2] lines/document entity: server recomputes totals, rejects negative qty (1.726443ms)
✔ [erp2] voucher entity: unbalanced debit/credit lines rejected (0.855856ms)
✔ [erp2] ref field rejects a nonexistent referenced row (8.152688ms)
✔ [erp2] branch/tenant isolation (0.322162ms)
✔ [erp2] wrong-branch and missing-identity denial (3.061012ms)
✔ [erp2] RBAC: admin/operations write broadly; finance limited to its allowlist; unknown role denied entirely (0.467653ms)
✔ [erp2] malformed input never throws (0.083431ms)
✔ [erp2] GET /dashboard returns a well-formed object (8.24128ms)
✔ [erp2] idempotent operationId replay vs conflicting payload (0.402993ms)
✔ [erp2] optimistic concurrency via expectedVersion (0.182862ms)
✔ [erp2] GET /lookups hydrates pool/options fields, resources, balances and approvers; rejects entity/page mismatch and unknown page (0.810136ms)
✔ [erp2] view-state GET/PUT round trip, scoped per user, rejects unknown keys and oversized values (0.256731ms)
✔ [erp2] view-state rejects malformed cols/views/mode shapes and never mutates the prior stored value (0.262922ms)
✔ [erp2] entity support returns activities and documents, requires an existing row (4.559873ms)
✔ [erp2] processes run persists a row and returns deterministic events; rejects unknown process, bad params and denied roles (1.40669ms)
✔ [erp2] a run's events are persisted and replay identically through support on repeated GETs, scoped per branch; non-process support never carries processEvents (3.014013ms)
✔ [erp2] preseeded historical process rows carry a deterministic fixture history matching their own status (2.089284ms)
✔ [erp2] GET /company-profile returns the scope's identity, never invented fields (0.271672ms)
✔ erp1 and erp2 both construct and expose the same 57-page catalogue (0.171631ms)
✔ createReferenceErpStore requires a valid variant (0.865765ms)
✔ four reference module HTTP boundaries preserve authentication, role and branch scope (2208.488121ms)
✔ rejects missing identity or scope before touching data (20.337976ms)
✔ every inventoried endpoint is routed (never 404/405 for its method) (14.370023ms)
✔ host roles map to report roles; accepts module-prefixed paths (7.812977ms)
✔ partitions isolate tenant, application and branch; personal favorites stay per user (5.382238ms)
✔ report run: paging, totals, ASYNC_REQUIRED guard and masking with canUnmask (429.477244ms)
✔ exports return files, respect format actions and audit (113.046031ms)
✔ saved views: personal default, role views need admin.access, delete rules (2.60893ms)
✔ background job transitions, stored result pages, download and cancel (63.748407ms)
✔ emailed jobs record outbox only; sensitive results go as a signed link that needs the right user (9.77529ms)
✔ per-user active job limit returns TOO_MANY_JOBS (4.472983ms)
✔ schedules CRUD, run now, due processing and skip when access is lost (19.040365ms)
✔ email-in simulation creates a job; unknown senders and failed auth are rejected (16.374158ms)
✔ API key secret is shown once and authorises BI pulls in the same partition only (17.323754ms)
✔ authenticateApiKey trusts only the stored key: no client scope, current role, revoked/deactivated rejected (8.23613ms)
✔ unknown host role is denied at provision unless a roleMap hook authorizes it (3.995978ms)
✔ an explicit empty or invalid roleMap does not grant the default analyst role (3.351144ms)
✔ builder preview, create/update/delete custom report with sharing grants (13.623778ms)
✔ dashboards: create, widget access validation, sharing rules, delete (2.407097ms)
✔ admin users, roles and settings validation (5.132898ms)
✔ session resolves a fixed fictional identity per role and rejects a role the user does not hold (76.890422ms)
✔ generic resource list envelope {data,total}, filter, q, pagination (30.152717ms)
✔ CRUD round trip: students, invoices (payAmount), issues (return), delete (31.010592ms)
✔ library last-copy conflict on issues create (24.120934ms)
✔ meta is unwrapped; attendance/marks/report-card/stats use their documented envelopes (87.792099ms)
✔ branch and tenant isolation (59.343657ms)
✔ wrong-branch and missing-identity denial (0.905476ms)
✔ role scoping: student sees only own record/fee/attendance; parent sees only own children (27.82458ms)
✔ teacher academic writes are limited to their own assigned classes/records (30.844241ms)
✔ accountant is restricted to fees; librarian to books/issues (31.450006ms)
✔ quiz attempts: student-only, scored server-side, one attempt, denies a second submission (27.808571ms)
✔ settings: get/patch profile, change password, delete a session (16.706491ms)
✔ malformed input never throws and returns structured 4xx (20.490728ms)
✔ school profile, fee structure and contacts are readable reference data (27.91546ms)
✔ leave requests, reservations and fee reminders are scoped and validated (15.35051ms)
✔ quiz answer privacy, server-side grading and idempotent replay (23.404539ms)
✔ live room: host-only privileges, class isolation, single vote per identity (23.51369ms)
✔ newly canonical demo role aliases resolve to their school role; a query-role escalation is denied, a plain session is not (42.130363ms)
✔ dashboard stats trends: admin and accountant carry the documented fixed demo values; other roles never fabricate one (78.539065ms)
✔ invoice payment receipts: sequential per-scope numbers, honest receiptSent, atomic bounds preserved on negative/over-payment (18.676104ms)
✔ attachments: create validates base64, permitted type, the 1MB bound, filename traversal, and purpose/role scoping (83.37975ms)
✔ attachments: assignment-linked downloads follow class membership; an invalid id in the batch rejects atomically (20.561838ms)
✔ attachments: submission-linked downloads follow student-own / teacher-assigned / parent-child; impersonation and purpose mismatch are denied (34.890061ms)
✔ attachments: message-linked downloads follow thread ownership; body.owner never overrides it; ids never cross scope (45.88474ms)
✔ attachments: real frontend roundtrip — assignments.tsx/messages.tsx link the canonical SchoolAttachment object POST /attachments returned; a legacy bare id still resolves; injected/tampered metadata on that object is never trusted (18.600904ms)
✔ quiz shuffle: deterministic per-identity question/option delivery order, accurate server grading against that order, and revealAnswers:false withholds the answer key even after grading (22.740264ms)
✔ server-initialized POST metrics: books/classes/quizzes/assignments compute aggregates server-side; client-supplied aggregates are ignored; invalid counts and unknown class/teacher references reject atomically (19.778502ms)
✔ library return: authoritative $0.50/day-late fine computed from the real due/return dates, on-time return is free, and a repeated return is idempotent (no double fine, no double stock increment) (30.142246ms)
✔ submissions: a student can never set their own grade/feedback, and a teacher grading can never overwrite the student-authored submission text (27.097115ms)
✔ thread messages: a caller can never fabricate a new message "from" the other party, and can never rewrite an already-stored message (13.94386ms)
✔ thread messages: a patch may never silently drop a previously persisted message id (or its attachment links); the real full-array append is unaffected and the rejection is atomic (14.082342ms)
✔ quiz authority: student list/detail/questions/grade are scoped to their own class; a new attempt requires a Published quiz; a completed attempt is still readable/retryable after the quiz closes; an unassigned teacher never gets the answer key or preview access; the owning/assigned teacher and admin still can (19.46003ms)
✔ live sessions: offsetMin is anchored to the real current instant (source src/lib/mock/db.ts materializeLive, lines 72-82), not fixture midnight — /live list and /stats agree, and an explicit authored start is always respected (39.262942ms)
✔ live "end": an accepted host/admin end persists the session as Ended for later /live list/detail and /stats calls, is idempotent on retry, and a non-host end is denied without any mutation (33.718142ms)
✔ stats: admin may read the accountant finance projection (source ReportsPage fetches both directly) without ever mutating their own session identity; a teacher still cannot request it; an unrecognized role is still rejected; branch scoping and student/parent ownership are unaffected (60.863788ms)
✔ calendar month recurrence preserves the anchor day across February (1.151618ms)
✔ schedules persist, retry failed work, isolate owners and do not duplicate a due delivery (77.019713ms)
✔ additional School views require an explicit authenticated server grant (693.478842ms)
✔ School grants preserve configured node restrictions and do not expose roleless pages to other users (508.359462ms)
▶ six School header views enforce server roles, navigation, tenant branches and actor identity
  ✔ School Administrator (100.026258ms)
  ✔ School Teacher (47.968945ms)
  ✔ School Student (35.239684ms)
  ✔ School Parent (40.909484ms)
  ✔ School Librarian (48.378017ms)
  ✔ School Accountant (32.547644ms)
  ✔ selected roles retain School resource reads and mutations (473.912043ms)
✔ six School header views enforce server roles, navigation, tenant branches and actor identity (2453.662112ms)
✔ HTTP enforcement: origins, tenant audit authorization, schedules and AI refusals (6573.47201ms)
✔ audit survives restart, isolates tenants, strips data and expires by retention (83.962943ms)
✔ providers must match exact HTTPS bases; expired credentials fail closed (0.470133ms)
✔ one user cannot exhaust another user allowance; tenant remains part of the key (2.363187ms)
✔ modified AI clients cannot send free text, clinical data, labels or undeclared keys (0.855015ms)
✔ encrypted credentials migrate, survive restart and reject the wrong master key (33.36297ms)
✔ personal views persist, isolate owners, and reject stale changes (6.97552ms)
✔ view layouts reject malformed values (0.269363ms)
✔ archive reports partial failures, is idempotent and persists in tenant/product/page scope (2.83385ms)
ℹ tests 215
ℹ suites 0
ℹ pass 215
ℹ fail 0
ℹ cancelled 0
ℹ skipped 0
ℹ todo 0
ℹ duration_ms 9977.64757

> nexora-monorepo@1.0.0 test:clinical-api
> tsc -p ../dummy-api/tsconfig.clinical.json && node --test ../dummy-api/clinical-template-store.test.ts ../dummy-api/clinical-template-csv.test.ts ../dummy-api/clinic-billing-store.test.ts ../dummy-api/clinical-triage-store.test.ts ../dummy-api/clinical-consultation-store.test.ts ../dummy-api/comprehensive-consultation-store.test.ts ../dummy-api/op-registration-store.test.ts

✔ prescription → order → invoice → partial payments → refund survives restart and duplicate retries (82.888025ms)
✔ permissions, conflicts, duplicate billing, input validation and tenant isolation (54.32224ms)
✔ void returns unpaid orders for rebilling and blocks paid invoice cancellation (34.807651ms)
✔ unpaid bill corrections preserve revisions and survive retries; paid, stale and unauthorized edits fail (55.276068ms)
✔ consultation drafts persist, retry once, validate explicit entries, finalize immutably and isolate scope (45.95609ms)
✔ expanded notes persist and legacy updates preserve new fields (28.478655ms)
✔ CSV create round-trips commas quotes Unicode newlines and booleans; query and 360 read the saved record after restart (89.102939ms)
✔ CSV changes are read on the next API operation; legacy JSON migration preserves records and leaves source intact (74.657976ms)
✔ corrupt CSV fails closed instead of replacing saved records with seed data (8.769183ms)
✔ CSV parser enforces quoting, row width and duplicate entity identities (0.283773ms)
✔ new related entries and their retry receipts survive restart and appear in 360 from CSV (40.059298ms)
✔ patient search applies combined filters, sorting and pagination (58.45097ms)
✔ complete registration is atomic, persisted and retried idempotently (65.885883ms)
✔ validation, duplicate identity and stale versions cannot alter records (33.125589ms)
✔ patient mutations are tenant/application scoped and permissions are enforced (63.118723ms)
✔ saved searches are user scoped; appointment writes are patient scoped and retry safe (71.846245ms)
✔ eligibility reads the saved policy and rejects unknown policy identities (16.65214ms)
✔ patient record keeps identifiers server managed and projects contact edits into search values (25.863425ms)
✔ registry search uses whole words, phrases, exclusions and child-record values (71.017321ms)
✔ draft persists and retries keep one identity; complete locks history and new assessments are blank (41.287086ms)
✔ completion requires explicit safety/priority and measurements or a reason; malformed input is rejected (25.386322ms)
✔ server roles, tenant scope, optimistic versions and corrupt CSV are enforced (15.742423ms)
✔ comprehensive CSV persists linked records, retries once, rejects stale and signed edits, isolates tenants (40.933734ms)
✔ reject malformed nested data, duplicate diagnoses, dangling orders and unsigned medication review (2.312946ms)
✔ score totals distinguish zero, incomplete, NT and invalid; E/M uses median and separate bounded time (5.65194ms)
✔ required validation, persistent check-in and idempotent retries (19.4364ms)
✔ write permission, optimistic conflict, server-owned eligibility and duplicate encounters (30.878562ms)
✔ clinical lifecycle: signed note immutable, service charges, payments, completion and addenda (80.259367ms)
✔ pending results require ownership, draft policy excludes sensitive fields and expires drafts (20.773508ms)
✔ appointment slot conflict and patient association validation (31.750257ms)
✔ pending results require an owner, date and plan; clinical closure is independent of payment (17.172223ms)
✔ discount cannot create overpayment and reversals preserve the original payment (36.893105ms)
✔ disabled drafts do not prevent check-in or ephemeral eligibility checks (14.731836ms)
ℹ tests 33
ℹ suites 0
ℹ pass 33
ℹ fail 0
ℹ cancelled 0
ℹ skipped 0
ℹ todo 0
ℹ duration_ms 642.275473
