✔ authenticated configuration HTTP contract and conditional requests (2294.38421ms)
✔ navigation filters restricted pages, returns stable identity and handles authorization (732.41973ms)
✔ backend file edits change menu ordering and page translations, and overrides are isolated (582.962437ms)
✔ rejects duplicates, invalid parents, cycles, unknown pages and malformed catalogs (544.748783ms)
✔ four reference module HTTP boundaries preserve authentication, role and branch scope (2256.733048ms)
✔ session resolves a fixed fictional identity per role and rejects a role the user does not hold (67.316244ms)
✔ generic resource list envelope {data,total}, filter, q, pagination (38.250484ms)
✔ CRUD round trip: students, invoices (payAmount), issues (return), delete (22.883364ms)
✔ library last-copy conflict on issues create (20.854299ms)
✔ meta is unwrapped; attendance/marks/report-card/stats use their documented envelopes (97.931304ms)
✔ branch and tenant isolation (87.721491ms)
✔ wrong-branch and missing-identity denial (0.336573ms)
✔ role scoping: student sees only own record/fee/attendance; parent sees only own children (41.293927ms)
✔ teacher academic writes are limited to their own assigned classes/records (32.04903ms)
✔ accountant is restricted to fees; librarian to books/issues (69.019176ms)
✔ quiz attempts: student-only, scored server-side, one attempt, denies a second submission (35.791318ms)
✔ settings: get/patch profile, change password, delete a session (45.210804ms)
✔ malformed input never throws and returns structured 4xx (24.916169ms)
✔ school profile, fee structure and contacts are readable reference data (31.261474ms)
✔ leave requests, reservations and fee reminders are scoped and validated (21.296432ms)
✔ quiz answer privacy, server-side grading and idempotent replay (23.815231ms)
✔ live room: host-only privileges, class isolation, single vote per identity (43.783914ms)
✔ newly canonical demo role aliases resolve to their school role; a query-role escalation is denied, a plain session is not (26.469629ms)
✔ dashboard stats trends: admin and accountant carry the documented fixed demo values; other roles never fabricate one (52.912669ms)
✔ invoice payment receipts: sequential per-scope numbers, honest receiptSent, atomic bounds preserved on negative/over-payment (39.00059ms)
✔ attachments: create validates base64, permitted type, the 1MB bound, filename traversal, and purpose/role scoping (108.850541ms)
✔ attachments: assignment-linked downloads follow class membership; an invalid id in the batch rejects atomically (29.777274ms)
✔ attachments: submission-linked downloads follow student-own / teacher-assigned / parent-child; impersonation and purpose mismatch are denied (38.298005ms)
✔ attachments: message-linked downloads follow thread ownership; body.owner never overrides it; ids never cross scope (41.605999ms)
✔ attachments: real frontend roundtrip — assignments.tsx/messages.tsx link the canonical SchoolAttachment object POST /attachments returned; a legacy bare id still resolves; injected/tampered metadata on that object is never trusted (22.009668ms)
✔ quiz shuffle: deterministic per-identity question/option delivery order, accurate server grading against that order, and revealAnswers:false withholds the answer key even after grading (21.809837ms)
✔ server-initialized POST metrics: books/classes/quizzes/assignments compute aggregates server-side; client-supplied aggregates are ignored; invalid counts and unknown class/teacher references reject atomically (19.238608ms)
✔ library return: authoritative $0.50/day-late fine computed from the real due/return dates, on-time return is free, and a repeated return is idempotent (no double fine, no double stock increment) (19.50027ms)
✔ submissions: a student can never set their own grade/feedback, and a teacher grading can never overwrite the student-authored submission text (17.694427ms)
✔ thread messages: a caller can never fabricate a new message "from" the other party, and can never rewrite an already-stored message (15.191519ms)
✔ thread messages: a patch may never silently drop a previously persisted message id (or its attachment links); the real full-array append is unaffected and the rejection is atomic (19.900392ms)
✔ quiz authority: student list/detail/questions/grade are scoped to their own class; a new attempt requires a Published quiz; a completed attempt is still readable/retryable after the quiz closes; an unassigned teacher never gets the answer key or preview access; the owning/assigned teacher and admin still can (14.509854ms)
✔ live sessions: offsetMin is anchored to the real current instant (source src/lib/mock/db.ts materializeLive, lines 72-82), not fixture midnight — /live list and /stats agree, and an explicit authored start is always respected (31.598718ms)
✔ live "end": an accepted host/admin end persists the session as Ended for later /live list/detail and /stats calls, is idempotent on retry, and a non-host end is denied without any mutation (36.622293ms)
✔ stats: admin may read the accountant finance projection (source ReportsPage fetches both directly) without ever mutating their own session identity; a teacher still cannot request it; an unrecognized role is still rejected; branch scoping and student/parent ownership are unaffected (51.619851ms)
✔ additional School views require an explicit authenticated server grant (652.784199ms)
✔ School grants preserve configured node restrictions and do not expose roleless pages to other users (562.887663ms)
▶ six School header views enforce server roles, navigation, tenant branches and actor identity
  ✔ School Administrator (129.459119ms)
  ✔ School Teacher (41.603719ms)
  ✔ School Student (56.642176ms)
  ✔ School Parent (66.94715ms)
  ✔ School Librarian (72.564672ms)
  ✔ School Accountant (51.777171ms)
  ✔ selected roles retain School resource reads and mutations (785.909445ms)
✔ six School header views enforce server roles, navigation, tenant branches and actor identity (3429.19428ms)
ℹ tests 50
ℹ suites 0
ℹ pass 50
ℹ fail 0
ℹ cancelled 0
ℹ skipped 0
ℹ todo 0
ℹ duration_ms 5004.620825
