
> nexora-monorepo@1.0.0 test:deployment
> node --test scripts/deployment/*.test.mjs

✔ health requires the selected release, not merely any process answering 200 (109.203215ms)
✔ healthy HTML with a missing script is not a healthy deployment (36.223909ms)
✔ an SPA fallback returning HTML for a script cannot pass health (28.229723ms)
✔ deployment requires explicit API URLs and rejects accidental loopback builds (4.227921ms)
✔ build verification refuses missing stamps, mismatches, and incomplete artifacts (25.190491ms)
✔ source snapshots exclude secrets, build output, dependency trees, and references (52.97097ms)
✔ packaging survives deletion of its build tree and includes static/public assets (62.013115ms)
✔ activation selects a release only after stop and checks it after start (39.144051ms)
✔ failed start restores and checks the previous release (19.062077ms)
✔ failed health restores and checks the previous release (19.343798ms)
✔ failed first deployment removes its pointer and does not pretend to roll back (5.927262ms)
✔ desktop server serves SPA routes and assets without leaking files or hiding missing chunks (80.59979ms)
✔ an interruption after start rolls back before reporting success (19.52893ms)
✔ a partial stop failure attempts to restart the previous release (18.477153ms)
ℹ tests 14
ℹ suites 0
ℹ pass 14
ℹ fail 0
ℹ cancelled 0
ℹ skipped 0
ℹ todo 0
ℹ duration_ms 489.692947
