
> desktop@1.0.0 build
> rm -rf dist && tsc --noEmit && vite build && node ../../scripts/stamp-api.mjs VITE_API_URL dist

vite v7.3.6 building client environment for production...
transforming...
✓ 2123 modules transformed.
rendering chunks...
[plugin vite:reporter]
(!) /home/pepadmin/pb/saas/worktrees/school-role-header-20260928/desktop-clients/node_modules/@tauri-apps/api/core.js is dynamically imported by /home/pepadmin/pb/saas/worktrees/school-role-header-20260928/desktop-clients/packages/erp-shell/src/sentinel.tsx, /home/pepadmin/pb/saas/worktrees/school-role-header-20260928/desktop-clients/packages/erp-shell/src/sentinel.tsx but also statically imported by /home/pepadmin/pb/saas/worktrees/school-role-header-20260928/desktop-clients/node_modules/@tauri-apps/api/dpi.js, /home/pepadmin/pb/saas/worktrees/school-role-header-20260928/desktop-clients/node_modules/@tauri-apps/api/event.js, /home/pepadmin/pb/saas/worktrees/school-role-header-20260928/desktop-clients/node_modules/@tauri-apps/api/image.js, /home/pepadmin/pb/saas/worktrees/school-role-header-20260928/desktop-clients/node_modules/@tauri-apps/api/webview.js, /home/pepadmin/pb/saas/worktrees/school-role-header-20260928/desktop-clients/node_modules/@tauri-apps/api/webviewWindow.js, /home/pepadmin/pb/saas/worktrees/school-role-header-20260928/desktop-clients/node_modules/@tauri-apps/api/window.js, dynamic import will not move module into another chunk.

[plugin vite:reporter]
(!) /home/pepadmin/pb/saas/worktrees/school-role-header-20260928/desktop-clients/node_modules/@tauri-apps/api/event.js is dynamically imported by /home/pepadmin/pb/saas/worktrees/school-role-header-20260928/desktop-clients/packages/erp-shell/src/sentinel.tsx but also statically imported by /home/pepadmin/pb/saas/worktrees/school-role-header-20260928/desktop-clients/node_modules/@tauri-apps/api/webview.js, /home/pepadmin/pb/saas/worktrees/school-role-header-20260928/desktop-clients/node_modules/@tauri-apps/api/webviewWindow.js, /home/pepadmin/pb/saas/worktrees/school-role-header-20260928/desktop-clients/node_modules/@tauri-apps/api/window.js, dynamic import will not move module into another chunk.

computing gzip size...
dist/index.html                                       1.05 kB │ gzip:   0.52 kB
dist/assets/workbook-options.worker-B47Vz9Ey.js     368.07 kB
dist/assets/library-page-BZ8DFha9.css                 1.27 kB │ gzip:   0.59 kB
dist/assets/page-template-DHkRpzaa.css                2.17 kB │ gzip:   0.74 kB
dist/assets/library-page-B5FBY-Fy.css                 4.55 kB │ gzip:   1.28 kB
dist/assets/workspace-Bnk30RYg.css                    5.02 kB │ gzip:   1.41 kB
dist/assets/library-page-CNkCYsR4.css                 5.85 kB │ gzip:   1.45 kB
dist/assets/library-page-B8oeBtES.css                 9.14 kB │ gzip:   2.17 kB
dist/assets/index-C0VEpQLa.css                       11.91 kB │ gzip:   2.17 kB
dist/assets/index-DrfW4Pux.css                       26.29 kB │ gzip:   4.72 kB
dist/assets/index-Ck7Bdzm8.css                      137.79 kB │ gzip:  23.39 kB
dist/assets/clinical-triage-DHLgwzOt.js               0.12 kB │ gzip:   0.12 kB
dist/assets/clinical-consultation-CY0XKaxC.js         0.12 kB │ gzip:   0.12 kB
dist/assets/bookmark-MPjJKd_3.js                      0.16 kB │ gzip:   0.16 kB
dist/assets/clock-DpVTkBeT.js                         0.18 kB │ gzip:   0.17 kB
dist/assets/type-BTTo8MiK.js                          0.24 kB │ gzip:   0.19 kB
dist/assets/calendar-CzEMsP69.js                      0.25 kB │ gzip:   0.20 kB
dist/assets/wallet-94dEwZd2.js                        0.28 kB │ gzip:   0.20 kB
dist/assets/key-round-FQijgG2z.js                     0.35 kB │ gzip:   0.26 kB
dist/assets/preference-choice-cUeVgGOk.js             0.40 kB │ gzip:   0.26 kB
dist/assets/clinical-document-CRPU8npr.js             0.42 kB │ gzip:   0.33 kB
dist/assets/scanner-input-Xn3paXL9.js                 0.44 kB │ gzip:   0.34 kB
dist/assets/print-document-DdaMGrYC.js                0.60 kB │ gzip:   0.36 kB
dist/assets/phone-ChBhAYFc.js                         0.60 kB │ gzip:   0.36 kB
dist/assets/library-page-CdyW1K6K.js                  0.67 kB │ gzip:   0.40 kB
dist/assets/library-page-DPzCNCzc.js                  0.76 kB │ gzip:   0.43 kB
dist/assets/clinical-templates-C6qMOJcp.js            0.92 kB │ gzip:   0.52 kB
dist/assets/undo-2-Cmhu3TP9.js                        1.03 kB │ gzip:   0.48 kB
dist/assets/zap-D0E-TPsb.js                           1.11 kB │ gzip:   0.55 kB
dist/assets/library-page-DvcyXZAS.js                  1.17 kB │ gzip:   0.64 kB
dist/assets/configured-template-page-EAa6xvJM.js      1.80 kB │ gzip:   0.90 kB
dist/assets/calendar-B-6BeEl1.js                      3.49 kB │ gzip:   1.61 kB
dist/assets/template-parts-Bv39AK-O.js                3.85 kB │ gzip:   1.42 kB
dist/assets/library-page-CoynRZaS.js                  5.57 kB │ gzip:   2.49 kB
dist/assets/choice-fields-Cz9DjBDF.js                 7.44 kB │ gzip:   2.74 kB
dist/assets/library-page-Cl1BYGRq.js                  7.45 kB │ gzip:   2.57 kB
dist/assets/library-page-xM5hX22E.js                  8.95 kB │ gzip:   3.13 kB
dist/assets/template-library-cwx4lLll.js              9.84 kB │ gzip:   3.32 kB
dist/assets/library-page--fT4dWvS.js                  9.94 kB │ gzip:   3.42 kB
dist/assets/library-page-BmYzgvfW.js                 11.92 kB │ gzip:   4.37 kB
dist/assets/library-page-CGg7WiW4.js                 13.96 kB │ gzip:   4.96 kB
dist/assets/index-C_KRhSqY.js                        15.12 kB │ gzip:   2.90 kB
dist/assets/library-page-D43VR04_.js                 23.93 kB │ gzip:   7.17 kB
dist/assets/library-page-DFUyUera.js                 25.52 kB │ gzip:   7.19 kB
dist/assets/library-page-DJSkN_59.js                 34.24 kB │ gzip:  10.63 kB
dist/assets/page-template-CSEinB2t.js                34.80 kB │ gzip:  10.38 kB
dist/assets/workspace-CqBmlpSv.js                    46.41 kB │ gzip:  14.28 kB
dist/assets/component-catalog-BvpzoV1h.js            47.45 kB │ gzip:  11.73 kB
dist/assets/library-page-BGuGyM-d.js                 78.61 kB │ gzip:  23.72 kB
dist/assets/RegistryPage-DrjW-XDN.js                120.82 kB │ gzip:  35.80 kB
dist/assets/index-K2taGSJR.js                       122.10 kB │ gzip:  30.65 kB
dist/assets/index-DjWfTj5b.js                       138.78 kB │ gzip:  35.10 kB
dist/assets/index-B_m8EbUU.js                       140.46 kB │ gzip:  42.52 kB
dist/assets/index-CYCYe442.js                       349.40 kB │ gzip:  95.38 kB
dist/assets/locale-fallback-en-p2AJXK6x.js          532.71 kB │ gzip: 143.32 kB
dist/assets/locale-fallback-ar-BZfs3A71.js          686.07 kB │ gzip: 195.78 kB
dist/assets/locale-fallback-hi-DrWb81hZ.js          913.52 kB │ gzip: 209.18 kB
dist/assets/locale-fallback-ml-Cz6zNlsC.js        1,075.77 kB │ gzip: 222.76 kB
dist/assets/index-DgjV1Vq-.js                     1,780.55 kB │ gzip: 530.15 kB

(!) Some chunks are larger than 500 kB after minification. Consider:
- Using dynamic import() to code-split the application
- Use build.rollupOptions.output.manualChunks to improve chunking: https://rollupjs.org/configuration-options/#output-manualchunks
- Adjust chunk size limit for this warning via build.chunkSizeWarningLimit.
✓ built in 12.45s
