
> nexora-monorepo@1.0.0 build
> turbo run build

• turbo 2.10.12

   • Packages in scope: @pepbits/ai-client, @pepbits/ai-config, @pepbits/ai-ui, @pepbits/auth, @pepbits/erp-config, @pepbits/erp-data, @pepbits/erp-screens, @pepbits/erp-shell, @pepbits/ops-ui, @pepbits/platform-ports, @pepbits/tokens, @pepbits/workspace-core, desktop, web
   • Running build in 14 packages
   • Remote caching disabled

desktop:build: cache miss, executing f17e3fa907e9e40a
web:build: cache miss, executing c3b01688f5388591
web:build: 
web:build: > web@1.0.0 build
web:build: > rm -rf .next/static && next build && node ../../scripts/stamp-api.mjs NEXT_PUBLIC_API_URL .next
web:build: 
desktop:build: 
desktop:build: > desktop@1.0.0 build
desktop:build: > rm -rf dist && tsc --noEmit && vite build && node ../../scripts/stamp-api.mjs VITE_API_URL dist
desktop:build: 
web:build: ▲ Next.js 16.3.3 (Turbopack)
web:build: ✓ Running next.config.ts took 477ms
web:build: 
web:build:   Creating an optimized production build ...
web:build: ✓ Compiled successfully in 5.9s
web:build:   Running TypeScript ...
desktop:build: vite v7.3.6 building client environment for production...
desktop:build: transforming...
desktop:build: ✓ 1951 modules transformed.
web:build:   Finished TypeScript in 10.0s ...
web:build:   Collecting page data using 7 workers ...
desktop:build: rendering chunks...
web:build:   Generating static pages using 7 workers (0/3) ...
desktop:build: [plugin vite:reporter] 
desktop:build: (!) /home/pepadmin/pb/saas/lib/pepbits-frontend-library/desktop-clients/node_modules/@tauri-apps/api/core.js is dynamically imported by /home/pepadmin/pb/saas/lib/pepbits-frontend-library/desktop-clients/packages/erp-shell/src/sentinel.tsx, /home/pepadmin/pb/saas/lib/pepbits-frontend-library/desktop-clients/packages/erp-shell/src/sentinel.tsx but also statically imported by /home/pepadmin/pb/saas/lib/pepbits-frontend-library/desktop-clients/node_modules/@tauri-apps/api/dpi.js, /home/pepadmin/pb/saas/lib/pepbits-frontend-library/desktop-clients/node_modules/@tauri-apps/api/event.js, /home/pepadmin/pb/saas/lib/pepbits-frontend-library/desktop-clients/node_modules/@tauri-apps/api/image.js, /home/pepadmin/pb/saas/lib/pepbits-frontend-library/desktop-clients/node_modules/@tauri-apps/api/webview.js, /home/pepadmin/pb/saas/lib/pepbits-frontend-library/desktop-clients/node_modules/@tauri-apps/api/webviewWindow.js, /home/pepadmin/pb/saas/lib/pepbits-frontend-library/desktop-clients/node_modules/@tauri-apps/api/window.js, dynamic import will not move module into another chunk.
desktop:build: 
desktop:build: [plugin vite:reporter] 
desktop:build: (!) /home/pepadmin/pb/saas/lib/pepbits-frontend-library/desktop-clients/node_modules/@tauri-apps/api/event.js is dynamically imported by /home/pepadmin/pb/saas/lib/pepbits-frontend-library/desktop-clients/packages/erp-shell/src/sentinel.tsx but also statically imported by /home/pepadmin/pb/saas/lib/pepbits-frontend-library/desktop-clients/node_modules/@tauri-apps/api/webview.js, /home/pepadmin/pb/saas/lib/pepbits-frontend-library/desktop-clients/node_modules/@tauri-apps/api/webviewWindow.js, /home/pepadmin/pb/saas/lib/pepbits-frontend-library/desktop-clients/node_modules/@tauri-apps/api/window.js, dynamic import will not move module into another chunk.
desktop:build: 
desktop:build: computing gzip size...
desktop:build: dist/index.html                                       1.05 kB │ gzip:   0.52 kB
desktop:build: dist/assets/workbook-options.worker-B47Vz9Ey.js     368.07 kB
desktop:build: dist/assets/library-page-BZ8DFha9.css                 1.27 kB │ gzip:   0.59 kB
desktop:build: dist/assets/page-template-DHkRpzaa.css                2.17 kB │ gzip:   0.74 kB
desktop:build: dist/assets/library-page-B5FBY-Fy.css                 4.55 kB │ gzip:   1.28 kB
desktop:build: dist/assets/workspace-Bnk30RYg.css                    5.02 kB │ gzip:   1.41 kB
desktop:build: dist/assets/library-page-CNkCYsR4.css                 5.85 kB │ gzip:   1.45 kB
desktop:build: dist/assets/library-page-B8oeBtES.css                 9.14 kB │ gzip:   2.17 kB
desktop:build: dist/assets/index-B2iQwb6u.css                       92.93 kB │ gzip:  17.21 kB
desktop:build: dist/assets/clinical-triage-DHLgwzOt.js               0.12 kB │ gzip:   0.12 kB
desktop:build: dist/assets/clinical-consultation-CY0XKaxC.js         0.12 kB │ gzip:   0.12 kB
desktop:build: dist/assets/clock-BCyDyfD2.js                         0.38 kB │ gzip:   0.26 kB
desktop:build: dist/assets/preference-choice-sObyD3E3.js             0.40 kB │ gzip:   0.26 kB
desktop:build: dist/assets/clinical-document-CRPU8npr.js             0.42 kB │ gzip:   0.33 kB
desktop:build: dist/assets/scanner-input-BkEAdxci.js                 0.44 kB │ gzip:   0.34 kB
desktop:build: dist/assets/print-document-DW-6m44k.js                0.60 kB │ gzip:   0.36 kB
desktop:build: dist/assets/library-page-ChMl_3lF.js                  0.67 kB │ gzip:   0.40 kB
desktop:build: dist/assets/library-page-DhlE3_6E.js                  0.76 kB │ gzip:   0.42 kB
desktop:build: dist/assets/clinical-templates-C6qMOJcp.js            0.92 kB │ gzip:   0.52 kB
desktop:build: dist/assets/library-page-DMtB-NHY.js                  0.96 kB │ gzip:   0.58 kB
desktop:build: dist/assets/configured-template-page-uBJLJb4P.js      1.80 kB │ gzip:   0.90 kB
desktop:build: dist/assets/calendar-DiFa_lNd.js                      3.49 kB │ gzip:   1.61 kB
desktop:build: dist/assets/template-parts-DtZJCcix.js                3.85 kB │ gzip:   1.42 kB
desktop:build: dist/assets/choice-fields-DaPUKTs_.js                 7.44 kB │ gzip:   2.74 kB
desktop:build: dist/assets/library-page-QbaRWyvd.js                  7.45 kB │ gzip:   2.57 kB
desktop:build: dist/assets/library-page-BWS6Jhlr.js                  8.95 kB │ gzip:   3.13 kB
desktop:build: dist/assets/template-library-kXa6AWrY.js              9.84 kB │ gzip:   3.32 kB
desktop:build: dist/assets/library-page-DiHyOBUb.js                  9.94 kB │ gzip:   3.42 kB
desktop:build: dist/assets/library-page-BOW6FL1R.js                 11.92 kB │ gzip:   4.37 kB
desktop:build: dist/assets/library-page-90grWwae.js                 13.96 kB │ gzip:   4.96 kB
desktop:build: dist/assets/index-BtIYZsvA.js                        15.12 kB │ gzip:   2.90 kB
desktop:build: dist/assets/library-page-Nux10-VA.js                 23.93 kB │ gzip:   7.16 kB
desktop:build: dist/assets/library-page-CeTQrzDP.js                 25.52 kB │ gzip:   7.19 kB
desktop:build: dist/assets/library-page-DSUNfJb7.js                 34.34 kB │ gzip:  10.65 kB
desktop:build: dist/assets/page-template-PGn5mM9v.js                34.80 kB │ gzip:  10.38 kB
desktop:build: dist/assets/workspace-Lo1_ZOyJ.js                    46.92 kB │ gzip:  14.55 kB
desktop:build: dist/assets/component-catalog-Dqi8osjw.js            47.45 kB │ gzip:  11.73 kB
desktop:build: dist/assets/library-page-C3_MVXqA.js                 78.72 kB │ gzip:  23.76 kB
desktop:build: dist/assets/locale-fallback-en-DpsnD5cx.js          424.75 kB │ gzip: 115.80 kB
desktop:build: dist/assets/locale-fallback-ar-CE7s2EUu.js          540.41 kB │ gzip: 149.95 kB
desktop:build: dist/assets/locale-fallback-hi-CQBm2TG5.js          721.05 kB │ gzip: 159.82 kB
desktop:build: dist/assets/locale-fallback-ml-BLeYfrz8.js          849.07 kB │ gzip: 170.41 kB
desktop:build: dist/assets/index-Bo3gXcUC.js                     1,753.40 kB │ gzip: 525.55 kB
desktop:build: 
desktop:build: (!) Some chunks are larger than 500 kB after minification. Consider:
desktop:build: - Using dynamic import() to code-split the application
desktop:build: - Use build.rollupOptions.output.manualChunks to improve chunking: https://rollupjs.org/configuration-options/#output-manualchunks
desktop:build: - Adjust chunk size limit for this warning via build.chunkSizeWarningLimit.
desktop:build: ✓ built in 8.79s
web:build: ✓ Generating static pages using 7 workers (3/3) in 476ms
web:build:   Finalizing page optimization ...
web:build: 
web:build: Route (app)
web:build: ┌ ○ /
web:build: ├ ○ /_not-found
web:build: ├ ƒ /[module]/[page]
web:build: ├ ƒ /[module]/[page]/[recordId]
web:build: ├ ƒ /[module]/[page]/[recordId]/edit
web:build: ├ ƒ /[module]/[page]/new
web:build: └ ƒ /view/[viewId]
web:build: 
web:build: 
web:build: ○  (Static)   prerendered as static content
web:build: ƒ  (Dynamic)  server-rendered on demand
web:build: 

 Tasks:    2 successful, 2 total
Cached:    0 cached, 2 total
  Time:    20.929s 

