
> nexora-monorepo@1.0.0 test:api
> node --test ../dummy-api/*.test.mjs && npm run test:clinical-api

✖ authenticated configuration HTTP contract and conditional requests (4806.116795ms)
✔ navigation filters restricted pages, returns stable identity and handles authorization (1371.807419ms)
✔ backend file edits change menu ordering and page translations, and overrides are isolated (3431.106162ms)
✔ rejects duplicates, invalid parents, cycles, unknown pages and malformed catalogs (1221.262105ms)
✔ ordered stages, config snapshot, comments, requester notifications and persistence (54.28814ms)
✔ self approval, tenant/product isolation, stale versions and changed saved records are blocked (29.857085ms)
✔ bulk partial results, request changes, rejection, resubmission and idempotent recovery (10.235353ms)
✔ all four definitions and every form section are supplied by API (11.362682ms)
✔ create/save/replay survive CSV reload and reject stale writes and cross-scope reads (190.751233ms)
✔ temporary identity permitted for ED only; final verification is explicit (103.167773ms)
✔ bed reservation enforces requirements and concurrency across users (244.54163ms)
✔ order retains all instructions and cancellation preserves original record (256.746736ms)
✔ admission records occupancy; completion does not release the bed (353.979166ms)
✔ signed notes reject edits; addenda cannot rewrite the original values (167.835698ms)
✔ designer persists drafts, deduplicates retries, isolates scope and rejects stale saves (94.294609ms)
✔ designer rejects duplicate IDs, unsupported components and ambiguous options (7.301962ms)
✔ dependent API options persist leading-zero mappings and reject forged relationships and cross-scope access (63.375416ms)
✔ dependency validation rejects cycles, dangling parents, invalid option mappings and excessive depth (1.30842ms)
✔ catalog is shared by tenant/application, append-only and pinned by independent forms (236.646343ms)
✔ catalog validation rejects foreign/mismatched revisions, forged options and incomplete mappings (8.412831ms)
✔ review publication pins schemas, shares entity answers, validates server rules and rejects stale or foreign commands (523.307134ms)
✔ typed rules distinguish normalization and validation and reject cycles and forged metadata (0.731625ms)
✔ multi-parent choices intersect parent selections and reject indirect cycles (12.355778ms)
✔ v1 synthetic API retains null/false/row IDs, validates without writing and isolates CAS records (115.000747ms)
✔ repeating authoring sections persist normalized rows and return occurrence validation before submission (239.09275ms)
✔ queue is persisted with exact idempotency and changed payload conflicts (47.850625ms)
✔ scope isolates tenant, product, user and workstation jobs (47.353141ms)
✔ lookup preserves contexts and returns only exact backend records (8.731212ms)
✔ tenant policies require admin, version checks and enforce user locks (25.514634ms)
✔ browser dispatch means requested, demo means simulated, native stays queued (237.737399ms)
✔ dispatch applies policy changed after enqueue and cancelled jobs stay cancelled (213.252775ms)
✔ automatic event simulation is admin-only, opt-in and deduplicated by event ID (116.76561ms)
✔ routing validates device capability and rejects stale policy versions (57.774376ms)
✔ documentation HTTP authorizes every view and persists scoped read state (6490.558072ms)
✔ versioned guides, role-filtered search, explicit language fallback and invalid requests (187.480279ms)
✔ reading state is idempotent, persistent and isolated; only explicit acknowledgment acknowledges (290.023187ms)
✔ manifest rejects broken notices, duplicate versions and invalid tour anchors (4.16862ms)
✔ tenant rollout refuses future snapshots and product manifests stay separate (136.159889ms)
✔ center exposes metadata only and isolates tenant, owner and application (48.499269ms)
✔ unavailable entries conceal page/record identity and cannot be opened but remain discardable (23.434449ms)
✔ changed source versions, approval contexts and missing files have distinct statuses (29.431582ms)
✔ stale discard cannot erase a newer revision, expiry removes drafts and pagination is bounded (77.161514ms)
✔ a stolen opaque reference cannot open or delete another owner draft (17.599466ms)
✔ search matches localized page titles without searching unavailable identities (5.841952ms)
✔ mandatory exclusions are recursive and replay responses contain no secrets (88.533056ms)
✔ policy is tenant/application scoped and ordinary users cannot override it (22.462371ms)
✔ tightened exclusions erase existing drafts and replay copies; old windows cannot resurrect them (38.289325ms)
✔ retention purges on read and keeps tombstones; acknowledged business records survive (75.165711ms)
✔ disabled storage deletes all users drafts and never blocks ordinary record saves (84.345857ms)
✔ shared import and approval drafts survive restart and isolate owner, tenant, product and record (68.1776ms)
✔ shared draft HTTP authorization, payload restrictions and mandatory tenant policy (6098.855085ms)
✔ document read persists synthetic fields but never authenticates or changes patient (55.324299ms)
✔ request scope isolates tenant, application, patient binding, owner and station (10.542616ms)
✔ retries are idempotent, changed requests conflict and a fresh completion cannot replay (24.542426ms)
✔ expired challenges are rejected including result replay (38.574307ms)
✔ biometrics default off, admin policy and current lock apply to pending capture (59.923631ms)
✔ no capture without consent; native transport unavailable and raw biometric data rejected (17.821548ms)
✔ manual review works when biometrics are disabled and never sets authenticated (24.697398ms)
✔ cancel stops capture, only one active request allowed, expired document is distinct (64.711876ms)
✔ preview never writes, marks all CSV duplicates and detects existing records and invalid formats (14.552495ms)
✔ partial failures retry only failed rows and survive lost job receipts (7.787535ms)
✔ batch progress, race duplicates, role checks and user isolation (18.198611ms)
✔ backend generates real SVG symbols and persists exact retry identity (37.606641ms)
✔ rejects over-copies, incompatible stock, missing IDs and cross-category records (1.182519ms)
✔ tenant, application and user isolation with server-only admin authority (25.586554ms)
✔ print attempts are not completion; reprint reason and policy are enforced (76.53171ms)
✔ payment QR never marks paid on creation or print and expires server-side (192.258933ms)
✔ all advertised symbologies render; administrator simulation is explicit (755.465065ms)
✔ stock fit failure identifies the printer field (6.325076ms)
✖ every registered backend message has four complete translations (69.034346ms)
✔ the wire envelope preserves old clients, statuses and literal user data (1.213888ms)
✔ unknown errors and old persisted activity retain readable details (0.228432ms)
✔ monitoring HTTP permits collection but restricts management and rejects tenant spoofing (5467.453862ms)
✔ monitoring strips sensitive payloads, deduplicates deliveries, reopens incidents and isolates tenants/products (128.660145ms)
✔ monitoring validates page references and rate limits each authenticated user (153.750547ms)
✔ preference HTTP rejects non-admin policy writes, locked imports and stale clients (5927.679031ms)
✔ API module preference changes startup navigation only for its account and application (3892.31977ms)
✔ locks persist, reject overrides, and unlocking restores personal choices (293.820534ms)
✔ policy and overrides isolate tenant, product and user; permission is explicit (186.513483ms)
✔ stale policies, concurrent saves and invalid fields cannot replace current state (165.749562ms)
✔ admin defaults apply to new users; unlocked personal choices and reset take precedence (152.835579ms)
✔ default module persists per account and respects access revocation and tenant locks (255.130225ms)
✔ attachments round trip and list responses omit bytes; removal and retries are atomic (14.040701ms)
✔ comments, related records and activity are scoped; invalid or denied writes leave no event (1031.264689ms)
✔ saved records and recovery drafts survive reopening the store (14.115381ms)
✔ record versions are shared in a tenant; drafts belong to the account (2.188155ms)
✔ stale saves and drafts cannot overwrite another window (4.281942ms)
✔ retrying an acknowledged operation is idempotent (1.224309ms)
✔ discard keeps a revision tombstone so late draft writes cannot resurrect it (4.26337ms)
✔ invalid payloads do not mutate the record (0.662245ms)
✔ a failed disk write does not publish a saved record (6.133023ms)
✔ create allocates an independent record and clears only the source draft (2.908271ms)
✔ authenticated HTTP record lifecycle, isolation and conflicts (4700.574184ms)
✔ [erp1] list envelope shape, facets, totals, pagination, q, sort (62.957074ms)
✔ [erp1] single row raw GET/PUT/DELETE round trip, 404 on bad id (1.701052ms)
✔ [erp1] tree entity: hierarchy present, rejects nonexistent parent and cycles (3.982248ms)
✔ [erp1] matrix entity: period selects a distinct dataset (8.983144ms)
✔ [erp1] lines/document entity: server recomputes totals, rejects negative qty (22.485102ms)
✔ [erp1] voucher entity: unbalanced debit/credit lines rejected (6.822999ms)
✔ [erp1] ref field rejects a nonexistent referenced row (9.69296ms)
✔ [erp1] branch/tenant isolation (1.059028ms)
✔ [erp1] wrong-branch and missing-identity denial (0.318142ms)
✔ [erp1] RBAC: admin/operations write broadly; finance limited to its allowlist; unknown role denied entirely (2.526398ms)
✔ [erp1] malformed input never throws (0.446874ms)
✔ [erp1] GET /dashboard returns a well-formed object (38.794439ms)
✔ [erp1] idempotent operationId replay vs conflicting payload (0.398023ms)
✔ [erp1] optimistic concurrency via expectedVersion (0.265952ms)
✔ [erp1] GET /lookups hydrates pool/options fields, resources, balances and approvers; rejects entity/page mismatch and unknown page (1.743383ms)
✔ [erp1] view-state GET/PUT round trip, scoped per user, rejects unknown keys and oversized values (0.951116ms)
✔ [erp1] view-state rejects malformed cols/views/mode shapes and never mutates the prior stored value (0.908557ms)
✔ [erp1] entity support returns activities and documents, requires an existing row (1.518231ms)
✔ [erp1] processes run persists a row and returns deterministic events; rejects unknown process, bad params and denied roles (2.73535ms)
✔ [erp1] a run's events are persisted and replay identically through support on repeated GETs, scoped per branch; non-process support never carries processEvents (9.051315ms)
✔ [erp1] preseeded historical process rows carry a deterministic fixture history matching their own status (3.769678ms)
✔ [erp1] GET /company-profile returns the scope's identity, never invented fields (0.397922ms)
✔ [erp2] list envelope shape, facets, totals, pagination, q, sort (5.268249ms)
✔ [erp2] single row raw GET/PUT/DELETE round trip, 404 on bad id (0.245722ms)
✔ [erp2] tree entity: hierarchy present, rejects nonexistent parent and cycles (0.226211ms)
✔ [erp2] matrix entity: period selects a distinct dataset (2.519838ms)
✔ [erp2] lines/document entity: server recomputes totals, rejects negative qty (13.861011ms)
✔ [erp2] voucher entity: unbalanced debit/credit lines rejected (6.171004ms)
✔ [erp2] ref field rejects a nonexistent referenced row (9.941642ms)
✔ [erp2] branch/tenant isolation (1.39784ms)
✔ [erp2] wrong-branch and missing-identity denial (0.102181ms)
✔ [erp2] RBAC: admin/operations write broadly; finance limited to its allowlist; unknown role denied entirely (4.613893ms)
✔ [erp2] malformed input never throws (0.152621ms)
✔ [erp2] GET /dashboard returns a well-formed object (26.34346ms)
✔ [erp2] idempotent operationId replay vs conflicting payload (3.585635ms)
✔ [erp2] optimistic concurrency via expectedVersion (0.229771ms)
✔ [erp2] GET /lookups hydrates pool/options fields, resources, balances and approvers; rejects entity/page mismatch and unknown page (1.401919ms)
✔ [erp2] view-state GET/PUT round trip, scoped per user, rejects unknown keys and oversized values (0.337723ms)
✔ [erp2] view-state rejects malformed cols/views/mode shapes and never mutates the prior stored value (0.342423ms)
✔ [erp2] entity support returns activities and documents, requires an existing row (5.794031ms)
✔ [erp2] processes run persists a row and returns deterministic events; rejects unknown process, bad params and denied roles (8.870224ms)
✔ [erp2] a run's events are persisted and replay identically through support on repeated GETs, scoped per branch; non-process support never carries processEvents (10.084152ms)
✔ [erp2] preseeded historical process rows carry a deterministic fixture history matching their own status (3.646016ms)
✔ [erp2] GET /company-profile returns the scope's identity, never invented fields (0.219331ms)
✔ erp1 and erp2 both construct and expose the same 57-page catalogue (0.11261ms)
✔ createReferenceErpStore requires a valid variant (1.571741ms)
✔ Healthcare Suite HTTP preserves host access grants, identity, product, branch and read-only boundaries (4198.345211ms)
✔ session retains authenticated host actor and branch-local selected facility (30.009066ms)
✔ store enforces actor, product, role, module, branch and read-only writes (27.663679ms)
✔ master CRUD and lookup contracts work for every original entity, preserving numeric form strings (124.185454ms)
✔ patient CRUD, duplicate fields and policy ownership are preserved (38.017702ms)
✔ slots, guest booking, blocked slots, reschedule, cancellation and repeated registration (22.425652ms)
✔ eligibility: ineligible member, expired policy, manual payer and insured visit requirements (17.572657ms)
✔ full insured ordering: prior approval, eRx, billing holds, split hospital/pharmacy invoices and co-pay cap (53.223663ms)
✔ rejected prior approval assigns patient share and cannot be billed before settlement (13.243886ms)
✔ payments, cancellation and invoice replay prevent repeat financial/stock effects (15.976865ms)
✔ contract editing is atomic and blank override uses discounted default with flags (10.519846ms)
✔ partition identities isolate tenant, product and branch while sharing same branch data among actors (14.05364ms)
✔ unknown/unsupported shapes fail before mutation and preserve field errors (6.87069ms)
✔ aggregate repeated item stock cannot be oversold and failed invoice leaves every line unchanged (8.212519ms)
✔ dosing edits, approval in-flight protection and quantity changes invalidate approval of old quantities (15.795143ms)
✔ booking checks resource blocks and encounter check-in links appointment while keeping selected facility (17.176314ms)
✔ four reference module HTTP boundaries preserve authentication, role and branch scope (5415.87632ms)
✔ rejects missing identity or scope before touching data (37.050037ms)
✔ every inventoried endpoint is routed (never 404/405 for its method) (35.513525ms)
✔ host roles map to report roles; accepts module-prefixed paths (10.862498ms)
✔ partitions isolate tenant, application and branch; personal favorites stay per user (9.356038ms)
✔ report run: paging, totals, ASYNC_REQUIRED guard and masking with canUnmask (968.215365ms)
✔ exports return files, respect format actions and audit (354.919502ms)
✔ saved views: personal default, role views need admin.access, delete rules (6.295026ms)
✔ background job transitions, stored result pages, download and cancel (53.026932ms)
✔ emailed jobs record outbox only; sensitive results go as a signed link that needs the right user (27.78029ms)
✔ per-user active job limit returns TOO_MANY_JOBS (8.636543ms)
✔ schedules CRUD, run now, due processing and skip when access is lost (37.907463ms)
✔ email-in simulation creates a job; unknown senders and failed auth are rejected (22.678593ms)
✔ API key secret is shown once and authorises BI pulls in the same partition only (24.416376ms)
✔ authenticateApiKey trusts only the stored key: no client scope, current role, revoked/deactivated rejected (18.382803ms)
✔ unknown host role is denied at provision unless a roleMap hook authorizes it (15.751034ms)
✔ an explicit empty or invalid roleMap does not grant the default analyst role (9.083295ms)
✔ builder preview, create/update/delete custom report with sharing grants (49.066313ms)
✔ dashboards: create, widget access validation, sharing rules, delete (11.983096ms)
✔ admin users, roles and settings validation (19.49719ms)
✔ session resolves a fixed fictional identity per role and rejects a role the user does not hold (66.639728ms)
✔ generic resource list envelope {data,total}, filter, q, pagination (186.787284ms)
✔ CRUD round trip: students, invoices (payAmount), issues (return), delete (52.441827ms)
✔ library last-copy conflict on issues create (45.530828ms)
✔ meta is unwrapped; attendance/marks/report-card/stats use their documented envelopes (111.740223ms)
✔ branch and tenant isolation (68.520344ms)
✔ wrong-branch and missing-identity denial (0.264742ms)
✔ role scoping: student sees only own record/fee/attendance; parent sees only own children (22.27698ms)
✔ teacher academic writes are limited to their own assigned classes/records (23.031766ms)
✔ accountant is restricted to fees; librarian to books/issues (74.754487ms)
✔ quiz attempts: student-only, scored server-side, one attempt, denies a second submission (35.981769ms)
✔ settings: get/patch profile, change password, delete a session (32.468505ms)
✔ malformed input never throws and returns structured 4xx (23.926822ms)
✔ school profile, fee structure and contacts are readable reference data (21.284943ms)
✔ leave requests, reservations and fee reminders are scoped and validated (17.822998ms)
✔ quiz answer privacy, server-side grading and idempotent replay (22.888334ms)
✔ live room: host-only privileges, class isolation, single vote per identity (19.690052ms)
✔ newly canonical demo role aliases resolve to their school role; a query-role escalation is denied, a plain session is not (19.278138ms)
✔ dashboard stats trends: admin and accountant carry the documented fixed demo values; other roles never fabricate one (69.302909ms)
✔ invoice payment receipts: sequential per-scope numbers, honest receiptSent, atomic bounds preserved on negative/over-payment (27.032834ms)
✔ attachments: create validates base64, permitted type, the 1MB bound, filename traversal, and purpose/role scoping (138.083944ms)
✔ attachments: assignment-linked downloads follow class membership; an invalid id in the batch rejects atomically (29.385932ms)
✔ attachments: submission-linked downloads follow student-own / teacher-assigned / parent-child; impersonation and purpose mismatch are denied (67.960099ms)
✔ attachments: message-linked downloads follow thread ownership; body.owner never overrides it; ids never cross scope (71.851747ms)
✔ attachments: real frontend roundtrip — assignments.tsx/messages.tsx link the canonical SchoolAttachment object POST /attachments returned; a legacy bare id still resolves; injected/tampered metadata on that object is never trusted (42.763418ms)
✔ quiz shuffle: deterministic per-identity question/option delivery order, accurate server grading against that order, and revealAnswers:false withholds the answer key even after grading (28.715578ms)
✔ server-initialized POST metrics: books/classes/quizzes/assignments compute aggregates server-side; client-supplied aggregates are ignored; invalid counts and unknown class/teacher references reject atomically (41.80523ms)
✔ library return: authoritative $0.50/day-late fine computed from the real due/return dates, on-time return is free, and a repeated return is idempotent (no double fine, no double stock increment) (25.989607ms)
✔ submissions: a student can never set their own grade/feedback, and a teacher grading can never overwrite the student-authored submission text (50.182591ms)
✔ thread messages: a caller can never fabricate a new message "from" the other party, and can never rewrite an already-stored message (32.250952ms)
✔ thread messages: a patch may never silently drop a previously persisted message id (or its attachment links); the real full-array append is unaffected and the rejection is atomic (32.478784ms)
✔ quiz authority: student list/detail/questions/grade are scoped to their own class; a new attempt requires a Published quiz; a completed attempt is still readable/retryable after the quiz closes; an unassigned teacher never gets the answer key or preview access; the owning/assigned teacher and admin still can (21.831438ms)
✔ live sessions: offsetMin is anchored to the real current instant (source src/lib/mock/db.ts materializeLive, lines 72-82), not fixture midnight — /live list and /stats agree, and an explicit authored start is always respected (44.070917ms)
✔ live "end": an accepted host/admin end persists the session as Ended for later /live list/detail and /stats calls, is idempotent on retry, and a non-host end is denied without any mutation (52.244226ms)
✔ stats: admin may read the accountant finance projection (source ReportsPage fetches both directly) without ever mutating their own session identity; a teacher still cannot request it; an unrecognized role is still rejected; branch scoping and student/parent ownership are unaffected (69.830223ms)
✔ calendar month recurrence preserves the anchor day across February (1.710362ms)
✔ schedules persist, retry failed work, isolate owners and do not duplicate a due delivery (194.973633ms)
✔ additional School views require an explicit authenticated server grant (1321.768627ms)
✔ School grants preserve configured node restrictions and do not expose roleless pages to other users (844.350194ms)
▶ six School header views enforce server roles, navigation, tenant branches and actor identity
  ✔ School Administrator (229.518101ms)
  ✔ School Teacher (103.012651ms)
  ✔ School Student (108.760373ms)
  ✔ School Parent (130.200657ms)
  ✔ School Librarian (75.750354ms)
  ✔ School Accountant (95.83679ms)
  ✔ selected roles retain School resource reads and mutations (1221.313114ms)
✔ six School header views enforce server roles, navigation, tenant branches and actor identity (6294.932002ms)
✔ HTTP enforcement: origins, tenant audit authorization, schedules and AI refusals (9031.335128ms)
✔ audit survives restart, isolates tenants, strips data and expires by retention (80.491489ms)
✔ providers must match exact HTTPS bases; expired credentials fail closed (1.31778ms)
✔ one user cannot exhaust another user allowance; tenant remains part of the key (13.680679ms)
✔ modified AI clients cannot send free text, clinical data, labels or undeclared keys (1.32131ms)
✔ encrypted credentials migrate, survive restart and reject the wrong master key (54.789514ms)
✔ personal views persist, isolate owners, and reject stale changes (19.627841ms)
✔ view layouts reject malformed values (3.508955ms)
✔ archive reports partial failures, is idempotent and persists in tenant/product/page scope (10.155442ms)
ℹ tests 231
ℹ suites 0
ℹ pass 229
ℹ fail 2
ℹ cancelled 0
ℹ skipped 0
ℹ todo 0
ℹ duration_ms 19125.386692

✖ failing tests:

test at ../dummy-api/application-config-http.test.mjs:9:1
✖ authenticated configuration HTTP contract and conditional requests (4806.116795ms)
  AssertionError [ERR_ASSERTION]: test API started
      at TestContext.<anonymous> (file:///home/pepadmin/pb/saas/worktrees/healthcare-suite-import-20260929/dummy-api/application-config-http.test.mjs:16:10)
      at async Test.run (node:internal/test_runner/test:1409:7)
      at async startSubtestAfterBootstrap (node:internal/test_runner/harness:387:3) {
    generatedMessage: false,
    code: 'ERR_ASSERTION',
    actual: false,
    expected: true,
    operator: '==',
    diff: 'simple'
  }

test at ../dummy-api/message-descriptors.test.mjs:6:1
✖ every registered backend message has four complete translations (69.034346ms)
  AssertionError [ERR_ASSERTION]: ar: api.message.cd152b77c87c
      at TestContext.<anonymous> (file:///home/pepadmin/pb/saas/worktrees/healthcare-suite-import-20260929/dummy-api/message-descriptors.test.mjs:9:51)
      at Test.runInAsyncScope (node:async_hooks:227:14)
      at Test.run (node:internal/test_runner/test:1402:25)
      at Test.start (node:internal/test_runner/test:1262:17)
      at startSubtestAfterBootstrap (node:internal/test_runner/harness:387:17) {
    generatedMessage: false,
    code: 'ERR_ASSERTION',
    actual: undefined,
    expected: true,
    operator: '==',
    diff: 'simple'
  }
