
> nexora-monorepo@1.0.0 test
> vitest run --maxWorkers=4 --minWorkers=1


 RUN  v3.2.7 /home/pepadmin/pb/saas/worktrees/healthcare-suite-import-20260929/desktop-clients

 ✓ packages/erp-screens/src/clinical-templates/clinical-templates.test.tsx (7 tests) 5722ms
   ✓ patient form preserves edits through section changes and retries with the same operation  3227ms
   ✓ scope remounts cannot retain another user patient edits  455ms
   ✓ New patient resets a saved record in a reused new-record tab  923ms
   ✓ empty contact editors do not create rows until edited and retain focus while typing  704ms
 ✓ packages/erp-screens/src/lifecycle/lifecycle.test.tsx (17 tests) 6340ms
   ✓ LifecycleConfigurationPage > console summary uses server validation and clears it after editing  1217ms
   ✓ LifecycleConfigurationPage > persistent worklist protects edits before opening another version  804ms
   ✓ LifecycleConfigurationPage > saves a draft with the expected revision and reuses the operation key on retry  1600ms
   ✓ LifecycleConfigurationPage > lifecycle module and domain are editable codes that drive catalogue navigation  617ms
 ✓ packages/erp-screens/src/templates/preference-compliance.test.tsx (4 tests) 8538ms
   ✓ all registered templates inherit managed table preferences in both density profiles  8233ms
 ✓ packages/erp-screens/src/templates/page-template.test.tsx (8 tests) 4899ms
   ✓ every configured template renders real shared content and starts with valid sample data  4140ms
 ✓ packages/reference-reports/src/module.test.tsx (17 tests) 4557ms
   ✓ ReferenceReportsModule > runs a report with the effective page size and follows preference changes  768ms
   ✓ ReferenceReportsModule > retains builder drafts when effective preferences update with a new host request callback  640ms
   ✓ ReferenceReportsModule > applies a tenant page-size lock that starts after the report is already mounted  317ms
   ✓ ReferenceReportsModule > shows the background-run path when the server answers ASYNC_REQUIRED  724ms
   ✓ ReferenceReportsModule > exports through authenticated host.fetch as a blob; without host.fetch export is disabled  436ms
 ✓ packages/reference-school/src/module.test.tsx (61 tests) 12553ms
   ✓ ReferenceSchoolModule > renders /dashboard for an administrator through host.request only  1378ms
   ✓ ReferenceSchoolModule > renders /reports for an administrator through host.request only  889ms
   ✓ ReferenceSchoolModule > renders /students for an administrator through host.request only  882ms
   ✓ ReferenceSchoolModule > renders /teachers for an administrator through host.request only  323ms
   ✓ ReferenceSchoolModule > renders /quizzes for an administrator through host.request only  399ms
   ✓ ReferenceSchoolModule > renders /marks for an administrator through host.request only  550ms
   ✓ failure handling > a rejected create keeps the dialog and the entered values and shows the server message  376ms
   ✓ record preview follows previewMode > center-modal renders the record in the matching shared frame  330ms
   ✓ record preview follows previewMode > right-drawer renders the record in the matching shared frame  368ms
   ✓ record preview follows previewMode > changing previewMode while open keeps the record and the grader's unsaved feedback  358ms
   ✓ fees receipts > a rejected collection keeps the dialog and the entered amount  359ms
 ✓ packages/erp-screens/src/lifecycle/sources.test.tsx (11 tests) 5233ms
   ✓ Lifecycle source mappings > hosts without a source port keep the page and the saved wire shape unchanged  1645ms
   ✓ Lifecycle source mappings > creates a pinned mapping from a registered source and saves it through the governed draft  1318ms
   ✓ Lifecycle source mappings > explains invalid and stale mappings, and re-pins only from the registry  670ms
   ✓ Lifecycle source mappings > server validation issues on a mapping navigate to it  361ms
stderr | packages/erp-screens/src/clinical-templates/query.test.tsx > disabled query shortcuts do not focus search or open help
An update to PatientQueryTemplate inside a test was not wrapped in act(...).

When testing, code that causes React state updates should be wrapped into act(...):

act(() => {
  /* fire events that update state */
});
/* assert on the output */

This ensures that you're testing the behavior the user would see in the browser. Learn more at https://react.dev/link/wrap-tests-with-act

 ✓ packages/erp-shell/src/workspace/workspace-tabs.test.tsx (15 tests) 1016ms
 ✓ packages/reference-school/src/attachments-locale.test.tsx (7 tests) 4321ms
   ✓ attachments > a failed upload keeps the file and the draft, Retry sends the same bytes once, and the assignment saves the returned metadata  1115ms
   ✓ attachments > a message keeps its text and file when sending fails, then sends the attachment and downloads the exact bytes  427ms
   ✓ attachments > a student submission sends its uploaded attachment with the answer  413ms
   ✓ localization and number format > option labels are the source English, translated once, with values unchanged  434ms
   ✓ localization and number format > chart values use the host number locale and chart labels are localized  321ms
   ✓ localization and number format > changing the locale does not clear an open draft  1316ms
 ✓ packages/erp-screens/src/clinical-templates/query.test.tsx (11 tests) 5526ms
   ✓ query waits for criteria and preserves filters after a failed search  917ms
   ✓ inline details belong to the selected row and record actions use navigation  674ms
   ✓ infinite results use twenty-record requests, preserve loaded rows and retain a keyboard load action  928ms
   ✓ additional criteria are supplied by metadata and unadvertised fields are hidden  1136ms
   ✓ reaching the result sentinel requests the next cursor page  811ms
 ✓ packages/reference-school/src/final-parity.test.tsx (9 tests) 8282ms
   ✓ source option labels > the Select shows the source English labels (static and enum) with unchanged values  726ms
   ✓ server-initialized creation fields > a new book sends only authored fields; the card shows the server's record  942ms
   ✓ server-initialized creation fields > a rejected book keeps the dialog and the typed values  2456ms
   ✓ server-initialized creation fields > a new class and a new assignment send no counters, and numeric fields stay numbers under ar-EG  1309ms
   ✓ server-initialized creation fields > a new quiz sends its questions and options but no attempts or average  2267ms
 ✓ packages/ai-ui/src/administration.test.tsx (20 tests) 3976ms
   ✓ the credential > is described by its status, never by its value  886ms
   ✓ the credential > the entry field starts empty and is a password field  623ms
   ✓ the credential > is submitted once and not kept in the page  329ms
   ✓ the credential > a rejected key is cleared too  362ms
   ✓ the credential > a key that no longer works says so, in the service's own words  311ms
 ✓ packages/erp-screens/src/drafts/use-shared-draft.test.tsx (4 tests) 2446ms
   ✓ a reopened draft stays separate until Restore, displays time and does not autosave over it  399ms
   ✓ failed draft write retains the exact payload and operation identity on retry  1006ms
   ✓ completion waits for in-flight autosave before discarding its acknowledged revision  856ms
 ✓ packages/erp-screens/src/preferences/preferences.test.tsx (4 tests) 3439ms
   ✓ record layout and all three density options use the central preference update  1487ms
   ✓ live policy changes and unavailable preferences prevent layout updates  493ms
   ✓ Own Settings uses accessible module options and honors locks  737ms
   ✓ tenant allowed options constrain the choices and reject programmatic changes  717ms
 ✓ packages/erp-screens/src/forms/dynamic-record-form.test.tsx (7 tests) 2693ms
   ✓ StrictMode loads safely and reports only acknowledged saves  676ms
   ✓ failed save keeps edits and exposes retry  574ms
   ✓ server field errors attach to the input and allow correction  342ms
   ✓ permission failure keeps edits and does not offer a mutation retry  348ms
 ✓ packages/erp-shell/src/workspace/use-workspace-navigation.test.tsx (18 tests) 2888ms
   ✓ useWorkspaceNavigation > starts on the module dashboard, and that tab cannot be closed  498ms
   ✓ useWorkspaceNavigation > cancelling leaves the work exactly where it was  423ms
 ✓ packages/ai-client/src/transport.test.ts (22 tests) 1438ms
   ✓ the echo transport > no credential configured falls back to the mock  354ms
   ✓ the echo transport > an unreachable service falls back to the mock  352ms
   ✓ the echo transport > the mock says nothing left the browser, and lists what would have  351ms
   ✓ the echo transport > the mock shows the redacted value, not the original  352ms
 ✓ packages/erp-screens/src/drafts/draft-center.test.tsx (3 tests) 2061ms
   ✓ metadata and policy appear, search/filter use the API and open rechecks access  1069ms
   ✓ inaccessible rows hide details, disable open, and retain discard  422ms
   ✓ discard retry retains its operation id and does not remove a row until confirmed  568ms
 ✓ packages/erp-config/src/i18n.test.ts (4 tests) 2105ms
   ✓ localization contracts > provides every catalog message and preserves interpolation names in each language  2081ms
 ✓ packages/erp-shell/src/school-role-header.test.tsx (9 tests) 1874ms
   ✓ School header and sidebar > selects 'School Administrator' through the shared header  379ms
   ✓ School header and sidebar > selects 'School Student' through the shared header  415ms
 ✓ packages/ops-ui/src/recovery-notice.test.tsx (5 tests) 673ms
 ✓ packages/reference-school/src/toast-locale.test.tsx (4 tests) 1719ms
   ✓ localized toasts > a static success toast is translated at render and follows a language change while shown  462ms
   ✓ localized toasts > a dynamic toast is one translated message that keeps the authored title exactly  944ms
 ✓ packages/erp-shell/src/workspace/workspace-canvas.test.tsx (29 tests) 1725ms
   ✓ WorkspaceCanvas — split > arrow keys move it and it stays inside its limits  529ms
 ✓ packages/ops-ui/src/shared-components.test.tsx (11 tests) 1127ms
   ✓ Calendar > selects leap day, respects bounds and uses date-only values  395ms
   ✓ Calendar > keyboard navigation crosses months without submitting or selecting  427ms
 ✓ packages/ops-ui/src/search-select.test.tsx (14 tests) 1303ms
 ✓ packages/ops-ui/src/inline-edit.test.tsx (15 tests) 1100ms
 ✓ packages/ops-ui/src/inline-edit-typed.test.tsx (19 tests) 1546ms
 ✓ packages/reference-erp2/src/reference-erp2.test.tsx (9 tests) 1425ms
   ✓ reference-erp2 module > requests page lookups before rendering the page  969ms
   ✓ reference-erp2 module > switching host scope drops drafts and ignores the old tenant's pending response  322ms
 ✓ packages/erp-screens/src/library/preference-compliance.test.tsx (4 tests) 2281ms
   ✓ all 12 component catalog routes render their actual examples under non-default preferences  1691ms
   ✓ all six reference pages have dedicated localized content  435ms
stderr | packages/erp-screens/src/care-pages/workspace.test.tsx > multiple emergency pathways reveal independent fields and preserve values when hidden
Encountered two children with the same key, `Obstetric`. Keys should be unique so that components maintain their identity across updates. Non-unique keys may cause children to be duplicated and/or omitted — the behavior is unsupported and could change in a future version.

stderr | packages/erp-screens/src/care-pages/workspace.test.tsx > multiple emergency pathways reveal independent fields and preserve values when hidden
Encountered two children with the same key, `Obstetric`. Keys should be unique so that components maintain their identity across updates. Non-unique keys may cause children to be duplicated and/or omitted — the behavior is unsupported and could change in a future version.
Encountered two children with the same key, `Obstetric`. Keys should be unique so that components maintain their identity across updates. Non-unique keys may cause children to be duplicated and/or omitted — the behavior is unsupported and could change in a future version.
Encountered two children with the same key, `Obstetric`. Keys should be unique so that components maintain their identity across updates. Non-unique keys may cause children to be duplicated and/or omitted — the behavior is unsupported and could change in a future version.
Encountered two children with the same key, `Obstetric`. Keys should be unique so that components maintain their identity across updates. Non-unique keys may cause children to be duplicated and/or omitted — the behavior is unsupported and could change in a future version.
Encountered two children with the same key, `Obstetric`. Keys should be unique so that components maintain their identity across updates. Non-unique keys may cause children to be duplicated and/or omitted — the behavior is unsupported and could change in a future version.

 ✓ packages/erp-screens/src/care-pages/workspace.test.tsx (3 tests) 1266ms
   ✓ failed saves keep notes and retry the identical operation; selectors cannot discard dirty inputs  711ms
   ✓ multiple emergency pathways reveal independent fields and preserve values when hidden  369ms
 ✓ packages/erp-screens/src/clinic-billing/workspace.test.tsx (5 tests) 1308ms
   ✓ managed layouts update without losing input; failed requests retry the exact operation  646ms
   ✓ bill correction retains input and operation identity on failure; read-only view can return  493ms
 ✓ packages/erp-screens/src/dcp-designer/dependencies.test.tsx (3 tests) 1010ms
   ✓ parent change clears all descendants and late API responses cannot restore old options  545ms
 ✓ packages/reference-erp1/src/reference-erp1.test.tsx (9 tests) 768ms
   ✓ reference-erp1 module > requests page lookups before rendering the page  431ms
 ✓ packages/erp-screens/src/op-consultation/workspace.test.tsx (1 test) 566ms
   ✓ OP summary navigates fields; locked layout and review retain unsaved values  564ms
 ✓ packages/erp-config/src/application-config.test.ts (3 tests) 1050ms
   ✓ API application configuration > uses backend menus and keys while keeping page components and field identities local  341ms
   ✓ API application configuration > never creates unsupported frontend pages from API configuration  448ms
 ✓ packages/erp-screens/src/records/specialized-editors.test.tsx (2 tests) 1485ms
   ✓ billing fields survive tab changes and are included with line items in a real save  891ms
   ✓ consultation recovers composition, narrative, codes, orders and review checkboxes  592ms
 ✓ packages/ai-ui/src/modes.test.tsx (34 tests) 1296ms
 ✓ packages/reference-school/src/library-return.test.tsx (3 tests) 1448ms
   ✓ library return > the server's fine is shown and toasted, not the page's overdue estimate  586ms
   ✓ library return > stock is the canonical server count after a return  427ms
   ✓ library return > an idempotent return (stock unchanged on the server) does not add a copy on the client  425ms
 ✓ packages/erp-screens/src/imports/csv-import-dialog.test.tsx (6 tests) 803ms
 ✓ packages/ops-ui/src/overlay.test.tsx (23 tests) 1839ms
 ✓ packages/ai-ui/src/transparency.test.tsx (28 tests) 1528ms
 ✓ packages/erp-screens/src/worklist/filter-bar.test.tsx (24 tests) 1533ms
 ✓ packages/ops-ui/src/dropdown.test.tsx (11 tests) 1492ms
   ✓ DropdownSelect > filtering searches the description as well as the label  454ms
 ✓ packages/erp-screens/src/clinical-consultation/workspace.test.tsx (3 tests) 1315ms
   ✓ completion requires explicit clinical fields and focuses the first missing field  382ms
   ✓ failed save retains consultation input and retry identity; layout changes retain input  331ms
   ✓ expanded panels retain values and validation opens a hidden invalid vital  599ms
 ✓ packages/reference-keystone-core/src/keystone-core.test.tsx (20 tests) 909ms
 ✓ packages/erp-screens/src/dcp-designer/workspace.test.tsx (3 tests) 1287ms
   ✓ visual edits reuse stable IDs; failed save retains edits and reuses operation on retry  804ms
   ✓ preview uses unsaved design, hides authoring, validates and resets test answers without saving  363ms
 ✓ packages/ops-ui/src/pagination.test.tsx (9 tests) 869ms
 ✓ packages/ops-ui/src/page-copy-localization.test.tsx (9 tests) 622ms
   ✓ page copy and stable data > translates controls, search results and KPI copy in en without changing values  342ms
 ✓ packages/erp-screens/src/library/component-catalog.test.tsx (5 tests) 1100ms
   ✓ form search finds component names and reset clears only the demo  485ms
   ✓ copy uses actual rendered source and clipboard failure has manual fallback  384ms
 ✓ packages/erp-data/src/records.test.ts (11 tests) 779ms
 ✓ packages/erp-screens/src/worklist/use-column-layout.test.tsx (22 tests) 743ms
 ✓ packages/erp-screens/src/worklist/use-filter-sync.test.tsx (9 tests) 744ms
 ✓ packages/erp-screens/src/comprehensive-consultation/workspace.test.tsx (1 test) 701ms
   ✓ specialty edits survive context and tenant-locked layout changes; preview never saves  697ms
 ✓ packages/erp-screens/src/dcp-designer/catalog-manager.test.tsx (4 tests) 1221ms
   ✓ catalog save failure preserves edits and retries the identical revision command  526ms
   ✓ CSV staging blocks saving until complete review and preserves text IDs in the API command  442ms
 ✓ packages/erp-screens/src/op-registration/workspace.test.tsx (3 tests) 931ms
   ✓ effective tenant page size wins and unavailable preferences disable registration writes  349ms
   ✓ patient verification cannot be skipped and scope change clears the selected patient  363ms
 ✓ packages/erp-screens/src/templates/registry-template.test.tsx (3 tests) 739ms
   ✓ all five registry templates render through shared engines with preference-owned layouts  429ms
 ✓ packages/erp-screens/src/approvals/approval-workspace.test.tsx (7 tests) 1093ms
   ✓ bulk selection excludes ineligible rows and preserves per-row errors  590ms
 ✓ packages/ops-ui/src/states.test.tsx (24 tests) 670ms
 ✓ packages/erp-screens/src/clinical-triage/editor.test.tsx (3 tests) 1639ms
   ✓ blank readings and unanswered safety choices; completion focuses required complaint  1089ms
   ✓ recoverable failure retains input and retry uses exactly the same request  399ms
 ✓ packages/ops-ui/src/form-controls.test.tsx (30 tests) 1369ms
 ✓ packages/erp-shell/src/erp-context.test.tsx (38 tests) 630ms
 ✓ packages/erp-screens/src/page-library/catalog.test.tsx (4 tests) 1204ms
   ✓ search, resources and page opening use current access; revoked resource closes  1094ms
 ✓ packages/erp-screens/src/device-integrations/workspace.test.tsx (2 tests) 1036ms
   ✓ effective tenant lock disables device preference and unsupported output is filtered  810ms
 ✓ packages/auth/src/session.test.tsx (32 tests) 482ms
 ✓ packages/erp-screens/src/identity-devices/workspace.test.tsx (3 tests) 373ms
 ✓ packages/ops-ui/src/segmented.test.tsx (9 tests) 341ms
 ✓ packages/erp-screens/src/dcp-designer/host-runtime.test.tsx (3 tests) 478ms
 ✓ packages/erp-screens/src/master-transfer/panel.test.tsx (3 tests) 422ms
 ✓ packages/erp-screens/src/worklist/saved-view.test.tsx (11 tests) 758ms
 ✓ packages/workspace-core/src/use-workspace.test.tsx (19 tests) 514ms
 ✓ packages/ops-ui/src/quantity-unit-field.test.tsx (9 tests) 419ms
 ✓ packages/erp-screens/src/records/record-panels.test.tsx (4 tests) 408ms
 ✓ packages/erp-screens/src/dcp-designer/sections.test.tsx (4 tests) 337ms
 ✓ packages/erp-screens/src/templates/configured-template-page.test.tsx (3 tests) 197ms
 ✓ packages/erp-shell/src/product-context.test.tsx (3 tests) 368ms
 ✓ packages/ops-ui/src/button.test.tsx (5 tests) 248ms
 ✓ packages/erp-screens/src/label-printing/workspace.test.tsx (2 tests) 344ms
 ✓ packages/ops-ui/src/card.test.tsx (6 tests) 141ms
stderr | packages/ai-ui/src/use-assistant.test.tsx > the administration config > arrives once asked for
An update to Probe inside a test was not wrapped in act(...).

When testing, code that causes React state updates should be wrapped into act(...):

act(() => {
  /* fire events that update state */
});
/* assert on the output */

This ensures that you're testing the behavior the user would see in the browser. Learn more at https://react.dev/link/wrap-tests-with-act

stderr | packages/ai-ui/src/use-assistant.test.tsx > the administration config > a refused config leaves it null rather than half-built
An update to Probe inside a test was not wrapped in act(...).

When testing, code that causes React state updates should be wrapped into act(...):

act(() => {
  /* fire events that update state */
});
/* assert on the output */

This ensures that you're testing the behavior the user would see in the browser. Learn more at https://react.dev/link/wrap-tests-with-act

 ✓ packages/ai-ui/src/use-assistant.test.tsx (24 tests) 297ms
 ✓ packages/erp-screens/src/dcp-designer/runtime-fields.test.tsx (5 tests) 244ms
 ✓ packages/ops-ui/src/reference-data.test.tsx (17 tests) 476ms
 ✓ packages/erp-shell/src/workspace/use-mdi-workspace.test.tsx (7 tests) 431ms
 ✓ packages/erp-screens/src/login/recovery.test.tsx (1 test) 322ms
   ✓ anonymous sign-in uses readable fallback copy before account localization is loaded  320ms
 ✓ packages/erp-screens/src/clinical-templates/query-search.test.tsx (2 tests) 218ms
 ✓ packages/erp-shell/src/workspace/mdi-taskbar.test.tsx (7 tests) 241ms
 ✓ packages/erp-screens/src/record-page/record-page.test.tsx (2 tests) 211ms
 ✓ packages/erp-screens/src/master-transfer/format.test.ts (8 tests) 56ms
 ✓ packages/erp-screens/src/clinical-templates/record-layout.test.tsx (2 tests) 177ms
 ✓ packages/ops-ui/src/tabs.test.tsx (3 tests) 142ms
 ✓ packages/reference-school/src/contracts.test.ts (12 tests) 204ms
 ✓ packages/ops-ui/src/avatar.test.tsx (10 tests) 155ms
 ✓ packages/ops-ui/src/localization.test.tsx (1 test) 299ms
 ✓ packages/erp-data/src/mock.test.ts (148 tests) 133ms
 ✓ packages/ops-ui/src/stat-card.test.tsx (6 tests) 104ms
 ✓ packages/erp-shell/src/sentinel.test.tsx (1 test) 122ms
 ✓ packages/ops-ui/src/badge.test.tsx (12 tests) 84ms
 ✓ packages/erp-screens/src/product-services.test.tsx (2 tests) 110ms
 ✓ packages/ops-ui/src/skeleton.test.tsx (4 tests) 124ms
 ✓ packages/erp-screens/src/worklist/export-rows.test.ts (26 tests) 141ms
 ✓ packages/erp-screens/src/preference-preview.test.tsx (1 test) 165ms
 ✓ packages/erp-screens/src/product-access.test.tsx (2 tests) 150ms
 ✓ packages/erp-screens/src/master-transfer/inflation.test.ts (2 tests) 106ms
 ✓ packages/erp-shell/src/workspace/use-detached-windows.test.tsx (13 tests) 100ms
 ✓ packages/ai-client/src/sources.test.tsx (10 tests) 82ms
 ✓ packages/ops-ui/src/scanner-input.test.tsx (2 tests) 71ms
 ✓ packages/ops-ui/src/option-filter.test.tsx (13 tests) 71ms
 ✓ packages/erp-shell/src/chrome.test.tsx (23 tests) 94ms
 ✓ packages/platform-ports/src/ports.test.tsx (17 tests) 47ms
 ✓ packages/erp-screens/src/imports/workbook-options.test.ts (2 tests) 12ms
 ✓ packages/auth/src/recovery.test.ts (9 tests) 24ms
 ✓ packages/reference-host/src/transport.test.ts (11 tests) 21ms
 ✓ packages/ai-client/src/redact.test.ts (157 tests) 34ms
 ✓ packages/erp-config/src/localization-formatting.test.ts (13 tests) 66ms
 ✓ packages/platform-ports/src/school-landing.test.tsx (3 tests) 29ms
 ✓ packages/erp-screens/src/clinical-templates/library-page.test.tsx (8 tests) 46ms
 ✓ packages/erp-config/src/lifecycle/lifecycle.test.ts (19 tests) 43ms
 ✓ packages/workspace-core/src/document-manager.test.ts (47 tests) 36ms
 ✓ packages/reference-school/src/bundle-boundary.test.ts (4 tests) 19ms
 ✓ packages/erp-config/src/lifecycle/sources.test.ts (17 tests) 29ms
 ✓ packages/platform-ports/src/school-web-navigation.test.tsx (4 tests) 35ms
 ✓ packages/erp-config/src/filter-policy.test.ts (15 tests) 27ms
 ✓ packages/ops-ui/src/cn.test.ts (9 tests) 27ms
 ❯ packages/erp-config/src/product.test.ts (7 tests | 1 failed) 21ms
   ✓ product profiles > the default profile retains the existing catalog 3ms
   ✓ product profiles > a finance product excludes other domains while retaining shared utilities 1ms
   ✓ product profiles > rejects a landing module that would have no navigation 1ms
   × product profiles > profiles are isolated from the default catalog membership 10ms
     → expected [ 'hr', 'finance', 'payroll', …(15) ] to have a length of 17 but got 18
   ✓ host-defined modules open a registered page without an invented dashboard 1ms
   ✓ page selection and role rules prune nested navigation without changing the catalog 2ms
   ✓ starter configuration rejects unknown pages and malformed permission rules 2ms
 ✓ packages/workspace-core/src/split.test.ts (26 tests) 22ms
 ✓ packages/ai-client/src/assemble.test.ts (19 tests) 17ms
 ✓ packages/erp-data/src/dcp-runtime.test.ts (4 tests) 48ms
 ✓ packages/erp-config/src/draft-policy.test.ts (2 tests) 6ms
 ✓ packages/erp-config/src/data-classification.test.ts (22 tests) 22ms
 ✓ packages/erp-data/src/draft-center.test.ts (2 tests) 9ms
 ✓ packages/reference-reports/src/routes.test.ts (5 tests) 18ms
 ✓ packages/workspace-core/src/lifecycle.test.ts (11 tests) 13ms
 ✓ packages/erp-data/src/csv-import.test.ts (5 tests) 16ms
 ✓ packages/erp-shell/src/workspace/mdi-frames.test.ts (20 tests) 22ms
 ✓ packages/ai-client/src/admin.test.ts (11 tests) 29ms
 ✓ packages/ai-config/src/gates.test.ts (22 tests) 8ms
 ✓ packages/ai-client/src/policy.test.ts (9 tests) 10ms
 ✓ packages/ops-ui/src/error-mapper.test.ts (32 tests) 19ms
 ✓ packages/erp-screens/src/clinical-templates/overview-data.test.ts (1 test) 14ms
 ✓ packages/workspace-core/src/detach.test.ts (14 tests) 14ms
 ✓ packages/erp-config/src/dcp-repeating.test.ts (4 tests) 11ms
 ✓ packages/platform-ports/src/identity-devices.test.ts (2 tests) 7ms
 ✓ packages/erp-data/src/dcp-host.test.ts (2 tests) 13ms
 ✓ packages/erp-screens/src/worklist/search-request.test.ts (10 tests) 16ms
 ✓ packages/erp-screens/src/spreadsheet/model.test.ts (4 tests) 9ms
 ✓ packages/erp-screens/src/imports/csv-options.test.ts (3 tests) 5ms
 ✓ packages/auth/src/sentinel.test.ts (5 tests) 7ms
 ✓ packages/workspace-core/src/document-key.test.ts (9 tests) 20ms
 ✓ packages/erp-config/src/school-role-views.test.ts (5 tests) 12ms
 ✓ packages/workspace-core/src/policy.test.ts (15 tests) 18ms
 ✓ packages/erp-config/src/export-policy.test.ts (13 tests) 9ms
 ✓ apps/desktop/src/platform/tauri-windows.test.ts (3 tests) 5ms
 ✓ packages/platform-ports/src/devices.test.ts (1 test) 6ms
 ✓ packages/erp-config/src/dcp-designer-metadata.test.ts (2 tests) 5ms
 ✓ packages/erp-shell/src/workspace/target-document.test.ts (10 tests) 12ms
 ✓ packages/erp-config/src/form-rules.test.ts (3 tests) 6ms
 ✓ packages/ai-config/src/policy.test.ts (13 tests) 10ms
 ✓ packages/erp-config/src/reference-modules.test.ts (5 tests) 7ms
 ✓ packages/ai-client/src/guard.test.ts (9 tests) 7ms
 ✓ packages/erp-config/src/preference-defaults.test.ts (3 tests) 4ms
 ✓ packages/erp-screens/src/clinical-templates/record-age.test.ts (1 test) 7ms

⎯⎯⎯⎯⎯⎯⎯ Failed Tests 1 ⎯⎯⎯⎯⎯⎯⎯

 FAIL  packages/erp-config/src/product.test.ts > product profiles > profiles are isolated from the default catalog membership
AssertionError: expected [ 'hr', 'finance', 'payroll', …(15) ] to have a length of 17 but got 18

- Expected
+ Received

- 17
+ 18

 ❯ packages/erp-config/src/product.test.ts:21:49


⎯⎯⎯⎯⎯⎯⎯⎯⎯⎯⎯⎯⎯⎯⎯⎯⎯⎯⎯⎯⎯⎯⎯⎯[1/1]⎯


 Test Files  1 failed | 159 passed (160)
      Tests  1 failed | 1883 passed (1884)
   Start at  07:09:36
   Duration  125.02s (transform 21.10s, setup 81.92s, collect 70.81s, tests 151.76s, environment 106.63s, prepare 19.12s)

